fold2 crease 376 R 30: ds 3.17 n 15 (eq 361..391, ruling 355..397, legs to +-35)
fold2 crease 516 R 40: ds 1.98 n 32 (eq 484..548, ruling 478..554, legs to +-52)
fold2 crease 1188 R 40: ds 2.11 n 30 (eq 1158..1218, ruling 1152..1224, legs to +-50)
face rule: sign_A -1 (tail median N.v -0.991)
init cost 202079742.169, residuals 61065, params 1120
round 0: clearance pairs 973, order pairs 0, residuals 62038
   Iteration     Total nfev        Cost      Cost reduction    Step norm     Optimality   
       0              1         2.0210e+08                                    5.99e+07    
       1              2         7.4250e+06      1.95e+08       2.72e+02       7.75e+07    
       2              3         1.4663e+06      5.96e+06       2.31e+02       6.35e+06    
       3              4         5.5933e+05      9.07e+05       1.93e+02       1.62e+06    
       4              5         4.2066e+05      1.39e+05       1.96e+02       2.21e+06    
       5              7         2.2649e+05      1.94e+05       5.88e+01       9.42e+05    
       6              8         8.2480e+04      1.44e+05       1.37e+02       2.02e+05    
       7             10         5.4991e+04      2.75e+04       2.74e+01       1.19e+05    
       8             11         3.2423e+04      2.26e+04       6.98e+01       1.63e+05    
       9             12         2.2106e+04      1.03e+04       8.10e+01       2.54e+05    
      10             13         1.6739e+04      5.37e+03       7.76e+01       7.93e+04    
      11             14         1.3328e+04      3.41e+03       7.45e+01       5.05e+04    
      12             15         1.2221e+04      1.11e+03       8.09e+01       7.32e+04    
      13             17         9.8729e+03      2.35e+03       2.28e+01       9.47e+03    
      14             19         9.2836e+03      5.89e+02       1.37e+01       1.39e+03    
      15             20         8.9832e+03      3.00e+02       3.23e+01       7.61e+02    
      16             21         8.9660e+03      1.72e+01       2.31e+01       1.68e+04    
      17             22         8.4769e+03      4.89e+02       1.21e+01       1.32e+03    
      18             23         8.1764e+03      3.01e+02       1.24e+01       3.18e+02    
      19             24         8.0436e+03      1.33e+02       1.03e+01       3.46e+02    
      20             25         7.8822e+03      1.61e+02       8.72e+00       3.43e+02    
      21             26         7.7637e+03      1.18e+02       1.21e+01       8.86e+02    
      22             27         7.5807e+03      1.83e+02       1.10e+01       3.39e+02    
      23             28         7.5077e+03      7.30e+01       1.39e+01       1.51e+04    
      24             29         7.3617e+03      1.46e+02       1.42e+01       3.67e+03    
      25             30         7.2694e+03      9.22e+01       1.70e+01       1.56e+03    
      26             32         7.1808e+03      8.86e+01       5.98e+00       6.38e+02    
      27             33         7.1427e+03      3.81e+01       1.77e+01       7.77e+03    
      28             34         7.0953e+03      4.74e+01       1.42e+01       9.01e+03    
      29             35         7.0010e+03      9.43e+01       1.80e+01       1.10e+03    
      30             37         6.9678e+03      3.31e+01       4.16e+00       6.34e+03    
      31             39         6.9405e+03      2.74e+01       2.22e+00       8.40e+03    
      32             40         6.8823e+03      5.81e+01       1.78e+00       9.04e+03    
      33             41         6.8456e+03      3.67e+01       3.02e+00       7.26e+02    
      34             42         6.8078e+03      3.79e+01       4.56e+00       2.54e+02    
      35             43         6.7912e+03      1.66e+01       5.33e+00       5.17e+03    
      36             44         6.7440e+03      4.72e+01       8.65e+00       1.89e+03    
      37             47         6.7424e+03      1.57e+00       6.21e-01       8.60e+03    
      38             48         6.7256e+03      1.68e+01       2.85e-01       1.35e+03    
      39             49         6.7133e+03      1.23e+01       2.74e-01       3.94e+02    
      40             50         6.7093e+03      3.98e+00       5.05e-01       3.63e+02    
      41             51         6.7044e+03      4.96e+00       9.62e-01       1.60e+03    
      42             52         6.6977e+03      6.68e+00       1.17e+00       1.81e+02    
      43             53         6.6889e+03      8.82e+00       1.55e+00       2.97e+02    
      44             54         6.6807e+03      8.19e+00       1.40e+00       1.04e+02    
      45             55         6.6642e+03      1.65e+01       2.69e+00       9.93e+01    
      46             56         6.6309e+03      3.33e+01       5.44e+00       1.39e+02    
      47             57         6.5860e+03      4.49e+01       1.12e+01       4.38e+02    
      48             58         6.5559e+03      3.01e+01       2.32e+01       1.49e+03    
      49             60         6.5068e+03      4.91e+01       6.49e+00       4.21e+03    
      50             61         6.4697e+03      3.71e+01       1.25e+01       1.25e+03    
      51             63         6.4603e+03      9.38e+00       4.51e+00       1.16e+04    
      52             66         6.4465e+03      1.39e+01       5.73e-01       1.82e+03    
      53             67         6.4318e+03      1.46e+01       1.29e+00       3.83e+03    
      54             68         6.4243e+03      7.55e+00       1.84e+00       4.30e+02    
      55             69         6.4238e+03      4.70e-01       1.95e+00       3.35e+02    
      56             71         6.4223e+03      1.52e+00       3.33e-01       2.51e+03    
      57             73         6.4206e+03      1.68e+00       1.92e-01       3.40e+02    
      58             74         6.4203e+03      3.05e-01       3.69e-01       1.16e+02    
      59             75         6.4199e+03      3.91e-01       8.97e-02       1.76e+02    
      60             76         6.4191e+03      8.17e-01       1.99e-01       7.72e+01    
      61             77         6.4174e+03      1.71e+00       2.98e-01       5.05e+01    
      62             78         6.4172e+03      2.06e-01       4.13e-01       5.06e+01    
      63             81         6.4171e+03      5.28e-02       2.88e-02       5.06e+01    
      64             83         6.4171e+03      5.33e-02       2.80e-02       5.06e+01    
      65             86         6.4171e+03      8.39e-03       4.42e-03       5.06e+01    
      66             87         6.4171e+03      1.61e-02       1.02e-02       5.06e+01    
      67             89         6.4170e+03      7.89e-03       5.06e-03       5.06e+01    
      68             91         6.4170e+03      3.91e-03       2.54e-03       5.06e+01    
      69             94         6.4170e+03      4.88e-04       3.19e-04       5.06e+01    
      70             95         6.4170e+03      9.75e-04       6.37e-04       5.06e+01    
      71             99         6.4170e+03      3.04e-05       1.99e-05       5.06e+01    
Both `ftol` and `xtol` termination conditions are satisfied.
Function evaluations 99, initial cost 2.0210e+08, final cost 6.4170e+03, first-order optimality 5.06e+01.
round 1: clearance pairs 211, order pairs 0, residuals 61276
   Iteration     Total nfev        Cost      Cost reduction    Step norm     Optimality   
       0              1         8.2593e+03                                    8.22e+03    
       1              3         6.3810e+03      1.88e+03       9.09e+01       1.84e+04    
       2              4         6.2412e+03      1.40e+02       6.42e+01       1.64e+03    
       3              6         6.2182e+03      2.29e+01       2.29e+01       1.57e+03    
       4              7         6.1526e+03      6.57e+01       2.94e+01       2.78e+03    
       5              9         6.1233e+03      2.93e+01       1.05e+01       5.12e+02    
       6             11         6.1156e+03      7.68e+00       5.41e+00       1.25e+02    
       7             13         6.1149e+03      6.71e-01       2.54e+00       1.15e+02    
       8             14         6.1125e+03      2.49e+00       3.31e+00       9.94e+01    
       9             15         6.1102e+03      2.29e+00       5.18e+00       8.20e+01    
      10             16         6.1051e+03      5.11e+00       4.32e+00       7.82e+01    
      11             17         6.0912e+03      1.39e+01       7.79e+00       1.47e+02    
      12             18         6.0742e+03      1.70e+01       1.32e+01       1.22e+02    
      13             19         6.0655e+03      8.65e+00       1.27e+01       8.65e+01    
      14             21         6.0578e+03      7.69e+00       3.51e+00       1.37e+02    
      15             24         6.0558e+03      2.00e+00       3.53e-01       1.37e+02    
      16             25         6.0522e+03      3.60e+00       1.01e+00       2.67e+01    
      17             26         6.0496e+03      2.58e+00       1.77e+00       2.74e+01    
      18             27         6.0442e+03      5.48e+00       2.29e+00       1.04e+01    
      19             30         6.0439e+03      2.08e-01       1.89e-01       2.01e+01    
      20             31         6.0427e+03      1.26e+00       1.08e+00       6.65e+00    
      21             33         6.0414e+03      1.27e+00       3.96e-01       1.70e+01    
      22             36         6.0413e+03      7.66e-02       6.85e-02       6.99e+00    
      23             37         6.0412e+03      1.38e-01       2.04e-01       6.49e+00    
      24             39         6.0411e+03      6.65e-02       1.02e-01       6.48e+00    
      25             42         6.0411e+03      8.23e-03       1.30e-02       6.47e+00    
      26             44         6.0411e+03      4.10e-03       6.50e-03       6.47e+00    
      27             47         6.0411e+03      5.13e-04       8.13e-04       6.47e+00    
      28             48         6.0411e+03      1.02e-03       1.63e-03       6.46e+00    
      29             51         6.0411e+03      1.28e-04       2.03e-04       6.46e+00    
      30             53         6.0411e+03      6.40e-05       1.02e-04       6.46e+00    
      31             55         6.0411e+03      3.20e-05       5.08e-05       6.46e+00    
`ftol` termination condition is satisfied.
Function evaluations 55, initial cost 8.2593e+03, final cost 6.0411e+03, first-order optimality 6.46e+00.
round 2: clearance pairs 189, order pairs 0, residuals 61254
   Iteration     Total nfev        Cost      Cost reduction    Step norm     Optimality   
       0              1         6.0411e+03                                    6.46e+00    
       1              5         6.0410e+03      1.33e-01       2.10e+00       9.93e+01    
       2              7         6.0404e+03      5.69e-01       2.06e-01       2.82e+01    
       3              8         6.0403e+03      1.43e-01       5.30e-01       1.13e+01    
       4              9         6.0402e+03      6.65e-02       5.79e-01       3.91e+00    
       5             10         6.0401e+03      9.31e-02       1.58e-01       4.21e+00    
       6             12         6.0401e+03      4.60e-02       7.91e-02       4.43e+00    
       7             13         6.0400e+03      9.11e-02       1.55e-01       4.31e+00    
       8             16         6.0400e+03      1.13e-02       1.98e-02       4.38e+00    
       9             17         6.0399e+03      2.26e-02       3.94e-02       4.42e+00    
      10             20         6.0399e+03      2.82e-03       4.96e-03       4.42e+00    
      11             22         6.0399e+03      1.41e-03       2.48e-03       4.43e+00    
      12             24         6.0399e+03      7.05e-04       1.24e-03       4.43e+00    
      13             25         6.0399e+03      1.41e-03       2.48e-03       4.43e+00    
      14             28         6.0399e+03      1.76e-04       3.10e-04       4.43e+00    
      15             29         6.0399e+03      3.52e-04       6.20e-04       4.43e+00    
      16             32         6.0399e+03      4.40e-05       7.75e-05       4.43e+00    
`ftol` termination condition is satisfied.
Function evaluations 32, initial cost 6.0411e+03, final cost 6.0399e+03, first-order optimality 4.43e+00.
round 3: clearance pairs 193, order pairs 0, residuals 61258
   Iteration     Total nfev        Cost      Cost reduction    Step norm     Optimality   
       0              1         6.0399e+03                                    4.43e+00    
       1             14         6.0399e+03      1.15e-05       1.52e-05       4.43e+00    
Both `ftol` and `xtol` termination conditions are satisfied.
Function evaluations 14, initial cost 6.0399e+03, final cost 6.0399e+03, first-order optimality 4.43e+00.
a  K=160  init=perp  [round 0 nfev=99 status=4 (Both) cost 6417.042]  [round 1 nfev=55 status=2 (ftol`) cost 6041.115]  [round 2 nfev=32 status=2 (ftol`) cost 6039.932]  [round 3 nfev=14 status=4 (Both) cost 6039.932]
args: {"K": 160, "bend": 30.0, "box_pose": "", "box_rings": "", "box_trace": 0.15, "clear": 5.0, "clear_range": "860:1066-388:483", "dbend": 500.0, "delta": 60.0, "dtwist": 500.0, "edge_fair": 0.0, "edge_w": "", "end_pin": 50.0, "energy_ranges": "", "eps": 0.3, "face_margin": 0.3, "faceon": "", "faces": "docs/ribbon/turns/real/faces_v2.json", "flat": 6.0, "flat_ranges": "", "flip_guard": 20.0, "fold": "", "fold2": "376:30:20,516:40:20,1188:40:20", "fold_axis": "", "fold_convex": "376:10,516:10,1188:10", "fold_eq": false, "fold_legs": 5.0, "fold_legs_len": "20", "gap": 14.0, "hide": "", "hide_auto": "", "hmax": 25.5, "hmin": 25.5, "init": "perp", "inside": 0.0, "kappa": 2.0, "lam": 15.0, "lam_h": 50.0, "mask": "", "max_nfev": 150, "mu": 300.0, "no_opt": false, "nu_fold": 0.4, "omega": 0.01, "order": 0.0, "out": "docs/ribbon/turns/real/D3/a", "outer": 4, "outline": 0.0, "outline_assign": "nearest", "outline_boxes": "", "outline_drop_near": "", "outline_excl": "", "outline_fixed": false, "outline_incl": "", "outline_loss": "linear", "outline_pose": "", "pin_range": "", "pose": "docs/ribbon/turns/fit/kk4/pose.json", "redge": 24.0, "rim_pose": "", "rim_side_mode": "centre", "rimlines": "", "rmin": 45.0, "roto": "/Users/ashmitkhurana/Development/Personal/portfolio/docs/ribbon/turns/curve/best/roto.npz", "screenw": "", "sigma": 2.0, "trace_w": 0.15, "twist": 30.0, "w_box": 2.0, "w_face": 15.0, "w_hmin": 50.0, "w_redge": 5.0, "w_rim": 0.0, "w_rmin": 5.0, "w_wfloor": 0.0, "wfloor": 0.0, "wfloor_except": "", "wfloor_mode": "perp", "wfloor_ranges": "", "zprior": "docs/ribbon/turns/fit/kk4/pose.json"}

edge residual css px, point-to-polyline (L and R pooled): mean 10.496  p95 39.555  max 71.188

window       edge resid (L,R pooled)                      h min/med/max          median |b.T|  #|c'|<0.6 s0
[   0, 131]  mean  15.99  p95  32.31  max  43.42           25.5/ 25.5/ 25.5      0.185         10
[ 132, 288]  mean   5.52  p95  19.07  max  20.14           25.5/ 25.5/ 25.5      0.418         45
[ 289, 483]  mean   7.35  p95  16.76  max  24.43           25.5/ 25.5/ 25.5      0.411         53
[ 484, 554]  mean  21.13  p95  67.65  max  71.19           25.5/ 25.5/ 25.5      0.413         0
[ 555, 658]  mean   8.75  p95  33.43  max  46.02           25.5/ 25.5/ 25.5      0.230         0
[ 659, 764]  mean  16.26  p95  38.94  max  41.20           25.5/ 25.5/ 25.5      0.489         23
[ 765, 940]  mean   2.46  p95   7.81  max  28.99           25.5/ 25.5/ 25.5      0.097         58
[ 941,1066]  mean  28.06  p95  63.90  max  65.61           25.5/ 25.5/ 25.5      0.135         14
[1067,1298]  mean   4.84  p95  17.52  max  31.74           25.5/ 25.5/ 25.5      0.315         43
worst window by mean: [941,1066] 28.06 px

dense (4N=5196 samples) surface normal N=TxB: angle change per sample  max 27.319 deg  p99 6.744 deg
   angle per world px of centreline arclength: max 97.4805 deg/px  (p99 11.3658)
   worst dense samples (t, deg, |b.T|): 378.53, 27.3, 1.000; 378.28, 26.6, 1.000; 516.70, 20.3, 0.999; 516.45, 20.2, 0.999; 516.95, 17.7, 0.999
   dense steps > 3 deg: 100, > 6 deg: 58
ripple (|second difference of unit N| per world px^2, dense): max 2.932e+00  p99 9.133e-02  median 4.568e-04
max |b.T| outside fold windows: 0.995   (inside: 1.000)
GATE: min 3D distance between non-adjacent rings (|i-j|>60, surface samples): 13.97 px; pairs < gap 14.0: 2
GATE: screen-overlap pairs (3 px) 1708, order violations (z_front - z_back < 0): 4, (< gap): 23; unique ring pairs violating: 3
end centreline offset from init: ring0 0.0 px, ring N-1 0.0 px
outside-mockup distance (5 pts across band, css px): mean 2.114  max 43.18  frac>0.5px 0.174
outline residual (css px, matched <=25 px: 1611 of 1634 pts): mean 6.860  p95 18.306  max 24.99
run time: 193.0 s
residual block norms (sum of squares): edge 2122.83, smooth 414.81, jerk 320.64, perp 96.49, dev 168.11, depth 1376.33, hsm 0.00, wpr 0.00, speed 313.07, hmin 0.00, hmax 0.00, face 0.00, rmin 50.34, scrw 0.00, wf 0.00, ins 0.00, fcr 96.21, bnd 702.92, twi 9.99, dbn 191.62, dtw 1.93, rmf 267.34, crl 18.42, lgb 232.84, cvx 97.35
