fold2 crease 376 R 30: ds 1.68 n 28 (eq 348..404, ruling 342..410, legs to +-48)
fold2 crease 516 R 40: ds 2.48 n 25 (eq 491..541, ruling 485..547, legs to +-45)
fold2 crease 1188 R 40: ds 2.93 n 21 (eq 1167..1209, ruling 1161..1215, legs to +-41)
face rule: sign_A -1 (tail median N.v -0.995)
init cost 58763194.604, residuals 61065, params 1120
round 0: clearance pairs 118, order pairs 0, residuals 61183
   Iteration     Total nfev        Cost      Cost reduction    Step norm     Optimality   
       0              1         5.8763e+07                                    1.44e+06    
       1              2         9.4801e+04      5.87e+07       1.60e+02       1.47e+05    
       2              4         5.5842e+04      3.90e+04       3.45e+01       8.00e+04    
       3              5         2.1051e+04      3.48e+04       4.52e+01       1.75e+04    
       4              6         1.2807e+04      8.24e+03       3.98e+01       6.22e+03    
       5              7         9.0137e+03      3.79e+03       5.58e+01       8.40e+03    
       6              9         7.7168e+03      1.30e+03       1.56e+01       5.06e+03    
       7             11         7.2122e+03      5.05e+02       6.66e+00       5.97e+03    
       8             12         6.6346e+03      5.78e+02       1.21e+01       1.06e+03    
       9             14         6.5238e+03      1.11e+02       4.95e+00       2.56e+04    
      10             15         6.1946e+03      3.29e+02       1.19e+01       1.71e+03    
      11             16         6.0439e+03      1.51e+02       1.23e+01       1.00e+03    
      12             18         6.0060e+03      3.79e+01       3.45e+00       5.31e+04    
      13             19         5.9694e+03      3.66e+01       1.19e+01       2.26e+04    
      14             20         5.9669e+03      2.55e+00       1.07e+01       1.01e+04    
      15             21         5.8657e+03      1.01e+02       6.37e+00       6.74e+03    
      16             23         5.8445e+03      2.12e+01       1.67e+00       1.78e+03    
      17             24         5.8371e+03      7.41e+00       2.54e+00       1.92e+03    
      18             25         5.8333e+03      3.86e+00       2.33e+00       9.44e+02    
      19             27         5.8314e+03      1.91e+00       9.39e-01       3.10e+02    
      20             28         5.8306e+03      7.59e-01       9.08e-01       4.98e+02    
      21             30         5.8298e+03      7.82e-01       2.93e-01       2.05e+02    
      22             32         5.8297e+03      1.05e-01       5.55e-02       2.05e+02    
      23             34         5.8297e+03      4.42e-02       2.69e-02       2.05e+02    
      24             36         5.8297e+03      2.03e-02       1.32e-02       2.05e+02    
      25             38         5.8296e+03      9.77e-03       6.56e-03       2.05e+02    
      26             40         5.8296e+03      4.80e-03       3.30e-03       2.05e+02    
      27             43         5.8296e+03      5.95e-04       4.11e-04       2.05e+02    
      28             45         5.8296e+03      2.97e-04       2.06e-04       2.05e+02    
      29             46         5.8296e+03      5.94e-04       4.11e-04       2.05e+02    
      30             47         5.8296e+03      1.18e-03       8.23e-04       2.05e+02    
      31             48         5.8296e+03      2.36e-03       1.65e-03       2.05e+02    
      32             49         5.8296e+03      4.67e-03       3.29e-03       2.05e+02    
      33             50         5.8296e+03      9.17e-03       6.57e-03       2.05e+02    
      34             51         5.8296e+03      1.77e-02       1.31e-02       2.05e+02    
      35             52         5.8296e+03      3.34e-02       2.60e-02       2.05e+02    
      36             53         5.8295e+03      6.12e-02       5.06e-02       2.05e+02    
      37             54         5.8294e+03      1.13e-01       9.56e-02       2.05e+02    
      38             55         5.8292e+03      2.14e-01       1.78e-01       2.05e+02    
      39             56         5.8288e+03      4.12e-01       3.24e-01       2.05e+02    
      40             57         5.8280e+03      7.86e-01       5.18e-01       2.05e+02    
      41             58         5.8265e+03      1.45e+00       6.89e-01       2.05e+02    
      42             59         5.8241e+03      2.48e+00       4.49e-01       2.04e+02    
      43             60         5.8201e+03      3.98e+00       5.99e-01       2.03e+02    
      44             61         5.8096e+03      1.05e+01       7.61e-01       2.00e+02    
      45             62         5.8040e+03      5.58e+00       1.01e+00       1.94e+02    
      46             63         5.7915e+03      1.26e+01       9.40e-01       1.88e+02    
      47             64         5.7682e+03      2.32e+01       1.74e+00       1.78e+02    
      48             66         5.7656e+03      2.59e+00       9.10e-01       1.74e+02    
      49             67         5.7454e+03      2.02e+01       1.96e+00       1.68e+02    
      50             68         5.7330e+03      1.24e+01       1.94e+00       1.59e+02    
      51             69         5.7167e+03      1.63e+01       1.69e+00       1.50e+02    
      52             70         5.6858e+03      3.09e+01       3.12e+00       1.35e+02    
      53             71         5.6520e+03      3.38e+01       6.83e+00       1.49e+02    
      54             73         5.6469e+03      5.06e+00       3.64e+00       2.88e+04    
      55             74         5.6407e+03      6.19e+00       1.34e+01       2.44e+03    
      56             75         5.6072e+03      3.35e+01       1.05e+01       1.88e+03    
      57             77         5.5912e+03      1.60e+01       2.73e+00       3.28e+02    
      58             78         5.5870e+03      4.22e+00       4.02e+00       1.32e+03    
      59             79         5.5847e+03      2.31e+00       2.32e+00       1.55e+02    
      60             80         5.5845e+03      1.11e-01       2.49e+00       2.93e+03    
      61             81         5.5814e+03      3.14e+00       1.80e+00       1.10e+02    
      62             83         5.5799e+03      1.46e+00       4.65e-01       1.36e+02    
      63             84         5.5797e+03      2.25e-01       3.50e-01       1.05e+02    
      64             85         5.5788e+03      9.54e-01       2.79e-01       1.05e+02    
      65             91         5.5788e+03      9.21e-04       7.57e-04       1.05e+02    
      66             92         5.5788e+03      1.82e-03       1.52e-03       1.05e+02    
      67             95         5.5788e+03      2.25e-04       1.89e-04       1.05e+02    
      68             97         5.5788e+03      1.12e-04       9.46e-05       1.05e+02    
      69             100        5.5788e+03      1.40e-05       1.18e-05       1.05e+02    
Both `ftol` and `xtol` termination conditions are satisfied.
Function evaluations 100, initial cost 5.8763e+07, final cost 5.5788e+03, first-order optimality 1.05e+02.
round 1: clearance pairs 141, order pairs 0, residuals 61206
   Iteration     Total nfev        Cost      Cost reduction    Step norm     Optimality   
       0              1         5.5788e+03                                    1.05e+02    
       1              3         5.5502e+03      2.86e+01       2.47e+01       1.43e+02    
       2              5         5.5322e+03      1.80e+01       3.71e+00       8.03e+03    
       3              7         5.5245e+03      7.65e+00       3.41e+00       3.22e+02    
       4              8         5.5193e+03      5.19e+00       4.26e+00       2.32e+02    
       5             10         5.5140e+03      5.32e+00       9.05e-01       5.93e+01    
       6             11         5.5113e+03      2.66e+00       1.28e+00       4.15e+01    
       7             13         5.5113e+03      1.77e-02       6.08e-01       3.88e+01    
       8             14         5.5109e+03      4.56e-01       1.74e-01       3.69e+01    
       9             15         5.5104e+03      4.30e-01       3.38e-01       3.18e+01    
      10             16         5.5097e+03      7.25e-01       6.49e-01       2.60e+01    
      11             17         5.5087e+03      9.74e-01       1.11e+00       2.24e+01    
      12             18         5.5082e+03      4.97e-01       1.23e+00       1.94e+01    
      13             19         5.5071e+03      1.18e+00       1.23e+00       1.76e+01    
      14             21         5.5061e+03      9.41e-01       3.34e-01       1.73e+01    
      15             22         5.5060e+03      1.24e-01       2.99e-01       1.69e+01    
      16             23         5.5059e+03      1.02e-01       7.89e-02       1.68e+01    
      17             24         5.5057e+03      1.82e-01       1.56e-01       1.67e+01    
      18             25         5.5054e+03      3.46e-01       3.05e-01       1.65e+01    
      19             26         5.5044e+03      9.91e-01       5.76e-01       1.60e+01    
      20             27         5.5031e+03      1.30e+00       1.07e+00       1.52e+01    
      21             28         5.5004e+03      2.73e+00       1.82e+00       1.35e+01    
      22             29         5.4974e+03      2.97e+00       3.03e+00       1.12e+01    
      23             30         5.4928e+03      4.53e+00       5.57e+00       1.27e+01    
      24             32         5.4898e+03      3.05e+00       2.12e+00       8.97e+00    
      25             33         5.4889e+03      9.04e-01       2.66e+00       8.03e+00    
      26             34         5.4857e+03      3.16e+00       6.67e-01       8.02e+00    
      27             35         5.4849e+03      8.77e-01       5.87e-01       7.98e+00    
      28             36         5.4834e+03      1.46e+00       5.94e-01       7.91e+00    
      29             37         5.4825e+03      9.41e-01       1.08e+00       7.78e+00    
      30             38         5.4813e+03      1.11e+00       1.05e+00       7.67e+00    
      31             40         5.4808e+03      5.61e-01       3.35e-01       7.65e+00    
      32             41         5.4807e+03      8.68e-02       3.06e-01       7.63e+00    
      33             42         5.4806e+03      9.47e-02       7.71e-02       7.62e+00    
      34             43         5.4804e+03      1.86e-01       1.48e-01       7.61e+00    
      35             44         5.4804e+03      4.66e-02       2.82e-01       7.58e+00    
      36             45         5.4803e+03      9.16e-02       7.36e-02       7.58e+00    
      37             46         5.4798e+03      5.03e-01       1.43e-01       7.57e+00    
      38             47         5.4797e+03      4.40e-02       2.74e-01       7.54e+00    
      39             48         5.4796e+03      9.11e-02       7.10e-02       7.54e+00    
      40             49         5.4791e+03      5.02e-01       1.38e-01       7.53e+00    
      41             50         5.4788e+03      3.63e-01       2.65e-01       7.50e+00    
      42             51         5.4781e+03      7.23e-01       5.02e-01       7.46e+00    
      43             52         5.4766e+03      1.43e+00       9.28e-01       7.37e+00    
      44             53         5.4745e+03      2.14e+00       1.65e+00       7.19e+00    
      45             54         5.4683e+03      6.16e+00       2.91e+00       6.79e+00    
      46             55         5.4651e+03      3.24e+00       4.96e+00       6.30e+00    
      47             56         5.4556e+03      9.48e+00       4.91e+00       6.64e+00    
      48             59         5.4550e+03      6.07e-01       7.37e-01       7.49e+00    
      49             61         5.4544e+03      5.64e-01       3.67e-01       5.71e+00    
      50             62         5.4541e+03      3.60e-01       4.39e-01       5.87e+00    
      51             63         5.4534e+03      6.23e-01       8.24e-01       5.90e+00    
      52             64         5.4525e+03      9.09e-01       1.25e+00       6.85e+00    
      53             67         5.4523e+03      2.63e-01       1.78e-01       5.90e+00    
      54             69         5.4522e+03      4.44e-02       5.05e-02       5.84e+00    
      55             70         5.4521e+03      8.26e-02       1.03e-01       5.84e+00    
      56             74         5.4521e+03      2.51e-03       3.26e-03       5.84e+00    
      57             75         5.4521e+03      5.01e-03       6.54e-03       5.84e+00    
      58             79         5.4521e+03      1.56e-04       2.04e-04       5.84e+00    
      59             81         5.4521e+03      7.82e-05       1.02e-04       5.84e+00    
      60             83         5.4521e+03      3.91e-05       5.11e-05       5.84e+00    
`ftol` termination condition is satisfied.
Function evaluations 83, initial cost 5.5788e+03, final cost 5.4521e+03, first-order optimality 5.84e+00.
round 2: clearance pairs 154, order pairs 0, residuals 61219
   Iteration     Total nfev        Cost      Cost reduction    Step norm     Optimality   
       0              1         5.4521e+03                                    5.84e+00    
       1              7         5.4521e+03      3.32e-02       5.28e-01       5.06e+00    
       2              8         5.4520e+03      1.04e-01       1.21e-01       5.36e+00    
       3              9         5.4518e+03      1.93e-01       2.34e-01       5.45e+00    
       4             10         5.4514e+03      3.70e-01       4.51e-01       5.58e+00    
       5             11         5.4507e+03      6.91e-01       8.14e-01       6.75e+00    
       6             12         5.4496e+03      1.12e+00       1.28e+00       7.58e+00    
       7             15         5.4494e+03      2.04e-01       2.72e-01       6.38e+00    
       8             16         5.4492e+03      1.88e-01       2.57e-01       5.97e+00    
       9             17         5.4491e+03      1.53e-01       2.57e-01       5.83e+00    
      10             18         5.4489e+03      1.65e-01       2.50e-01       5.81e+00    
      11             19         5.4488e+03      1.51e-01       2.48e-01       5.79e+00    
      12             20         5.4486e+03      1.62e-01       2.46e-01       5.80e+00    
      13             21         5.4485e+03      1.49e-01       2.45e-01       5.80e+00    
      14             22         5.4483e+03      1.59e-01       2.41e-01       5.83e+00    
      15             24         5.4482e+03      5.23e-02       6.29e-02       5.71e+00    
      16             25         5.4482e+03      8.80e-02       1.12e-01       5.65e+00    
      17             28         5.4481e+03      1.11e-02       1.40e-02       5.61e+00    
      18             31         5.4481e+03      1.39e-03       1.75e-03       5.60e+00    
      19             32         5.4481e+03      2.77e-03       3.50e-03       5.59e+00    
      20             37         5.4481e+03      2.16e-05       2.73e-05       5.59e+00    
`ftol` termination condition is satisfied.
Function evaluations 37, initial cost 5.4521e+03, final cost 5.4481e+03, first-order optimality 5.59e+00.
round 3: clearance pairs 156, order pairs 0, residuals 61221
   Iteration     Total nfev        Cost      Cost reduction    Step norm     Optimality   
       0              1         5.4481e+03                                    5.59e+00    
       1             14         5.4481e+03      2.30e-05       2.92e-05       5.59e+00    
`ftol` termination condition is satisfied.
Function evaluations 14, initial cost 5.4481e+03, final cost 5.4481e+03, first-order optimality 5.59e+00.
c  K=160  init=perp  [round 0 nfev=100 status=4 (Both) cost 5578.762]  [round 1 nfev=83 status=2 (ftol`) cost 5452.136]  [round 2 nfev=37 status=2 (ftol`) cost 5448.141]  [round 3 nfev=14 status=2 (ftol`) cost 5448.141]
args: {"K": 160, "bend": 30.0, "box_pose": "", "box_rings": "", "box_trace": 0.15, "clear": 5.0, "clear_range": "860:1066-388:483", "dbend": 500.0, "delta": 60.0, "dtwist": 500.0, "edge_fair": 0.0, "edge_w": "", "end_pin": 50.0, "energy_ranges": "", "eps": 1.0, "face_margin": 0.3, "faceon": "", "faces": "docs/ribbon/turns/real/faces_v2.json", "flat": 6.0, "flat_ranges": "", "flip_guard": 20.0, "fold": "", "fold2": "376:30:20,516:40:20,1188:40:20", "fold_axis": "", "fold_convex": "376:10,516:10,1188:10", "fold_eq": false, "fold_legs": 5.0, "fold_legs_len": "20", "gap": 14.0, "hide": "", "hide_auto": "", "hmax": 25.5, "hmin": 25.5, "init": "perp", "inside": 0.0, "kappa": 2.0, "lam": 15.0, "lam_h": 50.0, "mask": "", "max_nfev": 150, "mu": 300.0, "no_opt": false, "nu_fold": 0.4, "omega": 0.01, "order": 0.0, "out": "docs/ribbon/turns/real/D3/c", "outer": 4, "outline": 0.0, "outline_assign": "nearest", "outline_boxes": "", "outline_drop_near": "", "outline_excl": "", "outline_fixed": false, "outline_incl": "", "outline_loss": "linear", "outline_pose": "", "pin_range": "", "pose": "docs/ribbon/turns/real/D3/b_pose.json", "redge": 24.0, "rim_pose": "", "rim_side_mode": "centre", "rimlines": "", "rmin": 45.0, "roto": "/Users/ashmitkhurana/Development/Personal/portfolio/docs/ribbon/turns/curve/best/roto.npz", "screenw": "", "sigma": 2.0, "trace_w": 0.15, "twist": 30.0, "w_box": 2.0, "w_face": 15.0, "w_hmin": 50.0, "w_redge": 5.0, "w_rim": 0.0, "w_rmin": 5.0, "w_wfloor": 0.0, "wfloor": 0.0, "wfloor_except": "", "wfloor_mode": "perp", "wfloor_ranges": "", "zprior": "docs/ribbon/turns/real/D3/b_pose.json"}

edge residual css px, point-to-polyline (L and R pooled): mean 11.143  p95 41.406  max 66.340

window       edge resid (L,R pooled)                      h min/med/max          median |b.T|  #|c'|<0.6 s0
[   0, 131]  mean  16.03  p95  32.29  max  43.39           25.5/ 25.5/ 25.5      0.186         0
[ 132, 288]  mean   5.78  p95  18.47  max  19.26           25.5/ 25.5/ 25.5      0.462         0
[ 289, 483]  mean   9.14  p95  21.84  max  35.71           25.5/ 25.5/ 25.5      0.350         6
[ 484, 554]  mean  21.53  p95  63.74  max  66.34           25.5/ 25.5/ 25.5      0.286         0
[ 555, 658]  mean   6.58  p95  26.61  max  33.67           25.5/ 25.5/ 25.5      0.257         13
[ 659, 764]  mean  15.63  p95  39.87  max  42.82           25.5/ 25.5/ 25.5      0.449         0
[ 765, 940]  mean   3.08  p95   8.69  max  28.05           25.5/ 25.5/ 25.5      0.180         9
[ 941,1066]  mean  31.49  p95  62.58  max  63.96           25.5/ 25.5/ 25.5      0.207         2
[1067,1298]  mean   5.56  p95  19.55  max  32.40           25.5/ 25.5/ 25.5      0.291         0
worst window by mean: [941,1066] 31.49 px

dense (4N=5196 samples) surface normal N=TxB: angle change per sample  max 14.456 deg  p99 3.353 deg
   angle per world px of centreline arclength: max 22.1928 deg/px  (p99 4.5635)
   worst dense samples (t, deg, |b.T|): 708.34, 14.5, 0.994; 181.89, 14.3, 0.999; 181.65, 14.2, 0.999; 708.59, 14.1, 0.995; 708.09, 13.1, 0.994
   dense steps > 3 deg: 62, > 6 deg: 23
ripple (|second difference of unit N| per world px^2, dense): max 1.486e-01  p99 1.409e-02  median 5.140e-04
max |b.T| outside fold windows: 0.994   (inside: 0.999)
GATE: min 3D distance between non-adjacent rings (|i-j|>60, surface samples): 13.99 px; pairs < gap 14.0: 1
GATE: screen-overlap pairs (3 px) 1499, order violations (z_front - z_back < 0): 3, (< gap): 19; unique ring pairs violating: 2
end centreline offset from init: ring0 0.0 px, ring N-1 0.0 px
outside-mockup distance (5 pts across band, css px): mean 2.106  max 45.21  frac>0.5px 0.180
outline residual (css px, matched <=25 px: 1613 of 1634 pts): mean 7.001  p95 18.662  max 24.86
run time: 216.4 s
residual block norms (sum of squares): edge 2184.82, smooth 238.19, jerk 388.21, perp 111.46, dev 220.85, depth 171.85, hsm 0.00, wpr 0.00, speed 26.49, hmin 0.00, hmax 0.00, face 0.00, rmin 37.58, scrw 0.00, wf 0.00, ins 0.00, fcr 275.11, bnd 731.38, twi 13.60, dbn 247.83, dtw 2.92, rmf 260.94, crl 13.36, lgb 222.60, cvx 193.72
