DPR2 canvases 780x1688 780x1688
DPR3 canvases 1170x2532 1170x2532
crop_apex.png  135122 B
crop_bottomk.png  245316 B
crop_endstrand.png  153912 B
crop_farleft.png  184388 B
crop_junction.png  97469 B
crop_scurve.png  225118 B
crop_topk.png  178959 B
crop_wrap.png  285794 B
hero.png  1334637 B
ribbon.png  1363697 B
ribbon_crop_apex.png  143388 B
ribbon_crop_bottomk.png  245316 B
ribbon_crop_endstrand.png  153912 B
ribbon_crop_farleft.png  184388 B
ribbon_crop_junction.png  97469 B
ribbon_crop_scurve.png  225118 B
ribbon_crop_topk.png  178959 B
ribbon_crop_wrap.png  285794 B
