bz rings 925..1025 t 0.45 w 20.0
lit rings 1030..1175 t 0.30 w 30.0
fold2 crease 516 R 40: ds 1.90 n 33 (eq 483..549, ruling 477..555, legs to +-53)
fold2 crease 1188 R 40: ds 1.92 n 33 (eq 1155..1221, ruling 1149..1227, legs to +-53)
curl rings 925..1025 R 40 w 60.0
keep: 1083 rings held (w=3.00), 1077 new centreline pins
face rule: sign_A -1 (tail median N.v -0.995)
init cost 11105.661, residuals 66246, params 1120
round 0: clearance pairs 88, order pairs 0, residuals 66334
   Iteration     Total nfev        Cost      Cost reduction    Step norm     Optimality   
       0              1         1.1106e+04                                    6.06e+03    
       1              5         9.3942e+03      1.71e+03       2.22e+00       5.30e+03    
       2              6         6.8560e+03      2.54e+03       3.29e+00       3.64e+03    
       3              7         4.5943e+03      2.26e+03       6.04e+00       1.50e+04    
       4              8         3.2364e+03      1.36e+03       1.59e+01       1.26e+03    
       5              9         2.8000e+03      4.36e+02       2.87e+01       1.26e+03    
       6             11         2.5457e+03      2.54e+02       4.84e+00       2.40e+02    
       7             12         2.4395e+03      1.06e+02       8.43e+00       1.03e+02    
       8             14         2.4115e+03      2.80e+01       3.54e+00       1.01e+02    
       9             15         2.3601e+03      5.14e+01       7.52e+00       3.23e+02    
      10             17         2.3277e+03      3.24e+01       3.22e+00       7.73e+01    
      11             18         2.3146e+03      1.31e+01       5.07e+00       1.04e+02    
      12             20         2.3007e+03      1.38e+01       1.82e+00       5.15e+01    
      13             21         2.2962e+03      4.53e+00       1.63e+00       3.18e+01    
      14             23         2.2947e+03      1.49e+00       5.51e-01       1.99e+01    
      15             24         2.2933e+03      1.40e+00       5.60e-01       1.77e+01    
      16             25         2.2918e+03      1.44e+00       6.68e-01       2.79e+01    
      17             26         2.2897e+03      2.16e+00       1.12e+00       6.10e+01    
      18             27         2.2858e+03      3.85e+00       2.14e+00       7.85e+01    
      19             28         2.2790e+03      6.87e+00       4.17e+00       6.32e+01    
      20             29         2.2670e+03      1.20e+01       8.91e+00       9.39e+01    
      21             30         2.2653e+03      1.61e+00       1.68e+01       1.16e+03    
      22             32         2.2519e+03      1.35e+01       8.38e-01       1.68e+03    
      23             35         2.2497e+03      2.15e+00       9.06e-02       8.56e+02    
      24             36         2.2485e+03      1.20e+00       1.84e-01       5.28e+01    
      25             37         2.2482e+03      3.58e-01       3.33e-01       7.55e+01    
      26             38         2.2478e+03      3.91e-01       4.91e-01       4.58e+01    
      27             39         2.2472e+03      5.78e-01       8.06e-01       5.42e+01    
      28             40         2.2463e+03      9.33e-01       1.42e+00       3.53e+01    
      29             41         2.2454e+03      8.54e-01       2.54e+00       5.41e+01    
      30             43         2.2452e+03      1.95e-01       9.81e-01       2.51e+02    
      31             45         2.2450e+03      1.71e-01       1.65e-01       3.96e+01    
      32             46         2.2450e+03      8.48e-02       1.24e-01       3.10e+01    
      33             47         2.2449e+03      7.45e-02       1.73e-01       2.67e+01    
      34             48         2.2448e+03      1.01e-01       2.41e-01       2.06e+01    
      35             49         2.2446e+03      1.68e-01       4.13e-01       2.40e+01    
      36             50         2.2443e+03      2.74e-01       6.87e-01       1.68e+01    
      37             51         2.2439e+03      4.82e-01       1.40e+00       2.17e+01    
      38             52         2.2438e+03      2.98e-02       2.67e+00       1.10e+02    
      39             54         2.2438e+03      5.11e-02       2.27e-01       2.31e+01    
      40             55         2.2438e+03      1.73e-02       3.40e-01       2.35e+01    
      41             56         2.2434e+03      3.46e-01       1.75e-01       3.13e+01    
      42             58         2.2434e+03      2.07e-02       7.71e-02       3.57e+01    
      43             59         2.2434e+03      1.06e-02       6.24e-02       3.94e+00    
      44             60         2.2434e+03      1.11e-02       7.44e-02       1.25e+01    
      45             61         2.2434e+03      1.64e-02       1.06e-01       3.17e+00    
      46             64         2.2434e+03      1.97e-03       1.23e-02       9.20e+00    
      47             66         2.2434e+03      1.35e-03       8.93e-03       2.68e+00    
      48             67         2.2434e+03      3.11e-03       2.59e-02       5.20e+00    
      49             68         2.2433e+03      4.55e-03       3.25e-02       3.40e+00    
      50             71         2.2433e+03      5.71e-04       3.82e-03       4.84e+00    
      51             72         2.2433e+03      1.53e-03       1.34e-02       2.33e+00    
      52             73         2.2433e+03      2.80e-03       2.50e-02       4.60e+00    
      53             74         2.2433e+03      4.20e-03       3.06e-02       2.50e+00    
      54             77         2.2433e+03      5.27e-04       3.68e-03       4.33e+00    
      55             78         2.2433e+03      1.34e-03       1.22e-02       1.95e+00    
      56             79         2.2433e+03      2.53e-03       2.32e-02       3.91e+00    
      57             81         2.2433e+03      1.03e-03       7.42e-03       2.04e+00    
      58             82         2.2433e+03      2.26e-03       1.86e-02       2.77e+00    
      59             84         2.2433e+03      1.02e-03       7.48e-03       2.70e+00    
      60             86         2.2433e+03      5.62e-04       4.44e-03       2.05e+00    
      61             87         2.2433e+03      1.22e-03       1.16e-02       1.58e+00    
      62             90         2.2433e+03      1.52e-04       1.34e-03       1.81e+00    
      63             91         2.2433e+03      3.34e-04       3.47e-03       1.48e+00    
      64             92         2.2433e+03      6.45e-04       6.96e-03       1.37e+00    
      65             93         2.2433e+03      1.23e-03       1.35e-02       1.12e+00    
      66             94         2.2433e+03      2.31e-03       2.55e-02       8.25e-01    
      67             95         2.2433e+03      4.31e-03       4.62e-02       9.18e-01    
      68             97         2.2433e+03      2.04e-03       1.93e-02       1.19e+00    
      69             100        2.2433e+03      2.47e-04       2.02e-03       1.45e+00    
      70             101        2.2433e+03      5.13e-04       5.24e-03       9.46e-01    
      71             103        2.2433e+03      2.56e-04       2.78e-03       8.39e-01    
      72             104        2.2433e+03      5.08e-04       5.57e-03       8.43e-01    
      73             107        2.2433e+03      6.33e-05       6.88e-04       8.43e-01    
      74             108        2.2433e+03      1.26e-04       1.38e-03       8.44e-01    
      75             111        2.2433e+03      1.58e-05       1.72e-04       8.44e-01    
`ftol` termination condition is satisfied.
Function evaluations 111, initial cost 1.1106e+04, final cost 2.2433e+03, first-order optimality 8.44e-01.
round 1: clearance pairs 121, order pairs 0, residuals 66367
   Iteration     Total nfev        Cost      Cost reduction    Step norm     Optimality   
       0              1         2.2433e+03                                    8.44e-01    
       1             10         2.2433e+03      2.49e-05       8.32e-04       8.19e-01    
       2             11         2.2433e+03      4.90e-05       1.62e-03       7.95e-01    
       3             14         2.2433e+03      6.06e-06       1.99e-04       7.92e-01    
`ftol` termination condition is satisfied.
Function evaluations 14, initial cost 2.2433e+03, final cost 2.2433e+03, first-order optimality 7.92e-01.
round 2: clearance pairs 121, order pairs 0, residuals 66367
   Iteration     Total nfev        Cost      Cost reduction    Step norm     Optimality   
       0              1         2.2433e+03                                    7.92e-01    
       1             11         2.2433e+03      6.05e-06       1.99e-04       7.89e-01    
`ftol` termination condition is satisfied.
Function evaluations 11, initial cost 2.2433e+03, final cost 2.2433e+03, first-order optimality 7.89e-01.
round 3: clearance pairs 121, order pairs 0, residuals 66367
   Iteration     Total nfev        Cost      Cost reduction    Step norm     Optimality   
       0              1         2.2433e+03                                    7.89e-01    
       1             12         2.2433e+03      1.52e-06       4.99e-05       7.88e-01    
`ftol` termination condition is satisfied.
Function evaluations 12, initial cost 2.2433e+03, final cost 2.2433e+03, first-order optimality 7.88e-01.
c  K=160  init=raw  [round 0 nfev=111 status=2 (ftol`) cost 2243.316]  [round 1 nfev=14 status=2 (ftol`) cost 2243.316]  [round 2 nfev=11 status=2 (ftol`) cost 2243.316]  [round 3 nfev=12 status=2 (ftol`) cost 2243.316]
args: {"K": 160, "bend": 30.0, "box_pose": "", "box_rings": "", "box_trace": 0.15, "bz": "925:1025:0.45:20", "clear": 5.0, "clear_range": "860:1066-388:483", "curl": "925:1025:40:60", "dbend": 500.0, "delta": 60.0, "dtwist": 500.0, "edge_fair": 0.0, "edge_w": "905:1050:L:4,905:1050:R:4", "end_pin": 50.0, "energy_ranges": "", "eps": 1.0, "face_margin": 0.3, "faceon": "", "faces": "docs/ribbon/turns/real/faces.json", "flat": 0.0, "flat_ranges": "", "flip_guard": 20.0, "fold": "", "fold2": "516:40:20,1188:40:20", "fold_axis": "", "fold_convex": "516:10,1188:10", "fold_eq": false, "fold_legs": 5.0, "fold_legs_len": "20", "gap": 14.0, "hide": "", "hide_auto": "", "hmax": 25.5, "hmin": 25.5, "init": "raw", "inside": 0.0, "kappa": 2.0, "keep": 3.0, "keep_free": "895:1110", "lam": 15.0, "lam_h": 50.0, "lit": "1030:1175:0.3:30", "mask": "", "max_nfev": 150, "mu": 300.0, "no_opt": false, "nu_fold": 0.4, "omega": 0.01, "order": 0.0, "out": "docs/ribbon/turns/real/L2/c", "outer": 4, "outline": 0.0, "outline_assign": "nearest", "outline_boxes": "", "outline_drop_near": "", "outline_excl": "", "outline_fixed": false, "outline_incl": "", "outline_loss": "linear", "outline_pose": "", "pin_range": "", "pose": "docs/ribbon/turns/real/K3/pose.json", "redge": 24.0, "rim_pose": "", "rim_side_mode": "centre", "rimlines": "", "rmin": 45.0, "roto": "/Users/ashmitkhurana/Development/Personal/portfolio/docs/ribbon/turns/curve/best/roto.npz", "screenw": "", "sigma": 2.0, "trace_w": 0.15, "twist": 30.0, "w_box": 2.0, "w_face": 15.0, "w_hmin": 50.0, "w_redge": 5.0, "w_rim": 0.0, "w_rmin": 5.0, "w_wfloor": 0.0, "wfloor": 0.0, "wfloor_except": "", "wfloor_mode": "perp", "wfloor_ranges": "", "zprior": "docs/ribbon/turns/real/K3/pose.json"}

edge residual css px, point-to-polyline (L and R pooled): mean 6.488  p95 22.019  max 54.667

window       edge resid (L,R pooled)                      h min/med/max          median |b.T|  #|c'|<0.6 s0
[   0, 131]  mean  14.89  p95  32.28  max  43.39           25.5/ 25.5/ 25.5      0.129         0
[ 132, 288]  mean   1.72  p95   4.81  max  11.52           25.5/ 25.5/ 25.5      0.396         0
[ 289, 483]  mean   8.39  p95  22.06  max  24.38           25.5/ 25.5/ 25.5      0.144         0
[ 484, 554]  mean   5.08  p95   9.73  max  10.43           25.5/ 25.5/ 25.5      0.512         0
[ 555, 658]  mean   1.44  p95   3.43  max   3.93           25.5/ 25.5/ 25.5      0.078         0
[ 659, 764]  mean  16.29  p95  50.24  max  54.67           25.5/ 25.5/ 25.5      0.005         0
[ 765, 940]  mean   1.94  p95   5.25  max  14.81           25.5/ 25.5/ 25.5      0.097         3
[ 941,1066]  mean   8.42  p95  22.73  max  39.42           25.5/ 25.5/ 25.5      0.007         9
[1067,1298]  mean   3.96  p95  11.36  max  21.84           25.5/ 25.5/ 25.5      0.180         0
worst window by mean: [659,764] 16.29 px

dense (4N=5196 samples) surface normal N=TxB: angle change per sample  max 21.621 deg  p99 2.035 deg
   angle per world px of centreline arclength: max 40.3959 deg/px  (p99 2.9342)
   worst dense samples (t, deg, |b.T|): 524.70, 21.6, 0.999; 524.45, 21.0, 0.999; 524.95, 16.8, 0.999; 524.20, 15.6, 0.999; 525.20, 11.3, 0.999
   dense steps > 3 deg: 11, > 6 deg: 8
ripple (|second difference of unit N| per world px^2, dense): max 4.819e-01  p99 1.270e-02  median 5.027e-04
max |b.T| outside fold windows: 0.883   (inside: 0.999)
GATE: min 3D distance between non-adjacent rings (|i-j|>60, surface samples): 18.39 px; pairs < gap 14.0: 0
GATE: screen-overlap pairs (3 px) 1522, order violations (z_front - z_back < 0): 1, (< gap): 5; unique ring pairs violating: 1
end centreline offset from init: ring0 0.0 px, ring N-1 1.4 px
outside-mockup distance (5 pts across band, css px): mean 0.699  max 30.83  frac>0.5px 0.101
outline residual (css px, matched <=25 px: 1603 of 1634 pts): mean 6.624  p95 18.527  max 24.94
run time: 98.2 s
residual block norms (sum of squares): edge 1236.01, smooth 275.70, jerk 276.26, perp 104.24, dev 489.18, depth 116.55, hsm 0.00, wpr 0.00, speed 9.04, hmin 0.04, hmax 0.03, face 81.61, rmin 299.67, scrw 0.00, wf 0.00, ins 0.00, fcr 185.41, bnd 706.36, twi 48.27, dbn 197.73, dtw 12.03, rmf 62.05, crl 76.33, lgb 76.57, cvx 91.20
