clear_pairs 860:1066-388:483:16: 261 raw sample pairs get gap 16
pairs (raw 1522), clusters 9, constraints 1443, initially violated 4 (max 13.9 px)
clusters: 9 (rule-decided 6, vote-decided 3); input-sample disagreements with the decided order: 1 of 1522 raw sample pairs
top clusters by required separation (px short at input): rings_a-range x rings_b-range | front | rule | disagree/total | need
   827- 866 x 1048-1079 | front=b-range | vote | 1/160 | 13.9
   173- 247 x  699- 722 | front=a-range | vote | 0/281 | 0.0
   385- 404 x  984-1011 | front=a-range | R3 | 0/103 | 0.0
   400- 402 x 1030-1032 | front=a-range | R3 | 0/5 | 0.0
   414- 450 x  889- 926 | front=b-range | R2 | 0/175 | 0.0
   585- 633 x 1048-1081 | front=a-range | R1 | 0/166 | 0.0
   587- 632 x  802- 863 | front=a-range | R1 | 0/306 | 0.0
   620- 671 x 1282-1298 | front=a-range | R1 | 0/133 | 0.0
   783- 820 x 1263-1286 | front=a-range | vote | 0/193 | 0.0
layer.py docs/ribbon/turns/real/L2/c/pose.json -> docs/ribbon/turns/real/L2/pose.json  gap 12.4 kz 160
screen-overlap sample pairs (raw) 1522, constraints (ring pairs) 1443, violated at input 4 (worst 13.9 px short)
solver SLSQP status 8 iterations 30 objective 1609 time 0.7 s
max constraint violation after solve (deduped): 0.000 px; violated constraints (> 0.01): 0
all raw sample pairs after: z_front - z_back min 12.40 px, pairs with < 0: 0, < gap-0.5: 0
dz: max |dz| 7.0 px (min -7.0, max 7.0); max |dz''| 0.1610 px/ring^2
unit check: max change of projected edge screen position 1.14e-13 css px
