DPR2 canvases 780x1688 780x1688
DPR3 canvases 1170x2532 1170x2532
crop_apex.png  128314 B
crop_bottomk.png  257630 B
crop_endstrand.png  169446 B
crop_farleft.png  180116 B
crop_junction.png  108605 B
crop_scurve.png  221488 B
crop_topk.png  179152 B
crop_wrap.png  296602 B
hero.png  1332966 B
ribbon.png  1365756 B
ribbon_crop_apex.png  134460 B
ribbon_crop_bottomk.png  257630 B
ribbon_crop_endstrand.png  169446 B
ribbon_crop_farleft.png  180116 B
ribbon_crop_junction.png  108605 B
ribbon_crop_scurve.png  221488 B
ribbon_crop_topk.png  179152 B
ribbon_crop_wrap.png  296602 B
