{
 "reproj": {
  "apex_window": {
   "n": 114,
   "rms_px": 26.070280008962502,
   "p95_px": 31.45266913238835,
   "max_px": 103.34372048027434,
   "rms_css": 11.926513407313962,
   "p95_css": 14.388824361467533
  },
  "section": {
   "n": 323,
   "rms_px": 94.76283383480174,
   "p95_px": 234.44230718995092,
   "max_px": 258.5313746279915,
   "rms_css": 43.351671246234744,
   "p95_css": 107.25160293565415
  }
 },
 "face": {
  "all_vis_required": {
   "checked": 65,
   "agree": 57,
   "frac": 0.8769230769230769
  },
  "left_leg_A": {
   "n_all": 96,
   "agree_all": 88,
   "frac_all": 0.9166666666666666,
   "n_vis": 40,
   "agree_vis": 32,
   "frac_vis": 0.8
  },
  "right_leg_B": {
   "n_all": 25,
   "agree_all": 25,
   "frac_all": 1.0,
   "n_vis": 25,
   "agree_vis": 25,
   "frac_vis": 1.0
  }
 },
 "mono": {
  "section": {
   "a_lt_0p5": 126,
   "b_lt_0p5": 136,
   "a_lt_0": 0,
   "b_lt_0": 0,
   "n": 217,
   "min_da": 0.47177599135051196,
   "min_db": 0.4840142800807996
  },
  "apex_window": {
   "a_lt_0p5": 24,
   "b_lt_0p5": 40,
   "a_lt_0": 0,
   "b_lt_0": 0,
   "n": 70,
   "min_da": 0.4999483881129123,
   "min_db": 0.499615745230404
  }
 },
 "silhouette": {
  "contour_err_sym": 12.588306427001953,
  "render_to_alpha_mean": 11.389753341674805,
  "render_to_alpha_rms": 15.904105186462402,
  "render_to_alpha_p95": 30.756591796875,
  "alpha_to_render_mean": 13.786860466003418,
  "alpha_to_render_rms": 19.329193115234375,
  "alpha_to_render_p95": 41.75835418701172,
  "alpha_to_render_near_footprint_mean": 3.3725874423980713,
  "alpha_to_render_near_footprint_p95": 9.39068603515625,
  "iou_in_box": 0.7151628934290447,
  "alpha_px_in_box": 43868,
  "render_px_in_box": 33786,
  "box": [
   180,
   530,
   480,
   760
  ]
 },
 "right_leg_in_front": {
  "frac_post_in_front": 1.0,
  "n_cells": 118,
  "mean_gap": 165.2423510728631
 },
 "max_isometry_resid_css": 8.038014698286133e-14,
 "max_planarity_resid": 1.3979073070177499e-14,
 "min_clearance_nonadjacent_css": 24.511512995546145,
 "two_thk_css": 9.496279052283981,
 "roll_radius_estimate": {
  "total_abs_theta_rad": 1.237179725129607,
  "arc_10_90_css": 102.75180752892061,
  "radius_css": 32.706916159709486,
  "radius_over_W": 0.6262149623338865,
  "max_abs_theta_window_rad": 0.00852757237736264,
  "n_hinges_over_pi6_window": 0
 },
 "z_range": [
  -449.7234583473441,
  -221.0796421597666
 ],
 "units": {
  "SC_px_per_css": 2.185909588042289,
  "W_css": 52.229534787561896,
  "W_px": 114.10918499402223,
  "H_flat_spacing_css": 1.8599640425890414,
  "thk_css": 4.7481395261419905,
  "data_amplitude_per_px": 0.45747546260392435,
  "cov_weight_stage2_3": 4.185675977693492,
  "cov_weight_stage4": 8.371351955386984
 }
}
emitted /Users/ashmitkhurana/Development/studio/portfolio/docs/ribbon/turns/ak_apex/apex_candidate.json
