metric                                init         S14          C8
sil_iou                             0.2183      0.2566      0.8613
faceA_iou                           0.3596      0.5077      0.7303
faceB_iou                           0.0000      0.0075      0.7427
rms_reproj                        177.1396    166.4880     45.0035
max_iso_resid                       0.0000     19.8339      0.5081
max_planarity                       0.0000      0.0000      0.0000
min_clearance                     158.6893     55.0195     61.4352
n_overlap_px                     2963.0000   2963.0000   2963.0000
rms_3d                            716.4314    691.8603    223.1648
layer_order_075W                    0.8724      0.0931      0.0283
layer_order_025W                    0.0780      0.0091      0.0000
fold_contour_err                   13.7548     13.3870      1.9940
rms_reproj_window                  74.5919     72.3921     12.9778
rms_reproj_outside                206.3201    193.5495     53.1997
rms_reproj_window_gt_edges         22.8159     16.5452      2.9536
max_dist_window_gt_edges           84.6153     55.8885      8.2987
min_clearance_idx                  90.8139      8.6185     34.3202
flat_span_a                       978.5557    971.7916    850.5853
mono_viol_frac                      0.0000      0.7386      0.6341
coverage_in_frac                    1.0000      0.9194      1.0000
coverage_out_frac                   0.0000      0.1129      0.6290
layer_order_025W_dense              0.0780      0.0091      0.0000
layer_order_075W_dense              0.8724      0.0931      0.0283
sil_iou_dense                       0.2183      0.2567      0.8613
fold_contour_err_dense             13.7548     13.3870      1.9940
layer_order_025W_raw                0.2086      0.0864      0.0017
layer_order_075W_raw                0.8309      0.0928      0.5953
layer_order_025W_dense_raw          0.2086      0.0864      0.0017
layer_order_075W_dense_raw          0.8309      0.0928      0.5953
label_offset                      -15.0684    -40.9573    -36.5671
face_agreement_window               0.9275      0.8098      0.8465
gate {'init': {'rms_reproj_window_gt_edges': False, 'fold_contour_err': False, 'layer_order_025W_dense': False, 'sil_iou': False, 'PASS': False}, 'S14': {'rms_reproj_window_gt_edges': False, 'fold_contour_err': False, 'layer_order_025W_dense': False, 'sil_iou': False, 'PASS': False}, 'C8': {'rms_reproj_window_gt_edges': False, 'fold_contour_err': False, 'layer_order_025W_dense': False, 'sil_iou': False, 'PASS': False}}
runtimes {'S14': 530.8797249794006, 'C8': 215.05117392539978}
primitive {'rms_reproj_window_gt_edges_idx_range': 25.66065602183291, 'face_agreement_window': 0.9828253507498791, 'sil_iou_fitrange': 0.2766019135981444}
