DPR2 canvases 780x1688 780x1688
DPR3 canvases 1170x2532 1170x2532
crop_apex.png  126829 B
crop_bottomk.png  262544 B
crop_endstrand.png  167730 B
crop_farleft.png  190337 B
crop_junction.png  106436 B
crop_scurve.png  217934 B
crop_topk.png  181107 B
crop_wrap.png  306147 B
hero.png  1338824 B
ribbon.png  1372011 B
ribbon_crop_apex.png  132887 B
ribbon_crop_bottomk.png  262544 B
ribbon_crop_endstrand.png  167730 B
ribbon_crop_farleft.png  190337 B
ribbon_crop_junction.png  106436 B
ribbon_crop_scurve.png  217934 B
ribbon_crop_topk.png  181107 B
ribbon_crop_wrap.png  306147 B
