segment 975..987: orig exact per-ring
segment 987..1002: orig->mirror rotation -166.84 deg
segment 1002..1145: mirror exact per-ring
segment 1145..1162: mirror->ax rotation -23.93 deg
segment 1162..1298: ax per-ring
angle bn[A] vs b0[A]: 0.000 deg
angle bn[B] vs b0[B]: 41.913 deg
max per-ring change of bn: 19.609 deg (at ring 1040)
ring 975  theta nan deg  angle(b0,bn) 0.00 deg  bn_z 0.9581
ring 980  theta nan deg  angle(b0,bn) 0.00 deg  bn_z 0.9850
ring 985  theta nan deg  angle(b0,bn) 0.00 deg  bn_z 0.9976
ring 990  theta nan deg  angle(b0,bn) 17.08 deg  bn_z 0.9627
ring 995  theta nan deg  angle(b0,bn) 91.52 deg  bn_z -0.0381
ring 1000  theta nan deg  angle(b0,bn) 158.08 deg  bn_z -0.8764
ring 1005  theta nan deg  angle(b0,bn) 156.53 deg  bn_z -0.8327
ring 1010  theta nan deg  angle(b0,bn) 144.90 deg  bn_z -0.8711
ring 1015  theta nan deg  angle(b0,bn) 131.71 deg  bn_z -0.9147
ring 1020  theta nan deg  angle(b0,bn) 116.73 deg  bn_z -0.8682
ring 1025  theta nan deg  angle(b0,bn) 104.18 deg  bn_z -0.7629
ring 1030  theta nan deg  angle(b0,bn) 99.27 deg  bn_z -0.7205
ring 1035  theta nan deg  angle(b0,bn) 101.61 deg  bn_z -0.7701
ring 1040  theta nan deg  angle(b0,bn) 100.45 deg  bn_z -0.4776
ring 1045  theta nan deg  angle(b0,bn) 80.01 deg  bn_z 0.0136
ring 1050  theta nan deg  angle(b0,bn) 88.89 deg  bn_z -0.2798
ring 1055  theta nan deg  angle(b0,bn) 94.06 deg  bn_z -0.5760
ring 1060  theta nan deg  angle(b0,bn) 90.71 deg  bn_z -0.7182
ring 1065  theta nan deg  angle(b0,bn) 81.34 deg  bn_z -0.6296
ring 1070  theta nan deg  angle(b0,bn) 71.39 deg  bn_z -0.4710
ring 1075  theta nan deg  angle(b0,bn) 58.51 deg  bn_z -0.2080
ring 1080  theta nan deg  angle(b0,bn) 45.02 deg  bn_z 0.0838
ring 1085  theta nan deg  angle(b0,bn) 59.74 deg  bn_z -0.2569
ring 1090  theta nan deg  angle(b0,bn) 76.59 deg  bn_z -0.6184
ring 1095  theta nan deg  angle(b0,bn) 76.53 deg  bn_z -0.5894
ring 1100  theta nan deg  angle(b0,bn) 76.30 deg  bn_z -0.5552
ring 1105  theta nan deg  angle(b0,bn) 76.44 deg  bn_z -0.5341
ring 1110  theta nan deg  angle(b0,bn) 77.17 deg  bn_z -0.5324
ring 1115  theta nan deg  angle(b0,bn) 77.19 deg  bn_z -0.5229
ring 1120  theta nan deg  angle(b0,bn) 75.93 deg  bn_z -0.4999
ring 1125  theta nan deg  angle(b0,bn) 74.58 deg  bn_z -0.4812
ring 1130  theta nan deg  angle(b0,bn) 73.67 deg  bn_z -0.4686
ring 1135  theta nan deg  angle(b0,bn) 73.10 deg  bn_z -0.4586
ring 1140  theta nan deg  angle(b0,bn) 72.25 deg  bn_z -0.4389
ring 1145  theta nan deg  angle(b0,bn) 70.80 deg  bn_z -0.4090
ring 1150  theta nan deg  angle(b0,bn) 75.15 deg  bn_z -0.4881
ring 1155  theta nan deg  angle(b0,bn) 91.25 deg  bn_z -0.7381
ring 1160  theta nan deg  angle(b0,bn) 107.12 deg  bn_z -0.9065
ring 1165  theta nan deg  angle(b0,bn) 107.77 deg  bn_z -0.8885
ring 1170  theta nan deg  angle(b0,bn) 101.27 deg  bn_z -0.7920
ring 1175  theta nan deg  angle(b0,bn) 90.88 deg  bn_z -0.6554
ring 1180  theta nan deg  angle(b0,bn) 79.13 deg  bn_z -0.5286
ring 1185  theta nan deg  angle(b0,bn) 70.14 deg  bn_z -0.4701
ring 1190  theta nan deg  angle(b0,bn) 67.82 deg  bn_z -0.5042
ring 1195  theta nan deg  angle(b0,bn) 70.63 deg  bn_z -0.5924
ring 1200  theta nan deg  angle(b0,bn) 74.95 deg  bn_z -0.6856
ring 1205  theta nan deg  angle(b0,bn) 79.19 deg  bn_z -0.7731
ring 1210  theta nan deg  angle(b0,bn) 80.73 deg  bn_z -0.8379
ring 1215  theta nan deg  angle(b0,bn) 79.72 deg  bn_z -0.8781
ring 1220  theta nan deg  angle(b0,bn) 76.97 deg  bn_z -0.9025
ring 1225  theta nan deg  angle(b0,bn) 71.58 deg  bn_z -0.9084
ring 1230  theta nan deg  angle(b0,bn) 64.05 deg  bn_z -0.9061
ring 1235  theta nan deg  angle(b0,bn) 55.48 deg  bn_z -0.8972
ring 1240  theta nan deg  angle(b0,bn) 43.37 deg  bn_z -0.8423
ring 1245  theta nan deg  angle(b0,bn) 38.90 deg  bn_z -0.8334
ring 1250  theta nan deg  angle(b0,bn) 39.57 deg  bn_z -0.8732
ring 1255  theta nan deg  angle(b0,bn) 39.56 deg  bn_z -0.9094
ring 1260  theta nan deg  angle(b0,bn) 39.28 deg  bn_z -0.9335
ring 1265  theta nan deg  angle(b0,bn) 39.97 deg  bn_z -0.9416
ring 1270  theta nan deg  angle(b0,bn) 41.17 deg  bn_z -0.9501
ring 1275  theta nan deg  angle(b0,bn) 41.43 deg  bn_z -0.9529
ring 1280  theta nan deg  angle(b0,bn) 41.74 deg  bn_z -0.9559
ring 1285  theta nan deg  angle(b0,bn) 42.29 deg  bn_z -0.9598
ring 1290  theta nan deg  angle(b0,bn) 42.35 deg  bn_z -0.9608
ring 1295  theta nan deg  angle(b0,bn) 42.08 deg  bn_z -0.9599
