X3 round-trip max error: 1.137e-13
RMS of ss vs sc before straightening (px): 3.4932
turn S: z_final a=265.012 c=187.209 b=95.488
turn F: z_final a=48.780 c=-1.279 b=-44.443
turn A: z_final a=-90.922 c=-46.805 b=24.546
turn BK: z_final a=81.396 c=28.911 b=-27.250
turn W: z_final a=-13.225 c=-63.450 b=-80.891
turn TK: z_final a=45.771 c=7.686 b=-69.992
link 0-114: z_final first=260.000 last=265.054
link 216-339: z_final first=93.898 last=50.518
link 386-471: z_final first=-45.450 last=-91.154
link 551-649: z_final first=25.966 last=81.976
link 791-894: z_final first=-28.684 last=-13.755
link 1011-1149: z_final first=-79.510 last=45.493
link 1251-1298: z_final first=-71.146 last=-65.735
twist S->F: 16.63 deg, n=0
twist F->A: -14.48 deg, n=0
twist A->BK: -12.42 deg, n=0
twist BK->W: -11.18 deg, n=0
twist W->TK: 14.29 deg, n=0
face runs: 0-154 A; 155-204 ~; 205-353 B; 354-361 ~; 362-512 A; 513-529 ~; 530-731 B; 732-737 ~; 738-934 A; 935-962 ~; 963-1183 B; 1184-1202 ~; 1203-1298 A
segment tail->S A [0,186]: match 1.0000 (152/152)
segment after S through the sweep B [194,354]: match 1.0000 (141/141)
segment left leg A [366,513]: match 1.0000 (115/115)
segment right leg B [528,672]: match 1.0000 (121/121)
segment return to junction + crossbar B [724,925]: match 0.0000 (0/169)
segment return strand after the wrap + top-K front B [1015,1177]: match 1.0000 (143/143)
segment after top-K tip through the end strand A [1193,1298]: match 1.0000 (96/96)
over/under pairs with gap<0: 3663 of 25777
  pair 867 1083 gap -86.420
  pair 867 1082 gap -85.474
  pair 867 1081 gap -84.490
  pair 868 1082 gap -84.073
  pair 867 1080 gap -83.467
  pair 868 1081 gap -83.089
  pair 867 1079 gap -82.404
  pair 868 1080 gap -82.067
  pair 867 1078 gap -81.299
  pair 868 1079 gap -81.004
  pair 869 1080 gap -80.664
  pair 867 1077 gap -80.151
  pair 868 1078 gap -79.898
  pair 869 1079 gap -79.601
  pair 867 1076 gap -78.957
b angle change per ring: max 2.925 deg at ring 216->217
10 largest: 216:2.925; 217:2.924; 215:2.856; 218:2.853; 214:2.722; 219:2.716; 213:2.533; 220:2.523; 647:2.425; 648:2.413
