DPR2 canvases 780x1688 780x1688
DPR3 canvases 1170x2532 1170x2532
crop_apex.png  100785 B
crop_bottomk.png  240879 B
crop_endstrand.png  147264 B
crop_farleft.png  174551 B
crop_junction.png  95349 B
crop_scurve.png  216569 B
crop_topk.png  154676 B
crop_wrap.png  258330 B
hero.png  1256158 B
ribbon.png  1296089 B
ribbon_crop_apex.png  112188 B
ribbon_crop_bottomk.png  240879 B
ribbon_crop_endstrand.png  147264 B
ribbon_crop_farleft.png  174551 B
ribbon_crop_junction.png  95349 B
ribbon_crop_scurve.png  216569 B
ribbon_crop_topk.png  154676 B
ribbon_crop_wrap.png  258330 B
