fold2 crease 376 R 25: ds 2.35 n 17 (eq 359..393, ruling 353..399, legs to +-37)
fold2 crease 516 R 40: ds 2.10 n 30 (eq 486..546, ruling 480..552, legs to +-50)
fold2 crease 1188 R 40: ds 1.99 n 32 (eq 1156..1220, ruling 1150..1226, legs to +-52)
face rule: sign_A -1 (tail median N.v -0.994)
init cost 84702325.110, residuals 61065, params 1120
round 0: clearance pairs 375, order pairs 0, residuals 61440
   Iteration     Total nfev        Cost      Cost reduction    Step norm     Optimality   
       0              1         8.4702e+07                                    8.11e+05    
       1              2         1.3499e+05      8.46e+07       9.99e+01       2.46e+05    
       2              5         8.8475e+04      4.65e+04       1.44e+01       1.32e+05    
       3              6         2.8396e+04      6.01e+04       2.17e+01       2.66e+04    
       4              7         1.5230e+04      1.32e+04       2.94e+01       9.66e+03    
       5              8         9.1754e+03      6.05e+03       3.85e+01       4.23e+03    
       6              9         5.2491e+03      3.93e+03       3.21e+01       1.29e+03    
       7             10         4.9298e+03      3.19e+02       3.72e+01       3.11e+04    
       8             11         4.6299e+03      3.00e+02       2.91e+01       5.65e+03    
       9             12         3.0786e+03      1.55e+03       1.56e+01       9.34e+02    
      10             13         2.9448e+03      1.34e+02       1.79e+01       1.42e+03    
      11             14         2.8229e+03      1.22e+02       1.59e+01       6.11e+02    
      12             15         2.6564e+03      1.67e+02       1.21e+01       2.29e+02    
      13             16         2.5496e+03      1.07e+02       6.14e+00       4.37e+02    
      14             17         2.3940e+03      1.56e+02       7.38e+00       2.61e+02    
      15             18         2.2400e+03      1.54e+02       1.22e+01       6.34e+02    
      16             19         2.1339e+03      1.06e+02       3.29e+01       1.61e+03    
      17             21         1.9762e+03      1.58e+02       1.04e+01       7.29e+02    
      18             22         1.8986e+03      7.76e+01       2.35e+01       5.76e+02    
      19             23         1.8186e+03      8.00e+01       1.97e+01       3.11e+02    
      20             24         1.7856e+03      3.30e+01       2.49e+01       5.19e+02    
      21             27         1.7765e+03      9.09e+00       1.60e+00       1.05e+03    
      22             29         1.7631e+03      1.34e+01       1.42e+00       1.63e+02    
      23             30         1.7604e+03      2.67e+00       3.12e+00       3.45e+01    
      24             32         1.7571e+03      3.26e+00       1.11e+00       2.75e+01    
      25             33         1.7560e+03      1.12e+00       1.11e+00       2.74e+01    
      26             35         1.7557e+03      2.98e-01       3.88e-01       9.45e+01    
      27             36         1.7557e+03      3.02e-02       5.44e-01       1.51e+01    
      28             37         1.7556e+03      8.11e-02       1.63e-01       2.00e+01    
      29             38         1.7552e+03      4.36e-01       1.54e-01       1.70e+01    
      30             40         1.7551e+03      4.78e-02       5.42e-02       1.89e+01    
      31             42         1.7551e+03      2.86e-02       3.88e-02       1.77e+01    
      32             45         1.7551e+03      4.96e-03       1.06e-02       1.82e+01    
      33             48         1.7551e+03      7.88e-04       2.72e-03       1.81e+01    
      34             50         1.7551e+03      3.78e-04       1.48e-03       1.81e+01    
      35             52         1.7551e+03      1.87e-04       7.44e-04       1.81e+01    
      36             53         1.7551e+03      3.70e-04       1.49e-03       1.81e+01    
      37             58         1.7551e+03      2.87e-06       1.17e-05       1.81e+01    
Both `ftol` and `xtol` termination conditions are satisfied.
Function evaluations 58, initial cost 8.4702e+07, final cost 1.7551e+03, first-order optimality 1.81e+01.
round 1: clearance pairs 441, order pairs 0, residuals 61506
   Iteration     Total nfev        Cost      Cost reduction    Step norm     Optimality   
       0              1         1.7551e+03                                    1.81e+01    
       1              4         1.7531e+03      1.96e+00       3.12e+00       4.55e+01    
       2              6         1.7521e+03      1.02e+00       1.44e+00       6.29e+01    
       3              7         1.7500e+03      2.11e+00       2.14e+00       4.13e+01    
       4              8         1.7476e+03      2.36e+00       3.56e+00       1.02e+01    
       5              9         1.7452e+03      2.40e+00       5.46e+00       3.51e+01    
       6             11         1.7439e+03      1.36e+00       1.47e+00       1.07e+02    
       7             14         1.7437e+03      2.16e-01       1.68e-01       3.39e+01    
       8             15         1.7435e+03      1.16e-01       5.57e-01       2.34e+01    
       9             16         1.7432e+03      3.20e-01       4.87e-01       2.06e+01    
      10             17         1.7425e+03      7.26e-01       6.99e-01       2.39e+01    
      11             18         1.7423e+03      2.28e-01       1.08e+00       1.97e+01    
      12             19         1.7418e+03      5.12e-01       1.05e+00       2.17e+01    
      13             20         1.7407e+03      1.06e+00       1.70e+00       1.85e+01    
      14             21         1.7400e+03      7.38e-01       2.78e+00       1.96e+01    
      15             23         1.7397e+03      2.36e-01       9.05e-01       2.29e+01    
      16             24         1.7395e+03      2.16e-01       1.15e+00       1.88e+01    
      17             25         1.7393e+03      2.19e-01       1.11e+00       2.01e+01    
      18             26         1.7388e+03      5.07e-01       1.19e+00       1.62e+01    
      19             29         1.7387e+03      6.33e-02       1.30e-01       2.06e+01    
      20             33         1.7387e+03      6.56e-03       5.57e-03       2.90e+00    
      21             36         1.7387e+03      7.35e-04       9.78e-04       2.76e+00    
      22             37         1.7387e+03      1.46e-03       1.95e-03       2.57e+00    
      23             40         1.7387e+03      1.81e-04       2.41e-04       2.55e+00    
      24             41         1.7387e+03      3.62e-04       4.81e-04       2.51e+00    
      25             44         1.7387e+03      4.52e-05       6.00e-05       2.50e+00    
      26             45         1.7387e+03      9.04e-05       1.20e-04       2.49e+00    
      27             48         1.7387e+03      0.00e+00       0.00e+00       2.49e+00    
`xtol` termination condition is satisfied.
Function evaluations 48, initial cost 1.7551e+03, final cost 1.7387e+03, first-order optimality 2.49e+00.
round 2: clearance pairs 447, order pairs 0, residuals 61512
   Iteration     Total nfev        Cost      Cost reduction    Step norm     Optimality   
       0              1         1.7387e+03                                    2.49e+00    
       1             14         1.7387e+03      5.08e-06       6.77e-06       2.49e+00    
Both `ftol` and `xtol` termination conditions are satisfied.
Function evaluations 14, initial cost 1.7387e+03, final cost 1.7387e+03, first-order optimality 2.49e+00.
round 3: clearance pairs 447, order pairs 0, residuals 61512
   Iteration     Total nfev        Cost      Cost reduction    Step norm     Optimality   
       0              1         1.7387e+03                                    2.49e+00    
       1             14         1.7387e+03      0.00e+00       0.00e+00       2.49e+00    
`xtol` termination condition is satisfied.
Function evaluations 14, initial cost 1.7387e+03, final cost 1.7387e+03, first-order optimality 2.49e+00.
c  K=160  init=perp  [round 0 nfev=58 status=4 (Both) cost 1755.084]  [round 1 nfev=48 status=3 (xtol`) cost 1738.715]  [round 2 nfev=14 status=4 (Both) cost 1738.715]  [round 3 nfev=14 status=3 (xtol`) cost 1738.715]
args: {"K": 160, "bend": 30.0, "box_pose": "", "box_rings": "", "box_trace": 0.15, "clear": 5.0, "clear_range": "860:1066-388:483", "dbend": 500.0, "delta": 60.0, "dtwist": 500.0, "edge_fair": 0.0, "edge_w": "", "end_pin": 50.0, "energy_ranges": "", "eps": 1.0, "face_margin": 0.3, "faceon": "", "faces": "docs/ribbon/turns/real/faces.json", "flat": 2.0, "flat_ranges": "", "flip_guard": 20.0, "fold": "", "fold2": "376:25:20,516:40:20,1188:40:20", "fold_axis": "", "fold_convex": "516:10,1188:10", "fold_eq": false, "fold_legs": 5.0, "fold_legs_len": "20", "gap": 14.0, "hide": "", "hide_auto": "", "hmax": 25.5, "hmin": 25.5, "init": "perp", "inside": 0.0, "kappa": 2.0, "lam": 15.0, "lam_h": 50.0, "mask": "", "max_nfev": 150, "mu": 300.0, "no_opt": false, "nu_fold": 0.4, "omega": 0.01, "order": 0.0, "out": "docs/ribbon/turns/real/D1/c", "outer": 4, "outline": 0.0, "outline_assign": "nearest", "outline_boxes": "", "outline_drop_near": "", "outline_excl": "", "outline_fixed": false, "outline_incl": "", "outline_loss": "linear", "outline_pose": "", "pin_range": "", "pose": "docs/ribbon/turns/real/D1/b_pose.json", "redge": 24.0, "rim_pose": "", "rim_side_mode": "centre", "rimlines": "", "rmin": 45.0, "roto": "/Users/ashmitkhurana/Development/Personal/portfolio/docs/ribbon/turns/curve/best/roto.npz", "screenw": "", "sigma": 2.0, "trace_w": 0.15, "twist": 30.0, "w_box": 2.0, "w_face": 15.0, "w_hmin": 50.0, "w_redge": 5.0, "w_rim": 0.0, "w_rmin": 5.0, "w_wfloor": 0.0, "wfloor": 0.0, "wfloor_except": "", "wfloor_mode": "perp", "wfloor_ranges": "", "zprior": "docs/ribbon/turns/real/D1/b_pose.json"}

edge residual css px, point-to-polyline (L and R pooled): mean 5.946  p95 19.509  max 43.382

window       edge resid (L,R pooled)                      h min/med/max          median |b.T|  #|c'|<0.6 s0
[   0, 131]  mean  14.95  p95  32.29  max  43.38           25.5/ 25.5/ 25.5      0.146         0
[ 132, 288]  mean   2.34  p95   8.97  max  11.49           25.5/ 25.5/ 25.5      0.610         0
[ 289, 483]  mean   3.98  p95  11.94  max  16.70           25.5/ 25.5/ 25.5      0.322         0
[ 484, 554]  mean   4.97  p95  10.82  max  11.31           25.5/ 25.5/ 25.5      0.584         0
[ 555, 658]  mean   1.18  p95   2.32  max   2.97           25.5/ 25.5/ 25.5      0.099         0
[ 659, 764]  mean   9.92  p95  16.57  max  17.69           25.5/ 25.5/ 25.5      0.700         0
[ 765, 940]  mean   2.00  p95   4.81  max   8.99           25.5/ 25.5/ 25.5      0.158         0
[ 941,1066]  mean  11.63  p95  25.90  max  28.67           25.5/ 25.5/ 25.5      0.202         0
[1067,1298]  mean   5.44  p95  18.63  max  26.17           25.5/ 25.5/ 25.5      0.168         6
worst window by mean: [0,131] 14.95 px

dense (4N=5196 samples) surface normal N=TxB: angle change per sample  max 26.127 deg  p99 3.545 deg
   angle per world px of centreline arclength: max 54.7209 deg/px  (p99 5.9746)
   worst dense samples (t, deg, |b.T|): 1195.56, 26.1, 0.999; 1195.31, 25.9, 0.999; 514.45, 25.5, 1.000; 514.20, 24.6, 1.000; 1168.08, 22.4, 0.998
   dense steps > 3 deg: 75, > 6 deg: 27
ripple (|second difference of unit N| per world px^2, dense): max 8.806e-01  p99 2.342e-02  median 4.159e-04
max |b.T| outside fold windows: 0.943   (inside: 1.000)
GATE: min 3D distance between non-adjacent rings (|i-j|>60, surface samples): 14.00 px; pairs < gap 14.0: 1
GATE: screen-overlap pairs (3 px) 1733, order violations (z_front - z_back < 0): 2, (< gap): 5; unique ring pairs violating: 1
end centreline offset from init: ring0 0.0 px, ring N-1 0.0 px
outside-mockup distance (5 pts across band, css px): mean 0.800  max 24.94  frac>0.5px 0.136
outline residual (css px, matched <=25 px: 1614 of 1634 pts): mean 5.318  p95 16.038  max 25.00
run time: 146.8 s
residual block norms (sum of squares): edge 806.37, smooth 171.86, jerk 136.58, perp 76.31, dev 56.35, depth 47.05, hsm 0.00, wpr 0.00, speed 4.43, hmin 0.00, hmax 0.00, face 0.00, rmin 5.46, scrw 0.00, wf 0.00, ins 0.00, fcr 20.05, bnd 647.66, twi 2.82, dbn 138.67, dtw 0.93, rmf 74.38, crl 19.82, lgb 71.93, cvx 105.64
