fold2 crease 376 R 25: ds 3.17 n 12 (eq 364..388, ruling 358..394, legs to +-32)
fold2 crease 516 R 40: ds 1.98 n 32 (eq 484..548, ruling 478..554, legs to +-52)
fold2 crease 1188 R 40: ds 2.11 n 30 (eq 1158..1218, ruling 1152..1224, legs to +-50)
face rule: sign_A -1 (tail median N.v -0.991)
init cost 202078259.803, residuals 61065, params 1120
round 0: clearance pairs 973, order pairs 0, residuals 62038
   Iteration     Total nfev        Cost      Cost reduction    Step norm     Optimality   
       0              1         2.0210e+08                                    5.99e+07    
       1              2         1.2241e+06      2.01e+08       2.05e+02       7.37e+06    
       2              3         3.5255e+05      8.72e+05       2.12e+02       4.05e+05    
       3              5         1.7327e+05      1.79e+05       5.12e+01       2.59e+05    
       4              7         1.0049e+05      7.28e+04       2.54e+01       1.38e+05    
       5              8         3.7066e+04      6.34e+04       5.34e+01       4.59e+04    
       6              9         1.2147e+04      2.49e+04       8.20e+01       6.34e+03    
       7             10         9.2778e+03      2.87e+03       7.12e+01       4.30e+04    
       8             12         6.4407e+03      2.84e+03       1.44e+01       1.55e+04    
       9             13         5.0417e+03      1.40e+03       3.33e+01       1.31e+04    
      10             14         4.6314e+03      4.10e+02       3.26e+01       3.44e+03    
      11             16         3.9510e+03      6.80e+02       1.05e+01       1.56e+03    
      12             17         3.6678e+03      2.83e+02       1.25e+01       3.08e+03    
      13             18         3.3907e+03      2.77e+02       1.55e+01       7.73e+02    
      14             19         3.0330e+03      3.58e+02       3.87e+01       5.16e+02    
      15             21         3.0214e+03      1.16e+01       1.31e+01       2.13e+04    
      16             22         2.8716e+03      1.50e+02       1.70e+01       1.60e+04    
      17             24         2.8267e+03      4.49e+01       5.70e+00       1.30e+03    
      18             25         2.7813e+03      4.54e+01       6.27e+00       1.01e+03    
      19             27         2.7693e+03      1.21e+01       1.78e+00       5.79e+02    
      20             28         2.7159e+03      5.34e+01       5.58e-01       6.63e+02    
      21             31         2.7080e+03      7.89e+00       2.37e-02       5.27e+02    
      22             32         2.7040e+03      3.96e+00       1.32e-01       5.05e+02    
      23             33         2.6990e+03      5.03e+00       2.49e-01       4.46e+02    
      24             35         2.6971e+03      1.95e+00       1.07e-01       4.18e+02    
      25             36         2.6952e+03      1.91e+00       2.09e-01       1.00e+03    
      26             37         2.6918e+03      3.32e+00       2.08e-01       3.09e+02    
      27             38         2.6884e+03      3.41e+00       3.57e-01       3.07e+02    
      28             39         2.6828e+03      5.63e+00       4.51e-01       3.06e+02    
      29             40         2.6761e+03      6.74e+00       6.56e-01       3.05e+02    
      30             41         2.6657e+03      1.04e+01       1.14e+00       3.03e+02    
      31             42         2.6522e+03      1.35e+01       1.72e+00       2.99e+02    
      32             43         2.6347e+03      1.75e+01       2.14e+00       2.92e+02    
      33             44         2.6104e+03      2.43e+01       2.84e+00       2.81e+02    
      34             45         2.5682e+03      4.22e+01       4.94e+00       2.80e+02    
      35             46         2.5067e+03      6.15e+01       9.52e+00       5.59e+03    
      36             47         2.3719e+03      1.35e+02       1.70e+01       1.79e+03    
      37             49         2.3429e+03      2.90e+01       9.36e+00       5.32e+02    
      38             51         2.3157e+03      2.73e+01       4.79e+00       1.53e+03    
      39             53         2.3075e+03      8.16e+00       3.00e+00       4.61e+02    
      40             54         2.2605e+03      4.70e+01       7.16e-01       4.33e+02    
      41             57         2.2581e+03      2.38e+00       9.92e-02       2.30e+02    
      42             58         2.2553e+03      2.82e+00       2.18e-01       1.23e+02    
      43             59         2.2543e+03      9.84e-01       3.78e-01       1.22e+02    
      44             60         2.2527e+03      1.60e+00       3.67e-01       1.22e+02    
      45             61         2.2503e+03      2.38e+00       5.95e-01       1.21e+02    
      46             62         2.2469e+03      3.42e+00       8.56e-01       1.20e+02    
      47             63         2.2438e+03      3.12e+00       8.29e-01       1.18e+02    
      48             64         2.2380e+03      5.74e+00       1.01e+00       1.15e+02    
      49             65         2.2306e+03      7.41e+00       1.87e+00       1.10e+02    
      50             66         2.2135e+03      1.71e+01       3.68e+00       1.00e+02    
      51             67         2.1866e+03      2.69e+01       6.68e+00       1.15e+02    
      52             68         2.1429e+03      4.38e+01       1.51e+01       2.87e+02    
      53             71         2.1393e+03      3.57e+00       2.37e+00       5.45e+02    
      54             72         2.1222e+03      1.71e+01       9.15e+00       1.12e+02    
      55             75         2.1222e+03      3.28e-02       2.85e-01       2.58e+02    
      56             76         2.1204e+03      1.78e+00       8.80e-01       6.60e+01    
      57             77         2.1197e+03      7.25e-01       6.45e-01       6.28e+01    
      58             79         2.1194e+03      2.50e-01       2.40e-01       6.18e+01    
      59             81         2.1193e+03      1.61e-01       1.41e-01       6.04e+01    
      60             84         2.1192e+03      3.46e-02       1.82e-02       5.97e+01    
      61             86         2.1192e+03      2.88e-02       1.11e-02       5.86e+01    
      62             87         2.1192e+03      5.53e-02       2.41e-02       5.60e+01    
      63             90         2.1191e+03      6.21e-03       2.71e-03       5.56e+01    
      64             94         2.1191e+03      2.06e-04       8.82e-05       5.56e+01    
      65             95         2.1191e+03      4.09e-04       1.78e-04       5.55e+01    
      66             98         2.1191e+03      5.08e-05       2.22e-05       5.55e+01    
`xtol` termination condition is satisfied.
Function evaluations 98, initial cost 2.0210e+08, final cost 2.1191e+03, first-order optimality 5.55e+01.
round 1: clearance pairs 317, order pairs 0, residuals 61382
   Iteration     Total nfev        Cost      Cost reduction    Step norm     Optimality   
       0              1         2.1191e+03                                    5.55e+01    
       1              3         2.0748e+03      4.43e+01       3.44e+01       2.21e+04    
       2              5         2.0460e+03      2.89e+01       9.37e+00       3.79e+03    
       3              7         2.0408e+03      5.16e+00       2.59e+00       2.46e+03    
       4              8         2.0235e+03      1.73e+01       6.37e+00       7.66e+02    
       5              9         2.0159e+03      7.58e+00       1.04e+01       3.48e+02    
       6             11         2.0132e+03      2.73e+00       2.81e+00       2.91e+02    
       7             12         2.0039e+03      9.25e+00       3.30e+00       1.43e+02    
       8             17         2.0038e+03      9.98e-02       3.79e-02       1.43e+02    
       9             18         2.0037e+03      1.53e-01       9.10e-02       1.41e+02    
      10             21         2.0037e+03      1.63e-02       9.56e-03       1.40e+02    
      11             23         2.0036e+03      7.91e-03       4.75e-03       1.40e+02    
      12             25         2.0036e+03      3.89e-03       2.37e-03       1.40e+02    
      13             27         2.0036e+03      1.93e-03       1.18e-03       1.40e+02    
      14             29         2.0036e+03      9.60e-04       5.91e-04       1.40e+02    
      15             31         2.0036e+03      4.79e-04       2.95e-04       1.40e+02    
      16             33         2.0036e+03      2.39e-04       1.48e-04       1.40e+02    
      17             35         2.0036e+03      1.20e-04       7.38e-05       1.40e+02    
      18             37         2.0036e+03      5.98e-05       3.69e-05       1.40e+02    
      19             38         2.0036e+03      1.19e-04       7.38e-05       1.40e+02    
      20             41         2.0036e+03      1.49e-05       9.22e-06       1.40e+02    
Both `ftol` and `xtol` termination conditions are satisfied.
Function evaluations 41, initial cost 2.1191e+03, final cost 2.0036e+03, first-order optimality 1.40e+02.
round 2: clearance pairs 440, order pairs 0, residuals 61505
   Iteration     Total nfev        Cost      Cost reduction    Step norm     Optimality   
       0              1         2.0036e+03                                    1.40e+02    
       1              5         2.0033e+03      3.77e-01       1.35e+00       4.56e+01    
       2              8         2.0030e+03      2.20e-01       2.59e-01       5.93e+01    
       3             10         2.0029e+03      1.01e-01       1.37e-01       3.56e+01    
       4             11         2.0028e+03      1.77e-01       2.41e-01       2.79e+01    
       5             14         2.0027e+03      2.70e-02       3.84e-02       2.74e+01    
       6             16         2.0027e+03      1.19e-02       1.65e-02       2.71e+01    
       7             18         2.0027e+03      5.80e-03       7.78e-03       2.70e+01    
       8             19         2.0027e+03      1.14e-02       1.51e-02       2.69e+01    
       9             22         2.0027e+03      1.41e-03       1.84e-03       2.69e+01    
      10             24         2.0027e+03      7.02e-04       9.18e-04       2.69e+01    
      11             26         2.0027e+03      3.51e-04       4.58e-04       2.69e+01    
      12             27         2.0027e+03      7.01e-04       9.16e-04       2.69e+01    
      13             31         2.0027e+03      2.19e-05       2.86e-05       2.69e+01    
      14             32         2.0027e+03      4.38e-05       5.72e-05       2.69e+01    
      15             34         2.0027e+03      2.18e-05       2.85e-05       2.69e+01    
      16             36         2.0027e+03      1.09e-05       1.43e-05       2.69e+01    
Both `ftol` and `xtol` termination conditions are satisfied.
Function evaluations 36, initial cost 2.0036e+03, final cost 2.0027e+03, first-order optimality 2.69e+01.
round 3: clearance pairs 436, order pairs 0, residuals 61501
   Iteration     Total nfev        Cost      Cost reduction    Step norm     Optimality   
       0              1         2.0027e+03                                    2.69e+01    
       1             14         2.0027e+03      0.00e+00       0.00e+00       2.69e+01    
`xtol` termination condition is satisfied.
Function evaluations 14, initial cost 2.0027e+03, final cost 2.0027e+03, first-order optimality 2.69e+01.
a  K=160  init=perp  [round 0 nfev=98 status=3 (xtol`) cost 2119.145]  [round 1 nfev=41 status=4 (Both) cost 2003.639]  [round 2 nfev=36 status=4 (Both) cost 2002.704]  [round 3 nfev=14 status=3 (xtol`) cost 2002.704]
args: {"K": 160, "bend": 30.0, "box_pose": "", "box_rings": "", "box_trace": 0.15, "clear": 5.0, "clear_range": "860:1066-388:483", "dbend": 500.0, "delta": 60.0, "dtwist": 500.0, "edge_fair": 0.0, "edge_w": "", "end_pin": 50.0, "energy_ranges": "", "eps": 0.3, "face_margin": 0.3, "faceon": "", "faces": "docs/ribbon/turns/real/faces.json", "flat": 2.0, "flat_ranges": "", "flip_guard": 20.0, "fold": "", "fold2": "376:25:20,516:40:20,1188:40:20", "fold_axis": "", "fold_convex": "516:10,1188:10", "fold_eq": false, "fold_legs": 5.0, "fold_legs_len": "20", "gap": 14.0, "hide": "", "hide_auto": "", "hmax": 25.5, "hmin": 25.5, "init": "perp", "inside": 0.0, "kappa": 2.0, "lam": 15.0, "lam_h": 50.0, "mask": "", "max_nfev": 150, "mu": 300.0, "no_opt": false, "nu_fold": 0.4, "omega": 0.01, "order": 0.0, "out": "docs/ribbon/turns/real/D1/a", "outer": 4, "outline": 0.0, "outline_assign": "nearest", "outline_boxes": "", "outline_drop_near": "", "outline_excl": "", "outline_fixed": false, "outline_incl": "", "outline_loss": "linear", "outline_pose": "", "pin_range": "", "pose": "docs/ribbon/turns/fit/kk4/pose.json", "redge": 24.0, "rim_pose": "", "rim_side_mode": "centre", "rimlines": "", "rmin": 45.0, "roto": "/Users/ashmitkhurana/Development/Personal/portfolio/docs/ribbon/turns/curve/best/roto.npz", "screenw": "", "sigma": 2.0, "trace_w": 0.15, "twist": 30.0, "w_box": 2.0, "w_face": 15.0, "w_hmin": 50.0, "w_redge": 5.0, "w_rim": 0.0, "w_rmin": 5.0, "w_wfloor": 0.0, "wfloor": 0.0, "wfloor_except": "", "wfloor_mode": "perp", "wfloor_ranges": "", "zprior": "docs/ribbon/turns/fit/kk4/pose.json"}

edge residual css px, point-to-polyline (L and R pooled): mean 6.105  p95 19.649  max 43.401

window       edge resid (L,R pooled)                      h min/med/max          median |b.T|  #|c'|<0.6 s0
[   0, 131]  mean  14.94  p95  32.31  max  43.40           25.5/ 25.5/ 25.5      0.147         2
[ 132, 288]  mean   2.26  p95   8.79  max  11.35           25.5/ 25.5/ 25.5      0.519         1
[ 289, 483]  mean   4.58  p95  13.25  max  18.82           25.5/ 25.5/ 25.5      0.291         17
[ 484, 554]  mean   4.61  p95  10.84  max  11.70           25.5/ 25.5/ 25.5      0.546         3
[ 555, 658]  mean   1.40  p95   3.38  max   6.29           25.5/ 25.5/ 25.5      0.103         0
[ 659, 764]  mean   9.86  p95  16.97  max  17.93           25.5/ 25.5/ 25.5      0.613         0
[ 765, 940]  mean   2.06  p95   6.69  max  11.63           25.5/ 25.5/ 25.5      0.151         4
[ 941,1066]  mean  12.99  p95  27.55  max  29.12           25.5/ 25.5/ 25.5      0.195         11
[1067,1298]  mean   5.13  p95  16.55  max  19.48           25.5/ 25.5/ 25.5      0.228         25
worst window by mean: [0,131] 14.94 px

dense (4N=5196 samples) surface normal N=TxB: angle change per sample  max 28.956 deg  p99 3.205 deg
   angle per world px of centreline arclength: max 61.8571 deg/px  (p99 5.9513)
   worst dense samples (t, deg, |b.T|): 1194.31, 29.0, 1.000; 515.45, 26.6, 1.000; 1194.56, 25.2, 1.000; 515.20, 24.9, 1.000; 1194.06, 22.4, 1.000
   dense steps > 3 deg: 56, > 6 deg: 28
ripple (|second difference of unit N| per world px^2, dense): max 1.046e+00  p99 3.406e-02  median 4.547e-04
max |b.T| outside fold windows: 0.994   (inside: 1.000)
GATE: min 3D distance between non-adjacent rings (|i-j|>60, surface samples): 13.99 px; pairs < gap 14.0: 1
GATE: screen-overlap pairs (3 px) 1729, order violations (z_front - z_back < 0): 0, (< gap): 0; unique ring pairs violating: 0
end centreline offset from init: ring0 0.0 px, ring N-1 0.0 px
outside-mockup distance (5 pts across band, css px): mean 0.839  max 26.05  frac>0.5px 0.130
outline residual (css px, matched <=25 px: 1614 of 1634 pts): mean 5.527  p95 15.993  max 24.98
run time: 169.2 s
residual block norms (sum of squares): edge 790.90, smooth 145.71, jerk 137.83, perp 82.27, dev 33.98, depth 477.94, hsm 0.00, wpr 0.00, speed 48.20, hmin 0.00, hmax 0.00, face 0.00, rmin 13.32, scrw 0.00, wf 0.00, ins 0.00, fcr 18.24, bnd 661.93, twi 2.95, dbn 151.91, dtw 0.86, rmf 68.83, crl 21.46, lgb 113.07, cvx 114.87
