DPR2 canvases 780x1688 780x1688
DPR3 canvases 1170x2532 1170x2532
crop_apex.png  126039 B
crop_bottomk.png  251736 B
crop_endstrand.png  157753 B
crop_farleft.png  186803 B
crop_junction.png  96368 B
crop_scurve.png  222813 B
crop_topk.png  164056 B
crop_wrap.png  294752 B
hero.png  1320170 B
ribbon.png  1353097 B
ribbon_crop_apex.png  131719 B
ribbon_crop_bottomk.png  251736 B
ribbon_crop_endstrand.png  157753 B
ribbon_crop_farleft.png  186803 B
ribbon_crop_junction.png  96368 B
ribbon_crop_scurve.png  222813 B
ribbon_crop_topk.png  164056 B
ribbon_crop_wrap.png  294752 B
