DPR2 canvases 780x1688 780x1688
DPR3 canvases 1170x2532 1170x2532
crop_apex.png  138913 B
crop_bottomk.png  263324 B
crop_endstrand.png  166042 B
crop_farleft.png  189905 B
crop_junction.png  100228 B
crop_scurve.png  224906 B
crop_topk.png  173423 B
crop_wrap.png  281024 B
hero.png  1352905 B
ribbon.png  1384280 B
ribbon_crop_apex.png  143277 B
ribbon_crop_bottomk.png  263324 B
ribbon_crop_endstrand.png  166042 B
ribbon_crop_farleft.png  189905 B
ribbon_crop_junction.png  100228 B
ribbon_crop_scurve.png  224906 B
ribbon_crop_topk.png  173423 B
ribbon_crop_wrap.png  281024 B
