DPR2 canvases 780x1688 780x1688
DPR3 canvases 1170x2532 1170x2532
crop_apex.png  111678 B
crop_bottomk.png  241129 B
crop_endstrand.png  151770 B
crop_farleft.png  179204 B
crop_junction.png  119418 B
crop_scurve.png  226192 B
crop_topk.png  170574 B
crop_wrap.png  280688 B
hero.png  1298740 B
ribbon.png  1335931 B
ribbon_crop_apex.png  120098 B
ribbon_crop_bottomk.png  241129 B
ribbon_crop_endstrand.png  151770 B
ribbon_crop_farleft.png  179204 B
ribbon_crop_junction.png  119418 B
ribbon_crop_scurve.png  226192 B
ribbon_crop_topk.png  170574 B
ribbon_crop_wrap.png  280688 B
