DPR2 canvases 780x1688 780x1688
DPR3 canvases 1170x2532 1170x2532
crop_apex.png  128224 B
crop_bottomk.png  269083 B
crop_endstrand.png  169201 B
crop_farleft.png  176250 B
crop_junction.png  99050 B
crop_scurve.png  218870 B
crop_topk.png  169783 B
crop_wrap.png  277541 B
hero.png  1318539 B
ribbon.png  1351210 B
ribbon_crop_apex.png  134452 B
ribbon_crop_bottomk.png  269083 B
ribbon_crop_endstrand.png  169201 B
ribbon_crop_farleft.png  176250 B
ribbon_crop_junction.png  99050 B
ribbon_crop_scurve.png  218870 B
ribbon_crop_topk.png  169783 B
ribbon_crop_wrap.png  277541 B
