bz rings 915..1035 t 0.60 w 20.0
lit rings 1030..1175 t 0.30 w 30.0
fold2 crease 516 R 40: ds 1.90 n 33 (eq 483..549, ruling 477..555, legs to +-53)
fold2 crease 1188 R 40: ds 1.92 n 33 (eq 1155..1221, ruling 1149..1227, legs to +-53)
curl rings 915..1035 R 50 w 60.0
keep: 1083 rings held (w=3.00), 1077 new centreline pins
face rule: sign_A -1 (tail median N.v -0.995)
init cost 20350.290, residuals 66246, params 1120
round 0: clearance pairs 88, order pairs 0, residuals 66334
   Iteration     Total nfev        Cost      Cost reduction    Step norm     Optimality   
       0              1         2.0351e+04                                    6.06e+03    
       1              5         1.5998e+04      4.35e+03       2.80e+00       5.29e+03    
       2              6         1.0239e+04      5.76e+03       4.88e+00       4.95e+03    
       3              7         5.8767e+03      4.36e+03       8.97e+00       1.01e+03    
       4              8         4.5872e+03      1.29e+03       1.45e+01       1.15e+03    
       5              9         4.0487e+03      5.39e+02       2.51e+01       1.90e+03    
       6             11         3.4098e+03      6.39e+02       6.23e+00       7.71e+02    
       7             12         3.2038e+03      2.06e+02       1.17e+01       4.52e+02    
       8             14         3.0836e+03      1.20e+02       3.24e+00       2.19e+02    
       9             15         3.0043e+03      7.93e+01       5.91e+00       6.95e+01    
      10             16         2.9836e+03      2.07e+01       1.03e+01       1.63e+02    
      11             17         2.9745e+03      9.11e+00       7.23e+00       3.92e+02    
      12             18         2.9215e+03      5.30e+01       2.23e+00       1.26e+02    
      13             19         2.9031e+03      1.84e+01       3.26e+00       9.98e+00    
      14             20         2.8902e+03      1.28e+01       2.47e+00       3.23e+01    
      15             21         2.8755e+03      1.47e+01       2.35e+00       1.03e+01    
      16             22         2.8708e+03      4.72e+00       4.28e+00       3.94e+01    
      17             24         2.8588e+03      1.20e+01       7.95e-01       4.86e+01    
      18             25         2.8558e+03      2.97e+00       1.24e+00       1.17e+02    
      19             27         2.8529e+03      2.90e+00       3.82e-01       3.62e+02    
      20             28         2.8514e+03      1.46e+00       2.73e-01       5.30e+01    
      21             29         2.8500e+03      1.43e+00       3.68e-01       1.40e+02    
      22             30         2.8477e+03      2.31e+00       5.97e-01       1.38e+02    
      23             31         2.8435e+03      4.15e+00       1.11e+00       9.15e+01    
      24             32         2.8373e+03      6.22e+00       2.29e+00       1.16e+02    
      25             33         2.8260e+03      1.13e+01       4.58e+00       6.90e+01    
      26             34         2.8096e+03      1.64e+01       8.15e+00       8.34e+01    
      27             36         2.8033e+03      6.30e+00       4.31e+00       2.88e+02    
      28             37         2.8013e+03      2.06e+00       4.68e+00       2.56e+02    
      29             40         2.7998e+03      1.51e+00       1.71e-01       6.88e+02    
      30             41         2.7982e+03      1.54e+00       1.76e-01       6.11e+01    
      31             42         2.7972e+03      1.01e+00       3.63e-01       8.87e+01    
      32             43         2.7958e+03      1.37e+00       2.86e-01       9.81e+01    
      33             44         2.7949e+03      9.81e-01       3.66e-01       5.16e+01    
      34             45         2.7935e+03      1.40e+00       6.40e-01       1.56e+02    
      35             46         2.7922e+03      1.31e+00       1.19e+00       3.43e+01    
      36             47         2.7911e+03      1.10e+00       1.23e+00       1.73e+02    
      37             48         2.7895e+03      1.58e+00       1.22e+00       8.19e+01    
      38             49         2.7886e+03      8.95e-01       1.21e+00       1.25e+02    
      39             50         2.7872e+03      1.34e+00       1.23e+00       1.02e+02    
      40             51         2.7869e+03      3.15e-01       1.32e+00       1.12e+02    
      41             53         2.7865e+03      4.67e-01       1.90e-01       1.61e+02    
      42             54         2.7862e+03      2.34e-01       1.76e-01       1.94e+01    
      43             55         2.7860e+03      1.79e-01       1.60e-01       3.97e+01    
      44             56         2.7859e+03      1.83e-01       2.40e-01       4.67e+01    
      45             57         2.7857e+03      1.66e-01       2.31e-01       4.62e+01    
      46             58         2.7855e+03      1.74e-01       1.99e-01       2.70e+01    
      47             59         2.7852e+03      2.88e-01       3.27e-01       4.90e+01    
      48             60         2.7847e+03      4.82e-01       5.83e-01       1.62e+01    
      49             61         2.7842e+03      5.58e-01       1.12e+00       4.71e+01    
      50             62         2.7834e+03      8.30e-01       1.07e+00       1.66e+01    
      51             63         2.7819e+03      1.48e+00       2.10e+00       4.20e+01    
      52             64         2.7799e+03      1.96e+00       4.27e+00       1.53e+01    
      53             66         2.7796e+03      3.01e-01       2.15e+00       4.65e+01    
      54             68         2.7791e+03      5.54e-01       4.01e-01       2.46e+02    
      55             70         2.7789e+03      1.43e-01       9.28e-02       1.66e+01    
      56             73         2.7789e+03      1.32e-02       9.98e-03       1.89e+01    
      57             74         2.7789e+03      2.02e-02       2.03e-02       1.41e+00    
      58             77         2.7789e+03      2.03e-03       2.46e-03       8.67e-01    
      59             78         2.7789e+03      3.80e-03       4.90e-03       8.37e-01    
      60             81         2.7789e+03      4.55e-04       6.12e-04       8.33e-01    
      61             83         2.7789e+03      2.26e-04       3.06e-04       8.31e-01    
      62             85         2.7789e+03      1.13e-04       1.53e-04       8.30e-01    
      63             87         2.7789e+03      5.62e-05       7.65e-05       8.29e-01    
      64             89         2.7789e+03      2.81e-05       3.82e-05       8.29e-01    
      65             91         2.7789e+03      1.40e-05       1.91e-05       8.29e-01    
Both `ftol` and `xtol` termination conditions are satisfied.
Function evaluations 91, initial cost 2.0351e+04, final cost 2.7789e+03, first-order optimality 8.29e-01.
round 1: clearance pairs 79, order pairs 0, residuals 66325
   Iteration     Total nfev        Cost      Cost reduction    Step norm     Optimality   
       0              1         2.7789e+03                                    8.29e-01    
       1              3         2.7784e+03      4.74e-01       2.64e+00       1.22e+01    
       2              7         2.7783e+03      1.14e-01       1.28e-01       1.39e+01    
       3              8         2.7782e+03      5.24e-02       1.46e-01       1.68e+00    
       4              9         2.7782e+03      1.90e-02       1.61e-01       1.06e+00    
       5             11         2.7782e+03      1.19e-02       3.51e-02       8.69e-01    
       6             12         2.7782e+03      6.51e-03       3.69e-02       4.80e-01    
       7             13         2.7782e+03      1.18e-02       6.62e-02       4.24e-01    
       8             14         2.7782e+03      2.10e-02       1.23e-01       3.73e-01    
       9             15         2.7778e+03      3.40e-01       1.60e-01       4.04e-01    
      10             18         2.7778e+03      1.46e-02       3.37e-02       3.48e-01    
      11             19         2.7778e+03      5.21e-03       3.01e-02       3.34e-01    
      12             20         2.7778e+03      4.44e-03       2.93e-02       3.28e-01    
      13             21         2.7778e+03      7.14e-03       5.94e-02       3.14e-01    
      14             22         2.7778e+03      2.92e-03       5.52e-02       3.08e-01    
      15             23         2.7778e+03      5.01e-03       1.64e-02       3.03e-01    
      16             24         2.7778e+03      2.19e-03       1.46e-02       2.99e-01    
      17             25         2.7778e+03      4.21e-03       2.71e-02       2.98e-01    
      18             26         2.7778e+03      7.87e-03       5.34e-02       2.93e-01    
      19             27         2.7778e+03      1.26e-02       7.70e-02       2.88e-01    
      20             29         2.7778e+03      4.05e-03       5.14e-02       2.84e-01    
      21             31         2.7778e+03      4.81e-03       1.64e-02       2.79e-01    
      22             32         2.7777e+03      1.83e-03       1.27e-02       2.76e-01    
      23             33         2.7777e+03      3.59e-03       2.38e-02       2.70e-01    
      24             34         2.7777e+03      6.38e-03       4.14e-02       2.72e-01    
      25             35         2.7777e+03      5.13e-03       8.53e-02       2.93e-01    
      26             37         2.7777e+03      8.63e-03       3.30e-02       2.64e-01    
      27             38         2.7777e+03      4.01e-03       2.12e-02       2.62e-01    
      28             39         2.7777e+03      6.78e-03       3.76e-02       2.56e-01    
      29             40         2.7777e+03      1.22e-02       6.44e-02       2.56e-01    
      30             41         2.7777e+03      1.28e-02       1.24e-01       3.52e-01    
      31             43         2.7777e+03      9.15e-03       6.72e-02       3.27e-01    
      32             45         2.7777e+03      5.34e-03       1.65e-02       2.33e-01    
      33             46         2.7777e+03      1.54e-03       1.05e-02       2.33e-01    
      34             47         2.7777e+03      2.80e-03       2.05e-02       2.28e-01    
      35             48         2.7777e+03      4.32e-03       3.66e-02       2.26e-01    
      36             50         2.7777e+03      2.39e-03       1.54e-02       2.18e-01    
      37             51         2.7777e+03      1.63e-03       8.81e-03       2.19e-01    
      38             52         2.7777e+03      3.04e-03       1.75e-02       2.18e-01    
      39             53         2.7777e+03      5.84e-03       3.22e-02       2.19e-01    
      40             54         2.7776e+03      9.34e-03       6.10e-02       2.13e-01    
      41             56         2.7776e+03      3.07e-03       2.91e-02       2.17e-01    
      42             57         2.7776e+03      1.98e-03       2.56e-02       2.09e-01    
      43             58         2.7776e+03      1.48e-03       2.83e-02       2.04e-01    
      44             59         2.7776e+03      1.57e-03       7.77e-03       2.02e-01    
      45             60         2.7776e+03      1.33e-03       1.10e-02       2.02e-01    
      46             61         2.7776e+03      1.37e-03       9.45e-03       2.02e-01    
      47             62         2.7776e+03      2.60e-03       1.74e-02       1.99e-01    
      48             63         2.7776e+03      3.95e-03       3.48e-02       2.02e-01    
      49             65         2.7776e+03      2.24e-03       1.53e-02       1.92e-01    
      50             66         2.7776e+03      1.52e-03       7.62e-03       1.95e-01    
      51             67         2.7776e+03      2.80e-03       1.52e-02       1.97e-01    
      52             68         2.7776e+03      5.24e-03       2.88e-02       1.96e-01    
      53             69         2.7776e+03      6.98e-03       6.30e-02       2.03e-01    
      54             71         2.7776e+03      4.27e-03       3.18e-02       1.92e-01    
      55             72         2.7776e+03      2.14e-03       2.28e-02       1.89e-01    
      56             73         2.7776e+03      1.26e-03       2.75e-02       1.83e-01    
      57             74         2.7776e+03      1.53e-03       7.79e-03       1.82e-01    
      58             75         2.7776e+03      1.24e-03       1.09e-02       1.82e-01    
      59             76         2.7776e+03      1.28e-03       9.33e-03       1.81e-01    
      60             77         2.7776e+03      2.41e-03       1.65e-02       1.82e-01    
      61             78         2.7776e+03      3.42e-03       3.53e-02       1.83e-01    
      62             80         2.7776e+03      2.36e-03       1.56e-02       1.77e-01    
      63             81         2.7776e+03      1.45e-03       7.27e-03       1.74e-01    
      64             82         2.7776e+03      2.69e-03       1.38e-02       1.80e-01    
      65             83         2.7776e+03      5.16e-03       2.66e-02       1.81e-01    
      66             84         2.7776e+03      8.20e-03       5.64e-02       1.87e-01    
      67             86         2.7776e+03      2.78e-03       2.95e-02       1.78e-01    
      68             87         2.7776e+03      1.46e-03       2.59e-02       1.80e-01    
      69             88         2.7776e+03      1.23e-03       2.94e-02       1.81e-01    
      70             89         2.7776e+03      1.60e-03       7.86e-03       1.79e-01    
      71             90         2.7776e+03      1.15e-03       1.12e-02       1.80e-01    
      72             91         2.7776e+03      1.19e-03       9.67e-03       1.78e-01    
      73             92         2.7776e+03      1.20e-03       9.32e-03       1.78e-01    
      74             93         2.7776e+03      2.24e-03       1.60e-02       1.80e-01    
      75             94         2.7776e+03      2.87e-03       3.68e-02       1.82e-01    
      76             96         2.7776e+03      2.55e-03       1.58e-02       1.78e-01    
      77             97         2.7776e+03      1.40e-03       7.51e-03       1.79e-01    
      78             98         2.7775e+03      2.61e-03       1.26e-02       1.81e-01    
      79             99         2.7775e+03      5.18e-03       2.52e-02       1.87e-01    
      80             100        2.7775e+03      1.02e-02       4.92e-02       1.98e-01    
      81             101        2.7775e+03      1.92e-02       9.50e-02       1.71e-01    
      82             102        2.7775e+03      3.05e-02       1.81e-01       3.34e-01    
      83             105        2.7775e+03      7.05e-03       3.29e-02       1.83e-01    
      84             106        2.7775e+03      3.26e-03       1.74e-02       1.96e-01    
      85             107        2.7775e+03      4.42e-03       2.75e-02       1.87e-01    
      86             108        2.7775e+03      6.63e-03       5.65e-02       2.04e-01    
      87             110        2.7775e+03      2.93e-03       3.16e-02       1.88e-01    
      88             111        2.7775e+03      9.79e-04       2.55e-02       1.91e-01    
      89             112        2.7775e+03      1.54e-03       8.10e-03       1.90e-01    
      90             113        2.7775e+03      1.02e-03       1.27e-02       1.89e-01    
      91             114        2.7775e+03      1.05e-03       9.66e-03       1.88e-01    
      92             115        2.7775e+03      1.00e-03       1.05e-02       1.86e-01    
      93             116        2.7775e+03      1.02e-03       9.81e-03       1.86e-01    
      94             117        2.7775e+03      9.99e-04       1.03e-02       1.84e-01    
      95             118        2.7775e+03      1.00e-03       9.87e-03       1.85e-01    
      96             119        2.7774e+03      9.92e-04       1.03e-02       1.84e-01    
      97             120        2.7774e+03      9.94e-04       9.94e-03       1.84e-01    
      98             121        2.7774e+03      9.86e-04       1.03e-02       1.83e-01    
      99             122        2.7774e+03      9.89e-04       9.97e-03       1.82e-01    
      100            123        2.7774e+03      9.83e-04       1.03e-02       1.82e-01    
      101            124        2.7774e+03      9.82e-04       1.00e-02       1.83e-01    
      102            125        2.7774e+03      9.75e-04       1.03e-02       1.83e-01    
      103            126        2.7774e+03      9.76e-04       1.01e-02       1.82e-01    
      104            127        2.7774e+03      9.72e-04       1.03e-02       1.82e-01    
      105            128        2.7774e+03      9.72e-04       1.01e-02       1.82e-01    
      106            129        2.7774e+03      9.67e-04       1.03e-02       1.80e-01    
      107            130        2.7774e+03      9.64e-04       1.01e-02       1.82e-01    
      108            131        2.7774e+03      9.60e-04       1.03e-02       1.81e-01    
      109            132        2.7774e+03      9.60e-04       1.02e-02       1.81e-01    
      110            133        2.7774e+03      9.57e-04       1.04e-02       1.80e-01    
      111            134        2.7774e+03      9.55e-04       1.02e-02       1.82e-01    
      112            135        2.7774e+03      9.51e-04       1.04e-02       1.80e-01    
      113            136        2.7774e+03      9.50e-04       1.02e-02       1.81e-01    
      114            137        2.7774e+03      9.46e-04       1.04e-02       1.80e-01    
      115            138        2.7774e+03      9.44e-04       1.03e-02       1.81e-01    
      116            139        2.7774e+03      9.40e-04       1.05e-02       1.80e-01    
      117            140        2.7774e+03      9.39e-04       1.03e-02       1.81e-01    
      118            141        2.7774e+03      9.35e-04       1.05e-02       1.80e-01    
      119            142        2.7774e+03      9.34e-04       1.04e-02       1.81e-01    
      120            143        2.7774e+03      9.33e-04       1.05e-02       1.81e-01    
      121            144        2.7774e+03      9.30e-04       1.04e-02       1.81e-01    
      122            145        2.7774e+03      9.26e-04       1.05e-02       1.80e-01    
      123            146        2.7774e+03      9.24e-04       1.04e-02       1.81e-01    
      124            147        2.7774e+03      9.23e-04       1.06e-02       1.80e-01    
      125            148        2.7774e+03      9.20e-04       1.05e-02       1.81e-01    
      126            149        2.7774e+03      9.16e-04       1.06e-02       1.80e-01    
      127            150        2.7774e+03      9.15e-04       1.05e-02       1.81e-01    
The maximum number of function evaluations is exceeded.
Function evaluations 150, initial cost 2.7789e+03, final cost 2.7774e+03, first-order optimality 1.81e-01.
round 2: clearance pairs 105, order pairs 0, residuals 66351
   Iteration     Total nfev        Cost      Cost reduction    Step norm     Optimality   
       0              1         2.7774e+03                                    1.81e-01    
       1              2         2.7773e+03      1.55e-01       5.14e+00       2.39e+01    
       2              5         2.7772e+03      9.92e-02       2.15e-01       4.09e+00    
       3              7         2.7771e+03      3.50e-02       7.03e-02       3.70e+00    
       4              8         2.7771e+03      4.92e-03       6.21e-02       1.94e+00    
       5             10         2.7771e+03      4.32e-03       1.78e-02       1.77e+00    
       6             11         2.7771e+03      1.85e-03       1.91e-02       1.41e+00    
       7             12         2.7771e+03      2.53e-03       3.68e-02       9.41e-01    
       8             13         2.7771e+03      1.73e-03       6.60e-02       5.89e-01    
       9             15         2.7771e+03      1.89e-03       1.66e-02       5.43e-01    
      10             16         2.7771e+03      9.13e-04       1.84e-02       4.53e-01    
      11             17         2.7771e+03      1.23e-03       3.19e-02       3.57e-01    
      12             19         2.7771e+03      4.23e-04       1.45e-02       3.38e-01    
      13             20         2.7771e+03      3.07e-04       1.61e-02       2.89e-01    
      14             21         2.7771e+03      2.26e-04       1.70e-02       2.66e-01    
      15             22         2.7771e+03      3.82e-04       4.15e-03       2.63e-01    
      16             23         2.7771e+03      2.39e-04       8.24e-03       2.47e-01    
      17             24         2.7771e+03      2.37e-04       8.51e-03       2.32e-01    
      18             25         2.7771e+03      2.23e-04       8.16e-03       2.19e-01    
      19             26         2.7771e+03      2.16e-04       8.31e-03       2.09e-01    
      20             27         2.7771e+03      2.04e-04       7.96e-03       2.00e-01    
      21             28         2.7771e+03      1.96e-04       8.13e-03       1.92e-01    
      22             29         2.7771e+03      1.86e-04       7.79e-03       1.85e-01    
      23             30         2.7771e+03      1.79e-04       7.99e-03       1.78e-01    
      24             31         2.7771e+03      1.71e-04       7.64e-03       1.73e-01    
      25             32         2.7771e+03      1.64e-04       7.89e-03       1.68e-01    
      26             33         2.7771e+03      1.58e-04       7.57e-03       1.63e-01    
      27             34         2.7771e+03      1.51e-04       7.80e-03       1.59e-01    
      28             35         2.7771e+03      1.47e-04       7.51e-03       1.55e-01    
      29             36         2.7771e+03      1.41e-04       7.73e-03       1.51e-01    
      30             37         2.7771e+03      1.38e-04       7.46e-03       1.48e-01    
      31             38         2.7771e+03      1.32e-04       7.68e-03       1.44e-01    
      32             39         2.7771e+03      1.30e-04       7.43e-03       1.42e-01    
      33             40         2.7771e+03      1.24e-04       7.64e-03       1.39e-01    
      34             41         2.7771e+03      1.23e-04       7.41e-03       1.36e-01    
      35             42         2.7771e+03      1.18e-04       7.60e-03       1.34e-01    
      36             43         2.7771e+03      1.17e-04       7.39e-03       1.32e-01    
      37             44         2.7771e+03      1.12e-04       7.57e-03       1.29e-01    
      38             45         2.7771e+03      1.11e-04       7.39e-03       1.27e-01    
      39             46         2.7771e+03      1.07e-04       7.56e-03       1.25e-01    
      40             47         2.7771e+03      1.07e-04       7.38e-03       1.24e-01    
      41             48         2.7771e+03      1.01e-04       7.54e-03       1.22e-01    
      42             49         2.7771e+03      1.03e-04       7.40e-03       1.20e-01    
      43             50         2.7771e+03      9.77e-05       7.53e-03       1.18e-01    
      44             51         2.7771e+03      9.53e-05       1.98e-03       1.18e-01    
      45             52         2.7771e+03      8.16e-05       3.18e-03       1.17e-01    
      46             53         2.7771e+03      8.46e-05       2.92e-03       1.16e-01    
      47             54         2.7771e+03      1.57e-04       5.31e-03       1.14e-01    
      48             55         2.7771e+03      2.40e-04       1.07e-02       1.11e-01    
      49             57         2.7771e+03      1.27e-04       3.75e-03       1.11e-01    
      50             58         2.7771e+03      8.97e-05       2.48e-03       1.09e-01    
      51             59         2.7771e+03      1.62e-04       4.71e-03       1.06e-01    
      52             60         2.7771e+03      2.99e-04       9.15e-03       1.06e-01    
      53             61         2.7771e+03      3.50e-04       1.73e-02       1.04e-01    
      54             63         2.7771e+03      2.63e-04       8.18e-03       9.98e-02    
      55             64         2.7771e+03      1.16e-04       5.53e-03       9.85e-02    
      56             65         2.7771e+03      6.09e-05       7.24e-03       9.57e-02    
      57             66         2.7771e+03      9.06e-05       1.96e-03       9.51e-02    
      58             67         2.7771e+03      6.57e-05       2.96e-03       9.39e-02    
      59             68         2.7771e+03      6.74e-05       2.71e-03       9.26e-02    
      60             69         2.7771e+03      6.69e-05       2.56e-03       9.17e-02    
      61             70         2.7771e+03      6.69e-05       2.59e-03       9.10e-02    
      62             71         2.7771e+03      1.22e-04       4.42e-03       9.12e-02    
      63             72         2.7771e+03      7.92e-05       6.01e-03       8.99e-02    
      64             73         2.7771e+03      4.92e-05       6.91e-03       8.84e-02    
      65             74         2.7771e+03      9.05e-05       1.98e-03       8.79e-02    
      66             75         2.7771e+03      6.14e-05       3.03e-03       8.75e-02    
      67             76         2.7771e+03      6.30e-05       2.59e-03       8.65e-02    
      68             77         2.7771e+03      6.22e-05       2.67e-03       8.61e-02    
      69             78         2.7771e+03      6.20e-05       2.55e-03       8.55e-02    
      70             79         2.7771e+03      6.16e-05       2.61e-03       8.50e-02    
      71             80         2.7771e+03      6.12e-05       2.54e-03       8.45e-02    
      72             81         2.7771e+03      6.08e-05       2.60e-03       8.38e-02    
      73             82         2.7771e+03      6.06e-05       2.53e-03       8.34e-02    
      74             83         2.7771e+03      6.02e-05       2.59e-03       8.27e-02    
      75             84         2.7771e+03      5.96e-05       2.53e-03       8.23e-02    
      76             85         2.7771e+03      5.92e-05       2.60e-03       8.18e-02    
      77             86         2.7771e+03      5.89e-05       2.54e-03       8.14e-02    
      78             87         2.7771e+03      5.85e-05       2.61e-03       8.08e-02    
      79             88         2.7771e+03      5.78e-05       2.56e-03       8.05e-02    
      80             89         2.7771e+03      5.75e-05       2.63e-03       7.98e-02    
      81             90         2.7771e+03      5.70e-05       2.58e-03       7.95e-02    
      82             91         2.7771e+03      5.67e-05       2.65e-03       7.89e-02    
      83             92         2.7771e+03      5.61e-05       2.60e-03       7.86e-02    
      84             93         2.7771e+03      5.58e-05       2.67e-03       7.80e-02    
      85             94         2.7771e+03      5.52e-05       2.64e-03       7.75e-02    
      86             95         2.7771e+03      5.53e-05       2.70e-03       7.73e-02    
      87             96         2.7771e+03      5.46e-05       2.64e-03       7.68e-02    
      88             97         2.7771e+03      5.45e-05       2.70e-03       7.67e-02    
      89             98         2.7771e+03      5.41e-05       2.65e-03       7.61e-02    
      90             99         2.7771e+03      5.35e-05       2.72e-03       7.55e-02    
      91             100        2.7771e+03      5.33e-05       2.67e-03       7.53e-02    
      92             101        2.7771e+03      5.28e-05       2.74e-03       7.46e-02    
      93             102        2.7771e+03      5.25e-05       2.69e-03       7.45e-02    
      94             103        2.7771e+03      5.24e-05       2.74e-03       7.40e-02    
      95             104        2.7771e+03      5.19e-05       2.70e-03       7.37e-02    
      96             105        2.7771e+03      5.17e-05       2.76e-03       7.33e-02    
      97             106        2.7771e+03      5.12e-05       2.71e-03       7.29e-02    
      98             107        2.7771e+03      5.10e-05       2.77e-03       7.25e-02    
      99             108        2.7771e+03      5.06e-05       2.73e-03       7.21e-02    
      100            109        2.7771e+03      5.03e-05       2.79e-03       7.18e-02    
      101            110        2.7771e+03      4.99e-05       2.75e-03       7.14e-02    
      102            111        2.7771e+03      4.97e-05       2.81e-03       7.10e-02    
      103            112        2.7771e+03      4.92e-05       2.77e-03       7.07e-02    
      104            113        2.7771e+03      4.90e-05       2.83e-03       7.03e-02    
      105            114        2.7771e+03      4.86e-05       2.79e-03       7.00e-02    
      106            115        2.7771e+03      4.84e-05       2.85e-03       6.96e-02    
      107            116        2.7771e+03      4.80e-05       2.81e-03       6.93e-02    
      108            117        2.7771e+03      4.77e-05       2.86e-03       6.89e-02    
      109            118        2.7771e+03      4.73e-05       2.83e-03       6.87e-02    
      110            119        2.7771e+03      4.71e-05       2.88e-03       6.83e-02    
      111            120        2.7771e+03      4.67e-05       2.85e-03       6.80e-02    
      112            121        2.7771e+03      4.65e-05       2.90e-03       6.76e-02    
      113            122        2.7771e+03      4.62e-05       2.86e-03       6.73e-02    
      114            123        2.7771e+03      4.59e-05       2.92e-03       6.70e-02    
      115            124        2.7771e+03      4.56e-05       2.88e-03       6.67e-02    
      116            125        2.7771e+03      4.53e-05       2.93e-03       6.64e-02    
      117            126        2.7771e+03      4.50e-05       2.90e-03       6.61e-02    
      118            127        2.7771e+03      4.48e-05       2.95e-03       6.63e-02    
      119            128        2.7771e+03      4.45e-05       2.91e-03       6.55e-02    
      120            129        2.7771e+03      4.42e-05       2.96e-03       6.63e-02    
      121            130        2.7771e+03      4.39e-05       2.93e-03       6.49e-02    
      122            131        2.7771e+03      4.37e-05       2.98e-03       6.63e-02    
      123            132        2.7771e+03      4.34e-05       2.95e-03       6.43e-02    
      124            133        2.7771e+03      4.32e-05       2.99e-03       6.63e-02    
      125            134        2.7771e+03      4.29e-05       2.96e-03       6.38e-02    
      126            135        2.7771e+03      4.26e-05       3.01e-03       6.63e-02    
      127            136        2.7771e+03      4.24e-05       2.98e-03       6.32e-02    
      128            137        2.7771e+03      4.21e-05       3.02e-03       6.62e-02    
      129            138        2.7771e+03      4.19e-05       2.99e-03       6.27e-02    
      130            139        2.7771e+03      4.16e-05       3.04e-03       6.63e-02    
      131            140        2.7771e+03      4.14e-05       3.01e-03       6.21e-02    
      132            141        2.7771e+03      4.11e-05       3.05e-03       6.62e-02    
      133            142        2.7771e+03      4.09e-05       3.02e-03       6.16e-02    
      134            143        2.7771e+03      4.07e-05       3.07e-03       6.62e-02    
      135            144        2.7771e+03      4.04e-05       3.04e-03       6.11e-02    
      136            145        2.7771e+03      4.02e-05       3.08e-03       6.62e-02    
      137            146        2.7771e+03      4.00e-05       3.05e-03       6.06e-02    
      138            147        2.7771e+03      3.97e-05       3.09e-03       6.62e-02    
      139            148        2.7771e+03      3.95e-05       3.06e-03       6.01e-02    
      140            149        2.7771e+03      3.93e-05       3.11e-03       6.62e-02    
      141            150        2.7771e+03      3.91e-05       3.08e-03       5.98e-02    
The maximum number of function evaluations is exceeded.
Function evaluations 150, initial cost 2.7774e+03, final cost 2.7771e+03, first-order optimality 5.98e-02.
round 3: clearance pairs 122, order pairs 0, residuals 66368
   Iteration     Total nfev        Cost      Cost reduction    Step norm     Optimality   
       0              1         2.7771e+03                                    5.98e-02    
       1              2         2.7771e+03      1.74e-02       1.07e+00       3.62e+00    
       2              6         2.7771e+03      1.24e-02       3.74e-02       1.60e+00    
       3              7         2.7771e+03      5.10e-03       3.61e-02       9.13e-01    
       4              8         2.7771e+03      1.29e-03       3.86e-02       4.44e-01    
       5             10         2.7771e+03      4.09e-04       1.01e-02       3.65e-01    
       6             11         2.7771e+03      1.91e-04       1.06e-02       2.88e-01    
       7             12         2.7771e+03      6.92e-05       8.80e-03       2.44e-01    
       8             13         2.7771e+03      1.12e-04       2.35e-03       2.36e-01    
       9             14         2.7771e+03      6.14e-05       4.40e-03       2.07e-01    
      10             15         2.7771e+03      4.75e-05       4.07e-03       1.83e-01    
      11             16         2.7771e+03      3.59e-05       4.01e-03       1.60e-01    
      12             17         2.7771e+03      3.53e-05       4.28e-03       1.43e-01    
      13             18         2.7771e+03      2.40e-05       4.20e-03       1.32e-01    
      14             19         2.7771e+03      3.22e-05       1.17e-03       1.30e-01    
      15             20         2.7771e+03      2.36e-05       1.94e-03       1.24e-01    
`ftol` termination condition is satisfied.
Function evaluations 20, initial cost 2.7771e+03, final cost 2.7771e+03, first-order optimality 1.24e-01.
c  K=160  init=raw  [round 0 nfev=91 status=4 (Both) cost 2778.877]  [round 1 nfev=150 status=0 (The) cost 2777.420]  [round 2 nfev=150 status=0 (The) cost 2777.099]  [round 3 nfev=20 status=2 (ftol`) cost 2777.061]
args: {"K": 160, "bend": 30.0, "box_pose": "", "box_rings": "", "box_trace": 0.15, "bz": "915:1035:0.6:20", "clear": 5.0, "clear_range": "860:1066-388:483", "curl": "915:1035:50:60", "dbend": 500.0, "delta": 60.0, "dtwist": 500.0, "edge_fair": 0.0, "edge_w": "905:1050:L:4,905:1050:R:4", "end_pin": 50.0, "energy_ranges": "", "eps": 1.0, "face_margin": 0.3, "faceon": "", "faces": "docs/ribbon/turns/real/faces.json", "flat": 0.0, "flat_ranges": "", "flip_guard": 20.0, "fold": "", "fold2": "516:40:20,1188:40:20", "fold_axis": "", "fold_convex": "516:10,1188:10", "fold_eq": false, "fold_legs": 5.0, "fold_legs_len": "20", "gap": 14.0, "hide": "", "hide_auto": "", "hmax": 25.5, "hmin": 25.5, "init": "raw", "inside": 0.0, "kappa": 2.0, "keep": 3.0, "keep_free": "895:1110", "lam": 15.0, "lam_h": 50.0, "lit": "1030:1175:0.3:30", "mask": "", "max_nfev": 150, "mu": 300.0, "no_opt": false, "nu_fold": 0.4, "omega": 0.01, "order": 0.0, "out": "docs/ribbon/turns/real/L3/c", "outer": 4, "outline": 0.0, "outline_assign": "nearest", "outline_boxes": "", "outline_drop_near": "", "outline_excl": "", "outline_fixed": false, "outline_incl": "", "outline_loss": "linear", "outline_pose": "", "pin_range": "", "pose": "docs/ribbon/turns/real/K3/pose.json", "redge": 24.0, "rim_pose": "", "rim_side_mode": "centre", "rimlines": "", "rmin": 45.0, "roto": "/Users/ashmitkhurana/Development/Personal/portfolio/docs/ribbon/turns/curve/best/roto.npz", "screenw": "", "sigma": 2.0, "trace_w": 0.15, "twist": 30.0, "w_box": 2.0, "w_face": 15.0, "w_hmin": 50.0, "w_redge": 5.0, "w_rim": 0.0, "w_rmin": 5.0, "w_wfloor": 0.0, "wfloor": 0.0, "wfloor_except": "", "wfloor_mode": "perp", "wfloor_ranges": "", "zprior": "docs/ribbon/turns/real/K3/pose.json"}

edge residual css px, point-to-polyline (L and R pooled): mean 6.583  p95 22.179  max 54.667

window       edge resid (L,R pooled)                      h min/med/max          median |b.T|  #|c'|<0.6 s0
[   0, 131]  mean  14.89  p95  32.28  max  43.39           25.5/ 25.5/ 25.5      0.129         0
[ 132, 288]  mean   1.72  p95   4.81  max  11.52           25.5/ 25.5/ 25.5      0.396         0
[ 289, 483]  mean   8.39  p95  22.06  max  24.38           25.5/ 25.5/ 25.5      0.144         0
[ 484, 554]  mean   5.08  p95   9.73  max  10.43           25.5/ 25.5/ 25.5      0.512         0
[ 555, 658]  mean   1.44  p95   3.43  max   3.93           25.5/ 25.5/ 25.5      0.078         0
[ 659, 764]  mean  16.29  p95  50.24  max  54.67           25.5/ 25.5/ 25.5      0.005         0
[ 765, 940]  mean   2.17  p95   5.25  max  14.81           25.5/ 25.5/ 25.5      0.068         21
[ 941,1066]  mean   9.04  p95  25.32  max  34.66           25.5/ 25.5/ 25.5      0.006         0
[1067,1298]  mean   3.98  p95  11.36  max  21.84           25.5/ 25.5/ 25.5      0.178         0
worst window by mean: [659,764] 16.29 px

dense (4N=5196 samples) surface normal N=TxB: angle change per sample  max 21.619 deg  p99 1.768 deg
   angle per world px of centreline arclength: max 40.3927 deg/px  (p99 2.8139)
   worst dense samples (t, deg, |b.T|): 524.70, 21.6, 0.999; 524.45, 21.0, 0.999; 524.95, 16.8, 0.999; 524.20, 15.6, 0.999; 525.20, 11.3, 0.999
   dense steps > 3 deg: 11, > 6 deg: 8
ripple (|second difference of unit N| per world px^2, dense): max 4.818e-01  p99 1.270e-02  median 4.935e-04
max |b.T| outside fold windows: 0.883   (inside: 0.999)
GATE: min 3D distance between non-adjacent rings (|i-j|>60, surface samples): 17.26 px; pairs < gap 14.0: 0
GATE: screen-overlap pairs (3 px) 1530, order violations (z_front - z_back < 0): 1, (< gap): 5; unique ring pairs violating: 1
end centreline offset from init: ring0 0.0 px, ring N-1 1.4 px
outside-mockup distance (5 pts across band, css px): mean 0.787  max 30.83  frac>0.5px 0.111
outline residual (css px, matched <=25 px: 1603 of 1634 pts): mean 6.575  p95 18.527  max 24.94
run time: 276.8 s
residual block norms (sum of squares): edge 1285.32, smooth 346.52, jerk 258.71, perp 58.76, dev 747.14, depth 128.72, hsm 0.00, wpr 0.00, speed 18.68, hmin 0.00, hmax 0.00, face 865.31, rmin 312.42, scrw 0.00, wf 0.00, ins 0.00, fcr 56.18, bnd 685.28, twi 76.39, dbn 202.75, dtw 17.97, rmf 62.05, crl 142.08, lgb 76.54, cvx 91.20
