DPR2 canvases 780x1688 780x1688
DPR3 canvases 1170x2532 1170x2532
crop_apex.png  127806 B
crop_bottomk.png  257356 B
crop_endstrand.png  169303 B
crop_farleft.png  180665 B
crop_junction.png  109650 B
crop_scurve.png  221670 B
crop_topk.png  179115 B
crop_wrap.png  300082 B
hero.png  1335746 B
ribbon.png  1368753 B
ribbon_crop_apex.png  133905 B
ribbon_crop_bottomk.png  257356 B
ribbon_crop_endstrand.png  169303 B
ribbon_crop_farleft.png  180665 B
ribbon_crop_junction.png  109650 B
ribbon_crop_scurve.png  221670 B
ribbon_crop_topk.png  179115 B
ribbon_crop_wrap.png  300082 B
