DPR2 canvases 780x1688 780x1688
DPR3 canvases 1170x2532 1170x2532
crop_apex.png  125527 B
crop_bottomk.png  269515 B
crop_endstrand.png  168886 B
crop_farleft.png  186072 B
crop_junction.png  100914 B
crop_scurve.png  218103 B
crop_topk.png  170331 B
crop_wrap.png  295892 B
hero.png  1328914 B
ribbon.png  1358662 B
ribbon_crop_apex.png  130961 B
ribbon_crop_bottomk.png  269515 B
ribbon_crop_endstrand.png  168886 B
ribbon_crop_farleft.png  186072 B
ribbon_crop_junction.png  100914 B
ribbon_crop_scurve.png  218103 B
ribbon_crop_topk.png  170331 B
ribbon_crop_wrap.png  295892 B
