bz rings 478..562 t 0.70 w 40.0
bz rings 1160..1230 t 0.60 w 40.0
bz rings 340..405 t 0.60 w 40.0
curl rings 340..405 R 35 w 60.0
curl rings 478..562 R 50 w 60.0
curl rings 700..790 R 55 w 60.0
curl rings 925..1025 R 35 w 60.0
curl rings 1160..1230 R 55 w 60.0
face rule: sign_A -1 (tail median N.v -0.991)
init cost 202275515.043, residuals 59766, params 1120
round 0: clearance pairs 973, order pairs 0, residuals 60739
   Iteration     Total nfev        Cost      Cost reduction    Step norm     Optimality   
       0              1         2.0230e+08                                    5.99e+07    
       1              2         6.3067e+06      1.96e+08       2.28e+02       1.14e+08    
       2              3         1.6208e+06      4.69e+06       1.79e+02       1.69e+07    
       3              4         6.7191e+05      9.49e+05       1.49e+02       1.12e+07    
       4              5         6.4300e+05      2.89e+04       1.79e+02       9.46e+05    
       5              6         2.8261e+05      3.60e+05       7.84e+01       1.67e+05    
       6              7         8.7177e+04      1.95e+05       6.93e+01       2.54e+04    
       7              8         5.4304e+04      3.29e+04       7.33e+01       4.77e+04    
       8             10         3.3813e+04      2.05e+04       1.65e+01       9.45e+03    
       9             11         2.6567e+04      7.25e+03       3.36e+01       9.92e+03    
      10             12         2.1698e+04      4.87e+03       4.17e+01       1.89e+04    
      11             13         1.7488e+04      4.21e+03       4.52e+01       7.20e+04    
      12             14         1.4900e+04      2.59e+03       4.23e+01       1.85e+04    
      13             15         1.3859e+04      1.04e+03       3.78e+01       1.17e+04    
      14             17         1.3455e+04      4.04e+02       1.01e+01       4.94e+03    
      15             18         1.2411e+04      1.04e+03       1.45e+01       1.45e+03    
      16             19         1.2240e+04      1.71e+02       5.96e+00       1.25e+03    
      17             20         1.1941e+04      2.98e+02       1.15e+01       8.46e+02    
      18             21         1.1485e+04      4.57e+02       1.95e+01       1.10e+03    
      19             22         1.1082e+04      4.03e+02       3.85e+01       3.29e+04    
      20             24         1.0899e+04      1.83e+02       1.11e+01       1.90e+04    
      21             25         1.0660e+04      2.39e+02       2.91e+01       7.44e+03    
      22             26         1.0550e+04      1.10e+02       2.06e+01       6.26e+03    
      23             27         1.0479e+04      7.16e+01       1.98e+01       1.14e+04    
      24             30         1.0413e+04      6.57e+01       1.95e+00       6.91e+03    
      25             33         1.0386e+04      2.72e+01       1.19e+00       2.41e+03    
      26             34         1.0365e+04      2.07e+01       1.78e+00       1.44e+03    
      27             35         1.0338e+04      2.74e+01       1.92e+00       1.77e+03    
      28             36         1.0334e+04      3.35e+00       1.62e+00       4.81e+02    
      29             37         1.0332e+04      2.68e+00       8.17e-01       9.23e+02    
      30             38         1.0329e+04      3.11e+00       1.01e+00       8.30e+02    
      31             39         1.0325e+04      4.01e+00       1.17e+00       6.68e+02    
      32             40         1.0319e+04      5.68e+00       1.13e+00       7.60e+02    
      33             41         1.0309e+04      9.78e+00       1.68e+00       6.10e+02    
      34             42         1.0291e+04      1.82e+01       3.41e+00       7.47e+02    
      35             43         1.0259e+04      3.20e+01       6.94e+00       6.99e+02    
      36             44         1.0203e+04      5.61e+01       1.21e+01       1.04e+03    
      37             47         1.0203e+04      1.31e-01       2.18e+00       9.16e+02    
      38             48         1.0191e+04      1.18e+01       6.05e+00       9.63e+02    
      39             49         1.0186e+04      5.38e+00       1.79e+00       1.05e+03    
      40             50         1.0178e+04      7.14e+00       1.65e+00       8.54e+02    
      41             51         1.0166e+04      1.26e+01       3.44e+00       8.66e+02    
      42             52         1.0140e+04      2.56e+01       6.76e+00       9.42e+02    
      43             54         1.0133e+04      6.80e+00       4.09e+00       8.84e+02    
      44             55         1.0116e+04      1.76e+01       7.51e+00       6.44e+02    
      45             56         1.0093e+04      2.24e+01       7.47e+00       1.09e+03    
      46             57         1.0066e+04      2.75e+01       1.61e+01       1.28e+03    
      47             61         1.0055e+04      1.11e+01       4.01e-01       6.82e+02    
      48             62         1.0054e+04      7.82e-01       3.84e+00       2.23e+03    
      49             64         1.0050e+04      3.86e+00       2.80e-01       1.73e+03    
      50             65         1.0048e+04      1.76e+00       8.05e-01       1.15e+03    
      51             66         1.0048e+04      1.53e-01       4.06e-01       1.72e+03    
      52             67         1.0047e+04      8.87e-01       8.89e-02       8.57e+02    
      53             68         1.0047e+04      2.43e-01       1.11e-01       1.08e+03    
      54             69         1.0047e+04      1.94e-01       1.32e-01       9.76e+02    
      55             70         1.0047e+04      1.65e-01       1.01e-01       9.20e+02    
      56             71         1.0047e+04      1.50e-01       1.12e-01       1.01e+03    
      57             72         1.0047e+04      1.47e-01       9.56e-02       9.01e+02    
      58             73         1.0046e+04      1.40e-01       1.00e-01       1.03e+03    
      59             74         1.0046e+04      1.39e-01       9.13e-02       9.04e+02    
      60             76         1.0046e+04      9.42e-02       2.24e-02       7.58e+02    
      61             77         1.0046e+04      1.53e-01       1.82e-02       5.60e+02    
      62             79         1.0046e+04      5.86e-02       1.17e-02       7.84e+02    
      63             81         1.0046e+04      4.60e-02       3.41e-03       5.45e+02    
      64             82         1.0046e+04      8.87e-02       5.36e-03       5.67e+02    
      65             85         1.0046e+04      1.19e-02       5.13e-04       5.54e+02    
      66             86         1.0046e+04      2.32e-02       7.51e-04       5.43e+02    
      67             88         1.0046e+04      1.15e-02       3.62e-04       5.38e+02    
      68             89         1.0046e+04      2.28e-02       7.74e-04       5.26e+02    
      69             92         1.0046e+04      2.85e-03       8.53e-05       5.25e+02    
      70             94         1.0046e+04      1.42e-03       4.19e-05       5.24e+02    
      71             95         1.0046e+04      2.84e-03       8.49e-05       5.23e+02    
      72             98         1.0046e+04      3.55e-04       1.04e-05       5.23e+02    
`xtol` termination condition is satisfied.
Function evaluations 98, initial cost 2.0230e+08, final cost 1.0046e+04, first-order optimality 5.23e+02.
round 1: clearance pairs 658, order pairs 0, residuals 60424
   Iteration     Total nfev        Cost      Cost reduction    Step norm     Optimality   
       0              1         3.8462e+04                                    2.19e+04    
       1              4         2.6240e+04      1.22e+04       1.47e+01       2.31e+04    
       2              5         1.5141e+04      1.11e+04       3.12e+01       1.09e+04    
       3              6         1.0686e+04      4.45e+03       2.73e+01       7.09e+03    
       4              8         1.0214e+04      4.73e+02       1.30e+01       7.02e+03    
       5              9         9.9755e+03      2.38e+02       2.62e+01       2.49e+04    
       6             12         9.9424e+03      3.31e+01       2.55e+00       2.43e+03    
       7             13         9.9122e+03      3.02e+01       9.00e+00       2.19e+03    
       8             15         9.8868e+03      2.54e+01       2.89e+00       7.57e+02    
       9             16         9.8704e+03      1.64e+01       4.87e+00       1.75e+03    
      10             17         9.8684e+03      1.98e+00       4.97e+00       2.00e+03    
      11             18         9.8601e+03      8.26e+00       1.97e+00       1.69e+03    
      12             19         9.8574e+03      2.72e+00       1.52e+00       1.97e+03    
      13             20         9.8548e+03      2.66e+00       1.39e+00       1.76e+03    
      14             21         9.8497e+03      5.07e+00       2.28e+00       2.25e+03    
      15             22         9.8435e+03      6.19e+00       3.96e+00       1.59e+03    
      16             23         9.8346e+03      8.87e+00       5.92e+00       1.83e+03    
      17             24         9.8219e+03      1.28e+01       9.16e+00       1.36e+03    
      18             25         9.8045e+03      1.73e+01       1.56e+01       2.03e+03    
      19             28         9.8018e+03      2.73e+00       1.81e+00       1.28e+03    
      20             29         9.7938e+03      8.06e+00       6.59e+00       1.64e+03    
      21             30         9.7864e+03      7.39e+00       9.07e+00       1.20e+03    
      22             31         9.7724e+03      1.39e+01       1.53e+01       1.82e+03    
      23             33         9.7707e+03      1.78e+00       7.15e+00       1.41e+03    
      24             34         9.7624e+03      8.30e+00       5.90e+00       1.61e+03    
      25             35         9.7567e+03      5.65e+00       6.91e+00       2.31e+03    
      26             36         9.7509e+03      5.84e+00       9.87e+00       2.82e+03    
      27             37         9.7468e+03      4.09e+00       1.15e+01       4.32e+03    
      28             39         9.7445e+03      2.27e+00       3.33e+00       5.62e+03    
      29             40         9.7399e+03      4.56e+00       1.21e+00       3.25e+03    
      30             41         9.7384e+03      1.54e+00       1.58e+00       2.31e+03    
      31             42         9.7364e+03      1.98e+00       1.16e+00       2.59e+03    
      32             43         9.7364e+03      7.51e-03       1.44e+00       2.58e+03    
      33             44         9.7353e+03      1.11e+00       5.69e-01       1.37e+03    
      34             45         9.7350e+03      2.76e-01       1.12e+00       1.41e+03    
      35             46         9.7343e+03      7.40e-01       1.37e+00       1.02e+03    
      36             48         9.7339e+03      3.72e-01       8.17e-01       1.43e+03    
      37             50         9.7338e+03      1.41e-01       2.33e-01       8.42e+02    
      38             53         9.7338e+03      1.08e-02       1.35e-02       8.47e+02    
      39             56         9.7338e+03      1.32e-03       1.46e-03       8.47e+02    
      40             58         9.7338e+03      6.57e-04       7.15e-04       8.47e+02    
      41             59         9.7338e+03      1.31e-03       1.41e-03       8.47e+02    
      42             62         9.7338e+03      1.64e-04       1.74e-04       8.47e+02    
      43             64         9.7338e+03      8.18e-05       8.66e-05       8.47e+02    
`ftol` termination condition is satisfied.
Function evaluations 64, initial cost 3.8462e+04, final cost 9.7338e+03, first-order optimality 8.47e+02.
round 2: clearance pairs 226, order pairs 0, residuals 59992
   Iteration     Total nfev        Cost      Cost reduction    Step norm     Optimality   
       0              1         9.7338e+03                                    8.47e+02    
       1              4         9.7332e+03      5.27e-01       3.47e+00       1.02e+03    
       2              5         9.7303e+03      2.98e+00       2.67e+00       7.49e+02    
       3              6         9.7269e+03      3.32e+00       5.76e+00       1.01e+03    
       4              7         9.7246e+03      2.32e+00       7.75e+00       7.74e+02    
       5              8         9.7240e+03      5.67e-01       4.24e+00       1.02e+03    
       6              9         9.7234e+03      6.52e-01       1.32e+00       8.58e+02    
       7             10         9.7206e+03      2.81e+00       1.29e+00       8.74e+02    
       8             12         9.7203e+03      2.60e-01       1.01e+00       9.26e+02    
       9             13         9.7201e+03      1.83e-01       3.12e-01       9.35e+02    
      10             14         9.7197e+03      4.58e-01       2.33e-01       9.06e+02    
      11             18         9.7197e+03      5.73e-03       8.76e-03       9.06e+02    
      12             20         9.7197e+03      2.80e-03       4.13e-03       9.06e+02    
      13             22         9.7197e+03      1.39e-03       2.01e-03       9.06e+02    
      14             23         9.7197e+03      2.75e-03       3.94e-03       9.05e+02    
      15             26         9.7197e+03      3.41e-04       4.79e-04       9.05e+02    
      16             28         9.7197e+03      1.70e-04       2.39e-04       9.05e+02    
      17             31         9.7197e+03      2.13e-05       2.98e-05       9.05e+02    
`ftol` termination condition is satisfied.
Function evaluations 31, initial cost 9.7338e+03, final cost 9.7197e+03, first-order optimality 9.05e+02.
round 3: clearance pairs 219, order pairs 0, residuals 59985
   Iteration     Total nfev        Cost      Cost reduction    Step norm     Optimality   
       0              1         9.7197e+03                                    9.05e+02    
       1              5         9.7193e+03      4.09e-01       1.18e+00       8.85e+02    
       2              6         9.7169e+03      2.41e+00       4.08e+00       8.50e+02    
       3              8         9.7162e+03      6.03e-01       2.10e+00       9.37e+02    
       4              9         9.7162e+03      3.78e-02       1.75e+00       8.65e+02    
       5             10         9.7152e+03      9.74e-01       4.94e-01       8.92e+02    
       6             11         9.7145e+03      7.41e-01       8.85e-01       8.93e+02    
       7             13         9.7142e+03      2.66e-01       4.21e-01       9.00e+02    
       8             15         9.7142e+03      6.06e-02       6.86e-02       8.92e+02    
       9             17         9.7141e+03      2.80e-02       2.34e-02       8.88e+02    
      10             19         9.7141e+03      1.37e-02       1.03e-02       8.86e+02    
      11             22         9.7141e+03      1.71e-03       1.24e-03       8.86e+02    
      12             25         9.7141e+03      2.13e-04       1.54e-04       8.86e+02    
      13             26         9.7141e+03      4.26e-04       3.07e-04       8.86e+02    
      14             29         9.7141e+03      5.33e-05       3.84e-05       8.86e+02    
`ftol` termination condition is satisfied.
Function evaluations 29, initial cost 9.7197e+03, final cost 9.7141e+03, first-order optimality 8.86e+02.
a  K=160  init=perp  [round 0 nfev=98 status=3 (xtol`) cost 10045.716]  [round 1 nfev=64 status=2 (ftol`) cost 9733.763]  [round 2 nfev=31 status=2 (ftol`) cost 9719.674]  [round 3 nfev=29 status=2 (ftol`) cost 9714.125]
args: {"K": 160, "bend": 30.0, "box_pose": "", "box_rings": "", "box_trace": 0.15, "bz": "478:562:0.7:40,1160:1230:0.6:40,340:405:0.6:40", "clear": 5.0, "clear_range": "860:1066-388:483", "curl": "340:405:35:60,478:562:50:60,700:790:55:60,925:1025:35:60,1160:1230:55:60", "dbend": 500.0, "delta": 60.0, "dtwist": 500.0, "edge_fair": 0.0, "edge_w": "", "end_pin": 50.0, "energy_ranges": "", "eps": 0.3, "face_margin": 0.3, "faceon": "925:1025:20", "faces": "docs/ribbon/turns/real/faces.json", "flat": 0.0, "flat_ranges": "", "flip_guard": 20.0, "fold": "", "fold2": "", "fold_axis": "", "fold_convex": "", "fold_eq": false, "fold_legs": 5.0, "fold_legs_len": "20", "gap": 14.0, "hide": "", "hide_auto": "", "hmax": 25.5, "hmin": 25.5, "init": "perp", "inside": 0.0, "kappa": 2.0, "lam": 15.0, "lam_h": 50.0, "mask": "", "max_nfev": 150, "mu": 300.0, "no_opt": false, "nu_fold": 0.4, "omega": 0.01, "order": 0.0, "out": "docs/ribbon/turns/real/I2/a", "outer": 4, "outline": 0.0, "outline_assign": "nearest", "outline_boxes": "", "outline_drop_near": "", "outline_excl": "", "outline_fixed": false, "outline_incl": "", "outline_loss": "linear", "outline_pose": "", "pin_range": "", "pose": "docs/ribbon/turns/fit/kk4/pose.json", "redge": 24.0, "rim_pose": "", "rim_side_mode": "centre", "rimlines": "", "rmin": 45.0, "roto": "/Users/ashmitkhurana/Development/Personal/portfolio/docs/ribbon/turns/curve/best/roto.npz", "screenw": "", "sigma": 2.0, "trace_w": 0.15, "twist": 30.0, "w_box": 2.0, "w_face": 15.0, "w_hmin": 50.0, "w_redge": 5.0, "w_rim": 0.0, "w_rmin": 5.0, "w_wfloor": 0.0, "wfloor": 0.0, "wfloor_except": "", "wfloor_mode": "perp", "wfloor_ranges": "", "zprior": "docs/ribbon/turns/fit/kk4/pose.json"}

edge residual css px, point-to-polyline (L and R pooled): mean 8.673  p95 33.999  max 50.904

window       edge resid (L,R pooled)                      h min/med/max          median |b.T|  #|c'|<0.6 s0
[   0, 131]  mean  14.87  p95  32.31  max  43.39           25.5/ 25.5/ 25.5      0.120         2
[ 132, 288]  mean   1.64  p95   5.30  max  11.51           25.5/ 25.5/ 25.5      0.263         0
[ 289, 483]  mean   9.78  p95  21.43  max  25.95           25.5/ 25.5/ 25.5      0.180         26
[ 484, 554]  mean   7.83  p95  16.36  max  16.78           25.5/ 25.5/ 25.5      0.002         0
[ 555, 658]  mean   3.66  p95   9.60  max  11.66           25.5/ 25.5/ 25.5      0.177         6
[ 659, 764]  mean  13.77  p95  38.08  max  42.29           25.5/ 25.5/ 25.5      0.002         0
[ 765, 940]  mean   5.12  p95  19.53  max  33.88           25.5/ 25.5/ 25.5      0.088         0
[ 941,1066]  mean  21.69  p95  48.59  max  50.90           25.5/ 25.5/ 25.5      0.002         14
[1067,1298]  mean   4.78  p95  11.72  max  22.13           25.5/ 25.5/ 25.5      0.028         55
worst window by mean: [941,1066] 21.69 px

dense (4N=5196 samples) surface normal N=TxB: angle change per sample  max 3.782 deg  p99 1.789 deg
   angle per world px of centreline arclength: max 8.9694 deg/px  (p99 3.3304)
   worst dense samples (t, deg, |b.T|): 673.11, 3.8, 0.981; 672.86, 3.8, 0.981; 673.36, 3.8, 0.981; 672.61, 3.7, 0.980; 673.61, 3.7, 0.980
   dense steps > 3 deg: 13, > 6 deg: 0
ripple (|second difference of unit N| per world px^2, dense): max 2.510e-02  p99 1.147e-02  median 4.329e-04
max |b.T| outside fold windows: 0.772   (inside: 0.981)
GATE: min 3D distance between non-adjacent rings (|i-j|>60, surface samples): 13.96 px; pairs < gap 14.0: 3
GATE: screen-overlap pairs (3 px) 1744, order violations (z_front - z_back < 0): 0, (< gap): 7; unique ring pairs violating: 0
end centreline offset from init: ring0 0.0 px, ring N-1 0.0 px
outside-mockup distance (5 pts across band, css px): mean 1.491  max 42.85  frac>0.5px 0.129
outline residual (css px, matched <=25 px: 1576 of 1634 pts): mean 7.369  p95 19.485  max 24.99
run time: 220.4 s
residual block norms (sum of squares): edge 1276.16, smooth 3228.52, jerk 149.43, perp 2433.19, dev 1109.72, depth 716.33, hsm 0.01, wpr 0.00, speed 137.39, hmin 0.02, hmax 3.75, face 4215.46, rmin 163.11, scrw 0.00, wf 0.00, ins 0.00, fcr 2.93, bnd 580.97, twi 117.14, dbn 130.35, dtw 555.42, rmf 0.00, crl 414.03, lgb 0.00, cvx 0.00
