clear_pairs 860:1066-388:483:16: 389 raw sample pairs get gap 16
pairs (raw 1769), clusters 12, constraints 1593, initially violated 0 (max -3.6 px)
clusters: 12 (rule-decided 6, vote-decided 6); input-sample disagreements with the decided order: 0 of 1769 raw sample pairs
top clusters by required separation (px short at input): rings_a-range x rings_b-range | front | rule | disagree/total | need
   176- 237 x  696- 714 | front=a-range | vote | 0/234 | 0.0
   296- 302 x 1047-1049 | front=a-range | vote | 0/10 | 0.0
   321- 322 x 1030-1032 | front=a-range | vote | 0/3 | 0.0
   364- 402 x  980-1016 | front=a-range | R3 | 0/168 | 0.0
   412- 462 x  882- 918 | front=b-range | R2 | 0/335 | 0.0
   580- 632 x 1069-1105 | front=a-range | R1 | 0/175 | 0.0
   586- 622 x  789- 855 | front=a-range | R1 | 0/288 | 0.0
   612- 644 x 1283-1298 | front=a-range | R1 | 0/94 | 0.0
   651- 674 x 1290-1298 | front=a-range | R1 | 0/66 | 0.0
   771- 794 x 1264-1286 | front=a-range | vote | 0/112 | 0.0
   807- 854 x 1065-1110 | front=b-range | vote | 0/273 | 0.0
  1174-1176 x 1235-1239 | front=a-range | vote | 0/11 | 0.0
layer.py docs/ribbon/turns/real/I2/c/pose.json -> docs/ribbon/turns/real/I2/pose.json  gap 12.4 kz 160
screen-overlap sample pairs (raw) 1769, constraints (ring pairs) 1593, violated at input 0 (worst -3.6 px short)
solver SLSQP status 0 iterations 1 objective 0 time 0.0 s
max constraint violation after solve (deduped): 0.000 px; violated constraints (> 0.01): 0
all raw sample pairs after: z_front - z_back min 15.97 px, pairs with < 0: 0, < gap-0.5: 0
dz: max |dz| 0.0 px (min 0.0, max 0.0); max |dz''| 0.0000 px/ring^2
unit check: max change of projected edge screen position 0.00e+00 css px
