DPR2 canvases 780x1688 780x1688
DPR3 canvases 1170x2532 1170x2532
crop_apex.png  120941 B
crop_bottomk.png  256282 B
crop_endstrand.png  166570 B
crop_farleft.png  182706 B
crop_junction.png  107330 B
crop_scurve.png  221352 B
crop_topk.png  171550 B
crop_wrap.png  277267 B
hero.png  1309524 B
ribbon.png  1341658 B
ribbon_crop_apex.png  126294 B
ribbon_crop_bottomk.png  256282 B
ribbon_crop_endstrand.png  166570 B
ribbon_crop_farleft.png  182706 B
ribbon_crop_junction.png  107330 B
ribbon_crop_scurve.png  221352 B
ribbon_crop_topk.png  171550 B
ribbon_crop_wrap.png  277267 B
