DPR2 canvases 780x1688 780x1688
DPR3 canvases 1170x2532 1170x2532
crop_apex.png  99296 B
crop_bottomk.png  248072 B
crop_endstrand.png  150660 B
crop_farleft.png  170222 B
crop_junction.png  107465 B
crop_scurve.png  218785 B
crop_topk.png  177437 B
crop_wrap.png  268779 B
hero.png  1277604 B
ribbon.png  1317099 B
ribbon_crop_apex.png  111225 B
ribbon_crop_bottomk.png  248072 B
ribbon_crop_endstrand.png  150660 B
ribbon_crop_farleft.png  170222 B
ribbon_crop_junction.png  107465 B
ribbon_crop_scurve.png  218785 B
ribbon_crop_topk.png  177437 B
ribbon_crop_wrap.png  268779 B
