fold2 crease 376 R 25: ds 2.34 n 17 (eq 359..393, ruling 353..399, legs to +-37)
fold2 crease 516 R 40: ds 2.77 n 23 (eq 493..539, ruling 487..545, legs to +-43)
fold2 crease 1188 R 40: ds 2.69 n 23 (eq 1165..1211, ruling 1159..1217, legs to +-43)
face rule: sign_A -1 (tail median N.v -0.995)
init cost 43752389.417, residuals 61065, params 1120
round 0: clearance pairs 831, order pairs 0, residuals 61896
   Iteration     Total nfev        Cost      Cost reduction    Step norm     Optimality   
       0              1         4.3752e+07                                    4.28e+05    
       1              2         5.0664e+04      4.37e+07       8.83e+01       2.19e+05    
       2              4         2.5857e+04      2.48e+04       2.16e+01       4.51e+04    
       3              5         1.0602e+04      1.53e+04       2.47e+01       8.06e+04    
       4              6         4.2499e+03      6.35e+03       3.09e+01       1.27e+04    
       5              7         3.0477e+03      1.20e+03       2.49e+01       5.85e+03    
       6              9         2.6100e+03      4.38e+02       6.13e+00       1.58e+03    
       7             10         2.2920e+03      3.18e+02       1.15e+01       5.87e+02    
       8             11         2.1072e+03      1.85e+02       1.56e+01       9.83e+02    
       9             12         2.0231e+03      8.41e+01       1.77e+01       4.45e+02    
      10             13         1.9491e+03      7.40e+01       1.78e+01       3.14e+02    
      11             14         1.9216e+03      2.75e+01       1.30e+01       7.87e+02    
      12             15         1.8984e+03      2.31e+01       1.73e+01       1.29e+03    
      13             16         1.8888e+03      9.60e+00       2.47e+01       3.32e+02    
      14             18         1.8716e+03      1.72e+01       5.02e+00       2.42e+03    
      15             19         1.8439e+03      2.77e+01       5.83e+00       5.18e+02    
      16             21         1.8425e+03      1.46e+00       2.00e+00       2.14e+03    
      17             22         1.8289e+03      1.36e+01       6.01e-01       2.06e+02    
      18             23         1.8269e+03      1.93e+00       1.09e+00       5.98e+01    
      19             24         1.8251e+03      1.85e+00       8.16e-01       1.35e+02    
      20             25         1.8225e+03      2.55e+00       1.08e+00       3.73e+01    
      21             26         1.8193e+03      3.28e+00       1.74e+00       9.88e+01    
      22             27         1.8165e+03      2.74e+00       2.23e+00       3.38e+01    
      23             28         1.8138e+03      2.76e+00       4.26e+00       7.53e+01    
      24             29         1.8117e+03      2.03e+00       3.83e+00       2.65e+01    
      25             30         1.8091e+03      2.64e+00       6.10e+00       2.62e+02    
      26             31         1.8088e+03      3.16e-01       5.56e+00       3.55e+01    
      27             32         1.8064e+03      2.41e+00       1.78e+00       6.46e+01    
      28             33         1.8059e+03      4.17e-01       2.69e+00       2.15e+01    
      29             34         1.8047e+03      1.20e+00       2.30e+00       3.67e+01    
      30             38         1.8047e+03      4.54e-02       1.16e-01       2.48e+01    
      31             43         1.8047e+03      3.75e-03       5.69e-03       1.12e+01    
      32             45         1.8047e+03      1.65e-03       3.61e-03       8.64e+00    
      33             46         1.8047e+03      3.11e-03       7.49e-03       8.41e+00    
      34             49         1.8047e+03      3.79e-04       9.36e-04       8.39e+00    
      35             51         1.8047e+03      1.89e-04       4.68e-04       8.37e+00    
      36             54         1.8047e+03      2.36e-05       5.85e-05       8.37e+00    
      37             55         1.8047e+03      4.71e-05       1.17e-04       8.37e+00    
      38             58         1.8047e+03      5.88e-06       1.46e-05       8.37e+00    
Both `ftol` and `xtol` termination conditions are satisfied.
Function evaluations 58, initial cost 4.3752e+07, final cost 1.8047e+03, first-order optimality 8.37e+00.
round 1: clearance pairs 892, order pairs 0, residuals 61957
   Iteration     Total nfev        Cost      Cost reduction    Step norm     Optimality   
       0              1         1.8318e+03                                    1.02e+03    
       1              3         1.8142e+03      1.77e+01       7.97e+00       2.99e+02    
       2              5         1.8056e+03      8.56e+00       7.58e+00       4.29e+01    
       3              7         1.8045e+03      1.09e+00       3.14e+00       1.48e+02    
       4              9         1.8041e+03      4.13e-01       1.92e+00       4.41e+01    
       5             11         1.8039e+03      1.69e-01       3.84e-01       6.06e+01    
       6             13         1.8038e+03      1.10e-01       2.10e-01       2.81e+01    
       7             16         1.8038e+03      1.98e-02       3.00e-02       7.10e+00    
       8             17         1.8038e+03      3.75e-02       6.77e-02       4.97e+00    
       9             20         1.8038e+03      4.37e-03       8.31e-03       4.86e+00    
      10             22         1.8038e+03      2.16e-03       4.16e-03       4.80e+00    
      11             24         1.8038e+03      1.07e-03       2.08e-03       4.77e+00    
      12             26         1.8038e+03      5.36e-04       1.04e-03       4.75e+00    
      13             28         1.8038e+03      2.67e-04       5.19e-04       4.75e+00    
      14             29         1.8038e+03      5.34e-04       1.04e-03       4.73e+00    
      15             32         1.8038e+03      6.67e-05       1.30e-04       4.73e+00    
      16             34         1.8038e+03      3.33e-05       6.49e-05       4.73e+00    
      17             35         1.8038e+03      6.67e-05       1.30e-04       4.73e+00    
      18             38         1.8038e+03      8.33e-06       1.62e-05       4.73e+00    
Both `ftol` and `xtol` termination conditions are satisfied.
Function evaluations 38, initial cost 1.8318e+03, final cost 1.8038e+03, first-order optimality 4.73e+00.
round 2: clearance pairs 862, order pairs 0, residuals 61927
   Iteration     Total nfev        Cost      Cost reduction    Step norm     Optimality   
       0              1         1.8038e+03                                    4.73e+00    
       1             13         1.8038e+03      0.00e+00       0.00e+00       4.73e+00    
`xtol` termination condition is satisfied.
Function evaluations 13, initial cost 1.8038e+03, final cost 1.8038e+03, first-order optimality 4.73e+00.
round 3: clearance pairs 862, order pairs 0, residuals 61927
   Iteration     Total nfev        Cost      Cost reduction    Step norm     Optimality   
       0              1         1.8038e+03                                    4.73e+00    
       1             13         1.8038e+03      0.00e+00       0.00e+00       4.73e+00    
`xtol` termination condition is satisfied.
Function evaluations 13, initial cost 1.8038e+03, final cost 1.8038e+03, first-order optimality 4.73e+00.
c  K=160  init=perp  [round 0 nfev=58 status=4 (Both) cost 1804.684]  [round 1 nfev=38 status=4 (Both) cost 1803.754]  [round 2 nfev=13 status=3 (xtol`) cost 1803.754]  [round 3 nfev=13 status=3 (xtol`) cost 1803.754]
args: {"K": 160, "bend": 30.0, "box_pose": "", "box_rings": "", "box_trace": 0.15, "clear": 5.0, "clear_range": "860:1066-388:483", "dbend": 500.0, "delta": 60.0, "dtwist": 500.0, "edge_fair": 0.0, "edge_w": "", "end_pin": 50.0, "energy_ranges": "", "eps": 1.0, "face_margin": 0.3, "faceon": "", "faces": "docs/ribbon/turns/real/faces_v2.json", "flat": 6.0, "flat_ranges": "430:600,1120:1250", "flip_guard": 20.0, "fold": "", "fold2": "376:25:20,516:40:20,1188:40:20", "fold_axis": "", "fold_convex": "516:10,1188:10", "fold_eq": false, "fold_legs": 5.0, "fold_legs_len": "20", "gap": 14.0, "hide": "", "hide_auto": "", "hmax": 25.5, "hmin": 25.5, "init": "perp", "inside": 0.0, "kappa": 2.0, "lam": 15.0, "lam_h": 50.0, "mask": "", "max_nfev": 150, "mu": 300.0, "no_opt": false, "nu_fold": 0.4, "omega": 0.01, "order": 0.0, "out": "docs/ribbon/turns/real/G1/c", "outer": 4, "outline": 0.0, "outline_assign": "nearest", "outline_boxes": "", "outline_drop_near": "", "outline_excl": "", "outline_fixed": false, "outline_incl": "", "outline_loss": "linear", "outline_pose": "", "pin_range": "", "pose": "docs/ribbon/turns/real/G1/b_pose.json", "redge": 24.0, "rim_pose": "", "rim_side_mode": "centre", "rimlines": "", "rmin": 45.0, "roto": "/Users/ashmitkhurana/Development/Personal/portfolio/docs/ribbon/turns/curve/best/roto.npz", "screenw": "", "sigma": 2.0, "trace_w": 0.15, "twist": 30.0, "w_box": 2.0, "w_face": 15.0, "w_hmin": 50.0, "w_redge": 5.0, "w_rim": 0.0, "w_rmin": 5.0, "w_wfloor": 0.0, "wfloor": 0.0, "wfloor_except": "", "wfloor_mode": "perp", "wfloor_ranges": "", "zprior": "docs/ribbon/turns/real/G1/b_pose.json"}

edge residual css px, point-to-polyline (L and R pooled): mean 5.778  p95 17.837  max 43.359

window       edge resid (L,R pooled)                      h min/med/max          median |b.T|  #|c'|<0.6 s0
[   0, 131]  mean  14.89  p95  32.29  max  43.36           25.5/ 25.5/ 25.5      0.129         0
[ 132, 288]  mean   1.77  p95   5.03  max  11.62           25.5/ 25.5/ 25.5      0.393         0
[ 289, 483]  mean   4.32  p95  12.18  max  14.07           25.5/ 25.5/ 25.5      0.338         2
[ 484, 554]  mean   7.47  p95  18.57  max  19.72           25.5/ 25.5/ 25.5      0.399         0
[ 555, 658]  mean   2.00  p95   5.02  max   6.12           25.5/ 25.5/ 25.5      0.175         0
[ 659, 764]  mean   8.16  p95  15.45  max  17.04           25.5/ 25.5/ 25.5      0.654         0
[ 765, 940]  mean   1.91  p95   4.69  max   7.80           25.5/ 25.5/ 25.5      0.149         0
[ 941,1066]  mean  10.49  p95  19.23  max  20.10           25.5/ 25.5/ 25.5      0.216         4
[1067,1298]  mean   4.99  p95  13.42  max  21.67           25.5/ 25.5/ 25.5      0.237         1
worst window by mean: [0,131] 14.89 px

dense (4N=5196 samples) surface normal N=TxB: angle change per sample  max 26.326 deg  p99 2.560 deg
   angle per world px of centreline arclength: max 35.1632 deg/px  (p99 3.9959)
   worst dense samples (t, deg, |b.T|): 515.45, 26.3, 1.000; 515.20, 25.3, 0.999; 515.70, 19.9, 0.999; 514.95, 18.4, 0.999; 515.95, 13.2, 0.999
   dense steps > 3 deg: 34, > 6 deg: 10
ripple (|second difference of unit N| per world px^2, dense): max 3.585e-01  p99 1.106e-02  median 4.083e-04
max |b.T| outside fold windows: 0.978   (inside: 0.999)
GATE: min 3D distance between non-adjacent rings (|i-j|>60, surface samples): 13.98 px; pairs < gap 14.0: 1
GATE: screen-overlap pairs (3 px) 1775, order violations (z_front - z_back < 0): 0, (< gap): 6; unique ring pairs violating: 0
end centreline offset from init: ring0 0.0 px, ring N-1 0.0 px
outside-mockup distance (5 pts across band, css px): mean 0.821  max 24.62  frac>0.5px 0.142
outline residual (css px, matched <=25 px: 1613 of 1634 pts): mean 6.151  p95 18.280  max 24.86
run time: 87.3 s
residual block norms (sum of squares): edge 779.87, smooth 78.42, jerk 147.47, perp 88.51, dev 42.94, depth 43.10, hsm 0.00, wpr 0.00, speed 4.81, hmin 0.00, hmax 0.00, face 0.00, rmin 7.35, scrw 0.00, wf 0.00, ins 0.00, fcr 22.44, bnd 677.68, twi 3.88, dbn 150.45, dtw 0.74, rmf 92.30, crl 3.40, lgb 92.58, cvx 68.04
