DPR2 canvases 780x1688 780x1688
DPR3 canvases 1170x2532 1170x2532
crop_apex.png  127285 B
crop_bottomk.png  264662 B
crop_endstrand.png  165431 B
crop_farleft.png  182291 B
crop_junction.png  102319 B
crop_scurve.png  217839 B
crop_topk.png  171750 B
crop_wrap.png  290942 B
hero.png  1332429 B
ribbon.png  1361885 B
ribbon_crop_apex.png  131105 B
ribbon_crop_bottomk.png  264662 B
ribbon_crop_endstrand.png  165431 B
ribbon_crop_farleft.png  182291 B
ribbon_crop_junction.png  102319 B
ribbon_crop_scurve.png  217839 B
ribbon_crop_topk.png  171750 B
ribbon_crop_wrap.png  290942 B
