DPR2 canvases 780x1688 780x1688
DPR3 canvases 1170x2532 1170x2532
crop_apex.png  99687 B
crop_bottomk.png  247243 B
crop_endstrand.png  149694 B
crop_farleft.png  170594 B
crop_junction.png  104109 B
crop_scurve.png  218969 B
crop_topk.png  177092 B
crop_wrap.png  269312 B
hero.png  1276266 B
ribbon.png  1315662 B
ribbon_crop_apex.png  111609 B
ribbon_crop_bottomk.png  247243 B
ribbon_crop_endstrand.png  149694 B
ribbon_crop_farleft.png  170594 B
ribbon_crop_junction.png  104109 B
ribbon_crop_scurve.png  218969 B
ribbon_crop_topk.png  177092 B
ribbon_crop_wrap.png  269312 B
