DPR2 canvases 780x1688 780x1688
DPR3 canvases 1170x2532 1170x2532
crop_apex.png  128403 B
crop_bottomk.png  267609 B
crop_endstrand.png  167980 B
crop_farleft.png  176653 B
crop_junction.png  98559 B
crop_scurve.png  218202 B
crop_topk.png  169509 B
crop_wrap.png  289168 B
hero.png  1322790 B
ribbon.png  1355320 B
ribbon_crop_apex.png  134352 B
ribbon_crop_bottomk.png  267609 B
ribbon_crop_endstrand.png  167980 B
ribbon_crop_farleft.png  176653 B
ribbon_crop_junction.png  98559 B
ribbon_crop_scurve.png  218202 B
ribbon_crop_topk.png  169509 B
ribbon_crop_wrap.png  289168 B
