bz rings 478..562 t 0.80 w 20.0
bz rings 1160..1230 t 0.80 w 20.0
bz rings 340..405 t 0.80 w 20.0
curl rings 340..405 R 35 w 60.0
curl rings 478..562 R 50 w 60.0
curl rings 700..790 R 55 w 60.0
curl rings 925..1025 R 35 w 60.0
curl rings 1160..1230 R 55 w 60.0
face rule: sign_A -1 (tail median N.v -0.991)
init cost 202266804.715, residuals 59766, params 1120
round 0: clearance pairs 973, order pairs 0, residuals 60739
   Iteration     Total nfev        Cost      Cost reduction    Step norm     Optimality   
       0              1         2.0229e+08                                    5.99e+07    
       1              2         5.9618e+06      1.96e+08       2.26e+02       1.14e+08    
       2              3         1.4068e+06      4.55e+06       1.75e+02       1.67e+07    
       3              4         3.0007e+05      1.11e+06       1.46e+02       8.44e+05    
       4              6         1.3118e+05      1.69e+05       3.31e+01       5.16e+05    
       5              8         7.7970e+04      5.32e+04       2.22e+01       2.99e+05    
       6              9         2.8969e+04      4.90e+04       4.87e+01       5.53e+04    
       7             10         1.7535e+04      1.14e+04       4.75e+01       1.81e+04    
       8             12         1.4475e+04      3.06e+03       1.74e+01       1.10e+04    
       9             13         1.0951e+04      3.52e+03       3.50e+01       3.53e+03    
      10             15         1.0112e+04      8.39e+02       1.39e+01       2.24e+03    
      11             16         9.3368e+03      7.75e+02       2.82e+01       1.97e+03    
      12             18         9.1084e+03      2.28e+02       1.14e+01       3.56e+03    
      13             20         8.9869e+03      1.21e+02       6.81e+00       4.69e+03    
      14             22         8.9504e+03      3.65e+01       3.13e+00       3.98e+03    
      15             24         8.9424e+03      8.02e+00       1.51e+00       4.49e+03    
      16             25         8.8958e+03      4.66e+01       4.38e-01       1.80e+03    
      17             26         8.8836e+03      1.22e+01       4.09e-01       1.64e+03    
      18             27         8.8734e+03      1.02e+01       5.13e-01       1.00e+03    
      19             28         8.8654e+03      8.09e+00       8.95e-01       9.02e+02    
      20             29         8.8612e+03      4.12e+00       8.27e-01       6.47e+02    
      21             30         8.8574e+03      3.81e+00       7.96e-01       7.55e+02    
      22             32         8.8539e+03      3.51e+00       2.02e-01       5.40e+02    
      23             33         8.8528e+03      1.12e+00       2.41e-01       5.82e+02    
      24             34         8.8503e+03      2.52e+00       2.64e-01       5.40e+02    
      25             35         8.8490e+03      1.30e+00       4.62e-01       5.40e+02    
      26             36         8.8469e+03      2.10e+00       4.18e-01       5.40e+02    
      27             37         8.8442e+03      2.67e+00       6.44e-01       5.39e+02    
      28             38         8.8389e+03      5.33e+00       8.68e-01       5.37e+02    
      29             39         8.8317e+03      7.21e+00       9.87e-01       5.32e+02    
      30             40         8.8194e+03      1.22e+01       1.26e+00       5.21e+02    
      31             41         8.8012e+03      1.82e+01       1.71e+00       5.05e+02    
      32             42         8.7650e+03      3.62e+01       3.57e+00       4.73e+02    
      33             43         8.7024e+03      6.26e+01       5.05e+00       4.92e+02    
      34             44         8.6029e+03      9.95e+01       1.05e+01       5.56e+02    
      35             45         8.4972e+03      1.06e+02       2.01e+01       2.08e+03    
      36             48         8.4747e+03      2.25e+01       2.52e+00       4.09e+03    
      37             50         8.4665e+03      8.24e+00       2.36e+00       4.26e+03    
      38             52         8.4611e+03      5.36e+00       1.29e+00       1.93e+03    
      39             54         8.4576e+03      3.56e+00       2.59e-01       2.27e+03    
      40             55         8.4535e+03      4.10e+00       5.96e-01       1.36e+03    
      41             57         8.4529e+03      5.60e-01       2.95e-01       1.38e+03    
      42             60         8.4526e+03      2.71e-01       1.05e-02       6.90e+02    
      43             63         8.4526e+03      2.00e-02       2.51e-03       6.14e+02    
      44             65         8.4526e+03      9.11e-03       1.35e-03       5.78e+02    
      45             66         8.4526e+03      1.66e-02       2.97e-03       5.11e+02    
      46             69         8.4526e+03      1.94e-03       3.88e-04       5.03e+02    
      47             71         8.4526e+03      9.60e-04       1.96e-04       4.99e+02    
      48             72         8.4526e+03      1.90e-03       3.96e-04       4.91e+02    
      49             76         8.4526e+03      5.89e-05       1.24e-05       4.91e+02    
Both `ftol` and `xtol` termination conditions are satisfied.
Function evaluations 76, initial cost 2.0229e+08, final cost 8.4526e+03, first-order optimality 4.91e+02.
round 1: clearance pairs 255, order pairs 0, residuals 60021
   Iteration     Total nfev        Cost      Cost reduction    Step norm     Optimality   
       0              1         8.5886e+03                                    2.48e+03    
       1              3         8.4045e+03      1.84e+02       2.31e+01       6.02e+04    
       2              6         8.3498e+03      5.46e+01       2.01e+00       7.46e+03    
       3              7         8.2737e+03      7.61e+01       3.81e+00       4.29e+03    
       4              9         8.2647e+03      9.02e+00       1.93e+00       1.01e+03    
       5             11         8.2581e+03      6.63e+00       3.74e-01       6.25e+02    
       6             12         8.2534e+03      4.70e+00       4.32e-01       5.15e+02    
       7             13         8.2455e+03      7.93e+00       8.08e-01       3.80e+02    
       8             14         8.2346e+03      1.08e+01       1.48e+00       6.10e+02    
       9             16         8.2307e+03      3.99e+00       8.01e-01       1.58e+03    
      10             18         8.2280e+03      2.63e+00       1.89e-01       3.20e+02    
      11             19         8.2269e+03      1.08e+00       2.23e-01       3.52e+02    
      12             20         8.2240e+03      2.96e+00       4.27e-01       2.24e+02    
      13             21         8.2199e+03      4.11e+00       8.22e-01       4.45e+02    
      14             22         8.2171e+03      2.76e+00       1.75e+00       1.40e+03    
      15             24         8.2108e+03      6.26e+00       4.39e-01       4.05e+02    
      16             25         8.2087e+03      2.18e+00       4.76e-01       3.24e+02    
      17             26         8.2045e+03      4.15e+00       9.45e-01       3.92e+02    
      18             27         8.1997e+03      4.82e+00       2.03e+00       7.81e+02    
      19             29         8.1971e+03      2.61e+00       6.92e-01       9.34e+02    
      20             30         8.1968e+03      2.77e-01       1.05e+00       6.04e+02    
      21             31         8.1939e+03      2.91e+00       3.23e-01       4.12e+02    
      22             32         8.1927e+03      1.23e+00       5.51e-01       2.51e+02    
      23             33         8.1915e+03      1.18e+00       5.78e-01       4.36e+02    
      24             34         8.1905e+03      1.00e+00       6.56e-01       6.73e+02    
      25             36         8.1895e+03      1.00e+00       2.39e-01       2.53e+02    
      26             37         8.1892e+03      2.38e-01       2.74e-01       4.31e+02    
      27             38         8.1890e+03      2.69e-01       8.06e-02       3.14e+02    
      28             39         8.1886e+03      3.81e-01       1.31e-01       2.28e+02    
      29             40         8.1879e+03      7.38e-01       2.78e-01       3.04e+02    
      30             41         8.1868e+03      1.02e+00       5.62e-01       3.00e+02    
      31             42         8.1854e+03      1.42e+00       5.49e-01       4.58e+02    
      32             44         8.1848e+03      5.87e-01       2.63e-01       5.37e+02    
      33             45         8.1838e+03      1.02e+00       3.08e-01       3.16e+02    
      34             46         8.1831e+03      6.59e-01       6.38e-01       5.24e+02    
      35             48         8.1822e+03      9.01e-01       1.58e-01       3.25e+02    
      36             51         8.1822e+03      5.26e-02       1.99e-02       3.32e+02    
      37             53         8.1822e+03      2.56e-02       9.71e-03       3.34e+02    
      38             54         8.1821e+03      5.04e-02       1.95e-02       3.35e+02    
      39             57         8.1821e+03      6.25e-03       2.41e-03       3.35e+02    
      40             58         8.1821e+03      1.25e-02       4.82e-03       3.36e+02    
      41             61         8.1821e+03      1.55e-03       6.00e-04       3.36e+02    
      42             62         8.1821e+03      3.11e-03       1.20e-03       3.36e+02    
      43             65         8.1821e+03      3.88e-04       1.50e-04       3.36e+02    
      44             66         8.1821e+03      7.76e-04       3.00e-04       3.36e+02    
      45             69         8.1821e+03      9.70e-05       3.75e-05       3.36e+02    
      46             70         8.1821e+03      1.94e-04       7.50e-05       3.36e+02    
      47             73         8.1821e+03      2.43e-05       9.38e-06       3.36e+02    
Both `ftol` and `xtol` termination conditions are satisfied.
Function evaluations 73, initial cost 8.5886e+03, final cost 8.1821e+03, first-order optimality 3.36e+02.
round 2: clearance pairs 211, order pairs 0, residuals 59977
   Iteration     Total nfev        Cost      Cost reduction    Step norm     Optimality   
       0              1         8.1821e+03                                    3.36e+02    
       1              3         8.1749e+03      7.24e+00       1.92e+01       1.02e+03    
       2              6         8.1732e+03      1.68e+00       1.48e+00       4.37e+02    
       3              7         8.1631e+03      1.01e+01       3.85e-01       2.86e+02    
       4              8         8.1592e+03      3.93e+00       9.98e-01       2.14e+02    
       5              9         8.1564e+03      2.79e+00       1.73e+00       3.07e+02    
       6             10         8.1524e+03      4.00e+00       2.98e+00       2.92e+02    
       7             11         8.1487e+03      3.66e+00       5.65e+00       2.58e+02    
       8             14         8.1482e+03      4.96e-01       5.39e-01       3.56e+02    
       9             15         8.1473e+03      8.82e-01       5.73e-01       2.57e+02    
      10             16         8.1455e+03      1.80e+00       9.02e-01       2.81e+02    
      11             17         8.1444e+03      1.10e+00       1.64e+00       2.85e+02    
      12             18         8.1443e+03      1.02e-01       1.76e+00       5.19e+02    
      13             19         8.1422e+03      2.14e+00       7.33e-01       5.64e+02    
      14             20         8.1417e+03      4.89e-01       5.41e-01       3.66e+02    
      15             21         8.1414e+03      2.64e-01       8.03e-01       4.48e+02    
      16             23         8.1412e+03      1.80e-01       2.67e-01       2.86e+02    
      17             24         8.1410e+03      1.95e-01       2.20e-01       3.70e+02    
      18             26         8.1410e+03      4.32e-02       3.29e-02       3.56e+02    
      19             28         8.1410e+03      2.08e-02       1.19e-02       3.52e+02    
      20             29         8.1409e+03      4.09e-02       2.19e-02       3.40e+02    
      21             32         8.1409e+03      5.10e-03       2.46e-03       3.40e+02    
      22             34         8.1409e+03      2.55e-03       1.22e-03       3.40e+02    
      23             36         8.1409e+03      1.27e-03       6.05e-04       3.40e+02    
      24             37         8.1409e+03      2.55e-03       1.21e-03       3.40e+02    
      25             40         8.1409e+03      3.18e-04       1.50e-04       3.40e+02    
      26             41         8.1409e+03      6.36e-04       3.01e-04       3.40e+02    
      27             44         8.1409e+03      7.95e-05       3.76e-05       3.40e+02    
`ftol` termination condition is satisfied.
Function evaluations 44, initial cost 8.1821e+03, final cost 8.1409e+03, first-order optimality 3.40e+02.
round 3: clearance pairs 185, order pairs 0, residuals 59951
   Iteration     Total nfev        Cost      Cost reduction    Step norm     Optimality   
       0              1         8.1409e+03                                    3.40e+02    
       1              3         8.1318e+03      9.17e+00       1.57e+01       2.17e+02    
       2              7         8.1307e+03      1.07e+00       5.11e-01       3.17e+02    
       3              9         8.1307e+03      2.13e-02       2.18e-01       3.21e+02    
       4             10         8.1306e+03      8.40e-02       6.96e-02       3.25e+02    
       5             11         8.1301e+03      4.66e-01       1.29e-01       3.10e+02    
       6             14         8.1301e+03      1.80e-02       1.25e-02       3.16e+02    
       7             16         8.1301e+03      8.94e-03       6.13e-03       3.19e+02    
       8             18         8.1301e+03      4.46e-03       3.03e-03       3.20e+02    
       9             20         8.1301e+03      2.23e-03       1.50e-03       3.21e+02    
      10             21         8.1301e+03      4.45e-03       3.01e-03       3.22e+02    
      11             24         8.1301e+03      5.55e-04       3.73e-04       3.22e+02    
      12             26         8.1301e+03      2.78e-04       1.86e-04       3.22e+02    
      13             29         8.1301e+03      3.47e-05       2.33e-05       3.22e+02    
Both `ftol` and `xtol` termination conditions are satisfied.
Function evaluations 29, initial cost 8.1409e+03, final cost 8.1301e+03, first-order optimality 3.22e+02.
a  K=160  init=perp  [round 0 nfev=76 status=4 (Both) cost 8452.584]  [round 1 nfev=73 status=4 (Both) cost 8182.095]  [round 2 nfev=44 status=2 (ftol`) cost 8140.927]  [round 3 nfev=29 status=4 (Both) cost 8130.079]
args: {"K": 160, "bend": 30.0, "box_pose": "", "box_rings": "", "box_trace": 0.15, "bz": "478:562:0.8:20,1160:1230:0.8:20,340:405:0.8:20", "clear": 5.0, "clear_range": "860:1066-388:483", "curl": "340:405:35:60,478:562:50:60,700:790:55:60,925:1025:35:60,1160:1230:55:60", "dbend": 500.0, "delta": 60.0, "dtwist": 500.0, "edge_fair": 0.0, "edge_w": "", "end_pin": 50.0, "energy_ranges": "", "eps": 0.3, "face_margin": 0.3, "faceon": "925:1025:20", "faces": "docs/ribbon/turns/real/faces.json", "flat": 0.0, "flat_ranges": "", "flip_guard": 20.0, "fold": "", "fold2": "", "fold_axis": "", "fold_convex": "", "fold_eq": false, "fold_legs": 5.0, "fold_legs_len": "20", "gap": 14.0, "hide": "", "hide_auto": "", "hmax": 25.5, "hmin": 25.5, "init": "perp", "inside": 0.0, "kappa": 2.0, "lam": 15.0, "lam_h": 50.0, "mask": "", "max_nfev": 150, "mu": 300.0, "no_opt": false, "nu_fold": 0.4, "omega": 0.01, "order": 0.0, "out": "docs/ribbon/turns/real/I3/a", "outer": 4, "outline": 0.0, "outline_assign": "nearest", "outline_boxes": "", "outline_drop_near": "", "outline_excl": "", "outline_fixed": false, "outline_incl": "", "outline_loss": "linear", "outline_pose": "", "pin_range": "", "pose": "docs/ribbon/turns/fit/kk4/pose.json", "redge": 24.0, "rim_pose": "", "rim_side_mode": "centre", "rimlines": "", "rmin": 45.0, "roto": "/Users/ashmitkhurana/Development/Personal/portfolio/docs/ribbon/turns/curve/best/roto.npz", "screenw": "", "sigma": 2.0, "trace_w": 0.15, "twist": 30.0, "w_box": 2.0, "w_face": 15.0, "w_hmin": 50.0, "w_redge": 5.0, "w_rim": 0.0, "w_rmin": 5.0, "w_wfloor": 0.0, "wfloor": 0.0, "wfloor_except": "", "wfloor_mode": "perp", "wfloor_ranges": "", "zprior": "docs/ribbon/turns/fit/kk4/pose.json"}

edge residual css px, point-to-polyline (L and R pooled): mean 8.990  p95 31.721  max 47.472

window       edge resid (L,R pooled)                      h min/med/max          median |b.T|  #|c'|<0.6 s0
[   0, 131]  mean  14.91  p95  32.30  max  43.44           25.5/ 25.5/ 25.5      0.137         2
[ 132, 288]  mean   1.57  p95   4.41  max  10.60           25.5/ 25.5/ 25.5      0.598         0
[ 289, 483]  mean  10.25  p95  22.99  max  31.30           25.5/ 25.5/ 25.5      0.115         33
[ 484, 554]  mean   9.88  p95  18.98  max  19.22           25.5/ 25.5/ 25.5      0.002         0
[ 555, 658]  mean   4.39  p95  11.26  max  14.57           25.5/ 25.5/ 25.5      0.272         4
[ 659, 764]  mean  13.81  p95  40.55  max  45.34           25.5/ 25.5/ 25.5      0.002         0
[ 765, 940]  mean   5.28  p95  20.08  max  33.54           25.5/ 25.5/ 25.5      0.086         0
[ 941,1066]  mean  19.12  p95  45.42  max  47.47           25.5/ 25.5/ 25.5      0.002         14
[1067,1298]  mean   6.49  p95  20.49  max  29.72           25.5/ 25.5/ 25.5      0.053         35
worst window by mean: [941,1066] 19.12 px

dense (4N=5196 samples) surface normal N=TxB: angle change per sample  max 4.270 deg  p99 1.741 deg
   angle per world px of centreline arclength: max 10.2333 deg/px  (p99 3.6590)
   worst dense samples (t, deg, |b.T|): 181.15, 4.3, 0.993; 181.40, 4.3, 0.993; 180.90, 4.2, 0.993; 181.65, 4.2, 0.993; 180.65, 4.2, 0.993
   dense steps > 3 deg: 16, > 6 deg: 0
ripple (|second difference of unit N| per world px^2, dense): max 3.349e-02  p99 1.153e-02  median 4.261e-04
max |b.T| outside fold windows: 0.809   (inside: 0.993)
GATE: min 3D distance between non-adjacent rings (|i-j|>60, surface samples): 13.93 px; pairs < gap 14.0: 3
GATE: screen-overlap pairs (3 px) 1797, order violations (z_front - z_back < 0): 0, (< gap): 2; unique ring pairs violating: 0
end centreline offset from init: ring0 0.0 px, ring N-1 0.0 px
outside-mockup distance (5 pts across band, css px): mean 1.447  max 40.64  frac>0.5px 0.143
outline residual (css px, matched <=25 px: 1614 of 1634 pts): mean 7.764  p95 19.386  max 24.98
run time: 167.0 s
residual block norms (sum of squares): edge 1487.48, smooth 2538.70, jerk 143.25, perp 2612.70, dev 1085.97, depth 741.22, hsm 0.01, wpr 0.00, speed 84.79, hmin 0.04, hmax 3.47, face 1675.06, rmin 179.93, scrw 0.00, wf 0.00, ins 0.00, fcr 2.90, bnd 580.32, twi 130.29, dbn 136.58, dtw 535.66, rmf 0.00, crl 480.08, lgb 0.00, cvx 0.00
