bz rings 478..562 t 0.80 w 20.0
bz rings 1160..1230 t 0.80 w 20.0
bz rings 340..405 t 0.80 w 20.0
curl rings 340..405 R 35 w 60.0
curl rings 478..562 R 50 w 60.0
curl rings 700..790 R 55 w 60.0
curl rings 925..1025 R 35 w 60.0
curl rings 1160..1230 R 55 w 60.0
face rule: sign_A -1 (tail median N.v -0.995)
init cost 20733294.435, residuals 59766, params 1120
round 0: clearance pairs 242, order pairs 0, residuals 60008
   Iteration     Total nfev        Cost      Cost reduction    Step norm     Optimality   
       0              1         2.0733e+07                                    3.02e+07    
       1              2         4.4287e+05      2.03e+07       1.25e+02       2.27e+06    
       2              5         2.9888e+05      1.44e+05       1.39e+01       1.56e+06    
       3              6         6.7601e+04      2.31e+05       3.71e+01       1.55e+05    
       4              7         2.6257e+04      4.13e+04       4.10e+01       3.77e+04    
       5              8         8.2006e+03      1.81e+04       4.18e+01       7.50e+03    
       6             10         6.3329e+03      1.87e+03       1.86e+01       5.48e+03    
       7             12         5.3119e+03      1.02e+03       1.05e+01       4.31e+03    
       8             14         4.8513e+03      4.61e+02       6.03e+00       3.60e+03    
       9             16         4.6910e+03      1.60e+02       3.29e+00       3.31e+03    
      10             17         4.3967e+03      2.94e+02       7.40e+00       2.65e+03    
      11             18         3.9098e+03      4.87e+02       1.38e+01       1.82e+03    
      12             19         3.5768e+03      3.33e+02       1.21e+01       1.39e+03    
      13             20         3.2791e+03      2.98e+02       2.12e+01       8.26e+02    
      14             21         3.0102e+03      2.69e+02       1.63e+01       4.32e+02    
      15             23         2.9939e+03      1.63e+01       4.69e+00       9.17e+02    
      16             24         2.8910e+03      1.03e+02       8.79e+00       1.83e+03    
      17             25         2.8017e+03      8.93e+01       9.29e+00       1.84e+02    
      18             26         2.7483e+03      5.34e+01       3.47e+00       1.68e+02    
      19             27         2.6868e+03      6.15e+01       4.95e+00       1.69e+03    
      20             28         2.5787e+03      1.08e+02       1.04e+01       7.84e+02    
      21             30         2.5542e+03      2.45e+01       3.40e+00       3.24e+02    
      22             31         2.5465e+03      7.63e+00       7.48e+00       2.45e+02    
      23             34         2.5275e+03      1.91e+01       6.29e-01       2.16e+02    
      24             35         2.5191e+03      8.38e+00       2.07e+00       4.14e+02    
      25             37         2.5160e+03      3.14e+00       1.32e+00       8.72e+01    
      26             38         2.5157e+03      2.95e-01       1.24e+00       3.73e+02    
      27             39         2.5147e+03      9.40e-01       8.54e-01       8.78e+01    
      28             40         2.5145e+03      2.55e-01       3.99e-01       8.79e+01    
      29             41         2.5142e+03      2.81e-01       5.08e-01       8.85e+01    
      30             43         2.5141e+03      1.24e-01       4.68e-01       8.86e+01    
      31             44         2.5140e+03      7.20e-02       4.31e-01       8.87e+01    
      32             45         2.5140e+03      1.56e-02       5.91e-01       8.87e+01    
      33             46         2.5139e+03      7.13e-02       2.31e-01       8.87e+01    
      34             47         2.5139e+03      3.25e-02       2.43e-01       8.88e+01    
      35             48         2.5138e+03      3.07e-02       2.50e-01       8.88e+01    
      36             49         2.5138e+03      2.79e-02       2.87e-01       8.89e+01    
      37             50         2.5138e+03      2.58e-02       3.27e-01       8.89e+01    
      38             51         2.5138e+03      2.40e-02       3.60e-01       8.90e+01    
      39             52         2.5137e+03      2.36e-02       3.85e-01       8.90e+01    
      40             53         2.5137e+03      2.29e-02       3.98e-01       8.91e+01    
      41             54         2.5137e+03      2.31e-02       4.05e-01       8.91e+01    
      42             55         2.5137e+03      2.23e-02       4.09e-01       8.92e+01    
      43             56         2.5137e+03      2.24e-02       4.12e-01       8.92e+01    
      44             57         2.5136e+03      2.16e-02       4.14e-01       8.93e+01    
      45             58         2.5136e+03      2.30e-02       1.21e-01       8.93e+01    
      46             59         2.5136e+03      1.73e-02       1.47e-01       8.93e+01    
      47             60         2.5136e+03      1.74e-02       1.09e-01       8.94e+01    
      48             61         2.5135e+03      3.40e-02       1.21e-01       8.95e+01    
      49             62         2.5135e+03      6.38e-02       2.02e-01       8.97e+01    
      50             63         2.5134e+03      1.10e-01       3.77e-01       9.01e+01    
      51             64         2.5133e+03      3.63e-02       7.12e-01       9.06e+01    
      52             65         2.5132e+03      1.29e-01       5.04e-01       9.06e+01    
      53             66         2.5132e+03      3.23e-02       1.08e-01       9.07e+01    
      54             67         2.5131e+03      6.02e-02       1.53e-01       9.09e+01    
      55             68         2.5130e+03      1.15e-01       2.51e-01       9.14e+01    
      56             69         2.5128e+03      2.29e-01       3.00e-01       9.19e+01    
      57             70         2.5124e+03      3.86e-01       2.44e-01       9.20e+01    
      58             71         2.5120e+03      4.24e-01       1.98e-01       9.14e+01    
      59             72         2.5113e+03      6.36e-01       2.48e-01       9.03e+01    
      60             73         2.5103e+03      1.04e+00       3.42e-01       8.88e+01    
      61             74         2.5083e+03      1.93e+00       6.47e-01       8.56e+01    
      62             75         2.5048e+03      3.55e+00       1.23e+00       7.93e+01    
      63             76         2.4984e+03      6.38e+00       2.45e+00       6.68e+01    
      64             78         2.4958e+03      2.59e+00       1.32e+00       6.09e+01    
      65             79         2.4906e+03      5.18e+00       2.79e+00       4.98e+01    
      66             80         2.4848e+03      5.81e+00       6.73e+00       3.53e+01    
      67             84         2.4843e+03      5.27e-01       3.35e-01       3.47e+01    
      68             85         2.4840e+03      2.68e-01       1.29e+00       4.70e+01    
      69             86         2.4819e+03      2.18e+00       2.04e+00       3.95e+01    
      70             87         2.4813e+03      5.44e-01       2.08e+00       3.75e+01    
      71             88         2.4809e+03      4.37e-01       9.91e-01       3.60e+01    
      72             89         2.4802e+03      7.07e-01       9.09e-01       3.42e+01    
      73             90         2.4792e+03      9.98e-01       1.72e+00       3.14e+01    
      74             91         2.4771e+03      2.10e+00       3.46e+00       4.38e+01    
      75             92         2.4745e+03      2.63e+00       7.44e+00       2.20e+02    
      76             93         2.4706e+03      3.87e+00       1.34e+01       5.47e+01    
      77             95         2.4688e+03      1.75e+00       3.74e+00       1.25e+01    
      78             96         2.4687e+03      1.00e-01       6.90e+00       1.82e+01    
      79             99         2.4682e+03      5.71e-01       4.90e-01       4.65e+01    
      80             101        2.4680e+03      1.66e-01       1.17e-01       5.53e+01    
      81             102        2.4672e+03      7.62e-01       2.25e-01       9.86e+00    
      82             103        2.4669e+03      2.93e-01       1.29e-01       1.07e+01    
      83             104        2.4666e+03      3.75e-01       2.01e-01       1.13e+01    
      84             105        2.4661e+03      4.60e-01       3.50e-01       1.18e+01    
      85             106        2.4657e+03      4.29e-01       4.09e-01       1.19e+01    
      86             107        2.4654e+03      2.67e-01       6.18e-01       1.19e+01    
      87             108        2.4644e+03      1.02e+00       8.23e-01       1.24e+01    
      88             109        2.4635e+03      8.44e-01       1.53e+00       1.23e+01    
      89             110        2.4616e+03      1.97e+00       1.56e+00       1.19e+01    
      90             111        2.4588e+03      2.77e+00       3.12e+00       1.07e+01    
      91             112        2.4541e+03      4.73e+00       6.83e+00       3.02e+01    
      92             116        2.4539e+03      1.32e-01       1.45e-01       4.87e+01    
      93             117        2.4531e+03      8.19e-01       4.77e-01       1.49e+01    
      94             118        2.4527e+03      4.59e-01       5.05e-01       1.32e+01    
      95             119        2.4524e+03      2.43e-01       7.66e-01       1.15e+01    
      96             120        2.4516e+03      8.11e-01       7.60e-01       1.02e+01    
      97             121        2.4512e+03      3.96e-01       1.28e+00       1.20e+01    
      98             122        2.4503e+03      9.60e-01       1.31e+00       1.39e+01    
      99             123        2.4498e+03      4.83e-01       2.55e+00       3.44e+01    
      100            125        2.4497e+03      1.25e-01       8.06e-01       1.48e+02    
      101            126        2.4485e+03      1.18e+00       1.33e+00       1.37e+01    
      102            127        2.4484e+03      2.51e-02       1.09e+00       5.02e+00    
      103            128        2.4484e+03      9.61e-02       3.49e-01       3.67e+00    
      104            129        2.4482e+03      1.62e-01       5.75e-01       3.69e+00    
      105            132        2.4482e+03      2.07e-02       7.07e-02       3.67e+00    
      106            134        2.4482e+03      1.36e-02       5.15e-02       3.69e+00    
      107            137        2.4482e+03      2.43e-03       1.02e-02       3.68e+00    
      108            142        2.4482e+03      9.48e-05       2.42e-04       3.68e+00    
      109            144        2.4482e+03      4.42e-05       1.38e-04       3.68e+00    
      110            145        2.4482e+03      8.29e-05       2.97e-04       3.68e+00    
      111            149        2.4482e+03      0.00e+00       0.00e+00       3.68e+00    
`xtol` termination condition is satisfied.
Function evaluations 149, initial cost 2.0733e+07, final cost 2.4482e+03, first-order optimality 3.68e+00.
round 1: clearance pairs 281, order pairs 0, residuals 60047
   Iteration     Total nfev        Cost      Cost reduction    Step norm     Optimality   
       0              1         2.4482e+03                                    3.68e+00    
       1              2         2.4438e+03      4.34e+00       1.54e+01       1.56e+02    
       2              5         2.4433e+03      5.66e-01       1.65e+00       1.70e+02    
       3              6         2.4420e+03      1.23e+00       4.93e-01       1.12e+02    
       4              7         2.4413e+03      6.86e-01       6.95e-01       1.81e+01    
       5              9         2.4413e+03      8.51e-02       2.41e-01       6.36e+00    
       6             11         2.4412e+03      4.39e-02       1.26e-01       1.79e+01    
       7             15         2.4412e+03      6.17e-03       8.71e-03       6.50e+00    
       8             16         2.4412e+03      8.62e-03       1.69e-02       3.46e+00    
       9             18         2.4412e+03      3.85e-03       8.10e-03       2.91e+00    
      10             20         2.4412e+03      1.86e-03       4.04e-03       2.71e+00    
      11             22         2.4412e+03      9.14e-04       2.03e-03       2.67e+00    
      12             24         2.4412e+03      4.53e-04       1.01e-03       2.66e+00    
      13             26         2.4412e+03      2.25e-04       5.07e-04       2.65e+00    
      14             28         2.4412e+03      1.12e-04       2.54e-04       2.64e+00    
      15             29         2.4412e+03      2.24e-04       5.08e-04       2.64e+00    
      16             32         2.4412e+03      2.80e-05       6.35e-05       2.63e+00    
      17             34         2.4412e+03      1.40e-05       3.17e-05       2.63e+00    
`ftol` termination condition is satisfied.
Function evaluations 34, initial cost 2.4482e+03, final cost 2.4412e+03, first-order optimality 2.63e+00.
round 2: clearance pairs 278, order pairs 0, residuals 60044
   Iteration     Total nfev        Cost      Cost reduction    Step norm     Optimality   
       0              1         2.4412e+03                                    2.63e+00    
       1              3         2.4408e+03      4.10e-01       9.58e-01       5.62e+00    
       2              5         2.4407e+03      4.21e-02       3.91e-01       7.79e+01    
       3              7         2.4407e+03      5.76e-02       8.00e-02       1.48e+01    
       4              8         2.4407e+03      2.01e-02       1.43e-01       2.87e+00    
       5             11         2.4407e+03      5.26e-03       4.72e-02       3.05e+00    
       6             12         2.4407e+03      1.44e-03       3.74e-02       2.81e+00    
       7             13         2.4407e+03      1.26e-03       2.72e-02       2.42e+00    
       8             14         2.4407e+03      1.16e-03       2.85e-02       2.11e+00    
       9             17         2.4407e+03      1.23e-04       2.22e-03       2.09e+00    
      10             18         2.4407e+03      2.17e-04       4.01e-03       2.05e+00    
      11             21         2.4407e+03      2.51e-05       4.00e-04       2.05e+00    
      12             23         2.4407e+03      1.24e-05       1.93e-04       2.05e+00    
`ftol` termination condition is satisfied.
Function evaluations 23, initial cost 2.4412e+03, final cost 2.4407e+03, first-order optimality 2.05e+00.
round 3: clearance pairs 276, order pairs 0, residuals 60042
   Iteration     Total nfev        Cost      Cost reduction    Step norm     Optimality   
       0              1         2.4407e+03                                    2.05e+00    
       1             11         2.4407e+03      1.67e-05       2.51e-04       2.03e+00    
`ftol` termination condition is satisfied.
Function evaluations 11, initial cost 2.4407e+03, final cost 2.4407e+03, first-order optimality 2.03e+00.
c  K=160  init=perp  [round 0 nfev=149 status=3 (xtol`) cost 2448.154]  [round 1 nfev=34 status=2 (ftol`) cost 2441.191]  [round 2 nfev=23 status=2 (ftol`) cost 2440.651]  [round 3 nfev=11 status=2 (ftol`) cost 2440.651]
args: {"K": 160, "bend": 30.0, "box_pose": "", "box_rings": "", "box_trace": 0.15, "bz": "478:562:0.8:20,1160:1230:0.8:20,340:405:0.8:20", "clear": 5.0, "clear_range": "860:1066-388:483", "curl": "340:405:35:60,478:562:50:60,700:790:55:60,925:1025:35:60,1160:1230:55:60", "dbend": 500.0, "delta": 60.0, "dtwist": 500.0, "edge_fair": 0.0, "edge_w": "", "end_pin": 50.0, "energy_ranges": "", "eps": 1.0, "face_margin": 0.3, "faceon": "925:1025:20", "faces": "docs/ribbon/turns/real/faces.json", "flat": 0.0, "flat_ranges": "", "flip_guard": 20.0, "fold": "", "fold2": "", "fold_axis": "", "fold_convex": "", "fold_eq": false, "fold_legs": 5.0, "fold_legs_len": "20", "gap": 14.0, "hide": "", "hide_auto": "", "hmax": 25.5, "hmin": 25.5, "init": "perp", "inside": 0.0, "kappa": 2.0, "lam": 15.0, "lam_h": 50.0, "mask": "", "max_nfev": 150, "mu": 300.0, "no_opt": false, "nu_fold": 0.4, "omega": 0.01, "order": 0.0, "out": "docs/ribbon/turns/real/I3/c", "outer": 4, "outline": 0.0, "outline_assign": "nearest", "outline_boxes": "", "outline_drop_near": "", "outline_excl": "", "outline_fixed": false, "outline_incl": "", "outline_loss": "linear", "outline_pose": "", "pin_range": "", "pose": "docs/ribbon/turns/real/I3/b_pose.json", "redge": 24.0, "rim_pose": "", "rim_side_mode": "centre", "rimlines": "", "rmin": 45.0, "roto": "/Users/ashmitkhurana/Development/Personal/portfolio/docs/ribbon/turns/curve/best/roto.npz", "screenw": "", "sigma": 2.0, "trace_w": 0.15, "twist": 30.0, "w_box": 2.0, "w_face": 15.0, "w_hmin": 50.0, "w_redge": 5.0, "w_rim": 0.0, "w_rmin": 5.0, "w_wfloor": 0.0, "wfloor": 0.0, "wfloor_except": "", "wfloor_mode": "perp", "wfloor_ranges": "", "zprior": "docs/ribbon/turns/real/I3/b_pose.json"}

edge residual css px, point-to-polyline (L and R pooled): mean 8.856  p95 28.762  max 48.454

window       edge resid (L,R pooled)                      h min/med/max          median |b.T|  #|c'|<0.6 s0
[   0, 131]  mean  14.90  p95  32.29  max  43.40           25.5/ 25.5/ 25.5      0.133         0
[ 132, 288]  mean   1.68  p95   4.79  max  11.03           25.5/ 25.5/ 25.5      0.566         0
[ 289, 483]  mean   8.85  p95  20.38  max  25.12           25.5/ 25.5/ 25.5      0.100         1
[ 484, 554]  mean   9.66  p95  18.68  max  19.11           25.5/ 25.5/ 25.5      0.002         0
[ 555, 658]  mean   4.45  p95  11.39  max  14.75           25.5/ 25.5/ 25.5      0.260         0
[ 659, 764]  mean  13.73  p95  40.06  max  44.84           25.5/ 25.5/ 25.5      0.002         0
[ 765, 940]  mean   5.18  p95  19.57  max  26.86           25.5/ 25.5/ 25.5      0.074         0
[ 941,1066]  mean  22.22  p95  45.16  max  48.45           25.5/ 25.5/ 25.5      0.002         5
[1067,1298]  mean   5.32  p95  15.49  max  22.11           25.5/ 25.5/ 25.5      0.052         23
worst window by mean: [941,1066] 22.22 px

dense (4N=5196 samples) surface normal N=TxB: angle change per sample  max 2.876 deg  p99 1.767 deg
   angle per world px of centreline arclength: max 5.6703 deg/px  (p99 3.0039)
   worst dense samples (t, deg, |b.T|): 188.39, 2.9, 0.983; 188.14, 2.9, 0.983; 188.64, 2.9, 0.983; 187.89, 2.9, 0.983; 188.89, 2.8, 0.983
   dense steps > 3 deg: 0, > 6 deg: 0
ripple (|second difference of unit N| per world px^2, dense): max 1.106e-02  p99 5.914e-03  median 4.516e-04
max |b.T| outside fold windows: 0.873   (inside: 0.983)
GATE: min 3D distance between non-adjacent rings (|i-j|>60, surface samples): 13.97 px; pairs < gap 14.0: 4
GATE: screen-overlap pairs (3 px) 1777, order violations (z_front - z_back < 0): 0, (< gap): 3; unique ring pairs violating: 0
end centreline offset from init: ring0 0.0 px, ring N-1 0.0 px
outside-mockup distance (5 pts across band, css px): mean 1.051  max 30.41  frac>0.5px 0.124
outline residual (css px, matched <=25 px: 1609 of 1634 pts): mean 7.563  p95 19.448  max 25.00
run time: 279.4 s
residual block norms (sum of squares): edge 1297.41, smooth 354.33, jerk 119.54, perp 87.14, dev 505.43, depth 58.30, hsm 0.00, wpr 0.00, speed 31.76, hmin 0.00, hmax 0.00, face 1543.58, rmin 12.43, scrw 0.00, wf 0.00, ins 0.00, fcr 2.76, bnd 558.85, twi 49.97, dbn 106.24, dtw 17.07, rmf 0.00, crl 131.11, lgb 0.00, cvx 0.00
