DPR2 canvases 780x1688 780x1688
DPR3 canvases 1170x2532 1170x2532
crop_apex.png  122089 B
crop_bottomk.png  256281 B
crop_endstrand.png  168298 B
crop_farleft.png  177193 B
crop_junction.png  107473 B
crop_scurve.png  224898 B
crop_topk.png  164765 B
crop_wrap.png  277589 B
hero.png  1308399 B
ribbon.png  1340101 B
ribbon_crop_apex.png  127247 B
ribbon_crop_bottomk.png  256281 B
ribbon_crop_endstrand.png  168298 B
ribbon_crop_farleft.png  177193 B
ribbon_crop_junction.png  107473 B
ribbon_crop_scurve.png  224898 B
ribbon_crop_topk.png  164765 B
ribbon_crop_wrap.png  277589 B
