metric                            stitched          S8         S11          H8         H11
sil_iou                             0.9971      0.7274      0.9935      0.9853      0.9020
faceA_iou                           0.9985      0.8795      0.9938      0.9738      0.5687
faceB_iou                           0.9925      0.0639      0.9877      0.9309      0.4835
rms_reproj                         48.1905     75.2740     39.8848      4.3793      7.6399
max_iso_resid                       0.0000      0.0000      0.0000      0.0000      0.0000
max_planarity                       0.0000      0.0000      0.0000      0.0000      0.0000
min_clearance                      27.3322     20.1699     39.9169     20.3629     19.8159
n_overlap_px                     4835.0000   4835.0000   4835.0000   4835.0000   4835.0000
rms_3d                             41.9939    183.9804     44.5693    913.0443    340.1250
layer_order_075W                    0.0000      0.2310      0.0010      0.9257      0.5299
layer_order_025W                    0.0000      0.0765      0.0000      0.9237      0.0002
fold_contour_err                    0.2405      9.3523      0.4427      1.3198      5.3996
rms_reproj_window                  86.0316     73.5974     72.5802      8.2637     13.3836
rms_reproj_outside                 20.5197     75.8921     14.6405      0.8913      3.6286
rms_reproj_window_gt_edges          0.0904     19.5459      0.7823     10.2818      9.7612
max_dist_window_gt_edges            0.2079     62.8077      1.7314     40.6523     24.8827
min_clearance_idx                  27.3322     20.1699     40.9834     20.3636     18.1748
flat_span_a                      1100.9026   1171.7419   1100.9026   1179.0650   1133.1089
mono_viol_frac                      0.0000      0.3523      0.2159      0.0523      0.2545
coverage_in_frac                    1.0000      0.9036      1.0000      0.6265      0.8916
coverage_out_frac                   1.0000      0.3976      1.0000      0.9518      0.7470
layer_order_025W_dense              0.0000      0.0765      0.0000      0.9237      0.0002
layer_order_075W_dense              0.0000      0.2310      0.0010      0.9257      0.5299
sil_iou_dense                       0.9971      0.7274      0.9935      0.9853      0.9020
fold_contour_err_dense              0.2405      9.3523      0.4427      1.3198      5.3996
gate {'S8': {'rms_reproj_window_gt_edges': False, 'fold_contour_err': False, 'layer_order_025W_dense': False, 'sil_iou': False, 'PASS': False}, 'S11': {'rms_reproj_window_gt_edges': True, 'fold_contour_err': True, 'layer_order_025W_dense': False, 'sil_iou': True, 'PASS': False}}
runtimes {'S8': 285.05462670326233, 'S11': 143.18305492401123}
