fold2 crease 376 R 25: ds 3.17 n 12 (eq 364..388, ruling 358..394, legs to +-32)
fold2 crease 516 R 40: ds 1.98 n 32 (eq 484..548, ruling 478..554, legs to +-52)
fold2 crease 1188 R 40: ds 2.11 n 30 (eq 1158..1218, ruling 1152..1224, legs to +-50)
face rule: sign_A -1 (tail median N.v -0.991)
init cost 202078557.079, residuals 61065, params 1120
round 0: clearance pairs 973, order pairs 0, residuals 62038
   Iteration     Total nfev        Cost      Cost reduction    Step norm     Optimality   
       0              1         2.0210e+08                                    5.99e+07    
       1              2         1.2193e+06      2.01e+08       2.09e+02       7.36e+06    
       2              3         3.4315e+05      8.76e+05       2.20e+02       8.10e+05    
       3              4         2.9934e+05      4.38e+04       1.29e+02       4.09e+06    
       4              5         1.7071e+05      1.29e+05       6.30e+01       5.80e+05    
       5              6         4.0959e+04      1.30e+05       5.07e+01       3.77e+04    
       6              7         1.8850e+04      2.21e+04       8.63e+01       1.20e+04    
       7              8         1.2993e+04      5.86e+03       1.04e+02       1.18e+05    
       8              9         8.9431e+03      4.05e+03       8.83e+01       2.74e+04    
       9             11         5.4460e+03      3.50e+03       2.13e+01       1.52e+04    
      10             12         4.1820e+03      1.26e+03       4.58e+01       5.30e+03    
      11             14         3.6393e+03      5.43e+02       1.36e+01       3.46e+03    
      12             15         3.5981e+03      4.12e+01       3.14e+01       7.05e+02    
      13             16         3.5493e+03      4.88e+01       1.43e+01       1.21e+03    
      14             17         3.2080e+03      3.41e+02       4.60e+00       4.96e+02    
      15             18         3.1198e+03      8.82e+01       6.00e+00       4.95e+02    
      16             19         3.0816e+03      3.82e+01       8.33e+00       4.93e+02    
      17             21         3.0453e+03      3.63e+01       2.86e+00       4.92e+02    
      18             22         3.0283e+03      1.70e+01       3.54e+00       4.88e+02    
      19             23         3.0146e+03      1.37e+01       2.63e+00       4.87e+02    
      20             24         2.9974e+03      1.72e+01       2.88e+00       4.83e+02    
      21             25         2.9726e+03      2.48e+01       2.55e+00       4.71e+02    
      22             26         2.9327e+03      3.98e+01       3.12e+00       4.48e+02    
      23             27         2.8583e+03      7.44e+01       6.23e+00       4.06e+02    
      24             28         2.7289e+03      1.29e+02       1.27e+01       3.32e+02    
      25             29         2.5688e+03      1.60e+02       2.63e+01       7.99e+03    
      26             31         2.4722e+03      9.66e+01       1.51e+01       1.57e+03    
      27             33         2.4419e+03      3.04e+01       6.61e+00       3.89e+02    
      28             34         2.4247e+03      1.71e+01       1.12e+01       4.45e+02    
      29             37         2.4088e+03      1.59e+01       1.69e+00       3.47e+02    
      30             39         2.3889e+03      1.99e+01       1.53e+00       2.37e+02    
      31             40         2.3796e+03      9.24e+00       2.12e+00       1.26e+02    
      32             42         2.3774e+03      2.25e+00       6.20e-01       1.25e+02    
      33             43         2.3744e+03      3.04e+00       1.06e+00       1.25e+02    
      34             45         2.3739e+03      4.84e-01       5.34e-01       1.25e+02    
      35             46         2.3723e+03      1.61e+00       2.21e-01       1.25e+02    
      36             47         2.3692e+03      3.02e+00       2.18e-01       1.25e+02    
      37             50         2.3691e+03      9.35e-02       7.74e-02       1.25e+02    
      38             52         2.3691e+03      5.00e-02       3.41e-02       1.25e+02    
      39             55         2.3691e+03      5.95e-03       4.38e-03       1.25e+02    
      40             58         2.3691e+03      7.32e-04       4.12e-04       1.25e+02    
      41             59         2.3691e+03      1.46e-03       7.49e-04       1.25e+02    
      42             62         2.3691e+03      1.82e-04       9.22e-05       1.25e+02    
      43             63         2.3691e+03      3.63e-04       1.80e-04       1.25e+02    
      44             66         2.3691e+03      4.53e-05       2.25e-05       1.25e+02    
`xtol` termination condition is satisfied.
Function evaluations 66, initial cost 2.0210e+08, final cost 2.3691e+03, first-order optimality 1.25e+02.
round 1: clearance pairs 268, order pairs 0, residuals 61333
   Iteration     Total nfev        Cost      Cost reduction    Step norm     Optimality   
       0              1         2.3708e+03                                    2.08e+02    
       1              4         2.3179e+03      5.29e+01       1.08e+01       1.52e+03    
       2              6         2.2809e+03      3.70e+01       6.98e+00       3.10e+02    
       3              7         2.2148e+03      6.60e+01       1.42e+01       1.13e+02    
       4              8         2.1656e+03      4.92e+01       2.53e+01       1.02e+02    
       5             10         2.1516e+03      1.40e+01       1.07e+01       8.51e+01    
       6             12         2.1441e+03      7.52e+00       4.30e+00       1.07e+02    
       7             13         2.1304e+03      1.37e+01       5.22e+00       2.25e+01    
       8             14         2.1216e+03      8.76e+00       1.02e+01       3.16e+01    
       9             16         2.1210e+03      5.96e-01       2.68e+00       1.59e+02    
      10             17         2.1164e+03      4.62e+00       1.01e+00       4.05e+01    
      11             19         2.1152e+03      1.20e+00       4.81e-01       1.59e+01    
      12             20         2.1146e+03      5.67e-01       3.43e-01       9.22e+00    
      13             21         2.1136e+03      1.00e+00       6.35e-01       7.44e+00    
      14             22         2.1135e+03      1.63e-01       1.21e+00       6.45e+00    
      15             23         2.1134e+03      1.13e-01       6.21e-01       6.18e+00    
      16             24         2.1128e+03      5.34e-01       2.21e-01       6.15e+00    
      17             25         2.1124e+03      4.49e-01       2.78e-01       6.03e+00    
      18             28         2.1124e+03      2.85e-02       4.28e-02       6.01e+00    
      19             30         2.1123e+03      1.20e-02       1.72e-02       6.01e+00    
      20             31         2.1123e+03      2.15e-02       2.89e-02       5.99e+00    
      21             33         2.1123e+03      1.01e-02       1.13e-02       5.98e+00    
      22             36         2.1123e+03      1.24e-03       1.31e-03       5.98e+00    
      23             37         2.1123e+03      2.48e-03       2.59e-03       5.98e+00    
      24             41         2.1123e+03      7.72e-05       7.99e-05       5.98e+00    
      25             42         2.1123e+03      1.54e-04       1.60e-04       5.98e+00    
      26             45         2.1123e+03      1.93e-05       1.99e-05       5.98e+00    
Both `ftol` and `xtol` termination conditions are satisfied.
Function evaluations 45, initial cost 2.3708e+03, final cost 2.1123e+03, first-order optimality 5.98e+00.
round 2: clearance pairs 578, order pairs 0, residuals 61643
   Iteration     Total nfev        Cost      Cost reduction    Step norm     Optimality   
       0              1         2.1123e+03                                    5.98e+00    
       1              3         2.1036e+03      8.68e+00       2.49e+01       2.49e+01    
       2              6         2.1017e+03      1.93e+00       1.99e+00       1.43e+01    
       3              7         2.1009e+03      8.08e-01       6.83e+00       2.86e+02    
       4              9         2.1005e+03      4.37e-01       1.26e+00       3.69e+01    
       5             10         2.0997e+03      7.43e-01       4.88e-01       1.26e+01    
       6             12         2.0996e+03      1.35e-01       2.88e-01       1.20e+01    
       7             13         2.0995e+03      1.22e-01       3.36e-01       1.72e+01    
       8             14         2.0990e+03      4.55e-01       4.39e-01       2.91e+00    
       9             15         2.0986e+03      4.45e-01       9.73e-01       2.25e+00    
      10             18         2.0984e+03      1.42e-01       7.68e-02       2.25e+00    
      11             20         2.0984e+03      6.16e-02       3.83e-02       2.25e+00    
      12             23         2.0983e+03      7.28e-03       4.79e-03       2.25e+00    
      13             25         2.0983e+03      3.61e-03       2.39e-03       2.25e+00    
      14             27         2.0983e+03      1.80e-03       1.20e-03       2.25e+00    
      15             28         2.0983e+03      3.57e-03       2.39e-03       2.25e+00    
      16             31         2.0983e+03      4.45e-04       2.99e-04       2.25e+00    
      17             32         2.0983e+03      8.89e-04       5.98e-04       2.25e+00    
      18             36         2.0983e+03      2.78e-05       1.87e-05       2.25e+00    
`xtol` termination condition is satisfied.
Function evaluations 36, initial cost 2.1123e+03, final cost 2.0983e+03, first-order optimality 2.25e+00.
round 3: clearance pairs 628, order pairs 0, residuals 61693
   Iteration     Total nfev        Cost      Cost reduction    Step norm     Optimality   
       0              1         2.0983e+03                                    2.25e+00    
       1              4         2.0975e+03      8.81e-01       3.49e+00       3.16e+00    
       2              7         2.0969e+03      5.97e-01       7.09e-01       3.66e+00    
       3             10         2.0968e+03      4.75e-02       3.78e-02       3.57e+00    
       4             12         2.0968e+03      1.91e-02       1.86e-02       3.53e+00    
       5             14         2.0968e+03      8.55e-03       9.00e-03       3.51e+00    
       6             16         2.0968e+03      4.06e-03       4.41e-03       3.50e+00    
       7             17         2.0968e+03      7.72e-03       8.75e-03       3.48e+00    
       8             20         2.0968e+03      9.31e-04       1.07e-03       3.48e+00    
       9             22         2.0968e+03      4.63e-04       5.32e-04       3.48e+00    
      10             24         2.0968e+03      2.31e-04       2.66e-04       3.47e+00    
      11             26         2.0968e+03      1.15e-04       1.33e-04       3.47e+00    
      12             28         2.0968e+03      5.75e-05       6.63e-05       3.47e+00    
      13             29         2.0968e+03      1.15e-04       1.33e-04       3.47e+00    
      14             32         2.0968e+03      1.44e-05       1.66e-05       3.47e+00    
Both `ftol` and `xtol` termination conditions are satisfied.
Function evaluations 32, initial cost 2.0983e+03, final cost 2.0968e+03, first-order optimality 3.47e+00.
a  K=160  init=perp  [round 0 nfev=66 status=3 (xtol`) cost 2369.089]  [round 1 nfev=45 status=4 (Both) cost 2112.310]  [round 2 nfev=36 status=3 (xtol`) cost 2098.333]  [round 3 nfev=32 status=4 (Both) cost 2096.766]
args: {"K": 160, "bend": 30.0, "box_pose": "", "box_rings": "", "box_trace": 0.15, "clear": 5.0, "clear_range": "860:1066-388:483", "dbend": 500.0, "delta": 60.0, "dtwist": 500.0, "edge_fair": 0.0, "edge_w": "", "end_pin": 50.0, "energy_ranges": "", "eps": 0.3, "face_margin": 0.3, "faceon": "", "faces": "docs/ribbon/turns/real/faces_v2.json", "flat": 6.0, "flat_ranges": "470:560,1140:1240", "flip_guard": 20.0, "fold": "", "fold2": "376:25:20,516:40:20,1188:40:20", "fold_axis": "", "fold_convex": "516:10,1188:10", "fold_eq": false, "fold_legs": 5.0, "fold_legs_len": "20", "gap": 14.0, "hide": "", "hide_auto": "", "hmax": 25.5, "hmin": 25.5, "init": "perp", "inside": 0.0, "kappa": 2.0, "lam": 15.0, "lam_h": 50.0, "mask": "", "max_nfev": 150, "mu": 300.0, "no_opt": false, "nu_fold": 0.4, "omega": 0.01, "order": 0.0, "out": "docs/ribbon/turns/real/E2/a", "outer": 4, "outline": 0.0, "outline_assign": "nearest", "outline_boxes": "", "outline_drop_near": "", "outline_excl": "", "outline_fixed": false, "outline_incl": "", "outline_loss": "linear", "outline_pose": "", "pin_range": "", "pose": "docs/ribbon/turns/fit/kk4/pose.json", "redge": 24.0, "rim_pose": "", "rim_side_mode": "centre", "rimlines": "", "rmin": 45.0, "roto": "/Users/ashmitkhurana/Development/Personal/portfolio/docs/ribbon/turns/curve/best/roto.npz", "screenw": "", "sigma": 2.0, "trace_w": 0.15, "twist": 30.0, "w_box": 2.0, "w_face": 15.0, "w_hmin": 50.0, "w_redge": 5.0, "w_rim": 0.0, "w_rmin": 5.0, "w_wfloor": 0.0, "wfloor": 0.0, "wfloor_except": "", "wfloor_mode": "perp", "wfloor_ranges": "", "zprior": "docs/ribbon/turns/fit/kk4/pose.json"}

edge residual css px, point-to-polyline (L and R pooled): mean 6.298  p95 19.057  max 43.445

window       edge resid (L,R pooled)                      h min/med/max          median |b.T|  #|c'|<0.6 s0
[   0, 131]  mean  14.92  p95  32.32  max  43.45           25.5/ 25.5/ 25.5      0.135         2
[ 132, 288]  mean   1.46  p95   4.37  max  11.00           25.5/ 25.5/ 25.5      0.441         0
[ 289, 483]  mean   5.00  p95  13.87  max  19.90           25.5/ 25.5/ 25.5      0.344         23
[ 484, 554]  mean  13.85  p95  32.49  max  34.34           25.5/ 25.5/ 25.5      0.366         0
[ 555, 658]  mean   4.02  p95   9.39  max  12.44           25.5/ 25.5/ 25.5      0.067         0
[ 659, 764]  mean   7.93  p95  14.24  max  14.99           25.5/ 25.5/ 25.5      0.550         0
[ 765, 940]  mean   1.90  p95   6.04  max  10.80           25.5/ 25.5/ 25.5      0.164         2
[ 941,1066]  mean   9.06  p95  19.37  max  20.02           25.5/ 25.5/ 25.5      0.255         14
[1067,1298]  mean   5.55  p95  15.38  max  23.28           25.5/ 25.5/ 25.5      0.356         26
worst window by mean: [0,131] 14.92 px

dense (4N=5196 samples) surface normal N=TxB: angle change per sample  max 2.798 deg  p99 2.072 deg
   angle per world px of centreline arclength: max 4.6284 deg/px  (p99 3.2829)
   worst dense samples (t, deg, |b.T|): 363.54, 2.8, 0.681; 363.29, 2.8, 0.689; 363.04, 2.8, 0.695; 363.79, 2.7, 0.672; 362.79, 2.7, 0.701
   dense steps > 3 deg: 0, > 6 deg: 0
ripple (|second difference of unit N| per world px^2, dense): max 5.100e-02  p99 7.003e-03  median 4.570e-04
max |b.T| outside fold windows: 0.979   (inside: 0.980)
GATE: min 3D distance between non-adjacent rings (|i-j|>60, surface samples): 13.99 px; pairs < gap 14.0: 1
GATE: screen-overlap pairs (3 px) 1799, order violations (z_front - z_back < 0): 0, (< gap): 0; unique ring pairs violating: 0
end centreline offset from init: ring0 0.0 px, ring N-1 0.0 px
outside-mockup distance (5 pts across band, css px): mean 0.872  max 23.56  frac>0.5px 0.133
outline residual (css px, matched <=25 px: 1613 of 1634 pts): mean 6.709  p95 18.138  max 24.88
run time: 127.3 s
residual block norms (sum of squares): edge 991.60, smooth 108.92, jerk 142.90, perp 93.01, dev 111.96, depth 428.67, hsm 0.00, wpr 0.00, speed 75.56, hmin 0.00, hmax 0.00, face 0.00, rmin 13.45, scrw 0.00, wf 0.00, ins 0.00, fcr 25.43, bnd 716.50, twi 5.84, dbn 157.67, dtw 1.05, rmf 134.84, crl 9.98, lgb 125.60, cvx 54.72
