fold2 crease 376 R 25: ds 2.45 n 16 (eq 360..392, ruling 354..398, legs to +-36)
fold2 crease 516 R 40: ds 2.74 n 23 (eq 493..539, ruling 487..545, legs to +-43)
fold2 crease 1188 R 40: ds 2.91 n 22 (eq 1166..1210, ruling 1160..1216, legs to +-42)
face rule: sign_A -1 (tail median N.v -0.995)
init cost 40748012.113, residuals 61065, params 1120
round 0: clearance pairs 616, order pairs 0, residuals 61681
   Iteration     Total nfev        Cost      Cost reduction    Step norm     Optimality   
       0              1         4.0748e+07                                    3.94e+05    
       1              2         1.8656e+04      4.07e+07       7.73e+01       4.79e+04    
       2              4         8.5670e+03      1.01e+04       2.49e+01       7.49e+04    
       3              5         2.3731e+03      6.19e+03       1.62e+01       1.09e+04    
       4              6         1.9955e+03      3.78e+02       3.08e+01       7.86e+02    
       5              8         1.8968e+03      9.87e+01       1.04e+01       2.53e+02    
       6              9         1.8829e+03      1.39e+01       9.43e+00       1.56e+03    
       7             10         1.8293e+03      5.36e+01       4.41e+00       1.82e+02    
       8             11         1.8116e+03      1.77e+01       6.83e+00       1.64e+02    
       9             12         1.8001e+03      1.16e+01       8.21e+00       4.07e+01    
      10             14         1.7868e+03      1.32e+01       2.96e+00       2.27e+01    
      11             15         1.7757e+03      1.12e+01       5.19e+00       2.38e+01    
      12             17         1.7717e+03      3.98e+00       1.85e+00       1.19e+01    
      13             18         1.7693e+03      2.35e+00       2.18e+00       7.32e+00    
      14             20         1.7667e+03      2.69e+00       1.47e+00       7.58e+00    
      15             21         1.7659e+03      7.44e-01       9.92e-01       7.26e+00    
      16             23         1.7654e+03      5.05e-01       4.61e-01       7.22e+00    
      17             24         1.7652e+03      2.04e-01       3.04e-01       7.03e+00    
      18             25         1.7649e+03      3.34e-01       3.66e-01       6.90e+00    
      19             26         1.7644e+03      4.69e-01       6.08e-01       6.66e+00    
      20             27         1.7642e+03      1.97e-01       1.07e+00       6.46e+00    
      21             28         1.7635e+03      6.65e-01       4.68e-01       6.45e+00    
      22             29         1.7634e+03      1.24e-01       3.94e-01       6.42e+00    
      23             31         1.7634e+03      5.15e-02       9.50e-02       6.41e+00    
      24             33         1.7633e+03      1.90e-02       3.19e-02       6.41e+00    
      25             35         1.7633e+03      8.96e-03       1.17e-02       6.40e+00    
      26             37         1.7633e+03      4.41e-03       5.14e-03       6.40e+00    
      27             41         1.7633e+03      1.37e-04       1.54e-04       6.40e+00    
      28             43         1.7633e+03      6.86e-05       7.67e-05       6.40e+00    
      29             45         1.7633e+03      3.43e-05       3.83e-05       6.40e+00    
      30             47         1.7633e+03      0.00e+00       0.00e+00       6.40e+00    
`xtol` termination condition is satisfied.
Function evaluations 47, initial cost 4.0748e+07, final cost 1.7633e+03, first-order optimality 6.40e+00.
round 1: clearance pairs 662, order pairs 0, residuals 61727
   Iteration     Total nfev        Cost      Cost reduction    Step norm     Optimality   
       0              1         1.7633e+03                                    6.40e+00    
       1              3         1.7614e+03      1.93e+00       1.25e+01       1.00e+02    
       2              5         1.7600e+03      1.41e+00       1.26e+00       1.56e+01    
       3              6         1.7587e+03      1.25e+00       2.00e+00       1.94e+01    
       4              7         1.7582e+03      5.58e-01       1.52e+00       2.61e+00    
       5              8         1.7571e+03      1.12e+00       8.17e-01       8.40e+00    
       6              9         1.7563e+03      7.85e-01       1.91e+00       1.99e+01    
       7             11         1.7554e+03      9.16e-01       9.35e-01       3.24e+01    
       8             13         1.7551e+03      3.03e-01       2.89e-01       1.00e+01    
       9             14         1.7549e+03      1.39e-01       1.49e-01       1.24e+01    
      10             15         1.7547e+03      2.21e-01       2.30e-01       8.07e+00    
      11             16         1.7543e+03      3.76e-01       4.59e-01       1.90e+01    
      12             17         1.7537e+03      5.76e-01       9.84e-01       1.77e+01    
      13             18         1.7535e+03      2.69e-01       2.02e+00       1.85e+02    
      14             20         1.7527e+03      7.71e-01       6.66e-01       2.68e+01    
      15             21         1.7525e+03      1.93e-01       7.56e-01       6.98e+00    
      16             23         1.7522e+03      2.98e-01       4.10e-01       1.36e+00    
      17             24         1.7521e+03      9.17e-02       2.17e-01       5.20e+00    
      18             25         1.7521e+03      7.11e-02       3.69e-01       4.03e+00    
      19             27         1.7520e+03      8.54e-02       1.69e-01       6.25e+00    
      20             28         1.7519e+03      3.50e-02       1.09e-01       1.03e+00    
      21             29         1.7519e+03      6.54e-02       1.35e-01       5.21e+00    
      22             30         1.7517e+03      1.20e-01       2.57e-01       5.21e+00    
      23             31         1.7515e+03      2.05e-01       5.21e-01       1.67e+01    
      24             32         1.7512e+03      3.23e-01       1.04e+00       1.84e+01    
      25             33         1.7507e+03      4.84e-01       1.96e+00       2.87e+01    
      26             34         1.7501e+03      6.21e-01       3.88e+00       3.48e+01    
      27             38         1.7499e+03      2.24e-01       1.44e-01       6.33e+00    
      28             40         1.7498e+03      5.83e-02       8.46e-02       2.39e+00    
      29             42         1.7498e+03      1.95e-02       3.96e-02       2.15e+00    
      30             43         1.7498e+03      2.69e-02       7.15e-02       2.23e+00    
      31             47         1.7498e+03      7.08e-04       1.60e-03       2.18e+00    
      32             49         1.7498e+03      3.52e-04       7.95e-04       2.15e+00    
      33             51         1.7498e+03      1.75e-04       3.96e-04       2.14e+00    
      34             53         1.7498e+03      8.75e-05       1.98e-04       2.14e+00    
      35             55         1.7498e+03      4.37e-05       9.88e-05       2.13e+00    
      36             56         1.7498e+03      8.74e-05       1.98e-04       2.13e+00    
      37             59         1.7498e+03      1.09e-05       2.47e-05       2.13e+00    
Both `ftol` and `xtol` termination conditions are satisfied.
Function evaluations 59, initial cost 1.7633e+03, final cost 1.7498e+03, first-order optimality 2.13e+00.
round 2: clearance pairs 765, order pairs 0, residuals 61830
   Iteration     Total nfev        Cost      Cost reduction    Step norm     Optimality   
       0              1         1.7498e+03                                    2.13e+00    
       1              3         1.7496e+03      2.12e-01       7.33e+00       4.51e+00    
       2              7         1.7495e+03      9.15e-02       1.76e-01       1.41e+00    
       3              8         1.7494e+03      3.44e-02       2.86e-01       1.52e+00    
       4              9         1.7494e+03      2.64e-02       2.99e-01       1.62e+00    
       5             10         1.7494e+03      2.72e-02       8.47e-02       1.64e+00    
       6             11         1.7494e+03      2.11e-02       1.27e-01       2.30e+00    
       7             12         1.7493e+03      2.09e-02       9.95e-02       1.68e+00    
       8             13         1.7493e+03      1.98e-02       9.91e-02       1.68e+00    
       9             14         1.7493e+03      1.91e-02       9.92e-02       1.68e+00    
      10             15         1.7493e+03      1.82e-02       1.04e-01       1.68e+00    
      11             16         1.7493e+03      1.76e-02       1.07e-01       1.67e+00    
      12             17         1.7493e+03      1.67e-02       1.12e-01       1.66e+00    
      13             18         1.7492e+03      1.62e-02       1.15e-01       1.65e+00    
      14             19         1.7492e+03      1.54e-02       1.19e-01       1.63e+00    
      15             20         1.7492e+03      1.51e-02       1.21e-01       1.62e+00    
      16             21         1.7492e+03      1.44e-02       1.24e-01       1.61e+00    
      17             22         1.7492e+03      1.42e-02       1.26e-01       1.59e+00    
      18             23         1.7492e+03      1.36e-02       1.28e-01       1.57e+00    
      19             24         1.7492e+03      1.36e-02       1.30e-01       1.57e+00    
      20             25         1.7491e+03      1.30e-02       1.32e-01       1.55e+00    
      21             26         1.7491e+03      1.29e-02       1.33e-01       1.54e+00    
      22             27         1.7491e+03      1.23e-02       1.35e-01       1.51e+00    
      23             28         1.7491e+03      1.24e-02       1.36e-01       1.51e+00    
      24             29         1.7491e+03      1.18e-02       1.37e-01       1.49e+00    
      25             30         1.7491e+03      1.18e-02       1.38e-01       1.48e+00    
      26             31         1.7491e+03      1.13e-02       1.39e-01       1.46e+00    
      27             32         1.7491e+03      1.14e-02       1.40e-01       1.44e+00    
      28             33         1.7490e+03      1.08e-02       1.41e-01       1.42e+00    
      29             34         1.7490e+03      1.10e-02       1.42e-01       1.41e+00    
      30             35         1.7490e+03      1.04e-02       1.43e-01       1.39e+00    
      31             36         1.7490e+03      1.06e-02       1.44e-01       1.37e+00    
      32             37         1.7490e+03      1.01e-02       1.45e-01       1.36e+00    
      33             38         1.7490e+03      1.03e-02       1.45e-01       1.34e+00    
      34             39         1.7490e+03      9.76e-03       1.46e-01       1.32e+00    
      35             40         1.7490e+03      9.99e-03       1.47e-01       1.30e+00    
      36             41         1.7490e+03      9.44e-03       1.47e-01       1.29e+00    
      37             42         1.7490e+03      9.70e-03       1.48e-01       1.27e+00    
      38             43         1.7489e+03      9.14e-03       1.49e-01       1.25e+00    
      39             44         1.7489e+03      9.42e-03       1.49e-01       1.24e+00    
      40             45         1.7489e+03      8.86e-03       1.50e-01       1.22e+00    
      41             46         1.7489e+03      9.16e-03       1.50e-01       1.20e+00    
      42             47         1.7489e+03      8.60e-03       1.51e-01       1.19e+00    
      43             48         1.7489e+03      8.92e-03       1.51e-01       1.17e+00    
      44             49         1.7489e+03      8.36e-03       1.52e-01       1.16e+00    
      45             50         1.7489e+03      8.70e-03       1.52e-01       1.14e+00    
      46             51         1.7489e+03      8.14e-03       1.53e-01       1.13e+00    
      47             52         1.7489e+03      8.49e-03       1.53e-01       1.11e+00    
      48             53         1.7489e+03      7.93e-03       1.53e-01       1.10e+00    
      49             54         1.7489e+03      8.35e-03       1.54e-01       1.09e+00    
      50             55         1.7488e+03      7.77e-03       1.54e-01       1.08e+00    
      51             56         1.7488e+03      8.15e-03       1.54e-01       1.07e+00    
      52             57         1.7488e+03      7.58e-03       1.55e-01       1.06e+00    
      53             58         1.7488e+03      6.98e-03       4.13e-02       1.05e+00    
      54             59         1.7488e+03      6.62e-03       5.87e-02       1.05e+00    
      55             60         1.7488e+03      6.75e-03       4.07e-02       1.04e+00    
      56             61         1.7488e+03      1.28e-02       6.03e-02       1.01e+00    
      57             62         1.7488e+03      1.45e-02       1.55e-01       9.64e-01    
      58             64         1.7488e+03      1.49e-02       8.54e-02       9.66e-01    
      59             65         1.7488e+03      6.59e-03       4.09e-02       9.59e-01    
      60             66         1.7487e+03      1.25e-02       5.97e-02       9.31e-01    
      61             67         1.7487e+03      1.41e-02       1.54e-01       9.03e-01    
      62             69         1.7487e+03      1.45e-02       8.57e-02       9.03e-01    
      63             70         1.7487e+03      6.42e-03       4.01e-02       8.96e-01    
      64             71         1.7487e+03      1.21e-02       6.05e-02       8.74e-01    
      65             72         1.7487e+03      1.22e-02       1.60e-01       8.29e-01    
      66             74         1.7487e+03      1.53e-02       8.63e-02       8.29e-01    
      67             75         1.7487e+03      6.09e-03       4.59e-02       8.23e-01    
      68             76         1.7487e+03      1.12e-02       6.80e-02       8.02e-01    
      69             77         1.7486e+03      6.96e-03       1.80e-01       7.62e-01    
      70             78         1.7486e+03      1.81e-02       8.83e-02       7.62e-01    
      71             79         1.7486e+03      5.76e-03       6.32e-02       7.58e-01    
      72             80         1.7486e+03      5.84e-03       4.70e-02       7.51e-01    
      73             81         1.7486e+03      1.02e-02       7.53e-02       7.33e-01    
      74             82         1.7486e+03      5.16e-03       1.25e-01       7.20e-01    
      75             83         1.7486e+03      5.24e-03       1.60e-01       7.12e-01    
      76             84         1.7486e+03      7.15e-03       4.25e-02       7.11e-01    
      77             85         1.7486e+03      5.61e-03       6.55e-02       7.06e-01    
      78             86         1.7486e+03      5.61e-03       4.93e-02       6.98e-01    
      79             87         1.7486e+03      5.69e-03       4.58e-02       6.91e-01    
      80             88         1.7486e+03      1.00e-02       7.42e-02       6.72e-01    
      81             89         1.7486e+03      4.80e-03       1.25e-01       6.62e-01    
      82             90         1.7486e+03      4.99e-03       1.61e-01       6.55e-01    
      83             91         1.7485e+03      7.17e-03       4.27e-02       6.58e-01    
      84             92         1.7485e+03      5.48e-03       6.62e-02       6.60e-01    
      85             93         1.7485e+03      5.46e-03       5.04e-02       6.57e-01    
      86             94         1.7485e+03      5.53e-03       4.73e-02       6.53e-01    
      87             95         1.7485e+03      5.55e-03       4.54e-02       6.47e-01    
      88             96         1.7485e+03      9.73e-03       7.49e-02       6.33e-01    
      89             97         1.7485e+03      3.99e-03       1.29e-01       6.33e-01    
      90             98         1.7485e+03      6.85e-03       4.26e-02       6.33e-01    
      91             99         1.7485e+03      5.28e-03       6.43e-02       6.33e-01    
      92             100        1.7485e+03      5.32e-03       5.14e-02       6.33e-01    
      93             101        1.7485e+03      5.37e-03       4.87e-02       6.33e-01    
      94             102        1.7485e+03      5.39e-03       4.70e-02       6.33e-01    
      95             103        1.7485e+03      5.41e-03       4.61e-02       6.33e-01    
      96             104        1.7485e+03      9.27e-03       7.73e-02       6.33e-01    
      97             105        1.7485e+03      3.70e-03       1.32e-01       6.33e-01    
      98             106        1.7485e+03      6.89e-03       4.27e-02       6.33e-01    
      99             107        1.7485e+03      5.16e-03       6.58e-02       6.33e-01    
      100            108        1.7484e+03      5.22e-03       5.23e-02       6.32e-01    
      101            109        1.7484e+03      5.23e-03       4.99e-02       6.32e-01    
      102            110        1.7484e+03      5.28e-03       4.83e-02       6.32e-01    
      103            111        1.7484e+03      5.28e-03       4.77e-02       6.32e-01    
      104            112        1.7484e+03      5.29e-03       4.71e-02       6.32e-01    
      105            113        1.7484e+03      5.28e-03       4.70e-02       6.32e-01    
      106            114        1.7484e+03      5.28e-03       4.69e-02       6.32e-01    
      107            115        1.7484e+03      5.26e-03       4.70e-02       6.32e-01    
      108            116        1.7484e+03      5.26e-03       4.70e-02       6.32e-01    
      109            117        1.7484e+03      5.23e-03       4.72e-02       6.32e-01    
      110            118        1.7484e+03      5.23e-03       4.73e-02       6.32e-01    
      111            119        1.7484e+03      5.20e-03       4.75e-02       6.32e-01    
      112            120        1.7484e+03      5.20e-03       4.76e-02       6.32e-01    
      113            121        1.7484e+03      5.17e-03       4.79e-02       6.32e-01    
      114            122        1.7484e+03      5.17e-03       4.80e-02       6.32e-01    
      115            123        1.7484e+03      5.15e-03       4.82e-02       6.32e-01    
      116            124        1.7484e+03      5.15e-03       4.83e-02       6.32e-01    
      117            125        1.7484e+03      5.13e-03       4.86e-02       6.32e-01    
      118            126        1.7484e+03      5.13e-03       4.86e-02       6.32e-01    
      119            127        1.7483e+03      5.11e-03       4.88e-02       6.32e-01    
      120            128        1.7483e+03      5.11e-03       4.88e-02       6.32e-01    
      121            129        1.7483e+03      5.09e-03       4.90e-02       6.32e-01    
      122            130        1.7483e+03      5.09e-03       4.91e-02       6.32e-01    
      123            131        1.7483e+03      5.06e-03       4.93e-02       6.32e-01    
      124            132        1.7483e+03      5.07e-03       4.94e-02       6.32e-01    
      125            133        1.7483e+03      5.04e-03       4.96e-02       6.31e-01    
      126            134        1.7483e+03      5.04e-03       4.96e-02       6.31e-01    
      127            135        1.7483e+03      5.02e-03       4.99e-02       6.31e-01    
      128            136        1.7483e+03      5.03e-03       4.99e-02       6.31e-01    
      129            137        1.7483e+03      5.00e-03       5.01e-02       6.31e-01    
      130            138        1.7483e+03      5.01e-03       5.01e-02       6.31e-01    
      131            139        1.7483e+03      4.98e-03       5.03e-02       6.31e-01    
      132            140        1.7483e+03      4.99e-03       5.03e-02       6.31e-01    
      133            141        1.7483e+03      4.97e-03       5.05e-02       6.31e-01    
      134            142        1.7483e+03      4.97e-03       5.05e-02       6.31e-01    
      135            143        1.7483e+03      4.95e-03       5.07e-02       6.31e-01    
      136            144        1.7483e+03      4.95e-03       5.07e-02       6.31e-01    
      137            145        1.7483e+03      4.93e-03       5.09e-02       6.31e-01    
      138            146        1.7483e+03      4.94e-03       5.09e-02       6.31e-01    
      139            147        1.7482e+03      4.92e-03       5.11e-02       6.31e-01    
      140            148        1.7482e+03      4.93e-03       5.11e-02       6.31e-01    
      141            149        1.7482e+03      4.91e-03       5.12e-02       6.31e-01    
      142            150        1.7482e+03      4.92e-03       5.12e-02       6.31e-01    
The maximum number of function evaluations is exceeded.
Function evaluations 150, initial cost 1.7498e+03, final cost 1.7482e+03, first-order optimality 6.31e-01.
round 3: clearance pairs 806, order pairs 0, residuals 61871
   Iteration     Total nfev        Cost      Cost reduction    Step norm     Optimality   
       0              1         1.7482e+03                                    6.31e-01    
       1              4         1.7478e+03      4.10e-01       1.47e+00       1.05e+00    
       2              6         1.7478e+03      5.84e-03       8.86e-01       4.01e+00    
       3              8         1.7475e+03      2.86e-01       2.78e-01       7.27e-01    
       4             10         1.7475e+03      5.67e-02       1.37e-01       5.93e-01    
       5             11         1.7475e+03      3.44e-03       2.35e-01       5.72e-01    
       6             12         1.7475e+03      1.88e-02       6.87e-02       5.70e-01    
       7             13         1.7474e+03      1.17e-02       1.16e-01       5.69e-01    
       8             14         1.7474e+03      1.05e-02       9.41e-02       5.65e-01    
       9             15         1.7474e+03      1.04e-02       9.51e-02       5.59e-01    
      10             16         1.7474e+03      1.03e-02       9.58e-02       5.53e-01    
      11             17         1.7474e+03      1.03e-02       9.59e-02       5.47e-01    
      12             18         1.7474e+03      1.02e-02       9.66e-02       5.40e-01    
      13             19         1.7474e+03      1.02e-02       9.66e-02       5.34e-01    
      14             20         1.7474e+03      1.01e-02       9.70e-02       5.27e-01    
      15             21         1.7474e+03      1.02e-02       9.70e-02       5.21e-01    
      16             22         1.7473e+03      1.01e-02       9.74e-02       5.14e-01    
      17             23         1.7473e+03      1.02e-02       9.73e-02       5.10e-01    
      18             24         1.7473e+03      1.01e-02       9.76e-02       5.05e-01    
      19             25         1.7473e+03      1.01e-02       9.76e-02       5.01e-01    
      20             26         1.7473e+03      1.00e-02       9.84e-02       4.96e-01    
      21             27         1.7473e+03      1.01e-02       9.91e-02       4.90e-01    
      22             28         1.7473e+03      9.94e-03       1.01e-01       4.74e-01    
      23             29         1.7473e+03      9.93e-03       1.05e-01       4.80e-01    
      24             30         1.7473e+03      9.78e-03       1.13e-01       4.77e-01    
      25             31         1.7473e+03      9.45e-03       1.24e-01       4.73e-01    
      26             32         1.7473e+03      9.01e-03       1.43e-01       4.74e-01    
      27             33         1.7472e+03      8.11e-03       1.65e-01       4.74e-01    
      28             34         1.7472e+03      8.31e-03       1.86e-01       4.74e-01    
      29             35         1.7472e+03      7.35e-03       2.00e-01       4.74e-01    
      30             36         1.7472e+03      8.57e-03       2.08e-01       4.75e-01    
      31             37         1.7472e+03      7.46e-03       2.10e-01       4.75e-01    
      32             38         1.7472e+03      8.60e-03       2.13e-01       4.75e-01    
      33             39         1.7472e+03      7.50e-03       2.12e-01       4.75e-01    
      34             40         1.7472e+03      8.60e-03       2.14e-01       4.75e-01    
      35             41         1.7472e+03      7.51e-03       2.13e-01       4.75e-01    
      36             42         1.7472e+03      8.61e-03       2.14e-01       4.74e-01    
      37             43         1.7472e+03      7.51e-03       2.13e-01       4.74e-01    
      38             44         1.7472e+03      8.64e-03       2.14e-01       4.75e-01    
      39             45         1.7471e+03      7.55e-03       2.13e-01       4.75e-01    
      40             46         1.7471e+03      8.67e-03       2.14e-01       4.75e-01    
      41             47         1.7471e+03      7.57e-03       2.13e-01       4.75e-01    
      42             48         1.7471e+03      8.66e-03       2.13e-01       4.75e-01    
      43             49         1.7471e+03      7.58e-03       2.13e-01       4.75e-01    
      44             50         1.7471e+03      8.69e-03       2.13e-01       4.75e-01    
      45             51         1.7471e+03      7.60e-03       2.12e-01       4.76e-01    
      46             52         1.7471e+03      8.69e-03       2.13e-01       4.76e-01    
      47             53         1.7471e+03      7.64e-03       2.12e-01       4.76e-01    
      48             54         1.7471e+03      8.71e-03       2.13e-01       4.76e-01    
      49             55         1.7471e+03      7.64e-03       2.12e-01       4.77e-01    
      50             56         1.7471e+03      8.72e-03       2.13e-01       4.77e-01    
      51             57         1.7470e+03      7.65e-03       2.12e-01       4.77e-01    
      52             58         1.7470e+03      8.77e-03       2.13e-01       4.78e-01    
      53             59         1.7470e+03      7.69e-03       2.12e-01       4.79e-01    
      54             60         1.7470e+03      8.77e-03       2.12e-01       4.80e-01    
      55             61         1.7470e+03      7.69e-03       2.12e-01       4.80e-01    
      56             62         1.7470e+03      8.78e-03       2.12e-01       4.80e-01    
      57             63         1.7470e+03      7.71e-03       2.11e-01       4.80e-01    
      58             64         1.7470e+03      8.80e-03       2.12e-01       4.80e-01    
      59             65         1.7470e+03      7.72e-03       2.11e-01       4.80e-01    
      60             66         1.7470e+03      8.80e-03       2.12e-01       4.81e-01    
      61             67         1.7470e+03      7.74e-03       2.11e-01       4.81e-01    
      62             68         1.7470e+03      8.81e-03       2.12e-01       4.82e-01    
      63             69         1.7469e+03      7.77e-03       2.11e-01       4.82e-01    
      64             70         1.7469e+03      8.83e-03       2.12e-01       4.82e-01    
      65             71         1.7469e+03      7.77e-03       2.11e-01       4.83e-01    
      66             72         1.7469e+03      8.84e-03       2.12e-01       4.83e-01    
      67             73         1.7469e+03      7.81e-03       2.11e-01       4.83e-01    
      68             74         1.7469e+03      8.87e-03       2.12e-01       4.84e-01    
      69             75         1.7469e+03      7.82e-03       2.11e-01       4.84e-01    
      70             76         1.7469e+03      8.89e-03       2.11e-01       4.84e-01    
      71             77         1.7469e+03      7.84e-03       2.11e-01       4.85e-01    
      72             78         1.7469e+03      8.90e-03       2.11e-01       4.85e-01    
      73             79         1.7469e+03      7.86e-03       2.10e-01       4.85e-01    
      74             80         1.7469e+03      8.93e-03       2.11e-01       4.87e-01    
      75             81         1.7468e+03      7.89e-03       2.10e-01       4.87e-01    
      76             82         1.7468e+03      8.95e-03       2.11e-01       4.88e-01    
      77             83         1.7468e+03      7.91e-03       2.10e-01       4.88e-01    
      78             84         1.7468e+03      8.97e-03       2.11e-01       4.89e-01    
      79             85         1.7468e+03      7.95e-03       2.10e-01       4.89e-01    
      80             86         1.7468e+03      9.00e-03       2.10e-01       4.90e-01    
      81             87         1.7468e+03      7.96e-03       2.10e-01       4.90e-01    
      82             88         1.7468e+03      9.02e-03       2.10e-01       4.91e-01    
      83             89         1.7468e+03      7.99e-03       2.09e-01       4.92e-01    
      84             90         1.7468e+03      9.05e-03       2.10e-01       4.92e-01    
      85             91         1.7468e+03      8.02e-03       2.09e-01       4.93e-01    
      86             92         1.7468e+03      9.07e-03       2.10e-01       4.93e-01    
      87             93         1.7467e+03      8.05e-03       2.09e-01       4.93e-01    
      88             94         1.7467e+03      9.09e-03       2.10e-01       4.94e-01    
      89             95         1.7467e+03      8.07e-03       2.09e-01       4.95e-01    
      90             96         1.7467e+03      9.12e-03       2.09e-01       4.96e-01    
      91             97         1.7467e+03      8.12e-03       2.08e-01       4.97e-01    
      92             98         1.7467e+03      9.15e-03       2.09e-01       4.98e-01    
      93             99         1.7467e+03      8.14e-03       2.08e-01       4.99e-01    
      94             100        1.7467e+03      9.18e-03       2.09e-01       5.00e-01    
      95             101        1.7467e+03      8.16e-03       2.08e-01       5.01e-01    
      96             102        1.7467e+03      9.20e-03       2.09e-01       5.02e-01    
      97             103        1.7467e+03      8.18e-03       2.08e-01       5.03e-01    
      98             104        1.7467e+03      9.22e-03       2.09e-01       5.05e-01    
      99             105        1.7466e+03      8.22e-03       2.08e-01       5.06e-01    
      100            106        1.7466e+03      9.26e-03       2.08e-01       5.07e-01    
      101            107        1.7466e+03      8.26e-03       2.07e-01       5.08e-01    
      102            108        1.7466e+03      9.28e-03       2.08e-01       5.09e-01    
      103            109        1.7466e+03      8.28e-03       2.07e-01       5.10e-01    
      104            110        1.7466e+03      9.31e-03       2.08e-01       5.11e-01    
      105            111        1.7466e+03      8.31e-03       2.07e-01       5.12e-01    
      106            112        1.7466e+03      9.33e-03       2.08e-01       5.13e-01    
      107            113        1.7466e+03      8.34e-03       2.07e-01       5.14e-01    
      108            114        1.7466e+03      9.36e-03       2.07e-01       5.15e-01    
      109            115        1.7466e+03      8.37e-03       2.06e-01       5.16e-01    
      110            116        1.7465e+03      9.38e-03       2.07e-01       5.17e-01    
      111            117        1.7465e+03      8.40e-03       2.06e-01       5.18e-01    
      112            118        1.7465e+03      9.41e-03       2.07e-01       5.19e-01    
      113            119        1.7465e+03      8.44e-03       2.06e-01       5.20e-01    
      114            120        1.7465e+03      9.47e-03       2.07e-01       5.21e-01    
      115            121        1.7465e+03      8.49e-03       2.06e-01       5.22e-01    
      116            122        1.7465e+03      9.50e-03       2.06e-01       5.23e-01    
      117            123        1.7465e+03      8.53e-03       2.05e-01       5.24e-01    
      118            124        1.7465e+03      9.53e-03       2.06e-01       5.25e-01    
      119            125        1.7465e+03      8.57e-03       2.05e-01       5.26e-01    
      120            126        1.7465e+03      9.57e-03       2.06e-01       5.28e-01    
      121            127        1.7464e+03      8.60e-03       2.05e-01       5.29e-01    
      122            128        1.7464e+03      9.60e-03       2.05e-01       5.30e-01    
      123            129        1.7464e+03      8.64e-03       2.04e-01       5.31e-01    
      124            130        1.7464e+03      9.64e-03       2.05e-01       5.32e-01    
      125            131        1.7464e+03      8.68e-03       2.04e-01       5.33e-01    
      126            132        1.7464e+03      9.67e-03       2.05e-01       5.33e-01    
      127            133        1.7464e+03      8.74e-03       2.04e-01       5.34e-01    
      128            134        1.7464e+03      9.74e-03       2.04e-01       5.35e-01    
      129            135        1.7464e+03      8.82e-03       2.03e-01       5.36e-01    
      130            136        1.7464e+03      9.79e-03       2.04e-01       5.37e-01    
      131            137        1.7464e+03      8.87e-03       2.03e-01       5.38e-01    
      132            138        1.7463e+03      9.82e-03       2.03e-01       5.39e-01    
      133            139        1.7463e+03      8.90e-03       2.03e-01       5.40e-01    
      134            140        1.7463e+03      9.85e-03       2.03e-01       5.41e-01    
      135            141        1.7463e+03      8.93e-03       2.02e-01       5.42e-01    
      136            142        1.7463e+03      9.88e-03       2.03e-01       5.43e-01    
      137            143        1.7463e+03      8.97e-03       2.02e-01       5.44e-01    
      138            144        1.7463e+03      9.92e-03       2.02e-01       5.45e-01    
      139            145        1.7463e+03      9.02e-03       2.02e-01       5.46e-01    
      140            146        1.7463e+03      1.00e-02       2.02e-01       5.48e-01    
      141            147        1.7463e+03      9.23e-03       2.01e-01       5.49e-01    
      142            148        1.7463e+03      1.01e-02       2.01e-01       5.50e-01    
      143            149        1.7462e+03      9.26e-03       2.00e-01       5.51e-01    
      144            150        1.7462e+03      1.02e-02       2.00e-01       5.52e-01    
The maximum number of function evaluations is exceeded.
Function evaluations 150, initial cost 1.7482e+03, final cost 1.7462e+03, first-order optimality 5.52e-01.
c  K=160  init=perp  [round 0 nfev=47 status=3 (xtol`) cost 1763.330]  [round 1 nfev=59 status=4 (Both) cost 1749.783]  [round 2 nfev=150 status=0 (The) cost 1748.233]  [round 3 nfev=150 status=0 (The) cost 1746.231]
args: {"K": 160, "bend": 30.0, "box_pose": "", "box_rings": "", "box_trace": 0.15, "clear": 5.0, "clear_range": "860:1066-388:483", "dbend": 500.0, "delta": 60.0, "dtwist": 500.0, "edge_fair": 0.0, "edge_w": "", "end_pin": 50.0, "energy_ranges": "", "eps": 1.0, "face_margin": 0.3, "faceon": "", "faces": "docs/ribbon/turns/real/faces_v2.json", "flat": 6.0, "flat_ranges": "470:560,1140:1240", "flip_guard": 20.0, "fold": "", "fold2": "376:25:20,516:40:20,1188:40:20", "fold_axis": "", "fold_convex": "516:10,1188:10", "fold_eq": false, "fold_legs": 5.0, "fold_legs_len": "20", "gap": 14.0, "hide": "", "hide_auto": "", "hmax": 25.5, "hmin": 25.5, "init": "perp", "inside": 0.0, "kappa": 2.0, "lam": 15.0, "lam_h": 50.0, "mask": "", "max_nfev": 150, "mu": 300.0, "no_opt": false, "nu_fold": 0.4, "omega": 0.01, "order": 0.0, "out": "docs/ribbon/turns/real/E2/c", "outer": 4, "outline": 0.0, "outline_assign": "nearest", "outline_boxes": "", "outline_drop_near": "", "outline_excl": "", "outline_fixed": false, "outline_incl": "", "outline_loss": "linear", "outline_pose": "", "pin_range": "", "pose": "docs/ribbon/turns/real/E2/b_pose.json", "redge": 24.0, "rim_pose": "", "rim_side_mode": "centre", "rimlines": "", "rmin": 45.0, "roto": "/Users/ashmitkhurana/Development/Personal/portfolio/docs/ribbon/turns/curve/best/roto.npz", "screenw": "", "sigma": 2.0, "trace_w": 0.15, "twist": 30.0, "w_box": 2.0, "w_face": 15.0, "w_hmin": 50.0, "w_redge": 5.0, "w_rim": 0.0, "w_rmin": 5.0, "w_wfloor": 0.0, "wfloor": 0.0, "wfloor_except": "", "wfloor_mode": "perp", "wfloor_ranges": "", "zprior": "docs/ribbon/turns/real/E2/b_pose.json"}

edge residual css px, point-to-polyline (L and R pooled): mean 6.211  p95 18.710  max 43.400

window       edge resid (L,R pooled)                      h min/med/max          median |b.T|  #|c'|<0.6 s0
[   0, 131]  mean  14.89  p95  32.29  max  43.40           25.5/ 25.5/ 25.5      0.129         0
[ 132, 288]  mean   1.68  p95   4.55  max  11.38           25.5/ 25.5/ 25.5      0.447         0
[ 289, 483]  mean   4.94  p95  13.41  max  19.59           25.5/ 25.5/ 25.5      0.366         5
[ 484, 554]  mean  13.49  p95  28.33  max  29.99           25.5/ 25.5/ 25.5      0.351         0
[ 555, 658]  mean   4.34  p95  10.04  max  12.02           25.5/ 25.5/ 25.5      0.099         0
[ 659, 764]  mean   8.07  p95  15.43  max  16.36           25.5/ 25.5/ 25.5      0.652         0
[ 765, 940]  mean   1.93  p95   5.07  max   9.02           25.5/ 25.5/ 25.5      0.156         0
[ 941,1066]  mean   9.86  p95  19.15  max  19.74           25.5/ 25.5/ 25.5      0.239         5
[1067,1298]  mean   4.44  p95  13.11  max  21.08           25.5/ 25.5/ 25.5      0.159         2
worst window by mean: [0,131] 14.89 px

dense (4N=5196 samples) surface normal N=TxB: angle change per sample  max 4.098 deg  p99 2.290 deg
   angle per world px of centreline arclength: max 9.0564 deg/px  (p99 2.9466)
   worst dense samples (t, deg, |b.T|): 739.57, 4.1, 0.957; 739.32, 4.1, 0.956; 739.82, 4.1, 0.957; 739.07, 4.1, 0.955; 740.07, 4.0, 0.956
   dense steps > 3 deg: 18, > 6 deg: 0
ripple (|second difference of unit N| per world px^2, dense): max 3.849e-02  p99 8.298e-03  median 4.199e-04
max |b.T| outside fold windows: 0.980   (inside: 0.982)
GATE: min 3D distance between non-adjacent rings (|i-j|>60, surface samples): 14.00 px; pairs < gap 14.0: 2
GATE: screen-overlap pairs (3 px) 1929, order violations (z_front - z_back < 0): 0, (< gap): 0; unique ring pairs violating: 0
end centreline offset from init: ring0 0.0 px, ring N-1 0.0 px
outside-mockup distance (5 pts across band, css px): mean 0.778  max 24.02  frac>0.5px 0.131
outline residual (css px, matched <=25 px: 1614 of 1634 pts): mean 6.969  p95 18.861  max 25.00
run time: 282.1 s
residual block norms (sum of squares): edge 919.76, smooth 94.00, jerk 140.94, perp 86.25, dev 121.51, depth 41.75, hsm 0.00, wpr 0.00, speed 8.79, hmin 0.00, hmax 0.00, face 0.00, rmin 7.46, scrw 0.00, wf 0.00, ins 0.00, fcr 23.17, bnd 681.07, twi 8.30, dbn 136.80, dtw 1.09, rmf 86.88, crl 5.08, lgb 84.34, cvx 58.03
