DPR2 canvases 780x1688 780x1688
DPR3 canvases 1170x2532 1170x2532
crop_apex.png  136461 B
crop_bottomk.png  263402 B
crop_endstrand.png  163946 B
crop_farleft.png  183149 B
crop_junction.png  101834 B
crop_scurve.png  217496 B
crop_topk.png  170123 B
crop_wrap.png  292838 B
hero.png  1336820 B
ribbon.png  1365488 B
ribbon_crop_apex.png  141303 B
ribbon_crop_bottomk.png  263402 B
ribbon_crop_endstrand.png  163946 B
ribbon_crop_farleft.png  183149 B
ribbon_crop_junction.png  101834 B
ribbon_crop_scurve.png  217496 B
ribbon_crop_topk.png  170123 B
ribbon_crop_wrap.png  292838 B
