DPR2 canvases 780x1688 780x1688
DPR3 canvases 1170x2532 1170x2532
crop_apex.png  128970 B
crop_bottomk.png  267609 B
crop_endstrand.png  167974 B
crop_farleft.png  177527 B
crop_junction.png  98703 B
crop_scurve.png  218422 B
crop_topk.png  169631 B
crop_wrap.png  289416 B
hero.png  1323447 B
ribbon.png  1355980 B
ribbon_crop_apex.png  135052 B
ribbon_crop_bottomk.png  267609 B
ribbon_crop_endstrand.png  167974 B
ribbon_crop_farleft.png  177527 B
ribbon_crop_junction.png  98703 B
ribbon_crop_scurve.png  218422 B
ribbon_crop_topk.png  169631 B
ribbon_crop_wrap.png  289416 B
