N rings 1299
max screen-position change (px): 5.684e-14
max |new centre z - zt| (world px): 1.421e-14
ring  old_zc  new_zt
 380    39.458    39.458
 390    46.683    45.567
 400    33.742    44.000
 410    10.051    42.686
 420     7.317    42.000
 430    15.675    42.609
 440    21.620    44.000
 450    22.258    47.171
 460    30.527    51.868
 470    47.869    55.883
 480    58.451    59.537
 870    14.321    14.321
 880    62.155    62.155
 890    79.522    79.522
 900    85.107    85.107
 910    87.197    87.197
 920    83.032    83.032
 930    66.304    66.304
 940    39.198    39.198
 950    21.756    21.756
 960    11.073    11.073
 970   -14.509   -14.509
 980   -41.421   -41.421
 990   -51.006   -51.006
1000   -46.899   -46.899
1010   -35.182   -35.182
1020   -29.514   -29.514
1030   -30.316   -30.316
1040   -30.313   -30.313
1050   -21.306   -21.306
1060    -3.164    -3.164
1070     0.377     0.377
1080    -5.902    -5.902
