DPR2 canvases 780x1688 780x1688
DPR3 canvases 1170x2532 1170x2532
crop_apex.png  127049 B
crop_bottomk.png  259795 B
crop_endstrand.png  164560 B
crop_farleft.png  186712 B
crop_junction.png  103312 B
crop_scurve.png  217682 B
crop_topk.png  173067 B
crop_wrap.png  298090 B
hero.png  1329752 B
ribbon.png  1363020 B
ribbon_crop_apex.png  133091 B
ribbon_crop_bottomk.png  259795 B
ribbon_crop_endstrand.png  164560 B
ribbon_crop_farleft.png  186712 B
ribbon_crop_junction.png  103312 B
ribbon_crop_scurve.png  217682 B
ribbon_crop_topk.png  173067 B
ribbon_crop_wrap.png  298090 B
