bz rings 690..790 t 0.50 w 20.0
lit rings 1030..1175 t 0.30 w 30.0
fold2 crease 516 R 40: ds 1.93 n 32 (eq 484..548, ruling 478..554, legs to +-52)
fold2 crease 1188 R 40: ds 1.95 n 32 (eq 1156..1220, ruling 1150..1226, legs to +-52)
curl rings 340..405 R 35 w 60.0
curl rings 690..790 R 60 w 60.0
curl rings 925..1025 R 35 w 60.0
keep: 613 rings held (w=3.00), 608 new centreline pins
face rule: sign_A -1 (tail median N.v -0.995)
init cost 194339.857, residuals 63429, params 1120
round 0: clearance pairs 748, order pairs 0, residuals 64177
   Iteration     Total nfev        Cost      Cost reduction    Step norm     Optimality   
       0              1         1.9434e+05                                    1.31e+04    
       1              4         1.1281e+05      8.15e+04       1.58e+01       1.33e+04    
       2              5         4.0294e+04      7.25e+04       2.36e+01       2.98e+04    
       3              7         2.7362e+04      1.29e+04       1.09e+01       3.62e+03    
       4              8         1.7110e+04      1.03e+04       2.53e+01       1.75e+03    
       5              9         8.8400e+03      8.27e+03       4.10e+01       3.96e+03    
       6             10         7.3398e+03      1.50e+03       3.33e+01       1.28e+04    
       7             11         6.0432e+03      1.30e+03       1.89e+01       1.01e+03    
       8             13         5.7843e+03      2.59e+02       9.57e+00       5.86e+02    
       9             15         5.6483e+03      1.36e+02       4.85e+00       2.20e+02    
      10             16         5.5179e+03      1.30e+02       9.95e+00       3.44e+02    
      11             17         5.4264e+03      9.15e+01       1.72e+01       1.17e+03    
      12             19         5.3672e+03      5.92e+01       8.45e+00       3.37e+02    
      13             20         5.2935e+03      7.38e+01       1.74e+01       9.82e+02    
      14             22         5.2785e+03      1.50e+01       9.29e+00       4.35e+02    
      15             23         5.2408e+03      3.77e+01       8.26e+00       3.39e+02    
      16             25         5.2056e+03      3.52e+01       3.25e+00       4.01e+02    
      17             26         5.2044e+03      1.20e+00       5.81e+00       5.83e+02    
      18             27         5.1748e+03      2.96e+01       3.30e+00       2.83e+02    
      19             28         5.1636e+03      1.12e+01       3.68e+00       2.21e+02    
      20             30         5.1569e+03      6.65e+00       1.44e+00       1.79e+02    
      21             31         5.1538e+03      3.10e+00       8.82e-01       1.60e+02    
      22             32         5.1506e+03      3.24e+00       8.06e-01       1.61e+02    
      23             33         5.1477e+03      2.91e+00       1.57e+00       2.58e+02    
      24             34         5.1416e+03      6.05e+00       1.50e+00       1.72e+02    
      25             35         5.1367e+03      4.89e+00       2.93e+00       1.65e+02    
      26             36         5.1349e+03      1.86e+00       2.94e+00       1.78e+02    
      27             37         5.1312e+03      3.72e+00       8.61e-01       1.77e+02    
      28             38         5.1294e+03      1.80e+00       1.02e+00       1.15e+02    
      29             39         5.1287e+03      6.54e-01       1.43e+00       1.68e+02    
      30             40         5.1261e+03      2.62e+00       5.14e-01       8.44e+01    
      31             41         5.1251e+03      9.66e-01       6.74e-01       7.34e+01    
      32             42         5.1245e+03      6.64e-01       5.40e-01       7.02e+01    
      33             43         5.1237e+03      7.31e-01       5.31e-01       6.54e+01    
      34             44         5.1231e+03      6.66e-01       4.91e-01       6.38e+01    
      35             45         5.1224e+03      6.80e-01       4.80e-01       5.97e+01    
      36             46         5.1218e+03      6.17e-01       4.71e-01       5.91e+01    
      37             47         5.1211e+03      6.22e-01       4.72e-01       5.62e+01    
      38             48         5.1206e+03      5.73e-01       4.73e-01       5.52e+01    
      39             49         5.1200e+03      5.73e-01       4.77e-01       5.23e+01    
      40             50         5.1195e+03      5.31e-01       4.83e-01       5.13e+01    
      41             51         5.1189e+03      5.29e-01       4.88e-01       4.85e+01    
      42             52         5.1184e+03      4.91e-01       4.96e-01       4.75e+01    
      43             53         5.1180e+03      4.85e-01       5.03e-01       4.49e+01    
      44             54         5.1175e+03      4.50e-01       5.13e-01       4.37e+01    
      45             55         5.1171e+03      4.44e-01       5.24e-01       4.13e+01    
      46             56         5.1167e+03      4.08e-01       5.38e-01       4.01e+01    
      47             57         5.1163e+03      4.00e-01       5.58e-01       3.78e+01    
      48             58         5.1159e+03      3.57e-01       5.90e-01       3.65e+01    
      49             59         5.1154e+03      5.09e-01       2.10e-01       3.34e+01    
      50             60         5.1151e+03      3.12e-01       2.40e-01       3.06e+01    
      51             61         5.1148e+03      2.50e-01       2.28e-01       2.98e+01    
      52             62         5.1146e+03      2.70e-01       2.28e-01       4.66e+01    
      53             63         5.1143e+03      2.80e-01       2.15e-01       5.02e+01    
      54             64         5.1138e+03      4.59e-01       3.89e-01       4.86e+01    
      55             65         5.1131e+03      7.55e-01       6.36e-01       5.37e+01    
      56             66         5.1117e+03      1.34e+00       1.14e+00       5.24e+01    
      57             67         5.1094e+03      2.31e+00       2.17e+00       5.90e+01    
      58             68         5.1052e+03      4.23e+00       3.77e+00       6.28e+01    
      59             69         5.0982e+03      7.01e+00       7.34e+00       1.61e+02    
      60             70         5.0967e+03      1.51e+00       1.46e+01       3.62e+02    
      61             71         5.0892e+03      7.46e+00       4.19e+00       1.90e+02    
      62             73         5.0824e+03      6.78e+00       1.70e+00       5.05e+02    
      63             75         5.0814e+03      1.02e+00       3.90e-01       1.35e+02    
      64             77         5.0810e+03      4.18e-01       2.01e-01       1.94e+02    
      65             78         5.0808e+03      2.32e-01       2.43e-01       4.26e+01    
      66             79         5.0806e+03      1.98e-01       2.78e-01       3.33e+01    
      67             80         5.0805e+03      9.71e-02       2.82e-01       2.94e+01    
      68             81         5.0803e+03      1.80e-01       7.64e-02       2.77e+01    
      69             82         5.0802e+03      1.17e-01       1.27e-01       2.50e+01    
      70             83         5.0801e+03      8.36e-02       1.12e-01       2.28e+01    
      71             84         5.0800e+03      8.56e-02       1.15e-01       2.14e+01    
      72             85         5.0799e+03      7.62e-02       1.11e-01       2.04e+01    
      73             86         5.0798e+03      8.08e-02       1.10e-01       1.95e+01    
      74             87         5.0798e+03      7.53e-02       1.05e-01       1.90e+01    
      75             88         5.0797e+03      8.19e-02       9.98e-02       2.52e+01    
      76             89         5.0796e+03      8.11e-02       8.91e-02       2.52e+01    
      77             90         5.0795e+03      1.44e-01       1.47e-01       3.83e+01    
      78             91         5.0792e+03      2.31e-01       2.49e-01       2.41e+01    
      79             92         5.0788e+03      4.20e-01       4.78e-01       3.81e+01    
      80             93         5.0780e+03      7.73e-01       9.42e-01       2.61e+01    
      81             94         5.0767e+03      1.34e+00       1.72e+00       4.05e+01    
      82             95         5.0743e+03      2.41e+00       3.22e+00       3.11e+01    
      83             96         5.0704e+03      3.92e+00       6.32e+00       6.17e+01    
      84             97         5.0651e+03      5.31e+00       1.35e+01       3.49e+02    
      85             99         5.0607e+03      4.38e+00       3.29e+00       9.32e+01    
      86             101        5.0597e+03      9.95e-01       2.01e+00       2.49e+02    
      87             105        5.0595e+03      2.24e-01       4.95e-02       2.05e+02    
      88             106        5.0593e+03      1.73e-01       6.89e-02       2.88e+01    
      89             107        5.0592e+03      1.09e-01       1.23e-01       2.62e+01    
      90             108        5.0591e+03      6.21e-02       1.30e-01       2.91e+01    
      91             109        5.0591e+03      4.10e-02       1.34e-01       2.29e+01    
      92             110        5.0590e+03      4.15e-02       1.44e-01       2.28e+01    
      93             111        5.0590e+03      4.27e-02       3.66e-02       1.54e+01    
      94             112        5.0590e+03      3.35e-02       6.37e-02       1.34e+01    
      95             113        5.0589e+03      3.12e-02       6.13e-02       1.23e+01    
      96             114        5.0589e+03      2.77e-02       5.91e-02       1.16e+01    
      97             115        5.0589e+03      2.75e-02       5.88e-02       1.10e+01    
      98             116        5.0588e+03      2.61e-02       6.00e-02       1.06e+01    
      99             117        5.0588e+03      2.60e-02       5.95e-02       1.02e+01    
      100            118        5.0588e+03      2.48e-02       5.68e-02       9.86e+00    
      101            119        5.0588e+03      2.48e-02       5.66e-02       9.51e+00    
      102            120        5.0587e+03      2.40e-02       5.68e-02       9.27e+00    
      103            121        5.0587e+03      2.43e-02       5.83e-02       9.01e+00    
      104            122        5.0587e+03      2.37e-02       5.56e-02       8.85e+00    
      105            123        5.0587e+03      2.42e-02       5.40e-02       8.70e+00    
      106            124        5.0586e+03      2.44e-02       5.05e-02       9.47e+00    
      107            125        5.0586e+03      2.53e-02       5.17e-02       1.12e+01    
      108            126        5.0586e+03      4.75e-02       7.65e-02       1.68e+01    
      109            127        5.0585e+03      8.01e-02       1.26e-01       1.78e+01    
      110            128        5.0584e+03      1.30e-01       2.23e-01       1.64e+01    
      111            129        5.0581e+03      2.26e-01       4.14e-01       2.14e+01    
      112            130        5.0578e+03      3.65e-01       7.06e-01       1.99e+01    
      113            131        5.0572e+03      5.94e-01       1.21e+00       2.65e+01    
      114            132        5.0561e+03      1.12e+00       2.30e+00       2.61e+01    
      115            133        5.0532e+03      2.89e+00       4.89e+00       1.54e+02    
      116            136        5.0520e+03      1.22e+00       6.32e-01       3.69e+01    
      117            137        5.0478e+03      4.17e+00       1.63e+00       1.05e+02    
      118            138        5.0471e+03      6.76e-01       3.02e+00       1.36e+02    
      119            140        5.0439e+03      3.20e+00       4.55e-01       1.33e+02    
      120            142        5.0432e+03      6.60e-01       1.74e-01       2.14e+02    
      121            143        5.0428e+03      4.47e-01       2.39e-01       5.73e+01    
      122            144        5.0428e+03      1.91e-02       3.38e-01       9.04e+01    
      123            145        5.0425e+03      3.04e-01       1.24e-01       9.20e+00    
      124            146        5.0424e+03      8.38e-02       1.01e-01       7.99e+00    
      125            147        5.0423e+03      6.71e-02       8.00e-02       7.04e+00    
      126            148        5.0423e+03      5.72e-02       8.78e-02       7.09e+00    
      127            149        5.0422e+03      5.75e-02       8.35e-02       1.09e+01    
      128            150        5.0422e+03      5.82e-02       8.10e-02       1.20e+01    
The maximum number of function evaluations is exceeded.
Function evaluations 150, initial cost 1.9434e+05, final cost 5.0422e+03, first-order optimality 1.20e+01.
round 1: clearance pairs 1465, order pairs 0, residuals 64894
   Iteration     Total nfev        Cost      Cost reduction    Step norm     Optimality   
       0              1         8.3951e+04                                    2.84e+04    
       1              4         6.4511e+04      1.94e+04       6.45e+00       1.73e+04    
       2              5         4.3796e+04      2.07e+04       1.50e+01       9.31e+03    
       3              7         3.7510e+04      6.29e+03       4.96e+00       8.01e+03    
       4              8         2.8187e+04      9.32e+03       1.19e+01       5.28e+03    
       5              9         2.7601e+04      5.86e+02       2.03e+01       6.38e+04    
       6             10         2.0582e+04      7.02e+03       5.98e+00       8.20e+03    
       7             11         1.8755e+04      1.83e+03       9.94e+00       3.76e+03    
       8             12         1.7512e+04      1.24e+03       1.24e+01       2.61e+03    
       9             13         1.7178e+04      3.34e+02       1.89e+01       2.20e+04    
      10             14         1.5978e+04      1.20e+03       2.05e+01       6.74e+03    
      11             16         1.5539e+04      4.39e+02       6.38e+00       2.20e+03    
      12             17         1.5219e+04      3.20e+02       1.07e+01       6.74e+03    
      13             18         1.4897e+04      3.22e+02       1.74e+01       6.03e+03    
      14             20         1.4789e+04      1.09e+02       5.74e+00       8.35e+03    
      15             22         1.4661e+04      1.28e+02       2.21e+00       2.64e+04    
      16             24         1.4605e+04      5.54e+01       7.33e-01       3.84e+03    
      17             25         1.4604e+04      1.33e+00       1.39e+00       3.72e+03    
      18             26         1.4565e+04      3.91e+01       3.55e-01       1.81e+03    
      19             27         1.4551e+04      1.42e+01       7.13e-01       1.24e+03    
      20             29         1.4542e+04      8.24e+00       2.72e-01       2.86e+03    
      21             30         1.4529e+04      1.33e+01       4.97e-01       1.20e+03    
      22             32         1.4524e+04      5.09e+00       2.53e-01       1.18e+04    
      23             33         1.4514e+04      1.01e+01       2.31e-01       1.15e+03    
      24             34         1.4502e+04      1.25e+01       4.22e-01       1.11e+03    
      25             35         1.4484e+04      1.75e+01       8.05e-01       3.45e+03    
      26             36         1.4461e+04      2.32e+01       1.63e+00       1.69e+03    
      27             38         1.4440e+04      2.11e+01       5.52e-01       1.59e+04    
      28             39         1.4427e+04      1.29e+01       8.49e-01       2.36e+03    
      29             40         1.4410e+04      1.65e+01       1.44e+00       1.68e+04    
      30             42         1.4387e+04      2.29e+01       4.40e-01       2.03e+03    
      31             43         1.4365e+04      2.27e+01       8.97e-01       3.41e+03    
      32             44         1.4342e+04      2.24e+01       1.16e+00       1.95e+03    
      33             45         1.4314e+04      2.84e+01       1.70e+00       5.49e+03    
      34             47         1.4288e+04      2.58e+01       5.49e-01       2.71e+04    
      35             48         1.4260e+04      2.85e+01       9.09e-01       1.96e+03    
      36             49         1.4243e+04      1.64e+01       1.57e+00       1.35e+04    
      37             50         1.4219e+04      2.45e+01       1.95e+00       2.08e+04    
      38             51         1.4186e+04      3.26e+01       2.51e+00       3.24e+04    
      39             52         1.4174e+04      1.20e+01       2.55e+00       2.10e+04    
      40             53         1.4138e+04      3.57e+01       1.18e+00       3.24e+04    
      41             54         1.4124e+04      1.47e+01       1.04e+00       7.73e+03    
      42             55         1.4120e+04      4.13e+00       1.21e+00       1.64e+04    
      43             56         1.4108e+04      1.21e+01       6.10e-01       8.11e+03    
      44             57         1.4103e+04      4.25e+00       4.29e-01       4.29e+03    
      45             58         1.4101e+04      2.18e+00       4.76e-01       2.43e+03    
      46             59         1.4097e+04      3.79e+00       5.07e-01       6.15e+02    
      47             60         1.4095e+04      2.35e+00       4.90e-01       8.40e+03    
      48             61         1.4091e+04      3.53e+00       4.41e-01       8.18e+02    
      49             62         1.4088e+04      3.44e+00       3.58e-01       7.76e+02    
      50             63         1.4084e+04      4.05e+00       3.77e-01       1.29e+04    
      51             64         1.4077e+04      6.92e+00       4.14e-01       9.90e+02    
      52             66         1.4074e+04      2.50e+00       1.62e-01       1.02e+04    
      53             67         1.4071e+04      3.12e+00       2.06e-01       1.48e+03    
      54             68         1.4066e+04      5.07e+00       3.38e-01       8.49e+03    
      55             69         1.4055e+04      1.15e+01       5.48e-01       1.50e+03    
      56             70         1.4038e+04      1.71e+01       7.19e-01       3.29e+03    
      57             71         1.4017e+04      2.03e+01       1.20e+00       1.91e+03    
      58             73         1.4013e+04      4.11e+00       6.93e-01       9.72e+04    
      59             74         1.3983e+04      3.01e+01       1.34e+00       3.51e+04    
      60             75         1.3961e+04      2.22e+01       1.92e+00       9.22e+03    
      61             77         1.3933e+04      2.81e+01       7.36e-01       5.70e+04    
      62             78         1.3910e+04      2.28e+01       1.47e+00       6.54e+03    
      63             80         1.3898e+04      1.19e+01       6.29e-01       2.86e+04    
      64             81         1.3880e+04      1.78e+01       1.20e+00       2.32e+03    
      65             82         1.3871e+04      9.01e+00       1.87e+00       8.88e+04    
      66             83         1.3860e+04      1.16e+01       3.19e+00       1.64e+05    
      67             84         1.3818e+04      4.19e+01       2.21e+00       2.95e+04    
      68             85         1.3805e+04      1.32e+01       1.33e+00       1.73e+03    
      69             86         1.3798e+04      6.71e+00       1.02e+00       3.84e+03    
      70             87         1.3792e+04      6.07e+00       1.26e+00       2.57e+04    
      71             88         1.3783e+04      9.18e+00       1.13e+00       3.57e+03    
      72             89         1.3776e+04      6.78e+00       1.25e+00       1.34e+04    
      73             90         1.3772e+04      3.96e+00       1.52e+00       3.41e+03    
      74             92         1.3768e+04      4.09e+00       5.26e-01       5.10e+04    
      75             93         1.3762e+04      5.91e+00       5.27e-01       5.52e+03    
      76             94         1.3758e+04      3.64e+00       4.25e-01       1.85e+03    
      77             96         1.3758e+04      7.42e-01       1.44e-01       3.64e+04    
      78             97         1.3755e+04      2.75e+00       2.68e-01       5.95e+02    
      79             98         1.3752e+04      3.24e+00       2.92e-01       5.71e+03    
      80             99         1.3746e+04      5.87e+00       4.60e-01       2.03e+03    
      81             100        1.3740e+04      6.13e+00       8.62e-01       8.15e+04    
      82             101        1.3725e+04      1.47e+01       1.25e+00       3.03e+03    
      83             103        1.3719e+04      5.87e+00       4.47e-01       4.42e+04    
      84             104        1.3708e+04      1.12e+01       1.01e+00       2.54e+03    
      85             106        1.3701e+04      6.78e+00       4.53e-01       4.19e+04    
      86             107        1.3688e+04      1.29e+01       9.65e-01       1.69e+03    
      87             108        1.3675e+04      1.36e+01       1.66e+00       4.23e+04    
      88             110        1.3666e+04      8.64e+00       4.77e-01       7.60e+03    
      89             111        1.3652e+04      1.35e+01       1.05e+00       2.00e+03    
      90             112        1.3641e+04      1.11e+01       1.73e+00       4.88e+04    
      91             113        1.3609e+04      3.28e+01       2.24e+00       4.59e+03    
      92             114        1.3582e+04      2.65e+01       2.75e+00       9.20e+04    
      93             116        1.3566e+04      1.59e+01       1.43e+00       9.26e+03    
      94             117        1.3535e+04      3.07e+01       3.35e+00       2.78e+04    
      95             119        1.3518e+04      1.72e+01       1.50e+00       4.88e+03    
      96             121        1.3511e+04      7.61e+00       8.52e-01       6.82e+04    
      97             122        1.3499e+04      1.15e+01       1.99e+00       6.67e+04    
      98             124        1.3481e+04      1.79e+01       7.20e-01       1.68e+04    
      99             125        1.3468e+04      1.31e+01       1.11e+00       7.40e+03    
      100            126        1.3450e+04      1.79e+01       1.80e+00       1.88e+04    
      101            128        1.3445e+04      5.13e+00       5.79e-01       4.50e+04    
      102            130        1.3441e+04      3.88e+00       4.57e-01       6.07e+04    
      103            131        1.3432e+04      9.26e+00       8.49e-01       7.37e+03    
      104            132        1.3422e+04      9.53e+00       9.23e-01       1.75e+03    
      105            134        1.3422e+04      4.33e-01       4.61e-01       6.57e+04    
      106            135        1.3412e+04      1.02e+01       2.39e-01       6.03e+03    
      107            136        1.3408e+04      3.34e+00       3.76e-01       3.23e+04    
      108            138        1.3407e+04      1.42e+00       1.63e-01       5.13e+04    
      109            139        1.3404e+04      2.92e+00       2.73e-01       6.89e+03    
      110            140        1.3401e+04      3.17e+00       2.92e-01       3.25e+03    
      111            141        1.3397e+04      4.47e+00       4.74e-01       4.19e+04    
      112            143        1.3394e+04      2.27e+00       2.48e-01       5.85e+04    
      113            144        1.3389e+04      4.97e+00       4.84e-01       3.80e+03    
      114            145        1.3384e+04      5.35e+00       4.88e-01       5.32e+02    
      115            146        1.3377e+04      6.44e+00       9.43e-01       1.08e+05    
      116            148        1.3375e+04      2.91e+00       3.62e-01       1.21e+05    
      117            149        1.3366e+04      8.48e+00       5.44e-01       4.17e+03    
      118            150        1.3363e+04      3.51e+00       4.56e-01       6.13e+04    
The maximum number of function evaluations is exceeded.
Function evaluations 150, initial cost 8.3951e+04, final cost 1.3363e+04, first-order optimality 6.13e+04.
round 2: clearance pairs 89, order pairs 0, residuals 63518
   Iteration     Total nfev        Cost      Cost reduction    Step norm     Optimality   
       0              1         1.3363e+04                                    6.13e+04    
       1              4         1.3344e+04      1.89e+01       2.97e+00       2.41e+05    
       2              7         1.3336e+04      7.78e+00       7.51e-01       1.73e+05    
       3              8         1.3307e+04      2.94e+01       2.48e+00       1.02e+05    
       4             11         1.3305e+04      1.67e+00       1.19e-01       9.05e+04    
       5             12         1.3301e+04      3.87e+00       3.45e-01       2.09e+04    
       6             13         1.3296e+04      4.77e+00       5.83e-01       1.16e+04    
       7             14         1.3290e+04      5.99e+00       6.97e-01       9.51e+04    
       8             16         1.3287e+04      2.75e+00       2.81e-01       9.71e+04    
       9             17         1.3281e+04      6.85e+00       9.38e-01       1.31e+05    
      10             18         1.3268e+04      1.28e+01       1.20e+00       1.71e+04    
      11             19         1.3254e+04      1.38e+01       1.59e+00       1.97e+04    
      12             21         1.3251e+04      3.51e+00       7.13e-01       1.82e+05    
      13             22         1.3235e+04      1.53e+01       1.71e+00       8.78e+04    
      14             23         1.3228e+04      7.12e+00       1.65e+00       3.71e+05    
      15             24         1.3205e+04      2.34e+01       2.48e+00       8.36e+04    
      16             25         1.3167e+04      3.72e+01       3.42e+00       1.80e+05    
      17             26         1.3113e+04      5.46e+01       6.25e+00       2.82e+04    
      18             29         1.3108e+04      4.49e+00       5.54e-01       2.04e+05    
      19             30         1.3093e+04      1.58e+01       1.56e+00       3.04e+04    
      20             32         1.3088e+04      4.85e+00       4.32e-01       1.29e+05    
      21             34         1.3086e+04      2.09e+00       2.88e-01       1.68e+05    
      22             35         1.3083e+04      2.81e+00       7.87e-01       2.96e+05    
      23             36         1.3074e+04      8.78e+00       8.29e-01       1.87e+04    
      24             37         1.3068e+04      6.24e+00       8.23e-01       7.82e+03    
      25             39         1.3066e+04      1.47e+00       2.83e-01       1.51e+05    
      26             40         1.3062e+04      4.09e+00       6.90e-01       9.24e+04    
      27             41         1.3056e+04      6.25e+00       7.34e-01       3.02e+04    
      28             42         1.3048e+04      7.85e+00       7.41e-01       8.58e+03    
      29             43         1.3034e+04      1.43e+01       1.46e+00       6.80e+04    
      30             46         1.3033e+04      5.43e-01       1.62e-01       1.44e+05    
      31             47         1.3030e+04      3.15e+00       7.11e-01       1.98e+05    
      32             48         1.3025e+04      5.31e+00       7.40e-01       1.34e+04    
      33             49         1.3020e+04      5.14e+00       5.51e-01       2.13e+04    
      34             51         1.3019e+04      8.99e-01       2.65e-01       1.58e+05    
      35             52         1.3015e+04      3.52e+00       7.34e-01       1.72e+05    
      36             53         1.3011e+04      4.25e+00       7.66e-01       1.41e+04    
      37             54         1.3006e+04      5.08e+00       1.01e+00       2.13e+04    
      38             56         1.3005e+04      1.17e+00       6.50e-01       1.50e+05    
      39             57         1.3003e+04      1.69e+00       1.19e+00       1.68e+05    
      40             58         1.3000e+04      2.96e+00       1.29e+00       1.95e+04    
      41             59         1.2998e+04      1.91e+00       1.39e+00       1.88e+04    
      42             60         1.2998e+04      5.40e-01       1.70e+00       6.08e+04    
      43             61         1.2994e+04      3.64e+00       5.45e-01       7.31e+03    
      44             62         1.2992e+04      1.83e+00       7.80e-01       9.68e+03    
      45             63         1.2991e+04      1.16e+00       6.79e-01       4.27e+04    
      46             64         1.2990e+04      1.34e+00       4.87e-01       8.80e+04    
      47             65         1.2988e+04      1.43e+00       3.67e-01       6.77e+04    
      48             66         1.2987e+04      1.72e+00       3.06e-01       1.70e+04    
      49             67         1.2984e+04      2.54e+00       3.03e-01       8.77e+03    
      50             68         1.2983e+04      9.17e-01       3.99e-01       2.83e+05    
      51             69         1.2979e+04      4.26e+00       3.97e-01       9.39e+04    
      52             70         1.2976e+04      2.94e+00       4.49e-01       2.41e+04    
      53             71         1.2972e+04      4.29e+00       3.52e-01       1.55e+04    
      54             73         1.2971e+04      8.58e-01       1.76e-01       1.52e+05    
      55             74         1.2968e+04      2.66e+00       5.07e-01       1.23e+05    
      56             75         1.2964e+04      3.72e+00       4.90e-01       2.62e+04    
      57             76         1.2960e+04      4.33e+00       3.54e-01       1.55e+04    
      58             78         1.2959e+04      8.95e-01       1.77e-01       1.53e+05    
      59             79         1.2957e+04      2.30e+00       4.81e-01       1.43e+05    
      60             80         1.2953e+04      4.02e+00       5.07e-01       2.37e+04    
      61             81         1.2948e+04      4.32e+00       3.58e-01       1.40e+04    
      62             83         1.2948e+04      8.75e-01       1.79e-01       1.57e+05    
      63             84         1.2945e+04      2.19e+00       4.85e-01       1.51e+05    
      64             85         1.2941e+04      4.09e+00       5.07e-01       2.27e+04    
      65             86         1.2937e+04      4.26e+00       3.55e-01       1.36e+04    
      66             88         1.2936e+04      8.26e-01       1.79e-01       1.60e+05    
      67             89         1.2934e+04      2.03e+00       4.74e-01       1.59e+05    
      68             90         1.2930e+04      4.21e+00       5.25e-01       2.17e+04    
      69             91         1.2926e+04      4.21e+00       3.55e-01       1.26e+04    
      70             93         1.2925e+04      7.90e-01       1.82e-01       1.65e+05    
      71             94         1.2923e+04      1.97e+00       4.91e-01       1.66e+05    
      72             95         1.2919e+04      4.24e+00       5.12e-01       2.05e+04    
      73             96         1.2915e+04      4.13e+00       3.54e-01       1.17e+04    
      74             98         1.2914e+04      7.07e-01       1.82e-01       1.69e+05    
      75             99         1.2912e+04      1.81e+00       4.70e-01       1.73e+05    
      76             100        1.2907e+04      4.69e+00       5.27e-01       1.98e+04    
      77             101        1.2903e+04      4.06e+00       3.56e-01       1.09e+04    
      78             103        1.2903e+04      6.66e-01       1.83e-01       1.73e+05    
      79             104        1.2901e+04      1.56e+00       4.66e-01       1.85e+05    
      80             105        1.2897e+04      4.51e+00       5.20e-01       1.68e+04    
      81             106        1.2893e+04      4.02e+00       3.66e-01       7.60e+03    
      82             108        1.2892e+04      6.17e-01       1.96e-01       1.84e+05    
      83             109        1.2890e+04      1.77e+00       5.11e-01       2.02e+05    
      84             110        1.2885e+04      4.74e+00       5.52e-01       1.11e+04    
      85             111        1.2881e+04      3.98e+00       3.81e-01       8.21e+02    
      86             114        1.2881e+04      3.82e-01       1.55e-01       8.04e+04    
      87             115        1.2880e+04      8.68e-01       1.65e-01       8.42e+03    
      88             116        1.2879e+04      1.20e+00       1.97e-01       1.63e+04    
      89             118        1.2879e+04      3.90e-01       7.89e-02       6.01e+04    
      90             119        1.2878e+04      5.49e-01       1.61e-01       8.39e+04    
      91             120        1.2877e+04      8.51e-01       1.65e-01       8.04e+03    
      92             121        1.2876e+04      1.19e+00       1.99e-01       1.57e+04    
      93             123        1.2876e+04      3.90e-01       8.26e-02       6.01e+04    
      94             124        1.2875e+04      5.31e-01       1.55e-01       8.54e+04    
      95             125        1.2874e+04      8.49e-01       1.63e-01       7.96e+03    
      96             126        1.2873e+04      1.18e+00       2.01e-01       1.56e+04    
      97             128        1.2873e+04      3.90e-01       8.32e-02       5.99e+04    
      98             129        1.2872e+04      5.27e-01       1.57e-01       8.51e+04    
      99             130        1.2871e+04      8.35e-01       1.60e-01       7.93e+03    
      100            131        1.2870e+04      1.16e+00       1.91e-01       1.58e+04    
      101            133        1.2870e+04      3.77e-01       7.85e-02       6.05e+04    
      102            134        1.2869e+04      5.12e-01       1.52e-01       8.72e+04    
      103            135        1.2868e+04      8.51e-01       1.65e-01       7.92e+03    
      104            136        1.2867e+04      1.17e+00       1.98e-01       1.57e+04    
      105            138        1.2867e+04      3.81e-01       8.16e-02       6.03e+04    
      106            139        1.2866e+04      5.19e-01       1.57e-01       8.63e+04    
      107            140        1.2866e+04      8.43e-01       1.64e-01       7.92e+03    
      108            141        1.2864e+04      1.49e+00       2.04e-01       1.58e+04    
      109            143        1.2864e+04      3.80e-01       8.18e-02       6.04e+04    
      110            144        1.2863e+04      5.16e-01       1.59e-01       8.61e+04    
      111            145        1.2862e+04      8.29e-01       1.63e-01       7.91e+03    
      112            146        1.2861e+04      1.15e+00       1.94e-01       1.59e+04    
      113            148        1.2861e+04      3.65e-01       7.68e-02       6.11e+04    
      114            149        1.2860e+04      4.94e-01       1.54e-01       8.82e+04    
      115            150        1.2859e+04      8.34e-01       1.57e-01       7.87e+03    
The maximum number of function evaluations is exceeded.
Function evaluations 150, initial cost 1.3363e+04, final cost 1.2859e+04, first-order optimality 7.87e+03.
round 3: clearance pairs 94, order pairs 0, residuals 63523
   Iteration     Total nfev        Cost      Cost reduction    Step norm     Optimality   
       0              1         1.2859e+04                                    7.87e+03    
       1              5         1.2857e+04      2.81e+00       7.95e-01       1.25e+05    
       2              7         1.2848e+04      8.73e+00       1.25e+00       6.59e+04    
       3              8         1.2844e+04      4.40e+00       1.71e+00       2.75e+05    
       4              9         1.2833e+04      1.03e+01       2.64e+00       2.44e+05    
       5             11         1.2816e+04      1.74e+01       7.12e-01       8.19e+04    
       6             12         1.2806e+04      9.60e+00       1.28e+00       5.20e+04    
       7             14         1.2803e+04      2.80e+00       3.53e-01       2.01e+04    
       8             15         1.2799e+04      4.03e+00       7.51e-01       9.80e+04    
       9             16         1.2799e+04      4.74e-01       1.02e+00       2.27e+05    
      10             17         1.2791e+04      7.69e+00       5.27e-01       1.52e+05    
      11             18         1.2787e+04      3.84e+00       6.74e-01       3.54e+04    
      12             19         1.2784e+04      3.67e+00       8.08e-01       1.24e+05    
      13             21         1.2780e+04      3.53e+00       3.14e-01       3.31e+04    
      14             22         1.2777e+04      3.43e+00       5.25e-01       7.46e+04    
      15             23         1.2772e+04      4.82e+00       6.44e-01       2.16e+04    
      16             25         1.2771e+04      1.25e+00       3.06e-01       1.68e+05    
      17             26         1.2767e+04      3.38e+00       7.35e-01       6.17e+04    
      18             27         1.2764e+04      3.75e+00       8.16e-01       5.29e+04    
      19             29         1.2761e+04      2.26e+00       2.49e-01       2.52e+04    
      20             30         1.2758e+04      3.45e+00       5.89e-01       2.68e+04    
      21             32         1.2758e+04      1.86e-01       3.94e-01       1.99e+05    
      22             33         1.2756e+04      1.51e+00       1.18e-01       9.58e+04    
      23             34         1.2755e+04      1.30e+00       2.82e-01       1.35e+04    
      24             35         1.2753e+04      1.67e+00       3.15e-01       3.42e+04    
      25             37         1.2753e+04      2.40e-01       1.27e-01       1.14e+05    
      26             38         1.2752e+04      5.01e-01       2.98e-01       1.77e+05    
      27             39         1.2751e+04      1.71e+00       2.93e-01       1.44e+04    
      28             40         1.2749e+04      1.67e+00       3.50e-01       6.80e+03    
      29             41         1.2746e+04      3.18e+00       6.28e-01       2.30e+04    
      30             42         1.2741e+04      4.73e+00       5.90e-01       2.66e+04    
      31             45         1.2741e+04      2.64e-01       7.42e-02       1.15e+05    
      32             46         1.2740e+04      7.31e-01       2.40e-01       9.00e+04    
      33             47         1.2739e+04      1.24e+00       2.43e-01       1.87e+04    
      34             48         1.2737e+04      1.61e+00       3.12e-01       3.79e+03    
      35             49         1.2735e+04      2.70e+00       3.89e-01       3.15e+04    
      36             52         1.2734e+04      1.93e-01       5.50e-02       6.40e+04    
      37             53         1.2734e+04      3.45e-01       1.27e-01       9.11e+04    
      38             54         1.2734e+04      6.03e-01       1.28e-01       1.16e+04    
      39             55         1.2733e+04      8.61e-01       2.14e-01       1.09e+04    
      40             56         1.2731e+04      1.67e+00       4.27e-01       5.41e+03    
      41             57         1.2728e+04      3.10e+00       5.84e-01       2.59e+04    
      42             60         1.2728e+04      1.86e-01       5.42e-02       6.50e+04    
      43             61         1.2727e+04      3.23e-01       1.07e-01       9.25e+04    
      44             62         1.2727e+04      5.90e-01       1.09e-01       1.16e+04    
      45             63         1.2726e+04      8.30e-01       1.84e-01       1.10e+04    
      46             64         1.2724e+04      1.63e+00       3.80e-01       6.28e+03    
      47             65         1.2721e+04      3.11e+00       5.79e-01       2.32e+04    
      48             68         1.2721e+04      1.74e-01       5.62e-02       6.85e+04    
      49             69         1.2721e+04      3.08e-01       9.77e-02       9.72e+04    
      50             70         1.2720e+04      6.02e-01       1.00e-01       1.24e+04    
      51             71         1.2719e+04      8.27e-01       1.74e-01       1.07e+04    
      52             72         1.2718e+04      1.63e+00       3.63e-01       8.10e+03    
      53             73         1.2714e+04      3.19e+00       6.24e-01       1.38e+04    
      54             74         1.2709e+04      5.43e+00       7.62e-01       2.57e+04    
      55             77         1.2709e+04      1.65e-01       6.27e-02       1.32e+05    
      56             78         1.2708e+04      5.91e-01       1.63e-01       1.06e+05    
      57             79         1.2707e+04      1.33e+00       1.65e-01       1.82e+04    
      58             80         1.2705e+04      1.58e+00       2.75e-01       3.52e+03    
      59             81         1.2703e+04      2.88e+00       4.49e-01       3.30e+04    
      60             84         1.2702e+04      1.41e-01       4.08e-02       7.36e+04    
      61             85         1.2702e+04      2.22e-01       7.74e-02       1.17e+05    
      62             86         1.2701e+04      6.88e-01       8.22e-02       1.67e+04    
      63             87         1.2701e+04      8.32e-01       1.58e-01       7.79e+03    
      64             88         1.2699e+04      1.63e+00       3.16e-01       1.45e+04    
      65             89         1.2696e+04      3.11e+00       5.42e-01       6.05e+03    
      66             90         1.2691e+04      4.48e+00       4.94e-01       4.65e+04    
      67             93         1.2691e+04      5.53e-02       6.01e-02       1.21e+05    
      68             94         1.2691e+04      4.85e-01       2.59e-02       5.20e+04    
      69             95         1.2691e+04      3.20e-01       3.94e-02       1.46e+04    
      70             96         1.2690e+04      4.42e-01       8.64e-02       1.06e+04    
      71             97         1.2689e+04      8.43e-01       1.71e-01       1.15e+04    
      72             98         1.2688e+04      1.67e+00       3.34e-01       1.07e+04    
      73             99         1.2684e+04      3.30e+00       6.24e-01       1.12e+04    
      74             100        1.2678e+04      6.26e+00       1.14e+00       9.75e+03    
      75             102        1.2675e+04      2.60e+00       4.08e-01       8.48e+04    
      76             105        1.2675e+04      3.44e-01       4.38e-02       4.79e+04    
      77             106        1.2675e+04      5.28e-01       8.37e-02       1.85e+04    
      78             107        1.2674e+04      8.25e-01       1.65e-01       1.04e+04    
      79             108        1.2672e+04      1.61e+00       3.30e-01       1.71e+04    
      80             109        1.2669e+04      3.02e+00       5.74e-01       7.42e+03    
      81             110        1.2667e+04      1.86e+00       5.06e-01       1.66e+05    
      82             112        1.2664e+04      3.21e+00       2.58e-01       3.69e+04    
      83             113        1.2661e+04      2.85e+00       5.61e-01       1.38e+05    
      84             115        1.2660e+04      1.31e+00       2.10e-01       2.89e+04    
      85             116        1.2658e+04      2.00e+00       3.26e-01       5.48e+04    
      86             117        1.2656e+04      2.24e+00       4.50e-01       4.77e+04    
      87             119        1.2654e+04      1.42e+00       2.20e-01       4.23e+04    
      88             120        1.2651e+04      2.84e+00       5.89e-01       4.67e+04    
      89             122        1.2650e+04      1.30e+00       2.07e-01       3.96e+04    
      90             123        1.2648e+04      1.83e+00       3.27e-01       3.44e+04    
      91             124        1.2646e+04      1.80e+00       5.18e-01       4.64e+04    
      92             126        1.2645e+04      1.52e+00       1.37e-01       5.00e+04    
      93             127        1.2643e+04      1.59e+00       3.12e-01       1.21e+04    
      94             128        1.2641e+04      2.42e+00       4.04e-01       6.39e+04    
      95             130        1.2640e+04      9.20e-01       1.47e-01       3.63e+04    
      96             131        1.2638e+04      1.53e+00       3.21e-01       5.36e+04    
      97             132        1.2638e+04      4.64e-01       5.28e-01       8.30e+04    
      98             133        1.2635e+04      2.57e+00       1.15e-01       8.91e+04    
      99             134        1.2634e+04      1.77e+00       3.24e-01       1.85e+04    
      100            135        1.2631e+04      2.57e+00       4.20e-01       4.93e+04    
      101            136        1.2627e+04      4.01e+00       4.69e-01       1.59e+04    
      102            139        1.2627e+04      5.03e-01       5.56e-02       7.37e+04    
      103            140        1.2625e+04      1.46e+00       2.90e-01       1.61e+04    
      104            141        1.2622e+04      2.76e+00       5.64e-01       5.63e+04    
      105            143        1.2621e+04      9.95e-01       1.24e-01       1.41e+04    
      106            144        1.2619e+04      2.34e+00       5.02e-01       8.73e+04    
      107            146        1.2618e+04      9.71e-01       1.85e-01       3.05e+04    
      108            147        1.2616e+04      1.85e+00       3.37e-01       5.28e+04    
      109            148        1.2616e+04      4.31e-01       4.89e-01       7.01e+04    
      110            149        1.2613e+04      2.50e+00       1.20e-01       6.61e+04    
      111            150        1.2611e+04      2.05e+00       3.30e-01       1.68e+04    
The maximum number of function evaluations is exceeded.
Function evaluations 150, initial cost 1.2859e+04, final cost 1.2611e+04, first-order optimality 1.68e+04.
c  K=160  init=raw  [round 0 nfev=150 status=0 (The) cost 5042.155]  [round 1 nfev=150 status=0 (The) cost 13362.591]  [round 2 nfev=150 status=0 (The) cost 12859.488]  [round 3 nfev=150 status=0 (The) cost 12611.228]
args: {"K": 160, "bend": 30.0, "box_pose": "", "box_rings": "", "box_trace": 0.15, "bz": "690:790:0.5:20", "clear": 5.0, "clear_range": "860:1066-388:483", "curl": "340:405:35:60,690:790:60:60,925:1025:35:60", "dbend": 500.0, "delta": 60.0, "dtwist": 500.0, "edge_fair": 0.0, "edge_w": "905:1050:L:4,905:1050:R:4,650:800:L:2,650:800:R:2", "end_pin": 50.0, "energy_ranges": "335:420:3,450:512:4", "eps": 1.0, "face_margin": 0.3, "faceon": "925:1025:20", "faces": "docs/ribbon/turns/real/faces.json", "flat": 0.0, "flat_ranges": "", "flip_guard": 20.0, "fold": "", "fold2": "516:40:20,1188:40:20", "fold_axis": "", "fold_convex": "516:10,1188:10", "fold_eq": false, "fold_legs": 5.0, "fold_legs_len": "20", "gap": 14.0, "hide": "", "hide_auto": "", "hmax": 25.5, "hmin": 25.5, "init": "raw", "inside": 0.0, "kappa": 2.0, "keep": 3.0, "keep_free": "335:420,450:512,650:800,905:1290", "lam": 15.0, "lam_h": 50.0, "lit": "1030:1175:0.3:30", "mask": "", "max_nfev": 150, "mu": 300.0, "no_opt": false, "nu_fold": 0.4, "omega": 0.01, "order": 0.0, "out": "docs/ribbon/turns/real/K1/c", "outer": 4, "outline": 0.0, "outline_assign": "nearest", "outline_boxes": "", "outline_drop_near": "", "outline_excl": "", "outline_fixed": false, "outline_incl": "", "outline_loss": "linear", "outline_pose": "", "pin_range": "", "pose": "docs/ribbon/turns/real/X3/pose.json", "redge": 24.0, "rim_pose": "", "rim_side_mode": "centre", "rimlines": "", "rmin": 45.0, "roto": "/Users/ashmitkhurana/Development/Personal/portfolio/docs/ribbon/turns/curve/best/roto.npz", "screenw": "", "sigma": 2.0, "trace_w": 0.15, "twist": 30.0, "w_box": 2.0, "w_face": 15.0, "w_hmin": 50.0, "w_redge": 5.0, "w_rim": 0.0, "w_rmin": 5.0, "w_wfloor": 0.0, "wfloor": 0.0, "wfloor_except": "", "wfloor_mode": "perp", "wfloor_ranges": "", "zprior": "docs/ribbon/turns/real/X3/pose.json"}

edge residual css px, point-to-polyline (L and R pooled): mean 9.455  p95 39.125  max 91.921

window       edge resid (L,R pooled)                      h min/med/max          median |b.T|  #|c'|<0.6 s0
[   0, 131]  mean  14.89  p95  32.29  max  43.39           25.5/ 25.5/ 25.5      0.129         0
[ 132, 288]  mean   1.72  p95   4.81  max  11.51           25.5/ 25.5/ 25.5      0.396         0
[ 289, 483]  mean  23.28  p95  78.26  max  91.92           25.5/ 25.5/ 25.5      0.156         0
[ 484, 554]  mean   5.07  p95   9.71  max  10.42           25.5/ 25.5/ 25.5      0.514         0
[ 555, 658]  mean   1.57  p95   3.85  max   7.19           25.5/ 25.5/ 25.5      0.077         0
[ 659, 764]  mean  21.83  p95  30.80  max  33.45           25.5/ 25.5/ 25.5      0.010         0
[ 765, 940]  mean   2.53  p95   9.13  max  19.88           25.5/ 25.5/ 25.5      0.126         0
[ 941,1066]  mean  10.59  p95  33.01  max  50.86           25.5/ 25.5/ 25.5      0.025         13
[1067,1298]  mean   3.84  p95  11.10  max  22.02           25.5/ 25.5/ 25.5      0.217         0
worst window by mean: [289,483] 23.28 px

dense (4N=5196 samples) surface normal N=TxB: angle change per sample  max 21.495 deg  p99 1.968 deg
   angle per world px of centreline arclength: max 40.0678 deg/px  (p99 3.3641)
   worst dense samples (t, deg, |b.T|): 524.70, 21.5, 0.999; 524.45, 21.0, 0.999; 411.26, 19.7, 0.998; 411.51, 19.4, 0.999; 524.95, 16.7, 0.999
   dense steps > 3 deg: 23, > 6 deg: 16
ripple (|second difference of unit N| per world px^2, dense): max 4.765e-01  p99 1.648e-02  median 5.236e-04
max |b.T| outside fold windows: 0.998   (inside: 0.999)
GATE: min 3D distance between non-adjacent rings (|i-j|>60, surface samples): 9.36 px; pairs < gap 14.0: 31
GATE: screen-overlap pairs (3 px) 1494, order violations (z_front - z_back < 0): 16, (< gap): 28; unique ring pairs violating: 4
end centreline offset from init: ring0 0.0 px, ring N-1 1.4 px
outside-mockup distance (5 pts across band, css px): mean 1.918  max 49.40  frac>0.5px 0.154
outline residual (css px, matched <=25 px: 1603 of 1634 pts): mean 7.020  p95 18.591  max 24.86
run time: 507.2 s
residual block norms (sum of squares): edge 4515.16, smooth 2532.88, jerk 1838.93, perp 865.33, dev 1686.66, depth 2110.87, hsm 0.01, wpr 0.00, speed 27.73, hmin 0.20, hmax 1.80, face 3092.30, rmin 755.44, scrw 0.00, wf 0.00, ins 0.00, fcr 241.22, bnd 831.04, twi 140.19, dbn 1184.31, dtw 75.92, rmf 51.90, crl 267.83, lgb 78.72, cvx 68.96
