DPR2 canvases 780x1688 780x1688
DPR3 canvases 1170x2532 1170x2532
crop_apex.png  127690 B
crop_bottomk.png  254061 B
crop_endstrand.png  169607 B
crop_farleft.png  170998 B
crop_junction.png  107332 B
crop_scurve.png  218769 B
crop_topk.png  178265 B
crop_wrap.png  297599 B
hero.png  1328653 B
ribbon.png  1361431 B
ribbon_crop_apex.png  133923 B
ribbon_crop_bottomk.png  254061 B
ribbon_crop_endstrand.png  169607 B
ribbon_crop_farleft.png  170998 B
ribbon_crop_junction.png  107332 B
ribbon_crop_scurve.png  218769 B
ribbon_crop_topk.png  178265 B
ribbon_crop_wrap.png  297599 B
