DPR2 canvases 780x1688 780x1688
DPR3 canvases 1170x2532 1170x2532
crop_apex.png  106455 B
crop_bottomk.png  265341 B
crop_endstrand.png  169276 B
crop_farleft.png  189686 B
crop_junction.png  105966 B
crop_scurve.png  218116 B
crop_topk.png  169372 B
crop_wrap.png  303331 B
hero.png  1318784 B
ribbon.png  1352141 B
ribbon_crop_apex.png  112499 B
ribbon_crop_bottomk.png  265341 B
ribbon_crop_endstrand.png  169276 B
ribbon_crop_farleft.png  189686 B
ribbon_crop_junction.png  105966 B
ribbon_crop_scurve.png  218116 B
ribbon_crop_topk.png  169372 B
ribbon_crop_wrap.png  303331 B
