segment 975..987: orig exact per-ring
segment 987..997: orig->mirror rotation -177.26 deg
segment 997..1298: mirror exact per-ring
angle bn[A] vs b0[A]: 0.000 deg
angle bn[B] vs b0[B]: 63.698 deg
max per-ring change of bn: 26.802 deg (at ring 993)
ring 975  theta nan deg  angle(b0,bn) 0.00 deg  bn_z 0.9581
ring 980  theta nan deg  angle(b0,bn) 0.00 deg  bn_z 0.9850
ring 985  theta nan deg  angle(b0,bn) 0.00 deg  bn_z 0.9976
ring 990  theta nan deg  angle(b0,bn) 37.66 deg  bn_z 0.8105
ring 995  theta nan deg  angle(b0,bn) 157.69 deg  bn_z -0.9284
ring 1000  theta nan deg  angle(b0,bn) 169.98 deg  bn_z -0.9148
ring 1005  theta nan deg  angle(b0,bn) 156.53 deg  bn_z -0.8327
ring 1010  theta nan deg  angle(b0,bn) 144.90 deg  bn_z -0.8711
ring 1015  theta nan deg  angle(b0,bn) 131.71 deg  bn_z -0.9147
ring 1020  theta nan deg  angle(b0,bn) 116.73 deg  bn_z -0.8682
ring 1025  theta nan deg  angle(b0,bn) 104.18 deg  bn_z -0.7629
ring 1030  theta nan deg  angle(b0,bn) 99.27 deg  bn_z -0.7205
ring 1035  theta nan deg  angle(b0,bn) 101.61 deg  bn_z -0.7701
ring 1040  theta nan deg  angle(b0,bn) 100.45 deg  bn_z -0.4776
ring 1045  theta nan deg  angle(b0,bn) 80.01 deg  bn_z 0.0136
ring 1050  theta nan deg  angle(b0,bn) 88.89 deg  bn_z -0.2798
ring 1055  theta nan deg  angle(b0,bn) 94.06 deg  bn_z -0.5760
ring 1060  theta nan deg  angle(b0,bn) 90.71 deg  bn_z -0.7182
ring 1065  theta nan deg  angle(b0,bn) 81.34 deg  bn_z -0.6296
ring 1070  theta nan deg  angle(b0,bn) 71.39 deg  bn_z -0.4710
ring 1075  theta nan deg  angle(b0,bn) 58.51 deg  bn_z -0.2080
ring 1080  theta nan deg  angle(b0,bn) 45.02 deg  bn_z 0.0838
ring 1085  theta nan deg  angle(b0,bn) 59.74 deg  bn_z -0.2569
ring 1090  theta nan deg  angle(b0,bn) 76.59 deg  bn_z -0.6184
ring 1095  theta nan deg  angle(b0,bn) 76.53 deg  bn_z -0.5894
ring 1100  theta nan deg  angle(b0,bn) 76.30 deg  bn_z -0.5552
ring 1105  theta nan deg  angle(b0,bn) 76.44 deg  bn_z -0.5341
ring 1110  theta nan deg  angle(b0,bn) 77.17 deg  bn_z -0.5324
ring 1115  theta nan deg  angle(b0,bn) 77.19 deg  bn_z -0.5229
ring 1120  theta nan deg  angle(b0,bn) 75.93 deg  bn_z -0.4999
ring 1125  theta nan deg  angle(b0,bn) 74.58 deg  bn_z -0.4812
ring 1130  theta nan deg  angle(b0,bn) 73.67 deg  bn_z -0.4686
ring 1135  theta nan deg  angle(b0,bn) 73.10 deg  bn_z -0.4586
ring 1140  theta nan deg  angle(b0,bn) 72.25 deg  bn_z -0.4389
ring 1145  theta nan deg  angle(b0,bn) 70.80 deg  bn_z -0.4090
ring 1150  theta nan deg  angle(b0,bn) 69.34 deg  bn_z -0.3865
ring 1155  theta nan deg  angle(b0,bn) 73.39 deg  bn_z -0.4755
ring 1160  theta nan deg  angle(b0,bn) 82.36 deg  bn_z -0.6449
ring 1165  theta nan deg  angle(b0,bn) 85.73 deg  bn_z -0.6729
ring 1170  theta nan deg  angle(b0,bn) 79.50 deg  bn_z -0.5101
ring 1175  theta nan deg  angle(b0,bn) 62.84 deg  bn_z -0.1854
ring 1180  theta nan deg  angle(b0,bn) 35.76 deg  bn_z 0.2151
ring 1185  theta nan deg  angle(b0,bn) 1.01 deg  bn_z 0.5956
ring 1190  theta nan deg  angle(b0,bn) 30.60 deg  bn_z 0.8377
ring 1195  theta nan deg  angle(b0,bn) 37.59 deg  bn_z 0.9213
ring 1200  theta nan deg  angle(b0,bn) 31.18 deg  bn_z 0.8791
ring 1205  theta nan deg  angle(b0,bn) 21.86 deg  bn_z 0.7647
ring 1210  theta nan deg  angle(b0,bn) 18.21 deg  bn_z 0.6667
ring 1215  theta nan deg  angle(b0,bn) 20.27 deg  bn_z 0.6221
ring 1220  theta nan deg  angle(b0,bn) 25.55 deg  bn_z 0.6154
ring 1225  theta nan deg  angle(b0,bn) 35.18 deg  bn_z 0.6605
ring 1230  theta nan deg  angle(b0,bn) 48.66 deg  bn_z 0.7327
ring 1235  theta nan deg  angle(b0,bn) 63.43 deg  bn_z 0.7984
ring 1240  theta nan deg  angle(b0,bn) 82.33 deg  bn_z 0.8462
ring 1245  theta nan deg  angle(b0,bn) 80.46 deg  bn_z 0.7290
ring 1250  theta nan deg  angle(b0,bn) 66.26 deg  bn_z 0.5602
ring 1255  theta nan deg  angle(b0,bn) 61.12 deg  bn_z 0.5032
ring 1260  theta nan deg  angle(b0,bn) 60.85 deg  bn_z 0.5098
ring 1265  theta nan deg  angle(b0,bn) 61.60 deg  bn_z 0.5163
ring 1270  theta nan deg  angle(b0,bn) 62.38 deg  bn_z 0.5240
ring 1275  theta nan deg  angle(b0,bn) 62.68 deg  bn_z 0.5252
ring 1280  theta nan deg  angle(b0,bn) 63.07 deg  bn_z 0.5273
ring 1285  theta nan deg  angle(b0,bn) 63.51 deg  bn_z 0.5298
ring 1290  theta nan deg  angle(b0,bn) 63.74 deg  bn_z 0.5306
ring 1295  theta nan deg  angle(b0,bn) 63.74 deg  bn_z 0.5292
