bz rings 690..790 t 0.60 w 20.0
lit rings 1030..1175 t 0.45 w 60.0
fold2 crease 516 R 40: ds 1.93 n 32 (eq 484..548, ruling 478..554, legs to +-52)
fold2 crease 1188 R 40: ds 1.95 n 32 (eq 1156..1220, ruling 1150..1226, legs to +-52)
curl rings 340..405 R 35 w 60.0
curl rings 690..790 R 60 w 60.0
curl rings 925..1025 R 35 w 60.0
keep: 613 rings held (w=3.00), 608 new centreline pins
face rule: sign_A -1 (tail median N.v -0.995)
init cost 438592.226, residuals 63429, params 1120
round 0: clearance pairs 748, order pairs 0, residuals 64177
   Iteration     Total nfev        Cost      Cost reduction    Step norm     Optimality   
       0              1         4.3859e+05                                    1.45e+04    
       1              3         1.5457e+05      2.84e+05       4.60e+01       6.75e+05    
       2              4         3.3915e+04      1.21e+05       4.20e+01       9.04e+04    
       3              5         1.5905e+04      1.80e+04       4.27e+01       8.33e+03    
       4              6         1.1083e+04      4.82e+03       2.82e+01       6.12e+03    
       5              7         9.4345e+03      1.65e+03       3.52e+01       8.83e+03    
       6              8         8.7419e+03      6.93e+02       2.16e+01       2.26e+03    
       7              9         6.7673e+03      1.97e+03       8.92e+00       1.54e+03    
       8             10         6.4432e+03      3.24e+02       9.77e+00       1.40e+03    
       9             11         6.1294e+03      3.14e+02       1.34e+01       3.59e+03    
      10             12         5.7319e+03      3.97e+02       3.16e+01       4.27e+02    
      11             14         5.6230e+03      1.09e+02       8.85e+00       3.28e+03    
      12             15         5.4275e+03      1.95e+02       1.06e+01       2.76e+02    
      13             17         5.3534e+03      7.41e+01       4.54e+00       2.49e+02    
      14             19         5.3347e+03      1.87e+01       1.39e+00       3.08e+03    
      15             20         5.2949e+03      3.98e+01       1.48e+00       2.37e+02    
      16             21         5.2586e+03      3.63e+01       2.26e+00       2.07e+02    
      17             22         5.2213e+03      3.72e+01       4.89e+00       2.60e+02    
      18             23         5.2154e+03      5.90e+00       9.95e+00       2.85e+03    
      19             25         5.1654e+03      5.00e+01       6.25e-01       3.60e+02    
      20             26         5.1637e+03      1.73e+00       1.23e+00       3.75e+03    
      21             27         5.1305e+03      3.32e+01       3.32e-01       3.50e+02    
      22             29         5.1267e+03      3.75e+00       1.41e-01       3.81e+02    
      23             30         5.1206e+03      6.10e+00       2.73e-01       2.03e+02    
      24             31         5.1099e+03      1.08e+01       5.18e-01       2.31e+02    
      25             32         5.0978e+03      1.21e+01       1.32e+00       2.18e+02    
      26             33         5.0828e+03      1.50e+01       2.71e+00       3.10e+02    
      27             34         5.0649e+03      1.79e+01       5.34e+00       2.13e+02    
      28             35         5.0385e+03      2.64e+01       1.07e+01       3.46e+02    
      29             37         5.0273e+03      1.12e+01       5.43e+00       2.61e+02    
      30             42         5.0262e+03      1.12e+00       4.57e-02       3.07e+02    
      31             43         5.0239e+03      2.32e+00       6.87e-02       1.51e+02    
      32             44         5.0199e+03      4.00e+00       1.18e-01       1.47e+02    
      33             45         5.0130e+03      6.91e+00       2.18e-01       1.72e+02    
      34             46         5.0019e+03      1.11e+01       5.03e-01       1.83e+02    
      35             47         4.9860e+03      1.59e+01       1.14e+00       1.50e+02    
      36             48         4.9754e+03      1.06e+01       2.98e+00       3.37e+02    
      37             49         4.9631e+03      1.23e+01       5.94e+00       1.46e+02    
      38             50         4.9456e+03      1.75e+01       1.14e+01       3.19e+02    
      39             52         4.9375e+03      8.16e+00       6.09e+00       2.54e+02    
      40             57         4.9366e+03      8.35e-01       4.85e-02       3.64e+02    
      41             58         4.9356e+03      1.03e+00       4.30e-02       1.07e+02    
      42             59         4.9339e+03      1.67e+00       8.29e-02       1.08e+02    
      43             60         4.9311e+03      2.81e+00       1.60e-01       1.21e+02    
      44             61         4.9269e+03      4.24e+00       3.04e-01       1.31e+02    
      45             62         4.9207e+03      6.16e+00       5.71e-01       1.14e+02    
      46             63         4.9138e+03      6.93e+00       1.45e+00       1.44e+02    
      47             64         4.9073e+03      6.47e+00       3.21e+00       2.54e+02    
      48             65         4.9041e+03      3.26e+00       6.32e+00       1.93e+02    
      49             67         4.8977e+03      6.40e+00       1.79e+00       5.46e+02    
      50             68         4.8917e+03      5.93e+00       3.39e+00       1.15e+02    
      51             70         4.8889e+03      2.81e+00       1.77e+00       2.73e+02    
      52             71         4.8859e+03      2.96e+00       3.02e+00       1.45e+02    
      53             73         4.8840e+03      1.90e+00       1.66e+00       4.19e+02    
      54             74         4.8837e+03      3.71e-01       1.72e+00       7.24e+01    
      55             75         4.8818e+03      1.85e+00       9.38e-01       4.72e+01    
      56             76         4.8806e+03      1.26e+00       1.00e+00       3.98e+01    
      57             77         4.8788e+03      1.81e+00       2.70e-01       4.18e+01    
      58             78         4.8783e+03      4.41e-01       4.59e-01       4.35e+01    
      59             79         4.8780e+03      3.17e-01       4.60e-01       4.46e+01    
      60             80         4.8775e+03      5.30e-01       1.27e-01       4.54e+01    
      61             81         4.8772e+03      3.08e-01       2.01e-01       4.61e+01    
      62             82         4.8769e+03      2.75e-01       1.73e-01       4.57e+01    
      63             83         4.8766e+03      2.35e-01       1.86e-01       4.47e+01    
      64             84         4.8764e+03      2.34e-01       1.83e-01       4.37e+01    
      65             85         4.8762e+03      2.10e-01       1.87e-01       4.24e+01    
      66             86         4.8760e+03      2.12e-01       1.87e-01       4.12e+01    
      67             87         4.8758e+03      1.91e-01       1.91e-01       3.98e+01    
      68             88         4.8756e+03      1.94e-01       1.92e-01       3.86e+01    
      69             89         4.8754e+03      1.74e-01       1.95e-01       3.72e+01    
      70             90         4.8753e+03      1.79e-01       1.96e-01       3.60e+01    
      71             91         4.8751e+03      1.60e-01       2.00e-01       3.47e+01    
      72             92         4.8749e+03      1.67e-01       2.01e-01       3.37e+01    
      73             93         4.8748e+03      1.48e-01       2.05e-01       3.24e+01    
      74             94         4.8746e+03      1.57e-01       2.04e-01       3.14e+01    
      75             95         4.8745e+03      1.41e-01       2.07e-01       3.02e+01    
      76             96         4.8743e+03      1.59e-01       2.01e-01       3.90e+01    
      77             97         4.8742e+03      1.49e-01       1.94e-01       4.40e+01    
      78             98         4.8740e+03      1.78e-01       1.74e-01       5.36e+01    
      79             99         4.8738e+03      1.70e-01       1.50e-01       4.12e+01    
      80             100        4.8736e+03      1.77e-01       1.28e-01       4.73e+01    
      81             101        4.8734e+03      2.83e-01       2.03e-01       4.47e+01    
      82             102        4.8729e+03      4.43e-01       3.86e-01       5.39e+01    
      83             103        4.8723e+03      6.59e-01       7.20e-01       4.58e+01    
      84             104        4.8712e+03      1.07e+00       1.37e+00       6.16e+01    
      85             105        4.8692e+03      2.02e+00       2.48e+00       5.65e+01    
      86             106        4.8646e+03      4.58e+00       4.99e+00       9.68e+01    
      87             109        4.8634e+03      1.16e+00       7.95e-01       2.50e+02    
      88             113        4.8633e+03      1.34e-01       2.07e-02       2.59e+02    
      89             114        4.8631e+03      2.20e-01       3.63e-02       3.32e+01    
      90             115        4.8628e+03      2.60e-01       8.09e-02       1.95e+01    
      91             116        4.8624e+03      4.50e-01       1.44e-01       3.56e+01    
      92             117        4.8617e+03      6.76e-01       2.06e-01       8.53e+01    
      93             118        4.8607e+03      9.38e-01       3.87e-01       6.77e+01    
      94             119        4.8592e+03      1.56e+00       7.67e-01       8.32e+01    
      95             120        4.8568e+03      2.37e+00       1.46e+00       7.40e+01    
      96             121        4.8542e+03      2.64e+00       2.48e+00       8.88e+01    
      97             122        4.8506e+03      3.56e+00       4.63e+00       1.18e+02    
      98             124        4.8497e+03      9.39e-01       2.59e+00       7.92e+01    
      99             126        4.8486e+03      1.04e+00       9.29e-01       3.50e+02    
      100            128        4.8481e+03      5.69e-01       2.80e-01       8.92e+01    
      101            129        4.8477e+03      3.53e-01       2.26e-01       6.45e+01    
      102            130        4.8474e+03      2.78e-01       4.69e-01       7.77e+01    
      103            132        4.8472e+03      2.38e-01       1.69e-01       1.36e+02    
      104            133        4.8470e+03      2.00e-01       1.13e-01       1.75e+01    
      105            134        4.8468e+03      2.16e-01       2.20e-01       6.06e+01    
      106            135        4.8465e+03      2.96e-01       4.29e-01       6.32e+01    
      107            137        4.8463e+03      1.57e-01       1.47e-01       9.52e+01    
      108            138        4.8462e+03      1.45e-01       9.81e-02       1.71e+01    
      109            139        4.8460e+03      2.09e-01       1.92e-01       6.34e+01    
      110            140        4.8457e+03      3.04e-01       3.72e-01       2.39e+01    
      111            141        4.8452e+03      5.06e-01       6.94e-01       5.99e+01    
      112            142        4.8444e+03      7.25e-01       1.19e+00       3.14e+01    
      113            143        4.8440e+03      4.21e-01       2.49e+00       7.48e+01    
      114            145        4.8433e+03      7.47e-01       1.02e+00       2.50e+02    
      115            149        4.8431e+03      1.84e-01       2.29e-02       3.47e+01    
      116            150        4.8429e+03      2.11e-01       6.40e-02       1.39e+01    
The maximum number of function evaluations is exceeded.
Function evaluations 150, initial cost 4.3859e+05, final cost 4.8429e+03, first-order optimality 1.39e+01.
round 1: clearance pairs 1627, order pairs 0, residuals 65056
   Iteration     Total nfev        Cost      Cost reduction    Step norm     Optimality   
       0              1         9.3495e+04                                    4.65e+04    
       1              5         7.7979e+04      1.55e+04       4.27e+00       3.64e+04    
       2              6         5.9789e+04      1.82e+04       9.64e+00       2.12e+04    
       3              7         4.2431e+04      1.74e+04       1.31e+01       1.15e+04    
       4              9         3.7157e+04      5.27e+03       5.21e+00       8.83e+03    
       5             10         3.0797e+04      6.36e+03       1.15e+01       9.88e+03    
       6             12         2.8140e+04      2.66e+03       6.17e+00       6.48e+03    
       7             14         2.6588e+04      1.55e+03       3.94e+00       6.77e+03    
       8             15         2.4019e+04      2.57e+03       8.93e+00       2.35e+04    
       9             16         2.0560e+04      3.46e+03       1.85e+01       4.75e+03    
      10             18         1.9517e+04      1.04e+03       5.53e+00       2.99e+03    
      11             19         1.8268e+04      1.25e+03       1.34e+01       2.09e+04    
      12             21         1.7378e+04      8.89e+02       5.72e+00       6.99e+03    
      13             22         1.6462e+04      9.16e+02       9.95e+00       1.72e+04    
      14             23         1.5926e+04      5.36e+02       2.18e+01       3.98e+04    
      15             25         1.5290e+04      6.36e+02       5.59e+00       1.11e+04    
      16             26         1.5018e+04      2.73e+02       8.67e+00       3.43e+03    
      17             27         1.4685e+04      3.33e+02       1.56e+01       4.93e+03    
      18             29         1.4565e+04      1.20e+02       5.77e+00       2.85e+03    
      19             31         1.4519e+04      4.53e+01       2.41e+00       2.42e+03    
      20             32         1.4402e+04      1.17e+02       6.45e+00       1.47e+03    
      21             33         1.4321e+04      8.08e+01       8.77e+00       6.30e+03    
      22             36         1.4265e+04      5.62e+01       1.19e+00       1.55e+04    
      23             37         1.4204e+04      6.07e+01       2.87e+00       2.64e+03    
      24             38         1.4161e+04      4.31e+01       2.67e+00       2.01e+03    
      25             39         1.4157e+04      4.50e+00       3.97e+00       2.63e+03    
      26             40         1.4077e+04      7.94e+01       4.26e+00       3.43e+03    
      27             41         1.4077e+04      1.17e-01       4.97e+00       4.74e+04    
      28             42         1.4004e+04      7.36e+01       1.88e+00       5.27e+03    
      29             43         1.3972e+04      3.12e+01       1.57e+00       2.10e+03    
      30             44         1.3934e+04      3.87e+01       1.36e+00       2.06e+03    
      31             45         1.3881e+04      5.26e+01       2.30e+00       3.68e+03    
      32             47         1.3868e+04      1.31e+01       1.05e+00       2.16e+04    
      33             48         1.3827e+04      4.15e+01       1.61e+00       2.91e+03    
      34             49         1.3790e+04      3.70e+01       2.65e+00       2.54e+03    
      35             50         1.3742e+04      4.74e+01       3.29e+00       2.87e+03    
      36             52         1.3733e+04      9.12e+00       9.97e-01       2.31e+04    
      37             53         1.3697e+04      3.60e+01       2.21e+00       1.34e+03    
      38             54         1.3685e+04      1.25e+01       2.96e+00       4.28e+04    
      39             55         1.3636e+04      4.82e+01       4.53e+00       2.82e+03    
      40             56         1.3591e+04      4.54e+01       4.88e+00       6.88e+03    
      41             58         1.3563e+04      2.83e+01       1.56e+00       3.12e+03    
      42             60         1.3549e+04      1.33e+01       9.28e-01       1.58e+04    
      43             61         1.3536e+04      1.34e+01       1.79e+00       6.84e+02    
      44             62         1.3520e+04      1.63e+01       1.71e+00       1.17e+04    
      45             63         1.3507e+04      1.27e+01       1.29e+00       2.39e+03    
      46             64         1.3489e+04      1.84e+01       1.66e+00       1.38e+04    
      47             65         1.3453e+04      3.59e+01       3.13e+00       1.68e+03    
      48             66         1.3422e+04      3.04e+01       4.32e+00       6.72e+04    
      49             68         1.3395e+04      2.69e+01       1.53e+00       7.87e+03    
      50             69         1.3385e+04      1.07e+01       3.16e+00       8.80e+04    
      51             71         1.3344e+04      4.06e+01       1.07e+00       2.58e+04    
      52             72         1.3322e+04      2.21e+01       1.87e+00       1.57e+04    
      53             73         1.3289e+04      3.29e+01       3.10e+00       6.70e+03    
      54             75         1.3278e+04      1.07e+01       1.10e+00       5.68e+03    
      55             76         1.3253e+04      2.51e+01       3.02e+00       9.53e+04    
      56             77         1.3216e+04      3.70e+01       3.39e+00       8.26e+04    
      57             78         1.3191e+04      2.56e+01       6.14e+00       1.27e+05    
      58             80         1.3135e+04      5.57e+01       1.90e+00       3.12e+04    
      59             82         1.3111e+04      2.41e+01       9.49e-01       2.09e+04    
      60             83         1.3084e+04      2.74e+01       1.86e+00       3.13e+03    
      61             84         1.3081e+04      2.74e+00       2.73e+00       1.11e+05    
      62             86         1.3044e+04      3.65e+01       6.63e-01       3.14e+04    
      63             87         1.3033e+04      1.12e+01       1.12e+00       1.24e+04    
      64             88         1.3025e+04      7.75e+00       1.06e+00       1.82e+04    
      65             90         1.3021e+04      4.51e+00       2.63e-01       7.54e+03    
      66             91         1.3017e+04      4.18e+00       3.45e-01       2.73e+03    
      67             92         1.3011e+04      5.86e+00       5.21e-01       3.80e+04    
      68             93         1.2997e+04      1.41e+01       9.06e-01       1.46e+04    
      69             94         1.2983e+04      1.33e+01       1.30e+00       3.26e+04    
      70             95         1.2941e+04      4.23e+01       2.79e+00       9.71e+03    
      71             96         1.2904e+04      3.74e+01       3.72e+00       1.23e+05    
      72             98         1.2886e+04      1.75e+01       2.07e+00       1.28e+04    
      73             100        1.2868e+04      1.78e+01       9.03e-01       1.36e+05    
      74             101        1.2842e+04      2.67e+01       1.55e+00       3.57e+04    
      75             103        1.2830e+04      1.14e+01       5.53e-01       5.33e+03    
      76             104        1.2817e+04      1.36e+01       1.11e+00       1.50e+04    
      77             105        1.2806e+04      1.03e+01       1.57e+00       6.59e+04    
      78             106        1.2778e+04      2.86e+01       2.22e+00       9.64e+03    
      79             108        1.2776e+04      1.89e+00       7.99e-01       7.90e+03    
      80             109        1.2767e+04      8.92e+00       7.78e-01       4.16e+04    
      81             110        1.2762e+04      4.63e+00       9.14e-01       1.12e+04    
      82             111        1.2759e+04      3.66e+00       5.52e-01       3.02e+03    
      83             113        1.2758e+04      4.85e-01       1.94e-01       4.05e+04    
      84             114        1.2755e+04      2.87e+00       2.67e-01       6.96e+02    
      85             115        1.2753e+04      2.70e+00       3.43e-01       1.88e+03    
      86             116        1.2750e+04      2.77e+00       4.58e-01       2.80e+04    
      87             117        1.2743e+04      6.54e+00       6.89e-01       5.00e+03    
      88             118        1.2737e+04      6.49e+00       7.41e-01       6.64e+03    
      89             119        1.2728e+04      8.84e+00       9.04e-01       7.22e+02    
      90             120        1.2714e+04      1.37e+01       1.37e+00       7.76e+03    
      91             121        1.2693e+04      2.14e+01       2.50e+00       3.72e+04    
      92             123        1.2678e+04      1.52e+01       1.52e+00       1.08e+04    
      93             124        1.2659e+04      1.87e+01       4.22e+00       1.01e+05    
      94             127        1.2644e+04      1.53e+01       4.63e-01       1.78e+04    
      95             128        1.2640e+04      3.50e+00       1.68e+00       1.96e+05    
      96             129        1.2631e+04      8.92e+00       3.52e-01       5.34e+04    
      97             130        1.2625e+04      6.26e+00       6.51e-01       2.57e+04    
      98             132        1.2624e+04      1.21e+00       1.75e-01       2.78e+03    
      99             133        1.2623e+04      1.25e+00       4.44e-01       6.60e+04    
      100            135        1.2621e+04      1.73e+00       1.51e-01       4.56e+03    
      101            136        1.2620e+04      1.37e+00       2.53e-01       5.28e+03    
      102            137        1.2619e+04      1.03e+00       3.39e-01       3.15e+04    
      103            138        1.2615e+04      3.17e+00       5.58e-01       3.64e+04    
      104            139        1.2611e+04      4.39e+00       7.40e-01       1.19e+03    
      105            141        1.2610e+04      1.11e+00       2.68e-01       3.04e+04    
      106            142        1.2607e+04      2.87e+00       5.53e-01       1.23e+04    
      107            143        1.2603e+04      3.82e+00       5.74e-01       4.91e+02    
      108            144        1.2597e+04      5.76e+00       8.58e-01       6.19e+03    
      109            145        1.2592e+04      5.85e+00       7.56e-01       1.52e+03    
      110            146        1.2581e+04      1.07e+01       1.46e+00       5.22e+04    
      111            147        1.2563e+04      1.76e+01       2.57e+00       4.77e+04    
      112            149        1.2553e+04      1.05e+01       1.20e+00       4.87e+03    
      113            150        1.2553e+04      0.00e+00       0.00e+00       4.87e+03    
The maximum number of function evaluations is exceeded.
Function evaluations 150, initial cost 9.3495e+04, final cost 1.2553e+04, first-order optimality 4.87e+03.
round 2: clearance pairs 83, order pairs 0, residuals 63512
   Iteration     Total nfev        Cost      Cost reduction    Step norm     Optimality   
       0              1         1.2553e+04                                    4.87e+03    
       1              4         1.2539e+04      1.41e+01       2.16e+00       1.06e+05    
       2              6         1.2528e+04      1.02e+01       1.57e+00       5.95e+04    
       3              8         1.2519e+04      9.37e+00       1.98e+00       6.45e+04    
       4              9         1.2488e+04      3.13e+01       5.48e+00       9.49e+03    
       5             11         1.2478e+04      9.36e+00       1.72e+00       4.58e+04    
       6             12         1.2456e+04      2.26e+01       4.48e+00       6.11e+03    
       7             14         1.2451e+04      5.04e+00       1.58e+00       5.30e+04    
       8             16         1.2445e+04      5.71e+00       1.09e+00       5.27e+04    
       9             17         1.2435e+04      1.04e+01       1.83e+00       4.54e+03    
      10             18         1.2428e+04      7.06e+00       2.39e+00       1.61e+03    
      11             20         1.2423e+04      4.18e+00       7.81e-01       8.99e+03    
      12             21         1.2420e+04      3.57e+00       8.83e-01       1.44e+03    
      13             23         1.2419e+04      9.30e-01       3.45e-01       1.44e+04    
      14             24         1.2417e+04      1.73e+00       4.86e-01       1.69e+03    
      15             25         1.2415e+04      2.53e+00       8.90e-01       1.16e+03    
      16             27         1.2414e+04      8.97e-01       3.93e-01       1.16e+04    
      17             28         1.2411e+04      2.24e+00       7.07e-01       7.67e+03    
      18             29         1.2408e+04      3.20e+00       8.28e-01       2.75e+03    
      19             30         1.2405e+04      3.75e+00       1.20e+00       5.97e+04    
      20             32         1.2403e+04      1.47e+00       4.56e-01       3.05e+04    
      21             33         1.2399e+04      4.19e+00       9.21e-01       5.26e+03    
      22             34         1.2395e+04      3.84e+00       1.15e+00       1.10e+03    
      23             35         1.2391e+04      3.67e+00       1.44e+00       4.68e+04    
      24             37         1.2388e+04      3.29e+00       5.58e-01       1.94e+04    
      25             38         1.2384e+04      4.02e+00       1.24e+00       4.09e+04    
      26             39         1.2378e+04      5.85e+00       1.56e+00       1.18e+04    
      27             41         1.2377e+04      1.45e+00       8.63e-01       1.54e+04    
      28             42         1.2371e+04      6.11e+00       1.61e+00       1.17e+04    
      29             43         1.2367e+04      3.89e+00       2.10e+00       1.15e+04    
      30             44         1.2365e+04      2.19e+00       2.65e+00       1.21e+04    
      31             45         1.2355e+04      9.52e+00       1.40e+00       1.12e+04    
      32             46         1.2350e+04      4.67e+00       1.58e+00       6.31e+03    
      33             47         1.2346e+04      4.76e+00       2.30e+00       3.84e+04    
      34             48         1.2345e+04      5.45e-01       2.78e+00       3.44e+04    
      35             49         1.2335e+04      1.03e+01       1.43e+00       2.35e+04    
      36             50         1.2329e+04      5.45e+00       1.40e+00       2.98e+03    
      37             51         1.2325e+04      4.26e+00       1.85e+00       1.19e+05    
      38             53         1.2320e+04      5.20e+00       6.42e-01       2.02e+04    
      39             54         1.2314e+04      5.79e+00       1.17e+00       1.85e+04    
      40             55         1.2307e+04      7.40e+00       1.48e+00       5.31e+03    
      41             57         1.2307e+04      3.87e-02       6.71e-01       1.42e+05    
      42             58         1.2302e+04      4.92e+00       3.40e-01       1.47e+04    
      43             59         1.2299e+04      3.15e+00       6.68e-01       4.45e+03    
      44             60         1.2293e+04      5.07e+00       1.08e+00       9.99e+03    
      45             61         1.2286e+04      7.49e+00       1.35e+00       1.21e+03    
      46             64         1.2285e+04      7.57e-01       1.86e-01       3.03e+04    
      47             66         1.2285e+04      5.15e-01       7.27e-02       1.13e+04    
      48             67         1.2284e+04      5.24e-01       1.08e-01       6.31e+03    
      49             68         1.2283e+04      8.37e-01       2.21e-01       3.54e+03    
      50             69         1.2282e+04      1.59e+00       4.21e-01       2.51e+03    
      51             70         1.2279e+04      2.97e+00       7.50e-01       1.97e+03    
      52             71         1.2273e+04      5.37e+00       1.18e+00       2.22e+03    
      53             72         1.2264e+04      9.04e+00       1.69e+00       9.31e+02    
      54             73         1.2257e+04      7.12e+00       1.64e+00       1.28e+05    
      55             74         1.2239e+04      1.86e+01       3.46e+00       2.46e+04    
      56             76         1.2230e+04      8.32e+00       1.18e+00       1.63e+04    
      57             77         1.2215e+04      1.50e+01       2.77e+00       2.35e+04    
      58             79         1.2210e+04      5.10e+00       9.13e-01       1.11e+04    
      59             80         1.2198e+04      1.26e+01       3.03e+00       4.57e+04    
      60             83         1.2192e+04      5.47e+00       3.57e-01       5.00e+04    
      61             84         1.2187e+04      4.85e+00       6.85e-01       2.39e+04    
      62             85         1.2180e+04      7.44e+00       1.17e+00       6.05e+03    
      63             86         1.2169e+04      1.07e+01       1.85e+00       1.19e+04    
      64             87         1.2152e+04      1.68e+01       2.80e+00       3.11e+03    
      65             90         1.2151e+04      1.60e+00       3.55e-01       2.75e+04    
      66             91         1.2144e+04      6.92e+00       6.68e-01       3.41e+03    
      67             92         1.2137e+04      6.76e+00       1.11e+00       5.51e+04    
      68             93         1.2125e+04      1.22e+01       1.88e+00       3.29e+03    
      69             94         1.2107e+04      1.76e+01       3.09e+00       8.79e+04    
      70             95         1.2074e+04      3.35e+01       5.53e+00       1.04e+05    
      71             97         1.2042e+04      3.23e+01       2.78e+00       1.37e+05    
      72             98         1.1967e+04      7.46e+01       6.23e+00       7.39e+04    
      73             100        1.1927e+04      4.01e+01       2.94e+00       1.27e+05    
      74             101        1.1860e+04      6.72e+01       6.25e+00       4.14e+04    
      75             103        1.1836e+04      2.38e+01       2.36e+00       1.15e+05    
      76             105        1.1822e+04      1.34e+01       1.41e+00       2.39e+04    
      77             106        1.1814e+04      8.02e+00       3.20e+00       4.20e+04    
      78             107        1.1798e+04      1.64e+01       3.84e+00       5.28e+04    
      79             109        1.1774e+04      2.37e+01       1.03e+00       2.99e+04    
      80             110        1.1759e+04      1.56e+01       1.16e+00       2.44e+03    
      81             111        1.1748e+04      1.02e+01       1.61e+00       1.13e+04    
      82             112        1.1733e+04      1.55e+01       2.41e+00       1.51e+03    
      83             114        1.1729e+04      4.03e+00       8.20e-01       9.10e+04    
      84             116        1.1726e+04      3.31e+00       3.73e-01       1.37e+04    
      85             117        1.1722e+04      3.81e+00       4.79e-01       2.05e+04    
      86             118        1.1716e+04      5.39e+00       7.94e-01       2.23e+03    
      87             119        1.1709e+04      7.87e+00       1.28e+00       2.68e+04    
      88             120        1.1702e+04      6.19e+00       2.07e+00       2.29e+04    
      89             122        1.1693e+04      9.80e+00       6.72e-01       5.55e+04    
      90             123        1.1683e+04      9.32e+00       1.38e+00       8.95e+03    
      91             124        1.1672e+04      1.16e+01       2.05e+00       1.78e+04    
      92             125        1.1658e+04      1.36e+01       3.54e+00       9.39e+04    
      93             127        1.1655e+04      3.39e+00       1.28e+00       2.97e+04    
      94             128        1.1640e+04      1.44e+01       3.51e-01       1.42e+04    
      95             129        1.1636e+04      4.48e+00       7.22e-01       4.34e+03    
      96             130        1.1629e+04      6.95e+00       1.22e+00       1.48e+04    
      97             131        1.1619e+04      1.03e+01       1.81e+00       2.71e+04    
      98             132        1.1609e+04      9.91e+00       3.23e+00       7.78e+04    
      99             134        1.1596e+04      1.28e+01       1.29e+00       6.06e+04    
      100            136        1.1594e+04      2.29e+00       6.95e-01       8.83e+03    
      101            137        1.1587e+04      7.00e+00       1.95e-01       4.84e+03    
      102            138        1.1584e+04      2.52e+00       3.96e-01       4.15e+03    
      103            139        1.1580e+04      3.93e+00       7.14e-01       4.30e+03    
      104            140        1.1574e+04      5.99e+00       1.12e+00       7.89e+03    
      105            141        1.1565e+04      9.09e+00       1.71e+00       1.49e+04    
      106            142        1.1552e+04      1.28e+01       2.58e+00       5.33e+04    
      107            143        1.1539e+04      1.29e+01       5.68e+00       9.87e+04    
      108            145        1.1520e+04      1.93e+01       2.29e+00       8.07e+04    
      109            147        1.1512e+04      8.37e+00       6.95e-01       4.96e+04    
      110            148        1.1503e+04      8.29e+00       9.26e-01       3.90e+03    
      111            149        1.1498e+04      5.04e+00       1.05e+00       5.10e+03    
      112            150        1.1495e+04      3.20e+00       9.08e-01       1.40e+04    
The maximum number of function evaluations is exceeded.
Function evaluations 150, initial cost 1.2553e+04, final cost 1.1495e+04, first-order optimality 1.40e+04.
round 3: clearance pairs 183, order pairs 0, residuals 63612
   Iteration     Total nfev        Cost      Cost reduction    Step norm     Optimality   
       0              1         1.1500e+04                                    1.40e+04    
       1              4         1.1465e+04      3.47e+01       2.23e+00       4.52e+04    
       2              5         1.1418e+04      4.74e+01       6.65e+00       6.78e+04    
       3              7         1.1403e+04      1.53e+01       4.96e+00       2.52e+04    
       4              9         1.1384e+04      1.90e+01       5.28e+00       3.18e+04    
       5             10         1.1339e+04      4.46e+01       7.86e+00       2.50e+04    
       6             11         1.1316e+04      2.34e+01       6.08e+00       1.54e+04    
       7             12         1.1304e+04      1.14e+01       6.96e+00       1.20e+04    
       8             13         1.1270e+04      3.38e+01       2.14e+00       3.46e+03    
       9             14         1.1261e+04      9.23e+00       3.06e+00       1.82e+03    
      10             15         1.1255e+04      6.51e+00       3.12e+00       5.66e+03    
      11             16         1.1253e+04      2.14e+00       3.05e+00       4.53e+03    
      12             17         1.1245e+04      7.35e+00       9.83e-01       5.05e+03    
      13             18         1.1242e+04      3.53e+00       1.34e+00       6.75e+03    
      14             19         1.1240e+04      1.99e+00       1.25e+00       4.66e+03    
      15             20         1.1237e+04      2.31e+00       1.19e+00       6.75e+03    
      16             21         1.1237e+04      3.95e-01       1.10e+00       5.82e+03    
      17             22         1.1235e+04      2.23e+00       2.71e-01       5.79e+03    
      18             23         1.1234e+04      1.18e+00       5.63e-01       5.06e+03    
      19             24         1.1233e+04      9.03e-01       5.66e-01       3.87e+03    
      20             25         1.1232e+04      8.07e-01       5.54e-01       3.64e+03    
      21             26         1.1231e+04      5.63e-01       5.42e-01       2.71e+03    
      22             27         1.1231e+04      6.82e-01       5.28e-01       3.57e+03    
      23             28         1.1230e+04      3.98e-01       5.17e-01       2.68e+03    
      24             29         1.1230e+04      5.88e-01       5.09e-01       3.69e+03    
      25             30         1.1229e+04      2.93e-01       5.05e-01       2.86e+03    
      26             31         1.1229e+04      4.77e-01       1.43e-01       2.99e+03    
      27             32         1.1228e+04      3.38e-01       2.53e-01       2.50e+03    
      28             33         1.1228e+04      2.87e-01       2.42e-01       1.93e+03    
      29             34         1.1228e+04      2.81e-01       2.31e-01       2.06e+03    
      30             35         1.1228e+04      2.71e-01       2.14e-01       1.72e+03    
      31             36         1.1227e+04      4.92e-01       2.36e-01       1.90e+03    
      32             37         1.1226e+04      7.40e-01       1.54e-01       1.68e+03    
      33             38         1.1225e+04      1.09e+00       1.41e-01       1.60e+03    
      34             39         1.1224e+04      1.80e+00       1.82e-01       1.47e+03    
      35             40         1.1220e+04      3.27e+00       3.06e-01       1.09e+03    
      36             41         1.1214e+04      6.22e+00       5.88e-01       5.76e+02    
      37             42         1.1202e+04      1.18e+01       1.18e+00       1.87e+03    
      38             43         1.1183e+04      1.91e+01       2.34e+00       1.49e+04    
      39             44         1.1161e+04      2.23e+01       4.83e+00       2.91e+04    
      40             45         1.1151e+04      9.62e+00       4.91e+00       1.77e+04    
      41             47         1.1136e+04      1.48e+01       6.98e-01       1.84e+04    
      42             48         1.1107e+04      2.92e+01       9.19e-01       2.94e+03    
      43             51         1.1105e+04      2.27e+00       1.61e-01       2.84e+03    
      44             52         1.1103e+04      2.33e+00       3.64e-01       2.51e+03    
      45             53         1.1102e+04      9.19e-01       4.58e-01       1.68e+03    
      46             55         1.1101e+04      3.89e-01       1.78e-01       1.59e+03    
      47             56         1.1101e+04      2.19e-01       1.31e-01       1.43e+03    
      48             57         1.1101e+04      3.09e-01       1.79e-01       1.20e+03    
      49             58         1.1100e+04      4.01e-01       2.36e-01       1.04e+03    
      50             59         1.1100e+04      5.87e-01       1.99e-01       9.54e+02    
      51             60         1.1099e+04      8.07e-01       1.17e-01       9.18e+02    
      52             61         1.1097e+04      1.44e+00       1.61e-01       8.79e+02    
      53             62         1.1095e+04      2.73e+00       3.00e-01       8.32e+02    
      54             63         1.1089e+04      5.27e+00       5.43e-01       7.25e+02    
      55             64         1.1079e+04      9.98e+00       1.07e+00       1.31e+03    
      56             65         1.1062e+04      1.79e+01       2.07e+00       4.31e+03    
      57             66         1.1033e+04      2.90e+01       3.77e+00       2.07e+04    
      58             67         1.0986e+04      4.68e+01       8.42e+00       1.15e+05    
      59             69         1.0969e+04      1.66e+01       3.39e+00       2.27e+04    
      60             70         1.0952e+04      1.73e+01       4.04e+00       2.87e+04    
      61             71         1.0945e+04      6.62e+00       8.13e+00       3.60e+04    
      62             73         1.0931e+04      1.45e+01       3.10e+00       4.56e+04    
      63             76         1.0929e+04      2.04e+00       2.79e-01       2.50e+04    
      64             77         1.0926e+04      3.11e+00       3.25e-01       4.77e+03    
      65             78         1.0924e+04      2.11e+00       6.15e-01       4.92e+03    
      66             79         1.0923e+04      7.32e-01       1.02e+00       6.69e+03    
      67             81         1.0921e+04      1.79e+00       4.32e-01       4.25e+03    
      68             82         1.0920e+04      7.73e-01       3.21e-01       1.37e+03    
      69             83         1.0920e+04      7.18e-01       4.12e-01       1.19e+03    
      70             85         1.0919e+04      3.97e-01       2.77e-01       6.48e+02    
      71             86         1.0919e+04      3.48e-01       2.83e-01       1.15e+03    
      72             88         1.0919e+04      2.13e-01       1.18e-01       8.53e+02    
      73             89         1.0918e+04      2.57e-01       1.63e-01       9.95e+02    
      74             90         1.0918e+04      2.71e-01       2.50e-01       8.64e+02    
      75             92         1.0918e+04      1.58e-01       1.08e-01       6.22e+02    
      76             93         1.0918e+04      1.97e-01       1.35e-01       6.39e+02    
      77             94         1.0917e+04      2.51e-01       1.94e-01       5.49e+02    
      78             95         1.0917e+04      2.47e-01       4.02e-01       3.70e+02    
      79             97         1.0917e+04      2.44e-01       1.78e-01       5.76e+02    
      80             98         1.0917e+04      1.78e-01       1.23e-01       3.25e+02    
      81             99         1.0917e+04      2.18e-01       1.56e-01       4.37e+02    
      82             100        1.0916e+04      2.85e-01       2.85e-01       3.08e+02    
      83             101        1.0916e+04      3.60e-01       4.07e-01       2.45e+02    
      84             102        1.0915e+04      4.73e-01       3.90e-01       2.78e+02    
      85             103        1.0915e+04      7.27e-01       3.47e-01       3.71e+02    
      86             104        1.0913e+04      1.25e+00       5.19e-01       4.74e+02    
      87             105        1.0911e+04      2.30e+00       9.48e-01       5.24e+02    
      88             106        1.0907e+04      4.13e+00       1.81e+00       1.55e+03    
      89             107        1.0900e+04      6.91e+00       3.83e+00       7.02e+03    
      90             108        1.0896e+04      4.01e+00       7.21e+00       2.40e+04    
      91             110        1.0895e+04      1.18e+00       4.15e+00       2.28e+04    
      92             112        1.0894e+04      1.29e+00       5.02e-01       1.94e+04    
      93             113        1.0893e+04      2.21e-01       6.60e-01       3.45e+03    
      94             114        1.0893e+04      6.82e-01       1.71e-01       8.83e+02    
      95             115        1.0893e+04      1.73e-01       3.27e-01       3.77e+02    
      96             116        1.0892e+04      5.02e-02       3.47e-01       6.03e+02    
      97             117        1.0892e+04      1.77e-01       8.41e-02       4.75e+02    
      98             118        1.0892e+04      9.52e-02       1.52e-01       6.55e+02    
      99             119        1.0892e+04      8.13e-02       1.55e-01       8.61e+02    
      100            120        1.0892e+04      5.23e-02       1.47e-01       5.69e+02    
      101            121        1.0892e+04      3.18e-02       1.69e-01       3.87e+02    
      102            122        1.0892e+04      4.43e-02       4.03e-02       3.59e+02    
      103            123        1.0892e+04      2.74e-02       7.12e-02       3.18e+02    
      104            124        1.0892e+04      2.13e-02       7.38e-02       2.69e+02    
      105            125        1.0892e+04      2.20e-02       6.44e-02       2.51e+02    
      106            126        1.0892e+04      1.47e-02       7.55e-02       2.28e+02    
      107            127        1.0892e+04      1.84e-02       6.66e-02       2.40e+02    
      108            128        1.0892e+04      1.27e-02       7.73e-02       2.54e+02    
      109            129        1.0892e+04      1.12e-02       7.00e-02       2.65e+02    
      110            130        1.0892e+04      1.38e-02       7.90e-02       2.75e+02    
      111            131        1.0892e+04      9.15e-03       7.09e-02       2.80e+02    
      112            132        1.0892e+04      1.03e-02       2.03e-02       2.86e+02    
      113            133        1.0892e+04      8.06e-03       3.47e-02       2.88e+02    
      114            134        1.0892e+04      6.07e-03       2.89e-02       2.95e+02    
      115            135        1.0892e+04      1.07e-02       3.06e-02       2.97e+02    
      116            136        1.0892e+04      1.38e-02       4.67e-02       2.98e+02    
      117            137        1.0892e+04      2.18e-02       9.84e-02       2.89e+02    
      118            138        1.0892e+04      4.48e-03       1.10e-01       2.66e+02    
      119            139        1.0892e+04      2.33e-02       4.34e-02       2.73e+02    
      120            140        1.0892e+04      4.46e-03       3.73e-02       2.70e+02    
      121            141        1.0892e+04      8.60e-03       2.88e-02       2.72e+02    
      122            142        1.0892e+04      1.12e-02       4.76e-02       2.64e+02    
      123            143        1.0892e+04      1.59e-02       8.09e-02       2.56e+02    
      124            144        1.0892e+04      4.35e-03       1.17e-01       2.35e+02    
      125            146        1.0892e+04      1.85e-03       1.99e-02       2.27e+02    
      126            147        1.0892e+04      2.02e-03       2.90e-03       1.84e+02    
      127            148        1.0892e+04      3.57e-03       5.81e-03       1.92e+02    
      128            149        1.0892e+04      5.73e-03       1.13e-02       2.37e+02    
      129            150        1.0892e+04      6.38e-03       2.13e-02       2.48e+02    
The maximum number of function evaluations is exceeded.
Function evaluations 150, initial cost 1.1500e+04, final cost 1.0892e+04, first-order optimality 2.48e+02.
c  K=160  init=raw  [round 0 nfev=150 status=0 (The) cost 4842.877]  [round 1 nfev=150 status=0 (The) cost 12552.742]  [round 2 nfev=150 status=0 (The) cost 11495.244]  [round 3 nfev=150 status=0 (The) cost 10891.688]
args: {"K": 160, "bend": 30.0, "box_pose": "", "box_rings": "", "box_trace": 0.15, "bz": "690:790:0.6:20", "clear": 5.0, "clear_range": "860:1066-388:483", "curl": "340:405:35:60,690:790:60:60,925:1025:35:60", "dbend": 500.0, "delta": 60.0, "dtwist": 500.0, "edge_fair": 0.0, "edge_w": "905:1050:L:4,905:1050:R:4,650:800:L:2,650:800:R:2", "end_pin": 50.0, "energy_ranges": "335:420:3,450:512:4", "eps": 1.0, "face_margin": 0.3, "faceon": "925:1025:20", "faces": "docs/ribbon/turns/real/faces.json", "flat": 0.0, "flat_ranges": "", "flip_guard": 20.0, "fold": "", "fold2": "516:40:20,1188:40:20", "fold_axis": "", "fold_convex": "516:10,1188:10", "fold_eq": false, "fold_legs": 5.0, "fold_legs_len": "20", "gap": 14.0, "hide": "", "hide_auto": "", "hmax": 25.5, "hmin": 25.5, "init": "raw", "inside": 0.0, "kappa": 2.0, "keep": 3.0, "keep_free": "335:420,450:512,650:800,905:1290", "lam": 15.0, "lam_h": 50.0, "lit": "1030:1175:0.45:60", "mask": "", "max_nfev": 150, "mu": 300.0, "no_opt": false, "nu_fold": 0.4, "omega": 0.01, "order": 0.0, "out": "docs/ribbon/turns/real/K2/c", "outer": 4, "outline": 0.0, "outline_assign": "nearest", "outline_boxes": "", "outline_drop_near": "", "outline_excl": "", "outline_fixed": false, "outline_incl": "", "outline_loss": "linear", "outline_pose": "", "pin_range": "", "pose": "docs/ribbon/turns/real/X3/pose.json", "redge": 24.0, "rim_pose": "", "rim_side_mode": "centre", "rimlines": "", "rmin": 45.0, "roto": "/Users/ashmitkhurana/Development/Personal/portfolio/docs/ribbon/turns/curve/best/roto.npz", "screenw": "", "sigma": 2.0, "trace_w": 0.15, "twist": 30.0, "w_box": 2.0, "w_face": 15.0, "w_hmin": 50.0, "w_redge": 5.0, "w_rim": 0.0, "w_rmin": 5.0, "w_wfloor": 0.0, "wfloor": 0.0, "wfloor_except": "", "wfloor_mode": "perp", "wfloor_ranges": "", "zprior": "docs/ribbon/turns/real/X3/pose.json"}

edge residual css px, point-to-polyline (L and R pooled): mean 10.002  p95 31.967  max 120.405

window       edge resid (L,R pooled)                      h min/med/max          median |b.T|  #|c'|<0.6 s0
[   0, 131]  mean  14.89  p95  32.29  max  43.39           25.5/ 25.5/ 25.5      0.129         0
[ 132, 288]  mean   1.72  p95   4.81  max  11.51           25.5/ 25.5/ 25.5      0.396         0
[ 289, 483]  mean  25.17  p95 109.74  max 120.40           25.5/ 25.5/ 25.5      0.146         0
[ 484, 554]  mean   5.09  p95   9.79  max  10.43           25.5/ 25.5/ 25.5      0.514         0
[ 555, 658]  mean   1.56  p95   3.84  max   6.87           25.5/ 25.5/ 25.5      0.077         0
[ 659, 764]  mean  21.14  p95  31.98  max  32.95           25.5/ 25.5/ 25.5      0.008         0
[ 765, 940]  mean   2.86  p95  15.21  max  20.69           25.5/ 25.5/ 25.5      0.132         0
[ 941,1066]  mean  11.48  p95  31.70  max  48.65           25.5/ 25.5/ 25.5      0.017         10
[1067,1298]  mean   4.89  p95  11.15  max  21.35           25.5/ 25.5/ 25.5      0.178         0
worst window by mean: [289,483] 25.17 px

dense (4N=5196 samples) surface normal N=TxB: angle change per sample  max 21.480 deg  p99 2.690 deg
   angle per world px of centreline arclength: max 40.0295 deg/px  (p99 3.2820)
   worst dense samples (t, deg, |b.T|): 524.70, 21.5, 0.999; 524.45, 21.1, 0.999; 524.95, 16.6, 0.999; 524.20, 15.9, 0.999; 412.76, 15.1, 1.000
   dense steps > 3 deg: 32, > 6 deg: 15
ripple (|second difference of unit N| per world px^2, dense): max 4.770e-01  p99 1.266e-02  median 5.038e-04
max |b.T| outside fold windows: 1.000   (inside: 0.999)
GATE: min 3D distance between non-adjacent rings (|i-j|>60, surface samples): 11.53 px; pairs < gap 14.0: 33
GATE: screen-overlap pairs (3 px) 1491, order violations (z_front - z_back < 0): 8, (< gap): 30; unique ring pairs violating: 3
end centreline offset from init: ring0 0.0 px, ring N-1 1.4 px
outside-mockup distance (5 pts across band, css px): mean 1.402  max 36.98  frac>0.5px 0.148
outline residual (css px, matched <=25 px: 1608 of 1634 pts): mean 6.686  p95 17.660  max 24.86
run time: 556.4 s
residual block norms (sum of squares): edge 6132.63, smooth 2246.42, jerk 2330.23, perp 460.28, dev 1717.18, depth 900.10, hsm 0.01, wpr 0.00, speed 12.75, hmin 0.11, hmax 0.78, face 2638.56, rmin 592.44, scrw 0.00, wf 0.00, ins 0.00, fcr 93.26, bnd 845.97, twi 130.26, dbn 825.77, dtw 48.66, rmf 53.94, crl 250.08, lgb 79.58, cvx 71.95
