DPR2 canvases 780x1688 780x1688
DPR3 canvases 1170x2532 1170x2532
crop_apex.png  127650 B
crop_bottomk.png  253221 B
crop_endstrand.png  168267 B
crop_farleft.png  178183 B
crop_junction.png  105364 B
crop_scurve.png  219762 B
crop_topk.png  176946 B
crop_wrap.png  292758 B
hero.png  1329004 B
ribbon.png  1361935 B
ribbon_crop_apex.png  133729 B
ribbon_crop_bottomk.png  253221 B
ribbon_crop_endstrand.png  168267 B
ribbon_crop_farleft.png  178183 B
ribbon_crop_junction.png  105364 B
ribbon_crop_scurve.png  219762 B
ribbon_crop_topk.png  176946 B
ribbon_crop_wrap.png  292758 B
