bz rings 478..562 t 0.70 w 20.0
bz rings 1160..1230 t 0.60 w 20.0
bz rings 340..405 t 0.60 w 20.0
curl rings 340..405 R 35 w 60.0
curl rings 478..562 R 50 w 60.0
curl rings 700..790 R 55 w 60.0
curl rings 925..1025 R 35 w 60.0
curl rings 1160..1230 R 55 w 60.0
face rule: sign_A -1 (tail median N.v -0.995)
init cost 18871493.213, residuals 59766, params 1120
round 0: clearance pairs 268, order pairs 0, residuals 60034
   Iteration     Total nfev        Cost      Cost reduction    Step norm     Optimality   
       0              1         1.8871e+07                                    8.69e+06    
       1              2         5.9772e+05      1.83e+07       8.53e+01       2.06e+06    
       2              4         4.6588e+05      1.32e+05       5.15e+01       1.55e+06    
       3              6         3.9903e+05      6.68e+04       2.60e+01       1.07e+06    
       4              7         1.9395e+05      2.05e+05       3.01e+01       5.19e+05    
       5              8         7.5447e+04      1.19e+05       4.78e+01       1.36e+05    
       6              9         3.0405e+04      4.50e+04       6.11e+01       3.54e+04    
       7             11         2.4582e+04      5.82e+03       1.48e+01       2.61e+04    
       8             12         1.7214e+04      7.37e+03       2.90e+01       1.39e+04    
       9             13         1.4848e+04      2.37e+03       4.64e+01       5.30e+04    
      10             14         1.0274e+04      4.57e+03       4.36e+01       2.33e+04    
      11             15         9.3419e+03      9.32e+02       7.44e+01       7.52e+03    
      12             16         6.9287e+03      2.41e+03       2.02e+01       2.10e+03    
      13             17         6.2734e+03      6.55e+02       2.58e+01       1.13e+03    
      14             19         6.1041e+03      1.69e+02       7.51e+00       1.08e+03    
      15             20         6.0284e+03      7.57e+01       1.35e+01       9.93e+02    
      16             21         5.9445e+03      8.39e+01       1.75e+01       9.29e+02    
      17             22         5.8452e+03      9.93e+01       1.22e+01       8.69e+02    
      18             23         5.7605e+03      8.47e+01       6.68e+00       8.07e+02    
      19             24         5.6784e+03      8.21e+01       6.43e+00       7.41e+02    
      20             25         5.5727e+03      1.06e+02       8.94e+00       7.05e+02    
      21             26         5.3921e+03      1.81e+02       1.66e+01       8.46e+02    
      22             28         5.2710e+03      1.21e+02       7.40e+00       9.28e+02    
      23             29         5.0998e+03      1.71e+02       1.59e+01       1.91e+03    
      24             30         5.0677e+03      3.21e+01       6.95e+01       5.00e+03    
      25             31         4.7663e+03      3.01e+02       1.98e+01       5.44e+02    
      26             33         4.6712e+03      9.51e+01       6.15e+00       4.69e+02    
      27             34         4.6048e+03      6.64e+01       1.07e+01       3.55e+02    
      28             35         4.5279e+03      7.70e+01       1.93e+01       4.72e+02    
      29             36         4.5174e+03      1.04e+01       2.05e+01       6.02e+02    
      30             38         4.4880e+03      2.94e+01       5.82e+00       4.28e+02    
      31             39         4.4757e+03      1.23e+01       8.17e+00       1.04e+03    
      32             41         4.4649e+03      1.09e+01       3.50e+00       7.49e+01    
      33             42         4.4604e+03      4.45e+00       4.00e+00       1.17e+02    
      34             44         4.4578e+03      2.64e+00       1.25e+00       1.70e+02    
      35             49         4.4577e+03      8.90e-02       3.63e-02       1.20e+02    
      36             50         4.4576e+03      1.17e-01       7.29e-02       1.20e+02    
      37             53         4.4576e+03      1.05e-02       8.14e-03       1.20e+02    
      38             54         4.4575e+03      1.89e-02       1.60e-02       1.20e+02    
      39             57         4.4575e+03      2.20e-03       1.94e-03       1.20e+02    
      40             59         4.4575e+03      1.09e-03       9.65e-04       1.20e+02    
      41             60         4.4575e+03      2.15e-03       1.92e-03       1.20e+02    
      42             63         4.4575e+03      2.66e-04       2.39e-04       1.20e+02    
      43             65         4.4575e+03      1.33e-04       1.20e-04       1.20e+02    
      44             67         4.4575e+03      6.63e-05       5.98e-05       1.20e+02    
      45             69         4.4575e+03      3.31e-05       2.99e-05       1.20e+02    
`ftol` termination condition is satisfied.
Function evaluations 69, initial cost 1.8871e+07, final cost 4.4575e+03, first-order optimality 1.20e+02.
round 1: clearance pairs 1025, order pairs 0, residuals 60791
   Iteration     Total nfev        Cost      Cost reduction    Step norm     Optimality   
       0              1         4.6192e+04                                    2.28e+04    
       1              3         1.3776e+04      3.24e+04       4.09e+01       1.27e+04    
       2              4         1.1599e+04      2.18e+03       6.64e+01       6.71e+03    
       3              5         6.3539e+03      5.24e+03       1.79e+01       7.45e+03    
       4              6         5.5326e+03      8.21e+02       2.08e+01       2.97e+04    
       5              7         4.6784e+03      8.54e+02       3.41e+01       6.39e+03    
       6              9         4.4853e+03      1.93e+02       5.49e+01       1.40e+03    
       7             10         4.4650e+03      2.03e+01       9.33e+01       1.10e+03    
       8             11         4.4169e+03      4.81e+01       6.39e+01       9.91e+01    
       9             12         4.4041e+03      1.28e+01       4.73e+01       6.74e+01    
      10             13         4.3968e+03      7.24e+00       4.82e+01       1.28e+02    
      11             14         4.3915e+03      5.38e+00       5.13e+01       3.20e+01    
      12             15         4.3875e+03      3.96e+00       6.04e+01       2.43e+01    
      13             16         4.3846e+03      2.86e+00       4.92e+01       1.73e+01    
      14             17         4.3808e+03      3.83e+00       5.82e+01       2.85e+01    
      15             18         4.3779e+03      2.89e+00       4.57e+01       2.37e+01    
      16             19         4.3741e+03      3.78e+00       6.49e+01       1.32e+01    
      17             20         4.3723e+03      1.83e+00       4.89e+01       4.03e+01    
      18             21         4.3686e+03      3.74e+00       6.33e+01       1.01e+01    
      19             22         4.3671e+03      1.51e+00       4.86e+01       4.40e+01    
      20             23         4.3632e+03      3.89e+00       6.83e+01       1.48e+01    
      21             24         4.3607e+03      2.50e+00       5.03e+01       2.53e+01    
      22             25         4.3576e+03      3.09e+00       6.71e+01       2.44e+01    
      23             26         4.3549e+03      2.65e+00       5.13e+01       3.04e+01    
      24             27         4.3517e+03      3.20e+00       6.96e+01       1.97e+01    
      25             28         4.3475e+03      4.20e+00       5.70e+01       1.37e+01    
      26             29         4.3439e+03      3.65e+00       6.98e+01       2.18e+01    
      27             30         4.3388e+03      5.02e+00       5.20e+01       2.96e+01    
      28             31         4.3334e+03      5.43e+00       7.18e+01       2.46e+01    
      29             32         4.3245e+03      8.87e+00       5.36e+01       1.61e+01    
      30             33         4.3173e+03      7.22e+00       1.31e+02       8.05e+01    
      31             34         4.3052e+03      1.21e+01       1.21e+02       1.13e+02    
      32             35         4.2898e+03      1.54e+01       1.47e+02       5.00e+01    
      33             36         4.2754e+03      1.44e+01       1.28e+02       4.11e+01    
      34             37         4.2549e+03      2.05e+01       1.50e+02       6.01e+01    
      35             38         4.2438e+03      1.11e+01       2.58e+02       3.88e+02    
      36             39         4.2218e+03      2.20e+01       4.11e+02       1.69e+02    
      37             40         4.1963e+03      2.54e+01       2.65e+02       2.96e+02    
      38             41         4.1709e+03      2.54e+01       4.34e+02       7.40e+01    
      39             42         4.1558e+03      1.51e+01       2.64e+02       1.43e+03    
      40             43         4.0420e+03      1.14e+02       3.17e+02       1.44e+02    
      41             44         4.0253e+03      1.68e+01       5.52e+02       1.51e+03    
      42             45         3.9777e+03      4.75e+01       1.10e+03       3.99e+02    
      43             47         3.9603e+03      1.74e+01       1.23e+02       5.44e+01    
      44             49         3.9505e+03      9.88e+00       7.63e+01       6.33e+02    
      45             50         3.9266e+03      2.38e+01       3.98e+01       2.38e+02    
      46             51         3.9218e+03      4.80e+00       8.51e+01       8.70e+01    
      47             52         3.9205e+03      1.33e+00       3.22e+01       1.26e+01    
      48             54         3.9183e+03      2.24e+00       1.03e+01       1.45e+01    
      49             56         3.9173e+03      1.01e+00       2.54e+00       2.13e+01    
      50             58         3.9166e+03      6.89e-01       1.09e+00       9.68e+00    
      51             59         3.9164e+03      1.30e-01       5.35e-01       9.97e+00    
      52             61         3.9164e+03      3.59e-02       2.64e-01       1.17e+01    
      53             62         3.9164e+03      3.61e-02       2.90e-01       9.48e+00    
      54             64         3.9164e+03      1.13e-02       1.01e-01       9.43e+00    
      55             66         3.9164e+03      4.29e-03       2.12e-02       9.38e+00    
      56             68         3.9163e+03      2.08e-03       1.06e-02       9.36e+00    
      57             70         3.9163e+03      1.03e-03       5.18e-03       9.35e+00    
      58             71         3.9163e+03      2.04e-03       1.02e-02       9.32e+00    
      59             75         3.9163e+03      6.33e-05       3.16e-04       9.32e+00    
      60             77         3.9163e+03      3.16e-05       1.58e-04       9.32e+00    
`ftol` termination condition is satisfied.
Function evaluations 77, initial cost 4.6192e+04, final cost 3.9163e+03, first-order optimality 9.32e+00.
round 2: clearance pairs 1849, order pairs 0, residuals 61615
   Iteration     Total nfev        Cost      Cost reduction    Step norm     Optimality   
       0              1         1.0055e+05                                    2.70e+05    
       1              5         5.4419e+04      4.61e+04       7.70e+00       3.98e+05    
       2              6         5.8698e+03      4.85e+04       1.03e+01       2.30e+04    
       3              7         4.1760e+03      1.69e+03       2.70e+01       7.94e+03    
       4              8         3.9947e+03      1.81e+02       7.03e+01       1.27e+03    
       5             10         3.9773e+03      1.74e+01       8.82e+01       6.40e+02    
       6             12         3.9720e+03      5.36e+00       2.96e+01       4.07e+02    
       7             13         3.9636e+03      8.35e+00       7.17e+01       1.68e+02    
       8             14         3.9582e+03      5.44e+00       3.00e+02       1.87e+02    
       9             16         3.9556e+03      2.55e+00       1.69e+02       1.09e+02    
      10             17         3.9553e+03      3.37e-01       1.16e+02       5.44e+02    
      11             19         3.9535e+03      1.75e+00       1.36e+00       1.20e+02    
      12             20         3.9527e+03      7.90e-01       3.86e+00       5.85e+01    
      13             21         3.9525e+03      2.25e-01       5.52e+00       5.38e+01    
      14             22         3.9523e+03      2.10e-01       2.57e+00       1.82e+02    
      15             23         3.9517e+03      6.41e-01       2.00e+00       4.20e+01    
      16             24         3.9514e+03      2.54e-01       2.02e+00       3.77e+01    
      17             25         3.9507e+03      7.39e-01       7.80e-01       3.76e+01    
      18             27         3.9506e+03      5.42e-02       1.49e-01       3.75e+01    
      19             29         3.9506e+03      2.09e-02       6.31e-02       3.74e+01    
      20             31         3.9506e+03      9.72e-03       2.92e-02       3.73e+01    
      21             33         3.9506e+03      4.73e-03       1.41e-02       3.73e+01    
      22             36         3.9506e+03      5.86e-04       1.74e-03       3.73e+01    
      23             37         3.9506e+03      1.17e-03       3.47e-03       3.73e+01    
      24             40         3.9506e+03      1.46e-04       4.32e-04       3.73e+01    
      25             42         3.9506e+03      7.29e-05       2.16e-04       3.73e+01    
      26             44         3.9506e+03      3.64e-05       1.08e-04       3.73e+01    
`ftol` termination condition is satisfied.
Function evaluations 44, initial cost 1.0055e+05, final cost 3.9506e+03, first-order optimality 3.73e+01.
round 3: clearance pairs 1124, order pairs 0, residuals 60890
   Iteration     Total nfev        Cost      Cost reduction    Step norm     Optimality   
       0              1         3.9506e+03                                    3.73e+01    
       1              3         3.9393e+03      1.13e+01       1.41e+02       5.49e+02    
       2              7         3.9380e+03      1.31e+00       1.58e+01       4.97e+02    
       3              8         3.9361e+03      1.90e+00       1.62e+00       1.14e+02    
       4              9         3.9330e+03      3.09e+00       3.69e+00       3.87e+01    
       5             10         3.9293e+03      3.76e+00       1.89e+01       6.32e+01    
       6             11         3.9261e+03      3.13e+00       3.92e+01       5.46e+01    
       7             13         3.9249e+03      1.28e+00       3.17e+01       3.23e+02    
       8             15         3.9241e+03      7.19e-01       5.77e+00       1.56e+02    
       9             16         3.9234e+03      7.14e-01       2.49e+00       3.05e+01    
      10             17         3.9226e+03      8.33e-01       7.29e+00       2.96e+01    
      11             19         3.9223e+03      2.78e-01       3.01e+00       6.00e+01    
      12             20         3.9218e+03      4.79e-01       1.53e+00       2.16e+01    
      13             21         3.9216e+03      1.93e-01       1.48e+00       3.38e+01    
      14             23         3.9214e+03      2.85e-01       4.88e-01       1.48e+01    
      15             24         3.9212e+03      1.10e-01       3.32e-01       1.68e+01    
      16             25         3.9210e+03      1.96e-01       6.09e-01       1.86e+01    
      17             26         3.9207e+03      3.59e-01       1.21e+00       2.16e+01    
      18             27         3.9200e+03      6.46e-01       2.85e+00       2.20e+01    
      19             28         3.9191e+03      9.07e-01       9.59e+00       3.22e+01    
      20             29         3.9180e+03      1.18e+00       2.08e+01       6.90e+01    
      21             30         3.9156e+03      2.35e+00       6.89e+01       1.34e+02    
      22             34         3.9153e+03      3.45e-01       2.13e+00       7.91e+01    
      23             35         3.9151e+03      1.69e-01       1.12e+00       5.68e+01    
      24             36         3.9146e+03      5.24e-01       1.06e+00       9.43e+00    
      25             38         3.9144e+03      1.41e-01       5.67e-01       9.85e+00    
      26             40         3.9144e+03      3.62e-02       1.39e-01       9.64e+00    
      27             45         3.9144e+03      2.17e-04       1.05e-03       9.64e+00    
      28             46         3.9144e+03      4.32e-04       2.10e-03       9.63e+00    
      29             51         3.9144e+03      3.37e-06       1.64e-05       9.63e+00    
Both `ftol` and `xtol` termination conditions are satisfied.
Function evaluations 51, initial cost 3.9506e+03, final cost 3.9144e+03, first-order optimality 9.63e+00.
c  K=160  init=perp  [round 0 nfev=69 status=2 (ftol`) cost 4457.536]  [round 1 nfev=77 status=2 (ftol`) cost 3916.346]  [round 2 nfev=44 status=2 (ftol`) cost 3950.575]  [round 3 nfev=51 status=4 (Both) cost 3914.383]
args: {"K": 160, "bend": 30.0, "box_pose": "", "box_rings": "", "box_trace": 0.15, "bz": "478:562:0.7:20,1160:1230:0.6:20,340:405:0.6:20", "clear": 5.0, "clear_range": "860:1066-388:483", "curl": "340:405:35:60,478:562:50:60,700:790:55:60,925:1025:35:60,1160:1230:55:60", "dbend": 500.0, "delta": 60.0, "dtwist": 500.0, "edge_fair": 0.0, "edge_w": "", "end_pin": 50.0, "energy_ranges": "", "eps": 1.0, "face_margin": 0.3, "faceon": "925:1025:20", "faces": "docs/ribbon/turns/real/faces.json", "flat": 0.0, "flat_ranges": "", "flip_guard": 20.0, "fold": "", "fold2": "", "fold_axis": "", "fold_convex": "", "fold_eq": false, "fold_legs": 5.0, "fold_legs_len": "20", "gap": 14.0, "hide": "", "hide_auto": "", "hmax": 25.5, "hmin": 25.5, "init": "perp", "inside": 0.0, "kappa": 2.0, "lam": 15.0, "lam_h": 50.0, "mask": "", "max_nfev": 150, "mu": 300.0, "no_opt": false, "nu_fold": 0.4, "omega": 0.01, "order": 0.0, "out": "docs/ribbon/turns/real/I1/c", "outer": 4, "outline": 0.0, "outline_assign": "nearest", "outline_boxes": "", "outline_drop_near": "", "outline_excl": "", "outline_fixed": false, "outline_incl": "", "outline_loss": "linear", "outline_pose": "", "pin_range": "", "pose": "docs/ribbon/turns/real/I1/b_pose.json", "redge": 24.0, "rim_pose": "", "rim_side_mode": "centre", "rimlines": "", "rmin": 45.0, "roto": "/Users/ashmitkhurana/Development/Personal/portfolio/docs/ribbon/turns/curve/best/roto.npz", "screenw": "", "sigma": 2.0, "trace_w": 0.15, "twist": 30.0, "w_box": 2.0, "w_face": 15.0, "w_hmin": 50.0, "w_redge": 5.0, "w_rim": 0.0, "w_rmin": 5.0, "w_wfloor": 0.0, "wfloor": 0.0, "wfloor_except": "", "wfloor_mode": "perp", "wfloor_ranges": "", "zprior": "docs/ribbon/turns/real/I1/b_pose.json"}

edge residual css px, point-to-polyline (L and R pooled): mean 9.332  p95 31.462  max 97.310

window       edge resid (L,R pooled)                      h min/med/max          median |b.T|  #|c'|<0.6 s0
[   0, 131]  mean  14.87  p95  32.29  max  43.41           25.5/ 25.5/ 25.5      0.109         0
[ 132, 288]  mean   1.40  p95   4.75  max  11.25           25.5/ 25.5/ 25.5      0.275         0
[ 289, 483]  mean  16.63  p95  67.27  max  97.31           25.5/ 25.5/ 25.5      0.120         3
[ 484, 554]  mean   6.87  p95  12.28  max  12.43           25.5/ 25.5/ 25.5      0.001         0
[ 555, 658]  mean   3.42  p95   8.63  max  10.41           25.5/ 25.5/ 25.5      0.272         0
[ 659, 764]  mean  13.72  p95  40.06  max  45.01           25.5/ 25.5/ 25.5      0.003         0
[ 765, 940]  mean   4.43  p95  18.66  max  22.26           25.5/ 25.5/ 25.5      0.160         0
[ 941,1066]  mean  22.66  p95  49.07  max  52.43           25.5/ 25.5/ 25.5      0.001         3
[1067,1298]  mean   3.30  p95  10.52  max  17.04           25.5/ 25.5/ 25.5      0.039         13
worst window by mean: [941,1066] 22.66 px

dense (4N=5196 samples) surface normal N=TxB: angle change per sample  max 2.437 deg  p99 1.826 deg
   angle per world px of centreline arclength: max 1.8986 deg/px  (p99 1.6488)
   worst dense samples (t, deg, |b.T|): 421.51, 2.4, 0.637; 421.76, 2.4, 0.651; 421.26, 2.4, 0.623; 421.01, 2.3, 0.610; 422.01, 2.3, 0.663
   dense steps > 3 deg: 0, > 6 deg: 0
ripple (|second difference of unit N| per world px^2, dense): max 1.034e-02  p99 3.312e-03  median 4.223e-04
max |b.T| outside fold windows: 0.821   (inside: 0.913)
GATE: min 3D distance between non-adjacent rings (|i-j|>60, surface samples): 13.95 px; pairs < gap 14.0: 2
GATE: screen-overlap pairs (3 px) 1643, order violations (z_front - z_back < 0): 0, (< gap): 0; unique ring pairs violating: 0
end centreline offset from init: ring0 0.0 px, ring N-1 0.0 px
outside-mockup distance (5 pts across band, css px): mean 0.960  max 39.83  frac>0.5px 0.111
outline residual (css px, matched <=25 px: 1607 of 1634 pts): mean 7.039  p95 18.529  max 24.86
run time: 302.7 s
residual block norms (sum of squares): edge 2451.19, smooth 862.13, jerk 309.27, perp 85.83, dev 827.35, depth 52.47, hsm 0.00, wpr 0.00, speed 12.90, hmin 0.01, hmax 0.00, face 2001.55, rmin 89.35, scrw 0.00, wf 0.00, ins 0.00, fcr 2.26, bnd 695.14, twi 68.55, dbn 94.86, dtw 19.58, rmf 0.00, crl 182.93, lgb 0.00, cvx 0.00
