clear_pairs 860:1066-388:483:16: 294 raw sample pairs get gap 16
pairs (raw 1740), clusters 10, constraints 1524, initially violated 4 (max 3.2 px)
clusters: 10 (rule-decided 5, vote-decided 5); input-sample disagreements with the decided order: 0 of 1740 raw sample pairs
top clusters by required separation (px short at input): rings_a-range x rings_b-range | front | rule | disagree/total | need
   817- 861 x 1066-1112 | front=b-range | vote | 0/244 | 3.2
   177- 245 x  696- 715 | front=a-range | vote | 0/257 | 0.0
   299- 305 x 1040-1043 | front=a-range | vote | 0/12 | 0.0
   316- 336 x 1013-1034 | front=a-range | vote | 0/45 | 0.0
   359- 394 x  986-1017 | front=a-range | R3 | 0/143 | 0.0
   406- 460 x  883- 926 | front=b-range | R2 | 0/250 | 0.0
   580- 633 x 1067-1109 | front=a-range | R1 | 0/194 | 0.0
   588- 624 x  792- 855 | front=a-range | R1 | 0/295 | 0.0
   613- 674 x 1282-1298 | front=a-range | R1 | 0/158 | 0.0
   774- 798 x 1259-1286 | front=a-range | vote | 0/142 | 0.0
layer.py docs/ribbon/turns/real/I1/a/pose.json -> docs/ribbon/turns/real/I1/b_pose.json  gap 12.4 kz 160
screen-overlap sample pairs (raw) 1740, constraints (ring pairs) 1524, violated at input 4 (worst 3.2 px short)
solver SLSQP status 0 iterations 31 objective 84.41 time 0.8 s
max constraint violation after solve (deduped): 0.000 px; violated constraints (> 0.01): 0
all raw sample pairs after: z_front - z_back min 12.40 px, pairs with < 0: 0, < gap-0.5: 0
dz: max |dz| 1.6 px (min -1.6, max 1.6); max |dz''| 0.0395 px/ring^2
unit check: max change of projected edge screen position 1.14e-13 css px
