curl rings 340..405 R 35 w 60.0
curl rings 488..552 R 50 w 60.0
curl rings 700..790 R 55 w 60.0
curl rings 925..1025 R 35 w 60.0
curl rings 1160..1230 R 55 w 60.0
face rule: sign_A -1 (tail median N.v -0.991)
init cost 202261778.681, residuals 59766, params 1120
round 0: clearance pairs 973, order pairs 0, residuals 60739
   Iteration     Total nfev        Cost      Cost reduction    Step norm     Optimality   
       0              1         2.0228e+08                                    5.99e+07    
       1              2         5.9106e+06      1.96e+08       2.24e+02       1.14e+08    
       2              3         1.3796e+06      4.53e+06       1.63e+02       1.67e+07    
       3              4         6.3099e+05      7.49e+05       1.42e+02       1.21e+06    
       4              9         4.9914e+05      1.32e+05       4.83e+00       2.24e+06    
       5             11         4.3453e+05      6.46e+04       1.96e+00       2.67e+06    
       6             12         3.4398e+05      9.06e+04       4.44e+00       1.63e+06    
       7             13         2.8187e+05      6.21e+04       9.32e+00       3.75e+06    
       8             14         2.2736e+05      5.45e+04       8.29e+00       7.43e+05    
       9             15         1.9076e+05      3.66e+04       1.06e+01       2.65e+06    
      10             16         1.3203e+05      5.87e+04       1.37e+01       4.04e+05    
      11             17         1.2061e+05      1.14e+04       2.27e+01       4.69e+06    
      12             18         8.2390e+04      3.82e+04       9.79e+00       3.46e+06    
      13             19         6.3963e+04      1.84e+04       8.24e+00       2.10e+05    
      14             20         5.4528e+04      9.43e+03       1.09e+01       3.53e+05    
      15             21         4.4386e+04      1.01e+04       1.62e+01       1.16e+06    
      16             23         3.8368e+04      6.02e+03       9.28e+00       6.70e+05    
      17             24         2.9552e+04      8.82e+03       1.97e+01       1.17e+06    
      18             26         2.8001e+04      1.55e+03       8.74e+00       1.13e+06    
      19             29         2.4442e+04      3.56e+03       7.66e-01       3.60e+05    
      20             30         2.4074e+04      3.68e+02       1.82e+00       3.10e+05    
      21             32         2.3694e+04      3.80e+02       5.08e-01       2.28e+05    
      22             33         2.3518e+04      1.76e+02       9.22e-01       1.57e+05    
      23             35         2.3351e+04      1.67e+02       2.52e-01       1.03e+05    
      24             36         2.3221e+04      1.30e+02       4.47e-01       3.63e+04    
      25             37         2.3002e+04      2.19e+02       9.18e-01       1.14e+05    
      26             38         2.2766e+04      2.36e+02       1.32e+00       2.72e+05    
      27             40         2.2507e+04      2.59e+02       4.21e-01       1.50e+05    
      28             41         2.2362e+04      1.45e+02       7.91e-01       1.33e+05    
      29             43         2.2246e+04      1.16e+02       2.14e-01       1.09e+05    
      30             44         2.2134e+04      1.13e+02       4.26e-01       3.36e+04    
      31             45         2.2010e+04      1.24e+02       6.41e-01       2.37e+05    
      32             47         2.1908e+04      1.01e+02       2.09e-01       8.36e+04    
      33             48         2.1803e+04      1.06e+02       4.08e-01       3.27e+04    
      34             49         2.1608e+04      1.94e+02       9.50e-01       3.23e+04    
      35             50         2.1521e+04      8.73e+01       1.01e+00       4.52e+05    
      36             52         2.1271e+04      2.50e+02       4.08e-01       1.94e+05    
      37             53         2.1186e+04      8.54e+01       8.49e-01       3.52e+05    
      38             55         2.1009e+04      1.77e+02       2.02e-01       1.33e+05    
      39             56         2.0901e+04      1.08e+02       4.22e-01       3.04e+04    
      40             57         2.0738e+04      1.63e+02       7.57e-01       3.40e+04    
      41             59         2.0669e+04      6.86e+01       2.79e-01       1.37e+05    
      42             60         2.0534e+04      1.36e+02       7.39e-01       8.15e+04    
      43             62         2.0474e+04      5.99e+01       1.83e-01       1.57e+05    
      44             63         2.0411e+04      6.29e+01       2.29e-01       2.91e+04    
      45             64         2.0337e+04      7.36e+01       3.51e-01       8.61e+04    
      46             65         2.0225e+04      1.12e+02       6.78e-01       1.18e+05    
      47             67         2.0149e+04      7.60e+01       1.86e-01       1.13e+05    
      48             68         2.0069e+04      8.00e+01       3.89e-01       4.91e+04    
      49             70         2.0028e+04      4.06e+01       1.69e-01       8.37e+04    
      50             71         1.9949e+04      7.94e+01       3.75e-01       3.71e+04    
      51             73         1.9911e+04      3.85e+01       1.58e-01       5.61e+04    
      52             74         1.9833e+04      7.74e+01       3.57e-01       2.75e+04    
      53             75         1.9755e+04      7.81e+01       5.77e-01       2.42e+05    
      54             77         1.9667e+04      8.81e+01       1.81e-01       1.00e+05    
      55             78         1.9581e+04      8.62e+01       3.80e-01       4.16e+04    
      56             79         1.9450e+04      1.31e+02       5.67e-01       6.34e+04    
      57             81         1.9387e+04      6.26e+01       2.90e-01       1.37e+05    
      58             82         1.9353e+04      3.45e+01       3.74e-01       1.13e+05    
      59             84         1.9287e+04      6.60e+01       9.48e-02       4.93e+04    
      60             85         1.9248e+04      3.90e+01       1.87e-01       2.59e+04    
      61             86         1.9176e+04      7.20e+01       4.02e-01       2.57e+04    
      62             87         1.9079e+04      9.71e+01       6.22e-01       1.79e+05    
      63             89         1.9019e+04      5.94e+01       1.70e-01       1.02e+05    
      64             90         1.8938e+04      8.16e+01       3.66e-01       2.78e+04    
      65             91         1.8813e+04      1.24e+02       5.15e-01       4.80e+04    
      66             93         1.8755e+04      5.85e+01       2.64e-01       1.16e+05    
      67             94         1.8713e+04      4.19e+01       6.71e-01       1.25e+05    
      68             96         1.8624e+04      8.88e+01       1.68e-01       2.01e+05    
      69             97         1.8562e+04      6.19e+01       2.04e-01       5.01e+04    
      70             99         1.8538e+04      2.38e+01       8.34e-02       4.22e+04    
      71             100        1.8504e+04      3.46e+01       1.76e-01       2.39e+04    
      72             101        1.8439e+04      6.52e+01       3.69e-01       2.38e+04    
      73             102        1.8322e+04      1.17e+02       5.03e-01       4.85e+04    
      74             104        1.8268e+04      5.37e+01       2.62e-01       1.23e+05    
      75             105        1.8254e+04      1.48e+01       3.45e-01       1.10e+05    
      76             106        1.8188e+04      6.57e+01       9.51e-02       7.96e+04    
      77             107        1.8150e+04      3.81e+01       1.81e-01       2.30e+04    
      78             108        1.8093e+04      5.69e+01       3.19e-01       6.92e+04    
      79             109        1.8026e+04      6.69e+01       5.94e-01       1.23e+05    
      80             111        1.7965e+04      6.14e+01       1.60e-01       1.57e+05    
      81             112        1.7933e+04      3.17e+01       1.86e-01       7.19e+04    
      82             114        1.7906e+04      2.65e+01       4.38e-02       2.23e+04    
      83             115        1.7891e+04      1.55e+01       8.59e-02       2.23e+04    
      84             116        1.7860e+04      3.07e+01       1.67e-01       2.22e+04    
      85             117        1.7803e+04      5.77e+01       3.21e-01       4.92e+04    
      86             118        1.7709e+04      9.40e+01       5.37e-01       8.58e+04    
      87             120        1.7692e+04      1.61e+01       2.91e-01       2.47e+05    
      88             121        1.7622e+04      7.04e+01       9.45e-02       6.60e+04    
      89             122        1.7587e+04      3.46e+01       1.75e-01       2.56e+04    
      90             123        1.7532e+04      5.55e+01       2.90e-01       3.28e+04    
      91             125        1.7503e+04      2.94e+01       1.37e-01       4.42e+04    
      92             126        1.7447e+04      5.54e+01       3.09e-01       3.18e+04    
      93             128        1.7419e+04      2.77e+01       1.38e-01       6.34e+04    
      94             129        1.7369e+04      5.09e+01       3.20e-01       4.43e+04    
      95             131        1.7347e+04      2.20e+01       1.47e-01       1.19e+05    
      96             132        1.7317e+04      2.93e+01       1.77e-01       5.59e+04    
      97             134        1.7300e+04      1.74e+01       4.24e-02       2.07e+04    
      98             135        1.7285e+04      1.46e+01       8.48e-02       2.07e+04    
      99             136        1.7257e+04      2.84e+01       1.66e-01       2.06e+04    
      100            137        1.7205e+04      5.16e+01       3.10e-01       6.11e+04    
      101            138        1.7150e+04      5.52e+01       5.49e-01       1.25e+05    
      102            140        1.7100e+04      5.02e+01       1.54e-01       1.75e+05    
      103            141        1.7081e+04      1.85e+01       1.78e-01       9.46e+04    
      104            143        1.7041e+04      4.04e+01       4.50e-02       2.15e+04    
      105            144        1.7028e+04      1.34e+01       8.14e-02       3.55e+04    
      106            145        1.7000e+04      2.75e+01       1.60e-01       2.00e+04    
      107            146        1.6959e+04      4.12e+01       2.83e-01       1.07e+05    
      108            148        1.6935e+04      2.34e+01       7.66e-02       4.23e+04    
      109            149        1.6906e+04      2.91e+01       1.62e-01       1.98e+04    
      110            150        1.6852e+04      5.45e+01       3.41e-01       1.96e+04    
The maximum number of function evaluations is exceeded.
Function evaluations 150, initial cost 2.0228e+08, final cost 1.6852e+04, first-order optimality 1.96e+04.
round 1: clearance pairs 97, order pairs 0, residuals 59863
   Iteration     Total nfev        Cost      Cost reduction    Step norm     Optimality   
       0              1         1.6852e+04                                    1.96e+04    
       1              4         1.0435e+04      6.42e+03       1.18e+01       1.99e+05    
       2              7         9.4862e+03      9.49e+02       5.44e+00       6.72e+05    
       3              8         7.4625e+03      2.02e+03       5.03e+00       4.81e+04    
       4              9         6.2841e+03      1.18e+03       1.40e+01       1.85e+05    
       5             11         6.0910e+03      1.93e+02       6.72e+00       5.85e+05    
       6             12         5.4360e+03      6.55e+02       6.96e+00       8.26e+04    
       7             14         5.2468e+03      1.89e+02       3.56e+00       1.79e+05    
       8             15         5.1444e+03      1.02e+02       7.25e+00       1.33e+05    
       9             17         4.9679e+03      1.77e+02       1.43e+00       4.71e+04    
      10             18         4.8873e+03      8.06e+01       3.65e+00       2.53e+04    
      11             20         4.8663e+03      2.09e+01       1.28e+00       3.07e+04    
      12             21         4.8318e+03      3.45e+01       1.71e+00       8.20e+04    
      13             22         4.7798e+03      5.19e+01       3.48e+00       5.10e+04    
      14             24         4.7494e+03      3.04e+01       7.51e-01       2.94e+04    
      15             25         4.7182e+03      3.12e+01       1.79e+00       7.45e+03    
      16             26         4.6654e+03      5.28e+01       3.64e+00       1.38e+04    
      17             29         4.6595e+03      5.89e+00       2.46e-01       5.34e+03    
      18             30         4.6468e+03      1.28e+01       9.35e-01       5.51e+03    
      19             31         4.6225e+03      2.43e+01       1.85e+00       4.73e+03    
      20             32         4.5812e+03      4.12e+01       3.44e+00       1.96e+04    
      21             34         4.5731e+03      8.17e+00       8.98e-01       1.68e+04    
      22             35         4.5640e+03      9.05e+00       1.56e+00       1.02e+05    
      23             36         4.5330e+03      3.10e+01       1.79e+00       2.39e+04    
      24             38         4.5249e+03      8.10e+00       6.19e-01       3.33e+04    
      25             39         4.5147e+03      1.02e+01       8.78e-01       6.44e+03    
      26             40         4.4982e+03      1.65e+01       1.44e+00       7.19e+03    
      27             41         4.4826e+03      1.56e+01       2.23e+00       3.73e+04    
      28             43         4.4702e+03      1.24e+01       5.86e-01       6.55e+04    
      29             44         4.4562e+03      1.40e+01       8.79e-01       7.12e+03    
      30             45         4.4486e+03      7.54e+00       1.27e+00       6.68e+04    
      31             47         4.4394e+03      9.28e+00       3.50e-01       1.48e+04    
      32             48         4.4318e+03      7.53e+00       7.68e-01       9.61e+03    
      33             49         4.4206e+03      1.12e+01       1.27e+00       3.91e+04    
      34             51         4.4132e+03      7.41e+00       5.38e-01       2.18e+04    
      35             52         4.3986e+03      1.46e+01       1.41e+00       7.87e+03    
      36             54         4.3928e+03      5.88e+00       5.16e-01       2.61e+03    
      37             55         4.3883e+03      4.48e+00       1.45e+00       7.73e+04    
      38             57         4.3779e+03      1.04e+01       3.14e-01       1.86e+04    
      39             58         4.3712e+03      6.75e+00       7.32e-01       1.19e+04    
      40             59         4.3673e+03      3.84e+00       1.21e+00       7.09e+04    
      41             61         4.3581e+03      9.26e+00       3.08e-01       1.90e+04    
      42             62         4.3519e+03      6.18e+00       7.18e-01       1.08e+04    
      43             63         4.3505e+03      1.40e+00       1.14e+00       8.17e+04    
      44             64         4.3392e+03      1.12e+01       2.63e-01       2.59e+04    
      45             65         4.3328e+03      6.45e+00       7.65e-01       6.11e+03    
      46             66         4.3246e+03      8.15e+00       1.09e+00       3.90e+04    
      47             68         4.3200e+03      4.65e+00       3.01e-01       1.21e+04    
      48             69         4.3145e+03      5.49e+00       6.61e-01       7.53e+03    
      49             70         4.3122e+03      2.34e+00       1.07e+00       7.15e+04    
      50             71         4.3036e+03      8.53e+00       2.65e-01       2.65e+04    
      51             72         4.2971e+03      6.51e+00       7.61e-01       3.91e+03    
      52             73         4.2879e+03      9.27e+00       1.13e+00       2.16e+04    
      53             75         4.2834e+03      4.46e+00       3.67e-01       1.65e+04    
      54             76         4.2729e+03      1.05e+01       1.17e+00       1.45e+04    
      55             78         4.2693e+03      3.67e+00       3.31e-01       1.36e+04    
      56             79         4.2650e+03      4.26e+00       6.64e-01       2.84e+04    
      57             80         4.2619e+03      3.11e+00       6.41e-01       2.91e+04    
      58             81         4.2610e+03      9.42e-01       6.45e-01       6.88e+04    
      59             82         4.2543e+03      6.65e+00       1.03e-01       1.41e+04    
      60             83         4.2517e+03      2.63e+00       3.42e-01       7.88e+03    
      61             84         4.2468e+03      4.92e+00       6.09e-01       5.21e+03    
      62             85         4.2396e+03      7.16e+00       1.12e+00       1.51e+04    
      63             87         4.2367e+03      2.91e+00       2.22e-01       2.48e+04    
      64             88         4.2333e+03      3.36e+00       3.82e-01       3.26e+03    
      65             89         4.2284e+03      4.97e+00       7.42e-01       3.43e+03    
      66             90         4.2216e+03      6.79e+00       1.45e+00       1.69e+04    
      67             92         4.2187e+03      2.84e+00       2.14e-01       2.40e+04    
      68             93         4.2156e+03      3.15e+00       3.62e-01       2.62e+03    
      69             94         4.2112e+03      4.37e+00       6.96e-01       3.52e+03    
      70             95         4.2034e+03      7.82e+00       1.21e+00       1.04e+04    
      71             98         4.2016e+03      1.79e+00       8.47e-02       4.45e+03    
      72             99         4.1995e+03      2.12e+00       2.98e-01       9.70e+03    
      73             100        4.1956e+03      3.91e+00       5.09e-01       7.34e+03    
      74             102        4.1937e+03      1.84e+00       2.10e-01       1.47e+04    
      75             103        4.1914e+03      2.35e+00       3.13e-01       5.03e+03    
      76             104        4.1875e+03      3.88e+00       5.24e-01       1.27e+04    
      77             106        4.1855e+03      2.00e+00       1.96e-01       6.64e+03    
      78             107        4.1814e+03      4.11e+00       5.25e-01       5.85e+03    
      79             108        4.1798e+03      1.62e+00       8.78e-01       2.43e+04    
      80             109        4.1756e+03      4.16e+00       1.68e-01       4.35e+04    
      81             110        4.1710e+03      4.63e+00       3.38e-01       3.74e+03    
      82             111        4.1691e+03      1.84e+00       4.94e-01       3.14e+04    
      83             113        4.1666e+03      2.52e+00       1.21e-01       8.56e+03    
      84             114        4.1647e+03      1.95e+00       2.89e-01       5.09e+03    
      85             115        4.1619e+03      2.79e+00       4.93e-01       1.92e+04    
      86             116        4.1617e+03      1.81e-01       4.84e-01       3.32e+04    
      87             117        4.1575e+03      4.20e+00       8.90e-02       9.66e+03    
      88             118        4.1555e+03      1.94e+00       2.96e-01       9.88e+03    
      89             119        4.1531e+03      2.47e+00       4.78e-01       1.07e+04    
      90             121        4.1513e+03      1.75e+00       1.08e-01       7.69e+03    
      91             122        4.1497e+03      1.66e+00       2.94e-01       4.75e+03    
      92             123        4.1457e+03      3.92e+00       5.77e-01       3.16e+03    
      93             125        4.1445e+03      1.25e+00       1.88e-01       1.76e+04    
      94             126        4.1426e+03      1.84e+00       2.81e-01       8.97e+03    
      95             127        4.1410e+03      1.60e+00       2.69e-01       1.60e+04    
      96             128        4.1393e+03      1.75e+00       2.73e-01       9.12e+03    
      97             129        4.1380e+03      1.28e+00       2.67e-01       1.57e+04    
      98             130        4.1360e+03      2.03e+00       2.70e-01       9.20e+03    
      99             131        4.1358e+03      1.65e-01       4.70e-01       4.67e+04    
      100            132        4.1323e+03      3.50e+00       7.51e-02       1.44e+04    
      101            133        4.1308e+03      1.49e+00       2.73e-01       6.58e+03    
      102            134        4.1289e+03      1.92e+00       2.62e-01       1.24e+04    
      103            135        4.1277e+03      1.21e+00       4.45e-01       1.85e+04    
      104            137        4.1255e+03      2.20e+00       9.04e-02       9.33e+03    
      105            138        4.1237e+03      1.83e+00       2.75e-01       7.89e+03    
      106            139        4.1215e+03      2.20e+00       4.45e-01       6.47e+05    
      107            141        4.1199e+03      1.53e+00       9.19e-02       8.42e+03    
      108            142        4.1181e+03      1.84e+00       2.72e-01       5.70e+03    
      109            143        4.1153e+03      2.80e+00       4.86e-01       6.57e+03    
      110            145        4.1145e+03      8.29e-01       1.65e-01       2.64e+04    
      111            146        4.1124e+03      2.08e+00       2.51e-01       1.25e+04    
      112            147        4.1115e+03      9.16e-01       2.26e-01       2.85e+04    
      113            148        4.1101e+03      1.38e+00       2.27e-01       1.81e+04    
      114            149        4.1090e+03      1.06e+00       2.21e-01       3.11e+04    
      115            150        4.1077e+03      1.37e+00       2.19e-01       1.97e+04    
The maximum number of function evaluations is exceeded.
Function evaluations 150, initial cost 1.6852e+04, final cost 4.1077e+03, first-order optimality 1.97e+04.
round 2: clearance pairs 79, order pairs 0, residuals 59845
   Iteration     Total nfev        Cost      Cost reduction    Step norm     Optimality   
       0              1         4.1077e+03                                    1.97e+04    
       1              6         4.1023e+03      5.40e+00       5.24e-01       3.03e+04    
       2              9         4.0999e+03      2.40e+00       1.57e-01       7.78e+03    
       3             10         4.0958e+03      4.01e+00       7.41e-01       4.19e+03    
       4             11         4.0909e+03      4.98e+00       1.29e+00       2.11e+04    
       5             13         4.0896e+03      1.22e+00       3.60e-01       2.24e+04    
       6             14         4.0890e+03      6.67e-01       5.52e-01       5.31e+04    
       7             15         4.0852e+03      3.80e+00       7.69e-02       1.64e+04    
       8             16         4.0839e+03      1.27e+00       3.05e-01       8.91e+03    
       9             17         4.0820e+03      1.91e+00       3.49e-01       6.46e+03    
      10             18         4.0801e+03      1.90e+00       6.65e-01       4.51e+03    
      11             19         4.0794e+03      6.75e-01       5.43e-01       3.73e+04    
      12             20         4.0769e+03      2.55e+00       9.33e-02       1.21e+04    
      13             21         4.0759e+03      1.02e+00       3.22e-01       6.36e+03    
      14             22         4.0745e+03      1.35e+00       3.38e-01       6.53e+03    
      15             23         4.0725e+03      2.02e+00       6.12e-01       6.28e+03    
      16             25         4.0716e+03      8.62e-01       1.23e-01       4.06e+03    
      17             26         4.0703e+03      1.30e+00       3.47e-01       4.17e+03    
      18             27         4.0677e+03      2.61e+00       6.88e-01       4.18e+03    
      19             29         4.0671e+03      5.95e-01       2.03e-01       1.07e+04    
      20             30         4.0656e+03      1.52e+00       3.13e-01       5.07e+03    
      21             31         4.0641e+03      1.49e+00       5.67e-01       1.80e+04    
      22             33         4.0637e+03      3.78e-01       1.16e-01       6.19e+03    
      23             34         4.0625e+03      1.28e+00       1.71e-01       2.91e+03    
      24             35         4.0619e+03      5.80e-01       3.64e-01       2.75e+03    
      25             36         4.0604e+03      1.50e+00       3.64e-01       2.17e+03    
      26             37         4.0582e+03      2.21e+00       7.16e-01       6.37e+03    
      27             39         4.0569e+03      1.26e+00       2.11e-01       3.44e+03    
      28             40         4.0558e+03      1.11e+00       5.54e-01       1.70e+04    
      29             42         4.0549e+03      9.01e-01       1.12e-01       6.17e+03    
      30             43         4.0542e+03      7.09e-01       3.21e-01       3.42e+03    
      31             44         4.0526e+03      1.63e+00       3.23e-01       6.66e+03    
      32             45         4.0521e+03      4.80e-01       5.25e-01       9.35e+03    
      33             46         4.0507e+03      1.33e+00       1.01e-01       6.96e+03    
      34             47         4.0500e+03      7.49e-01       3.25e-01       4.71e+03    
      35             48         4.0484e+03      1.64e+00       3.31e-01       2.75e+03    
      36             49         4.0475e+03      8.82e-01       5.64e-01       1.87e+04    
      37             51         4.0465e+03      9.58e-01       1.06e-01       6.69e+03    
      38             52         4.0459e+03      6.30e-01       3.13e-01       3.73e+03    
      39             53         4.0447e+03      1.22e+00       3.09e-01       7.73e+03    
      40             54         4.0438e+03      8.30e-01       5.09e-01       1.10e+04    
      41             56         4.0427e+03      1.14e+00       9.61e-02       5.33e+03    
      42             57         4.0421e+03      5.89e-01       3.07e-01       7.70e+03    
      43             58         4.0409e+03      1.20e+00       3.02e-01       4.74e+03    
      44             59         4.0404e+03      5.00e-01       5.03e-01       2.67e+04    
      45             60         4.0390e+03      1.35e+00       8.16e-02       1.02e+04    
      46             61         4.0384e+03      6.27e-01       3.01e-01       4.58e+03    
      47             62         4.0370e+03      1.47e+00       2.82e-01       8.68e+03    
      48             64         4.0368e+03      1.95e-01       1.19e-01       3.50e+03    
      49             65         4.0363e+03      5.01e-01       1.71e-01       2.57e+03    
      50             66         4.0353e+03      9.76e-01       3.38e-01       2.30e+03    
      51             67         4.0337e+03      1.59e+00       6.64e-01       2.34e+03    
      52             68         4.0295e+03      4.24e+00       1.25e+00       2.09e+03    
      53             70         4.0288e+03      6.83e-01       3.01e-01       1.97e+04    
      54             72         4.0278e+03      9.38e-01       8.90e-02       6.78e+03    
      55             73         4.0273e+03      4.87e-01       2.68e-01       3.76e+03    
      56             74         4.0269e+03      4.11e-01       2.61e-01       8.70e+03    
      57             75         4.0259e+03      1.02e+00       2.45e-01       6.24e+03    
      58             77         4.0254e+03      5.23e-01       1.11e-01       4.04e+03    
      59             78         4.0245e+03      9.09e-01       2.94e-01       2.07e+03    
      60             79         4.0233e+03      1.16e+00       6.06e-01       3.45e+03    
      61             80         4.0217e+03      1.62e+00       5.42e-01       4.09e+03    
      62             82         4.0208e+03      9.34e-01       1.53e-01       1.30e+04    
      63             83         4.0204e+03      4.01e-01       2.46e-01       6.52e+03    
      64             84         4.0195e+03      8.63e-01       2.27e-01       1.46e+04    
      65             85         4.0189e+03      5.61e-01       2.18e-01       9.54e+03    
      66             86         4.0184e+03      5.08e-01       2.12e-01       1.79e+04    
      67             87         4.0182e+03      2.05e-01       2.01e-01       1.13e+04    
      68             88         4.0173e+03      8.91e-01       3.97e-02       4.44e+03    
      69             89         4.0172e+03      1.05e-01       1.30e-01       4.20e+03    
      70             90         4.0168e+03      4.31e-01       3.66e-02       2.92e+03    
      71             91         4.0166e+03      2.12e-01       7.44e-02       2.43e+03    
      72             92         4.0165e+03      9.87e-02       1.49e-01       2.32e+03    
      73             93         4.0161e+03      4.24e-01       3.78e-02       2.28e+03    
      74             96         4.0161e+03      1.30e-02       4.67e-03       2.28e+03    
      75             97         4.0160e+03      2.60e-02       9.33e-03       2.27e+03    
      76             100        4.0160e+03      3.25e-03       1.17e-03       2.27e+03    
      77             101        4.0160e+03      6.49e-03       2.33e-03       2.27e+03    
      78             104        4.0160e+03      8.12e-04       2.91e-04       2.27e+03    
      79             106        4.0160e+03      4.06e-04       1.46e-04       2.27e+03    
      80             108        4.0160e+03      2.03e-04       7.28e-05       2.27e+03    
      81             111        4.0160e+03      2.54e-05       9.10e-06       2.27e+03    
Both `ftol` and `xtol` termination conditions are satisfied.
Function evaluations 111, initial cost 4.1077e+03, final cost 4.0160e+03, first-order optimality 2.27e+03.
round 3: clearance pairs 143, order pairs 0, residuals 59909
   Iteration     Total nfev        Cost      Cost reduction    Step norm     Optimality   
       0              1         4.0160e+03                                    2.27e+03    
       1              4         4.0045e+03      1.15e+01       7.53e+00       2.19e+05    
       2              6         3.9589e+03      4.56e+01       4.08e+00       1.08e+05    
       3              9         3.9348e+03      2.41e+01       3.42e-02       5.71e+04    
       4             10         3.9317e+03      3.17e+00       1.65e-01       7.35e+04    
       5             11         3.9243e+03      7.37e+00       2.72e-02       2.51e+04    
       6             12         3.9226e+03      1.72e+00       2.82e-01       7.90e+03    
       7             13         3.9209e+03      1.63e+00       5.45e-01       2.28e+03    
       8             14         3.9209e+03      7.51e-02       1.18e+00       4.03e+04    
       9             15         3.9177e+03      3.15e+00       1.43e-01       1.53e+04    
      10             16         3.9165e+03      1.18e+00       5.96e-01       7.30e+03    
      11             18         3.9158e+03      6.90e-01       9.48e-02       4.39e+03    
      12             19         3.9151e+03      6.96e-01       2.84e-01       6.60e+03    
      13             20         3.9141e+03      1.07e+00       4.60e-01       4.99e+03    
      14             22         3.9136e+03      5.15e-01       9.76e-02       4.15e+03    
      15             23         3.9125e+03      1.05e+00       2.94e-01       4.58e+03    
      16             24         3.9115e+03      9.65e-01       5.21e-01       3.03e+03    
      17             26         3.9111e+03      4.26e-01       1.04e-01       3.42e+03    
      18             27         3.9101e+03      1.07e+00       3.12e-01       3.13e+03    
      19             28         3.9090e+03      1.04e+00       6.79e-01       2.87e+03    
      20             30         3.9086e+03      3.98e-01       9.99e-02       3.40e+03    
      21             31         3.9082e+03      3.97e-01       2.93e-01       2.99e+03    
      22             32         3.9069e+03      1.35e+00       3.40e-01       2.22e+03    
      23             33         3.9060e+03      8.32e-01       5.83e-01       8.97e+03    
      24             34         3.9060e+03      4.45e-02       3.68e-01       1.51e+04    
      25             35         3.9045e+03      1.50e+00       6.99e-02       5.17e+03    
      26             36         3.9042e+03      2.64e-01       2.28e-01       8.36e+03    
      27             37         3.9033e+03      9.52e-01       2.44e-01       4.09e+03    
      28             38         3.9031e+03      2.28e-01       3.77e-01       1.76e+04    
      29             39         3.9019e+03      1.11e+00       7.91e-02       6.47e+03    
      30             41         3.9017e+03      1.99e-01       6.04e-02       3.14e+03    
      31             43         3.9017e+03      8.94e-02       3.77e-02       2.76e+03    
      32             45         3.9016e+03      4.41e-02       1.92e-02       2.77e+03    
      33             48         3.9016e+03      5.49e-03       2.42e-03       2.77e+03    
      34             51         3.9016e+03      6.85e-04       3.03e-04       2.77e+03    
      35             53         3.9016e+03      3.43e-04       1.51e-04       2.77e+03    
      36             54         3.9016e+03      6.85e-04       3.03e-04       2.76e+03    
      37             57         3.9016e+03      8.57e-05       3.78e-05       2.76e+03    
      38             59         3.9016e+03      4.28e-05       1.89e-05       2.76e+03    
`xtol` termination condition is satisfied.
Function evaluations 59, initial cost 4.0160e+03, final cost 3.9016e+03, first-order optimality 2.76e+03.
a  K=160  init=perp  [round 0 nfev=150 status=0 (The) cost 16851.896]  [round 1 nfev=150 status=0 (The) cost 4107.655]  [round 2 nfev=111 status=4 (Both) cost 4016.023]  [round 3 nfev=59 status=3 (xtol`) cost 3901.601]
args: {"K": 160, "bend": 30.0, "box_pose": "", "box_rings": "", "box_trace": 0.15, "clear": 5.0, "clear_range": "860:1066-388:483", "curl": "340:405:35:60,488:552:50:60,700:790:55:60,925:1025:35:60,1160:1230:55:60", "dbend": 500.0, "delta": 60.0, "dtwist": 500.0, "edge_fair": 0.0, "edge_w": "", "end_pin": 50.0, "energy_ranges": "", "eps": 0.3, "face_margin": 0.3, "faceon": "925:1025:20", "faces": "docs/ribbon/turns/real/faces.json", "flat": 0.0, "flat_ranges": "", "flip_guard": 20.0, "fold": "", "fold2": "", "fold_axis": "", "fold_convex": "", "fold_eq": false, "fold_legs": 5.0, "fold_legs_len": "20", "gap": 14.0, "hide": "", "hide_auto": "", "hmax": 25.5, "hmin": 25.5, "init": "perp", "inside": 0.0, "kappa": 2.0, "lam": 15.0, "lam_h": 50.0, "mask": "", "max_nfev": 150, "mu": 300.0, "no_opt": false, "nu_fold": 0.4, "omega": 0.01, "order": 0.0, "out": "docs/ribbon/turns/real/H3/a", "outer": 4, "outline": 0.0, "outline_assign": "nearest", "outline_boxes": "", "outline_drop_near": "", "outline_excl": "", "outline_fixed": false, "outline_incl": "", "outline_loss": "linear", "outline_pose": "", "pin_range": "", "pose": "docs/ribbon/turns/fit/kk4/pose.json", "redge": 24.0, "rim_pose": "", "rim_side_mode": "centre", "rimlines": "", "rmin": 45.0, "roto": "/Users/ashmitkhurana/Development/Personal/portfolio/docs/ribbon/turns/curve/best/roto.npz", "screenw": "", "sigma": 2.0, "trace_w": 0.15, "twist": 30.0, "w_box": 2.0, "w_face": 15.0, "w_hmin": 50.0, "w_redge": 5.0, "w_rim": 0.0, "w_rmin": 5.0, "w_wfloor": 0.0, "wfloor": 0.0, "wfloor_except": "", "wfloor_mode": "perp", "wfloor_ranges": "", "zprior": "docs/ribbon/turns/fit/kk4/pose.json"}

edge residual css px, point-to-polyline (L and R pooled): mean 9.184  p95 34.371  max 51.148

window       edge resid (L,R pooled)                      h min/med/max          median |b.T|  #|c'|<0.6 s0
[   0, 131]  mean  14.93  p95  32.34  max  43.54           25.5/ 25.5/ 25.5      0.147         2
[ 132, 288]  mean   1.68  p95   4.18  max   9.77           25.5/ 25.5/ 25.5      0.393         0
[ 289, 483]  mean  14.83  p95  42.19  max  51.15           25.5/ 25.5/ 25.5      0.121         11
[ 484, 554]  mean   1.93  p95   5.09  max   5.24           25.5/ 25.5/ 25.5      0.001         7
[ 555, 658]  mean   1.58  p95   3.41  max   7.18           25.5/ 25.5/ 25.5      0.222         4
[ 659, 764]  mean  15.05  p95  43.45  max  48.06           25.5/ 25.5/ 25.5      0.002         0
[ 765, 940]  mean   5.68  p95  20.79  max  30.05           25.5/ 25.5/ 25.5      0.070         0
[ 941,1066]  mean  16.88  p95  42.60  max  45.01           25.5/ 25.5/ 25.5      0.003         15
[1067,1298]  mean   7.68  p95  23.27  max  29.51           25.5/ 25.5/ 25.5      0.080         27
worst window by mean: [941,1066] 16.88 px

dense (4N=5196 samples) surface normal N=TxB: angle change per sample  max 13.923 deg  p99 1.363 deg
   angle per world px of centreline arclength: max 41.1917 deg/px  (p99 2.5031)
   worst dense samples (t, deg, |b.T|): 174.40, 13.9, 1.000; 174.65, 13.3, 1.000; 174.15, 13.2, 0.999; 174.90, 11.7, 0.999; 173.90, 11.5, 0.999
   dense steps > 3 deg: 18, > 6 deg: 11
ripple (|second difference of unit N| per world px^2, dense): max 5.047e-01  p99 7.714e-03  median 4.249e-04
max |b.T| outside fold windows: 0.488   (inside: 0.999)
GATE: min 3D distance between non-adjacent rings (|i-j|>60, surface samples): 13.98 px; pairs < gap 14.0: 2
GATE: screen-overlap pairs (3 px) 1585, order violations (z_front - z_back < 0): 0, (< gap): 0; unique ring pairs violating: 0
end centreline offset from init: ring0 0.0 px, ring N-1 0.0 px
outside-mockup distance (5 pts across band, css px): mean 1.804  max 39.41  frac>0.5px 0.166
outline residual (css px, matched <=25 px: 1606 of 1634 pts): mean 7.060  p95 20.229  max 24.93
run time: 313.6 s
residual block norms (sum of squares): edge 2001.89, smooth 1481.93, jerk 132.68, perp 382.54, dev 735.49, depth 792.52, hsm 0.00, wpr 0.00, speed 59.09, hmin 0.09, hmax 0.74, face 5.99, rmin 66.25, scrw 0.00, wf 0.00, ins 0.00, fcr 19.31, bnd 628.10, twi 72.35, dbn 115.17, dtw 131.41, rmf 0.00, crl 205.29, lgb 0.00, cvx 0.00
