curl rings 340..405 R 35 w 60.0
curl rings 488..552 R 50 w 60.0
curl rings 700..790 R 55 w 60.0
curl rings 925..1025 R 35 w 60.0
curl rings 1160..1230 R 55 w 60.0
face rule: sign_A -1 (tail median N.v -0.995)
init cost 20759412.141, residuals 59766, params 1120
round 0: clearance pairs 274, order pairs 0, residuals 60040
   Iteration     Total nfev        Cost      Cost reduction    Step norm     Optimality   
       0              1         2.0759e+07                                    4.63e+05    
       1              2         4.3384e+05      2.03e+07       1.07e+02       1.17e+05    
       2              5         2.3651e+05      1.97e+05       6.14e+00       3.30e+04    
       3              6         1.2689e+05      1.10e+05       2.26e+01       1.78e+04    
       4              7         3.2826e+04      9.41e+04       2.99e+01       6.97e+03    
       5              8         1.8282e+04      1.45e+04       4.71e+01       1.34e+04    
       6              9         5.7240e+03      1.26e+04       3.97e+01       1.33e+03    
       7             10         5.6065e+03      1.17e+02       6.20e+01       9.87e+03    
       8             11         2.9093e+03      2.70e+03       1.92e+01       8.56e+02    
       9             12         2.6729e+03      2.36e+02       2.34e+01       4.20e+02    
      10             13         2.5698e+03      1.03e+02       2.67e+01       1.98e+03    
      11             14         2.2906e+03      2.79e+02       9.99e+00       2.50e+02    
      12             15         2.2325e+03      5.81e+01       9.33e+00       1.47e+02    
      13             16         2.1898e+03      4.27e+01       6.14e+00       4.23e+01    
      14             17         2.1336e+03      5.62e+01       1.03e+01       2.88e+01    
      15             18         2.0540e+03      7.96e+01       2.36e+01       6.12e+01    
      16             21         2.0513e+03      2.71e+00       2.29e+00       2.17e+02    
      17             22         2.0347e+03      1.65e+01       8.17e+00       5.85e+01    
      18             23         2.0075e+03      2.72e+01       7.16e+00       2.76e+01    
      19             24         1.9732e+03      3.44e+01       1.12e+01       1.61e+01    
      20             25         1.9346e+03      3.86e+01       2.00e+01       6.41e+01    
      21             28         1.9344e+03      2.03e-01       2.25e+00       2.09e+02    
      22             29         1.9216e+03      1.27e+01       2.93e+00       5.77e+01    
      23             30         1.9164e+03      5.20e+00       3.17e+00       1.74e+01    
      24             31         1.9091e+03      7.39e+00       3.59e+00       3.02e+01    
      25             32         1.8964e+03      1.27e+01       6.08e+00       2.09e+01    
      26             35         1.8953e+03      1.03e+00       8.34e-01       4.12e+01    
      27             36         1.8916e+03      3.73e+00       2.18e+00       2.06e+01    
      28             37         1.8877e+03      3.93e+00       2.31e+00       1.10e+01    
      29             38         1.8806e+03      7.06e+00       3.55e+00       1.01e+01    
      30             39         1.8672e+03      1.34e+01       6.73e+00       1.28e+01    
      31             41         1.8672e+03      3.51e-02       3.33e+00       1.52e+02    
      32             42         1.8544e+03      1.28e+01       4.44e+00       2.27e+01    
      33             49         1.8544e+03      8.40e-03       5.38e-03       2.24e+01    
      34             51         1.8543e+03      4.15e-03       2.68e-03       2.22e+01    
      35             53         1.8543e+03      2.07e-03       1.34e-03       2.21e+01    
      36             55         1.8543e+03      1.03e-03       6.70e-04       2.21e+01    
      37             56         1.8543e+03      2.05e-03       1.34e-03       2.20e+01    
      38             59         1.8543e+03      2.56e-04       1.67e-04       2.20e+01    
      39             61         1.8543e+03      1.28e-04       8.36e-05       2.20e+01    
      40             64         1.8543e+03      0.00e+00       0.00e+00       2.20e+01    
`xtol` termination condition is satisfied.
Function evaluations 64, initial cost 2.0759e+07, final cost 1.8543e+03, first-order optimality 2.20e+01.
round 1: clearance pairs 247, order pairs 0, residuals 60013
   Iteration     Total nfev        Cost      Cost reduction    Step norm     Optimality   
       0              1         3.4923e+03                                    9.95e+03    
       1              3         1.9804e+03      1.51e+03       9.91e+00       2.10e+03    
       2              4         1.7821e+03      1.98e+02       3.13e+01       3.37e+02    
       3              6         1.6895e+03      9.26e+01       9.56e+00       1.44e+02    
       4              7         1.5779e+03      1.12e+02       2.37e+01       5.84e+01    
       5              9         1.5574e+03      2.05e+01       6.88e+00       2.43e+01    
       6             10         1.5342e+03      2.32e+01       1.25e+01       2.04e+02    
       7             11         1.5117e+03      2.26e+01       1.33e+01       1.37e+02    
       8             12         1.4979e+03      1.38e+01       8.25e+00       5.95e+01    
       9             14         1.4930e+03      4.90e+00       2.32e+00       7.21e+00    
      10             15         1.4856e+03      7.46e+00       7.76e+00       7.14e+01    
      11             16         1.4806e+03      5.00e+00       5.60e+00       3.24e+00    
      12             17         1.4784e+03      2.18e+00       3.75e+00       3.58e+01    
      13             18         1.4757e+03      2.66e+00       4.66e+00       1.03e+01    
      14             19         1.4743e+03      1.40e+00       3.13e+00       6.71e+00    
      15             20         1.4729e+03      1.45e+00       1.61e+00       5.73e+00    
      16             21         1.4716e+03      1.23e+00       2.39e+00       1.04e+01    
      17             22         1.4712e+03      4.59e-01       1.98e+00       3.07e+00    
      18             23         1.4708e+03      3.51e-01       1.86e+00       5.87e+00    
      19             24         1.4704e+03      4.36e-01       1.63e+00       4.59e+00    
      20             25         1.4698e+03      5.69e-01       1.87e+00       4.18e+00    
      21             26         1.4698e+03      6.82e-02       1.59e+00       7.27e+00    
      22             27         1.4694e+03      3.49e-01       6.33e-01       3.40e+00    
      23             28         1.4687e+03      6.82e-01       1.09e+00       2.95e+00    
      24             33         1.4687e+03      1.15e-02       2.28e-02       2.19e+00    
      25             35         1.4687e+03      6.56e-03       1.20e-02       1.70e+00    
      26             38         1.4687e+03      7.82e-04       1.51e-03       1.70e+00    
      27             40         1.4687e+03      3.89e-04       7.55e-04       1.69e+00    
      28             41         1.4687e+03      7.72e-04       1.51e-03       1.69e+00    
      29             44         1.4687e+03      9.62e-05       1.88e-04       1.69e+00    
      30             45         1.4687e+03      1.92e-04       3.77e-04       1.69e+00    
      31             48         1.4687e+03      2.40e-05       4.71e-05       1.69e+00    
      32             49         1.4687e+03      4.80e-05       9.42e-05       1.69e+00    
      33             52         1.4687e+03      5.99e-06       1.18e-05       1.69e+00    
Both `ftol` and `xtol` termination conditions are satisfied.
Function evaluations 52, initial cost 3.4923e+03, final cost 1.4687e+03, first-order optimality 1.69e+00.
round 2: clearance pairs 173, order pairs 0, residuals 59939
   Iteration     Total nfev        Cost      Cost reduction    Step norm     Optimality   
       0              1         1.4687e+03                                    1.69e+00    
       1             13         1.4687e+03      1.82e-05       4.19e-05       1.69e+00    
       2             15         1.4687e+03      0.00e+00       0.00e+00       1.69e+00    
`xtol` termination condition is satisfied.
Function evaluations 15, initial cost 1.4687e+03, final cost 1.4687e+03, first-order optimality 1.69e+00.
round 3: clearance pairs 173, order pairs 0, residuals 59939
   Iteration     Total nfev        Cost      Cost reduction    Step norm     Optimality   
       0              1         1.4687e+03                                    1.69e+00    
       1             14         1.4687e+03      4.46e-06       1.03e-05       1.69e+00    
Both `ftol` and `xtol` termination conditions are satisfied.
Function evaluations 14, initial cost 1.4687e+03, final cost 1.4687e+03, first-order optimality 1.69e+00.
c  K=160  init=perp  [round 0 nfev=64 status=3 (xtol`) cost 1854.344]  [round 1 nfev=52 status=4 (Both) cost 1468.705]  [round 2 nfev=15 status=3 (xtol`) cost 1468.705]  [round 3 nfev=14 status=4 (Both) cost 1468.705]
args: {"K": 160, "bend": 30.0, "box_pose": "", "box_rings": "", "box_trace": 0.15, "clear": 5.0, "clear_range": "860:1066-388:483", "curl": "340:405:35:60,488:552:50:60,700:790:55:60,925:1025:35:60,1160:1230:55:60", "dbend": 500.0, "delta": 60.0, "dtwist": 500.0, "edge_fair": 0.0, "edge_w": "", "end_pin": 50.0, "energy_ranges": "", "eps": 1.0, "face_margin": 0.3, "faceon": "925:1025:20", "faces": "docs/ribbon/turns/real/faces.json", "flat": 0.0, "flat_ranges": "", "flip_guard": 20.0, "fold": "", "fold2": "", "fold_axis": "", "fold_convex": "", "fold_eq": false, "fold_legs": 5.0, "fold_legs_len": "20", "gap": 14.0, "hide": "", "hide_auto": "", "hmax": 25.5, "hmin": 25.5, "init": "perp", "inside": 0.0, "kappa": 2.0, "lam": 15.0, "lam_h": 50.0, "mask": "", "max_nfev": 150, "mu": 300.0, "no_opt": false, "nu_fold": 0.4, "omega": 0.01, "order": 0.0, "out": "docs/ribbon/turns/real/H3/c", "outer": 4, "outline": 0.0, "outline_assign": "nearest", "outline_boxes": "", "outline_drop_near": "", "outline_excl": "", "outline_fixed": false, "outline_incl": "", "outline_loss": "linear", "outline_pose": "", "pin_range": "", "pose": "docs/ribbon/turns/real/H3/b_pose.json", "redge": 24.0, "rim_pose": "", "rim_side_mode": "centre", "rimlines": "", "rmin": 45.0, "roto": "/Users/ashmitkhurana/Development/Personal/portfolio/docs/ribbon/turns/curve/best/roto.npz", "screenw": "", "sigma": 2.0, "trace_w": 0.15, "twist": 30.0, "w_box": 2.0, "w_face": 15.0, "w_hmin": 50.0, "w_redge": 5.0, "w_rim": 0.0, "w_rmin": 5.0, "w_wfloor": 0.0, "wfloor": 0.0, "wfloor_except": "", "wfloor_mode": "perp", "wfloor_ranges": "", "zprior": "docs/ribbon/turns/real/H3/b_pose.json"}

edge residual css px, point-to-polyline (L and R pooled): mean 8.343  p95 33.996  max 49.881

window       edge resid (L,R pooled)                      h min/med/max          median |b.T|  #|c'|<0.6 s0
[   0, 131]  mean  14.90  p95  32.29  max  43.37           25.5/ 25.5/ 25.5      0.129         0
[ 132, 288]  mean   2.05  p95   5.38  max  12.20           25.5/ 25.5/ 25.5      0.288         0
[ 289, 483]  mean   9.52  p95  31.30  max  36.07           25.5/ 25.5/ 25.5      0.092         0
[ 484, 554]  mean   1.32  p95   3.18  max   3.40           25.5/ 25.5/ 25.5      0.001         0
[ 555, 658]  mean   1.51  p95   3.50  max   5.31           25.5/ 25.5/ 25.5      0.248         0
[ 659, 764]  mean  14.00  p95  40.27  max  44.91           25.5/ 25.5/ 25.5      0.002         0
[ 765, 940]  mean   5.38  p95  20.58  max  29.76           25.5/ 25.5/ 25.5      0.069         0
[ 941,1066]  mean  21.64  p95  45.93  max  49.88           25.5/ 25.5/ 25.5      0.002         2
[1067,1298]  mean   5.53  p95  18.35  max  24.17           25.5/ 25.5/ 25.5      0.024         0
worst window by mean: [941,1066] 21.64 px

dense (4N=5196 samples) surface normal N=TxB: angle change per sample  max 2.566 deg  p99 1.244 deg
   angle per world px of centreline arclength: max 5.0109 deg/px  (p99 1.8100)
   worst dense samples (t, deg, |b.T|): 208.88, 2.6, 0.975; 209.13, 2.6, 0.975; 208.63, 2.6, 0.975; 209.38, 2.5, 0.975; 208.38, 2.5, 0.975
   dense steps > 3 deg: 0, > 6 deg: 0
ripple (|second difference of unit N| per world px^2, dense): max 8.391e-03  p99 5.337e-03  median 3.990e-04
max |b.T| outside fold windows: 0.451   (inside: 0.975)
GATE: min 3D distance between non-adjacent rings (|i-j|>60, surface samples): 13.97 px; pairs < gap 14.0: 4
GATE: screen-overlap pairs (3 px) 1575, order violations (z_front - z_back < 0): 0, (< gap): 3; unique ring pairs violating: 0
end centreline offset from init: ring0 0.0 px, ring N-1 0.0 px
outside-mockup distance (5 pts across band, css px): mean 1.395  max 38.21  frac>0.5px 0.142
outline residual (css px, matched <=25 px: 1614 of 1634 pts): mean 6.857  p95 18.936  max 25.00
run time: 104.5 s
residual block norms (sum of squares): edge 1370.33, smooth 143.67, jerk 119.11, perp 43.68, dev 343.23, depth 40.46, hsm 0.00, wpr 0.00, speed 1.35, hmin 0.00, hmax 0.00, face 5.90, rmin 22.43, scrw 0.00, wf 0.00, ins 0.00, fcr 4.13, bnd 609.68, twi 32.96, dbn 104.63, dtw 3.53, rmf 0.00, crl 90.93, lgb 0.00, cvx 0.00
