DPR2 canvases 780x1688 780x1688
DPR3 canvases 1170x2532 1170x2532
crop_apex.png  101904 B
crop_bottomk.png  254789 B
crop_endstrand.png  167875 B
crop_farleft.png  185412 B
crop_junction.png  105919 B
crop_scurve.png  225051 B
crop_topk.png  166819 B
crop_wrap.png  277141 B
hero.png  1303047 B
ribbon.png  1333507 B
ribbon_crop_apex.png  107466 B
ribbon_crop_bottomk.png  254789 B
ribbon_crop_endstrand.png  167875 B
ribbon_crop_farleft.png  185412 B
ribbon_crop_junction.png  105919 B
ribbon_crop_scurve.png  225051 B
ribbon_crop_topk.png  166819 B
ribbon_crop_wrap.png  277141 B
