DPR2 canvases 780x1688 780x1688
DPR3 canvases 1170x2532 1170x2532
crop_apex.png  95783 B
crop_bottomk.png  236923 B
crop_endstrand.png  144625 B
crop_farleft.png  174387 B
crop_junction.png  87194 B
crop_scurve.png  209908 B
crop_topk.png  148079 B
crop_wrap.png  255099 B
hero.png  1237916 B
ribbon.png  1282085 B
ribbon_crop_apex.png  112942 B
ribbon_crop_bottomk.png  236923 B
ribbon_crop_endstrand.png  144625 B
ribbon_crop_farleft.png  174387 B
ribbon_crop_junction.png  87194 B
ribbon_crop_scurve.png  209908 B
ribbon_crop_topk.png  148079 B
ribbon_crop_wrap.png  255099 B
