fold2 crease 376 R 30: ds 1.72 n 27 (eq 349..403, ruling 343..409, legs to +-47)
fold2 crease 516 R 40: ds 2.75 n 23 (eq 493..539, ruling 487..545, legs to +-43)
fold2 crease 1188 R 40: ds 2.92 n 22 (eq 1166..1210, ruling 1160..1216, legs to +-42)
face rule: sign_A -1 (tail median N.v -0.995)
init cost 57269425.784, residuals 61065, params 1120
round 0: clearance pairs 625, order pairs 0, residuals 61690
   Iteration     Total nfev        Cost      Cost reduction    Step norm     Optimality   
       0              1         5.7269e+07                                    4.52e+05    
       1              2         1.1894e+05      5.72e+07       9.82e+01       1.66e+05    
       2              4         1.0634e+05      1.26e+04       2.78e+01       1.58e+06    
       3              5         5.2693e+04      5.36e+04       1.01e+01       3.07e+05    
       4              6         2.2822e+04      2.99e+04       1.47e+01       8.95e+04    
       5              7         8.1769e+03      1.46e+04       2.97e+01       2.58e+04    
       6              8         7.7592e+03      4.18e+02       4.55e+01       1.54e+04    
       7              9         3.9128e+03      3.85e+03       2.34e+01       2.41e+03    
       8             10         3.2080e+03      7.05e+02       2.11e+01       3.33e+03    
       9             11         2.8231e+03      3.85e+02       1.72e+01       3.08e+03    
      10             13         2.6274e+03      1.96e+02       7.88e+00       1.11e+03    
      11             14         2.4414e+03      1.86e+02       1.45e+01       9.92e+02    
      12             16         2.3940e+03      4.74e+01       5.17e+00       8.17e+03    
      13             17         2.3169e+03      7.71e+01       1.14e+01       1.41e+03    
      14             19         2.2854e+03      3.15e+01       3.81e+00       8.65e+03    
      15             20         2.2530e+03      3.23e+01       6.12e+00       1.78e+03    
      16             21         2.2490e+03      4.03e+00       5.66e+00       4.00e+03    
      17             22         2.2353e+03      1.37e+01       2.96e+00       2.21e+02    
      18             24         2.2264e+03      8.90e+00       1.27e+00       9.16e+02    
      19             26         2.2225e+03      3.90e+00       3.01e-01       1.94e+03    
      20             27         2.2212e+03      1.30e+00       2.21e-01       2.13e+02    
      21             28         2.2200e+03      1.12e+00       4.09e-01       9.16e+02    
      22             29         2.2191e+03      9.55e-01       3.11e-01       4.12e+02    
      23             30         2.2174e+03      1.68e+00       4.25e-01       5.51e+02    
      24             31         2.2154e+03      2.04e+00       6.95e-01       4.16e+02    
      25             32         2.2126e+03      2.80e+00       1.32e+00       6.01e+02    
      26             33         2.2091e+03      3.47e+00       1.97e+00       2.68e+02    
      27             34         2.2041e+03      5.04e+00       3.54e+00       1.43e+03    
      28             35         2.1952e+03      8.91e+00       6.97e+00       3.52e+03    
      29             36         2.1872e+03      7.93e+00       1.47e+01       1.99e+04    
      30             37         2.1736e+03      1.37e+01       2.65e+01       1.26e+04    
      31             39         2.1725e+03      1.02e+00       2.19e+00       3.13e+04    
      32             40         2.1614e+03      1.12e+01       1.79e+00       2.63e+03    
      33             44         2.1612e+03      1.74e-01       6.31e-02       2.40e+03    
      34             45         2.1607e+03      4.89e-01       1.41e-01       3.43e+01    
      35             48         2.1607e+03      1.16e-02       1.25e-02       9.94e+01    
      36             50         2.1607e+03      5.19e-03       7.37e-03       4.80e+01    
      37             51         2.1607e+03      9.93e-03       1.46e-02       3.01e+01    
      38             54         2.1607e+03      1.21e-03       1.77e-03       2.82e+01    
      39             56         2.1607e+03      6.01e-04       8.83e-04       2.74e+01    
      40             57         2.1607e+03      1.20e-03       1.76e-03       2.60e+01    
      41             60         2.1607e+03      1.49e-04       2.20e-04       2.58e+01    
      42             62         2.1607e+03      7.45e-05       1.10e-04       2.57e+01    
      43             64         2.1607e+03      3.73e-05       5.49e-05       2.57e+01    
      44             66         2.1607e+03      1.86e-05       2.74e-05       2.56e+01    
`ftol` termination condition is satisfied.
Function evaluations 66, initial cost 5.7269e+07, final cost 2.1607e+03, first-order optimality 2.56e+01.
round 1: clearance pairs 529, order pairs 0, residuals 61594
   Iteration     Total nfev        Cost      Cost reduction    Step norm     Optimality   
       0              1         1.2228e+04                                    1.44e+04    
       1              4         6.4788e+03      5.75e+03       7.53e+00       2.41e+04    
       2              5         2.5136e+03      3.97e+03       6.21e+00       4.13e+03    
       3              6         2.1858e+03      3.28e+02       5.85e+00       5.92e+02    
       4              7         2.1752e+03      1.07e+01       1.51e+01       1.06e+02    
       5              9         2.1612e+03      1.40e+01       2.66e+00       4.40e+03    
       6             11         2.1578e+03      3.38e+00       2.01e+00       2.73e+03    
       7             14         2.1573e+03      5.52e-01       2.62e-01       2.32e+03    
       8             15         2.1570e+03      2.79e-01       2.46e-01       1.06e+02    
       9             16         2.1570e+03      3.46e-03       1.87e-01       6.19e+01    
      10             17         2.1567e+03      3.09e-01       4.16e-02       1.39e+01    
      11             18         2.1566e+03      1.33e-01       9.68e-02       3.68e+01    
      12             19         2.1565e+03      6.71e-02       1.05e-01       1.34e+01    
      13             20         2.1564e+03      6.88e-02       9.71e-02       3.30e+01    
      14             21         2.1564e+03      6.79e-02       2.21e-02       1.76e+01    
      15             22         2.1563e+03      5.31e-02       5.70e-02       1.32e+01    
      16             23         2.1563e+03      5.14e-02       6.14e-02       1.57e+01    
      17             24         2.1562e+03      4.86e-02       6.06e-02       1.29e+01    
      18             25         2.1562e+03      4.64e-02       6.01e-02       1.56e+01    
      19             26         2.1561e+03      4.33e-02       5.79e-02       1.27e+01    
      20             27         2.1561e+03      4.11e-02       5.70e-02       1.61e+01    
      21             28         2.1560e+03      3.80e-02       5.45e-02       1.24e+01    
      22             29         2.1560e+03      3.64e-02       5.36e-02       1.68e+01    
      23             30         2.1560e+03      3.38e-02       5.13e-02       1.22e+01    
      24             31         2.1559e+03      3.29e-02       5.10e-02       1.73e+01    
      25             32         2.1559e+03      3.07e-02       4.90e-02       1.19e+01    
      26             33         2.1559e+03      3.03e-02       4.91e-02       1.75e+01    
      27             34         2.1558e+03      2.84e-02       4.74e-02       1.17e+01    
      28             35         2.1558e+03      2.82e-02       4.76e-02       1.77e+01    
      29             36         2.1558e+03      2.64e-02       4.61e-02       1.15e+01    
      30             37         2.1558e+03      2.64e-02       4.64e-02       1.78e+01    
      31             38         2.1557e+03      2.47e-02       4.50e-02       1.12e+01    
      32             39         2.1557e+03      2.49e-02       4.55e-02       1.80e+01    
      33             40         2.1557e+03      2.33e-02       4.42e-02       1.10e+01    
      34             41         2.1557e+03      2.36e-02       4.46e-02       1.80e+01    
      35             42         2.1556e+03      2.20e-02       4.34e-02       1.08e+01    
      36             43         2.1556e+03      2.25e-02       4.39e-02       1.81e+01    
      37             44         2.1556e+03      2.09e-02       4.28e-02       1.06e+01    
      38             45         2.1556e+03      2.15e-02       4.33e-02       1.82e+01    
      39             46         2.1556e+03      1.99e-02       4.23e-02       1.04e+01    
      40             47         2.1555e+03      2.06e-02       4.33e-02       1.82e+01    
      41             48         2.1555e+03      1.91e-02       4.23e-02       1.02e+01    
      42             49         2.1555e+03      1.98e-02       4.27e-02       1.83e+01    
      43             50         2.1555e+03      1.83e-02       4.18e-02       1.00e+01    
      44             51         2.1555e+03      1.74e-02       1.04e-02       1.07e+01    
      45             52         2.1555e+03      1.60e-02       2.37e-02       1.40e+01    
      46             53         2.1554e+03      1.61e-02       2.48e-02       9.87e+00    
      47             54         2.1554e+03      3.07e-02       5.10e-02       1.18e+01    
      48             55         2.1554e+03      4.06e-02       9.90e-02       9.45e+00    
      49             57         2.1553e+03      3.04e-02       2.01e-02       2.39e+01    
      50             58         2.1553e+03      1.62e-02       2.54e-02       1.28e+01    
      51             59         2.1553e+03      3.18e-02       5.05e-02       9.22e+00    
      52             60         2.1552e+03      5.90e-02       1.01e-01       1.22e+01    
      53             61         2.1552e+03      6.15e-02       1.99e-01       1.88e+01    
      54             63         2.1551e+03      6.26e-02       3.90e-02       4.84e+01    
      55             64         2.1551e+03      1.56e-02       4.92e-02       9.72e+00    
      56             65         2.1551e+03      8.76e-03       4.27e-02       1.91e+01    
      57             66         2.1551e+03      1.83e-02       1.02e-02       1.13e+01    
      58             67         2.1550e+03      1.27e-02       2.27e-02       8.15e+00    
      59             68         2.1550e+03      1.25e-02       2.43e-02       1.08e+01    
      60             69         2.1550e+03      1.26e-02       2.55e-02       8.05e+00    
      61             70         2.1550e+03      1.27e-02       2.55e-02       1.12e+01    
      62             71         2.1550e+03      1.26e-02       2.55e-02       7.94e+00    
      63             72         2.1550e+03      1.26e-02       2.54e-02       1.13e+01    
      64             73         2.1550e+03      1.25e-02       2.54e-02       7.83e+00    
      65             74         2.1550e+03      1.24e-02       2.53e-02       1.13e+01    
      66             75         2.1549e+03      1.23e-02       2.52e-02       7.72e+00    
      67             76         2.1549e+03      1.22e-02       2.51e-02       1.13e+01    
      68             77         2.1549e+03      1.21e-02       2.51e-02       7.61e+00    
      69             78         2.1549e+03      1.20e-02       2.49e-02       1.14e+01    
      70             79         2.1549e+03      1.18e-02       2.49e-02       7.50e+00    
      71             80         2.1549e+03      1.18e-02       2.48e-02       1.14e+01    
      72             81         2.1549e+03      1.16e-02       2.48e-02       7.40e+00    
      73             82         2.1549e+03      1.16e-02       2.53e-02       1.15e+01    
      74             83         2.1549e+03      1.15e-02       2.52e-02       7.30e+00    
      75             84         2.1548e+03      1.14e-02       2.51e-02       1.15e+01    
      76             85         2.1548e+03      1.13e-02       2.51e-02       7.20e+00    
      77             86         2.1548e+03      1.13e-02       2.49e-02       1.16e+01    
      78             87         2.1548e+03      1.11e-02       2.49e-02       7.10e+00    
      79             88         2.1548e+03      1.11e-02       2.48e-02       1.16e+01    
      80             89         2.1548e+03      1.10e-02       2.48e-02       7.00e+00    
      81             90         2.1548e+03      1.09e-02       2.47e-02       1.16e+01    
      82             91         2.1548e+03      1.08e-02       2.49e-02       6.90e+00    
      83             92         2.1548e+03      1.08e-02       2.48e-02       1.17e+01    
      84             93         2.1547e+03      1.07e-02       2.48e-02       6.81e+00    
      85             94         2.1547e+03      1.06e-02       2.46e-02       1.17e+01    
      86             95         2.1547e+03      1.05e-02       2.47e-02       6.72e+00    
      87             96         2.1547e+03      1.05e-02       2.45e-02       1.17e+01    
      88             97         2.1547e+03      1.04e-02       2.46e-02       6.63e+00    
      89             98         2.1547e+03      1.04e-02       2.45e-02       1.18e+01    
      90             99         2.1547e+03      1.03e-02       2.47e-02       6.54e+00    
      91             100        2.1547e+03      1.03e-02       2.46e-02       1.18e+01    
      92             101        2.1547e+03      1.01e-02       2.46e-02       6.45e+00    
      93             102        2.1546e+03      1.02e-02       2.46e-02       1.18e+01    
      94             103        2.1546e+03      1.00e-02       2.47e-02       6.39e+00    
      95             104        2.1546e+03      1.00e-02       2.45e-02       1.18e+01    
      96             105        2.1546e+03      9.93e-03       2.46e-02       6.41e+00    
      97             106        2.1546e+03      9.95e-03       2.45e-02       1.18e+01    
      98             107        2.1546e+03      9.83e-03       2.46e-02       6.43e+00    
      99             108        2.1546e+03      9.85e-03       2.44e-02       1.19e+01    
      100            109        2.1546e+03      9.73e-03       2.45e-02       6.45e+00    
      101            110        2.1546e+03      9.76e-03       2.44e-02       1.19e+01    
      102            111        2.1546e+03      9.64e-03       2.45e-02       6.47e+00    
      103            112        2.1546e+03      9.68e-03       2.44e-02       1.19e+01    
      104            113        2.1545e+03      9.56e-03       2.45e-02       6.48e+00    
      105            114        2.1545e+03      9.59e-03       2.44e-02       1.20e+01    
      106            115        2.1545e+03      9.48e-03       2.45e-02       6.50e+00    
      107            116        2.1545e+03      9.52e-03       2.44e-02       1.20e+01    
      108            117        2.1545e+03      9.40e-03       2.45e-02       6.52e+00    
      109            118        2.1545e+03      9.44e-03       2.43e-02       1.20e+01    
      110            119        2.1545e+03      9.34e-03       2.45e-02       6.53e+00    
      111            120        2.1545e+03      9.39e-03       2.45e-02       1.21e+01    
      112            121        2.1545e+03      9.28e-03       2.46e-02       6.55e+00    
      113            122        2.1545e+03      9.33e-03       2.45e-02       1.21e+01    
      114            123        2.1544e+03      9.22e-03       2.46e-02       6.56e+00    
      115            124        2.1544e+03      9.26e-03       2.45e-02       1.21e+01    
      116            125        2.1544e+03      9.16e-03       2.46e-02       6.58e+00    
      117            126        2.1544e+03      9.20e-03       2.45e-02       1.21e+01    
      118            127        2.1544e+03      9.10e-03       2.46e-02       6.59e+00    
      119            128        2.1544e+03      9.16e-03       2.45e-02       1.22e+01    
      120            129        2.1544e+03      9.05e-03       2.46e-02       6.60e+00    
      121            130        2.1544e+03      9.13e-03       2.50e-02       1.22e+01    
      122            131        2.1544e+03      9.02e-03       2.51e-02       6.62e+00    
      123            132        2.1544e+03      9.08e-03       2.49e-02       1.22e+01    
      124            133        2.1544e+03      8.97e-03       2.50e-02       6.63e+00    
      125            134        2.1543e+03      9.03e-03       2.48e-02       1.22e+01    
      126            135        2.1543e+03      8.93e-03       2.50e-02       6.64e+00    
      127            136        2.1543e+03      8.99e-03       2.48e-02       1.23e+01    
      128            137        2.1543e+03      8.88e-03       2.49e-02       6.65e+00    
      129            138        2.1543e+03      8.94e-03       2.48e-02       1.23e+01    
      130            139        2.1543e+03      8.84e-03       2.49e-02       6.66e+00    
      131            140        2.1543e+03      8.90e-03       2.47e-02       1.23e+01    
      132            141        2.1543e+03      8.80e-03       2.50e-02       6.67e+00    
      133            142        2.1543e+03      8.87e-03       2.49e-02       1.23e+01    
      134            143        2.1543e+03      8.77e-03       2.50e-02       6.68e+00    
      135            144        2.1543e+03      8.85e-03       2.48e-02       1.23e+01    
      136            145        2.1542e+03      8.77e-03       2.52e-02       6.69e+00    
      137            146        2.1542e+03      8.84e-03       2.51e-02       1.24e+01    
      138            147        2.1542e+03      8.74e-03       2.52e-02       6.70e+00    
      139            148        2.1542e+03      8.81e-03       2.52e-02       1.24e+01    
      140            149        2.1542e+03      8.71e-03       2.53e-02       6.71e+00    
      141            150        2.1542e+03      8.79e-03       2.52e-02       1.24e+01    
The maximum number of function evaluations is exceeded.
Function evaluations 150, initial cost 1.2228e+04, final cost 2.1542e+03, first-order optimality 1.24e+01.
round 2: clearance pairs 391, order pairs 0, residuals 61456
   Iteration     Total nfev        Cost      Cost reduction    Step norm     Optimality   
       0              1         2.1542e+03                                    1.24e+01    
       1              3         2.1520e+03      2.18e+00       8.66e+00       7.60e+02    
       2              8         2.1519e+03      9.56e-02       8.59e-02       1.48e+02    
       3             10         2.1519e+03      3.54e-02       2.76e-02       1.39e+02    
       4             12         2.1519e+03      1.18e-02       1.69e-02       1.20e+02    
       5             14         2.1519e+03      4.84e-03       8.59e-03       1.04e+02    
       6             16         2.1519e+03      2.18e-03       4.39e-03       9.53e+01    
       7             20         2.1519e+03      6.67e-05       1.36e-04       9.51e+01    
       8             21         2.1519e+03      1.33e-04       2.72e-04       9.45e+01    
       9             24         2.1519e+03      1.66e-05       3.40e-05       9.44e+01    
`ftol` termination condition is satisfied.
Function evaluations 24, initial cost 2.1542e+03, final cost 2.1519e+03, first-order optimality 9.44e+01.
round 3: clearance pairs 359, order pairs 0, residuals 61424
   Iteration     Total nfev        Cost      Cost reduction    Step norm     Optimality   
       0              1         2.1519e+03                                    9.44e+01    
       1             13         2.1519e+03      1.04e-05       2.14e-05       9.44e+01    
Both `ftol` and `xtol` termination conditions are satisfied.
Function evaluations 13, initial cost 2.1519e+03, final cost 2.1519e+03, first-order optimality 9.44e+01.
c  K=160  init=perp  [round 0 nfev=66 status=2 (ftol`) cost 2160.701]  [round 1 nfev=150 status=0 (The) cost 2154.206]  [round 2 nfev=24 status=2 (ftol`) cost 2151.873]  [round 3 nfev=13 status=4 (Both) cost 2151.873]
args: {"K": 160, "bend": 30.0, "box_pose": "", "box_rings": "", "box_trace": 0.15, "clear": 5.0, "clear_range": "860:1066-388:483", "dbend": 500.0, "delta": 60.0, "dtwist": 500.0, "edge_fair": 0.0, "edge_w": "", "end_pin": 50.0, "energy_ranges": "", "eps": 1.0, "face_margin": 0.3, "faceon": "", "faces": "docs/ribbon/turns/real/faces.json", "flat": 6.0, "flat_ranges": "340:410,470:560,1140:1240", "flip_guard": 20.0, "fold": "", "fold2": "376:30:20,516:40:20,1188:40:20", "fold_axis": "", "fold_convex": "376:10,516:10,1188:10", "fold_eq": false, "fold_legs": 5.0, "fold_legs_len": "20", "gap": 14.0, "hide": "", "hide_auto": "", "hmax": 25.5, "hmin": 25.5, "init": "perp", "inside": 0.0, "kappa": 2.0, "lam": 15.0, "lam_h": 50.0, "mask": "", "max_nfev": 150, "mu": 300.0, "no_opt": false, "nu_fold": 0.4, "omega": 0.01, "order": 0.0, "out": "docs/ribbon/turns/real/E1/c", "outer": 4, "outline": 0.0, "outline_assign": "nearest", "outline_boxes": "", "outline_drop_near": "", "outline_excl": "", "outline_fixed": false, "outline_incl": "", "outline_loss": "linear", "outline_pose": "", "pin_range": "", "pose": "docs/ribbon/turns/real/E1/b_pose.json", "redge": 24.0, "rim_pose": "", "rim_side_mode": "centre", "rimlines": "", "rmin": 45.0, "roto": "/Users/ashmitkhurana/Development/Personal/portfolio/docs/ribbon/turns/curve/best/roto.npz", "screenw": "", "sigma": 2.0, "trace_w": 0.15, "twist": 30.0, "w_box": 2.0, "w_face": 15.0, "w_hmin": 50.0, "w_redge": 5.0, "w_rim": 0.0, "w_rmin": 5.0, "w_wfloor": 0.0, "wfloor": 0.0, "wfloor_except": "", "wfloor_mode": "perp", "wfloor_ranges": "", "zprior": "docs/ribbon/turns/real/E1/b_pose.json"}

edge residual css px, point-to-polyline (L and R pooled): mean 6.738  p95 19.500  max 43.409

window       edge resid (L,R pooled)                      h min/med/max          median |b.T|  #|c'|<0.6 s0
[   0, 131]  mean  14.87  p95  32.30  max  43.41           25.5/ 25.5/ 25.5      0.124         0
[ 132, 288]  mean   1.56  p95   5.40  max  11.36           25.5/ 25.5/ 25.5      0.342         0
[ 289, 483]  mean   7.90  p95  17.35  max  27.89           25.5/ 25.5/ 25.5      0.368         5
[ 484, 554]  mean  13.24  p95  26.83  max  28.22           25.5/ 25.5/ 25.5      0.375         0
[ 555, 658]  mean   4.23  p95   9.80  max  12.00           25.5/ 25.5/ 25.5      0.106         0
[ 659, 764]  mean   8.21  p95  15.88  max  17.14           25.5/ 25.5/ 25.5      0.666         0
[ 765, 940]  mean   1.83  p95   4.20  max   9.89           25.5/ 25.5/ 25.5      0.156         0
[ 941,1066]  mean  11.16  p95  24.28  max  26.21           25.5/ 25.5/ 25.5      0.248         4
[1067,1298]  mean   4.43  p95  13.14  max  21.03           25.5/ 25.5/ 25.5      0.161         2
worst window by mean: [0,131] 14.87 px

dense (4N=5196 samples) surface normal N=TxB: angle change per sample  max 21.036 deg  p99 2.969 deg
   angle per world px of centreline arclength: max 74.4571 deg/px  (p99 6.8286)
   worst dense samples (t, deg, |b.T|): 379.28, 21.0, 1.000; 379.53, 19.7, 1.000; 379.03, 19.5, 1.000; 379.78, 16.6, 1.000; 378.78, 16.1, 1.000
   dense steps > 3 deg: 52, > 6 deg: 21
ripple (|second difference of unit N| per world px^2, dense): max 1.594e+00  p99 3.625e-02  median 3.600e-04
max |b.T| outside fold windows: 0.980   (inside: 1.000)
GATE: min 3D distance between non-adjacent rings (|i-j|>60, surface samples): 13.98 px; pairs < gap 14.0: 3
GATE: screen-overlap pairs (3 px) 1922, order violations (z_front - z_back < 0): 0, (< gap): 3; unique ring pairs violating: 0
end centreline offset from init: ring0 0.0 px, ring N-1 0.0 px
outside-mockup distance (5 pts across band, css px): mean 0.859  max 25.02  frac>0.5px 0.126
outline residual (css px, matched <=25 px: 1613 of 1634 pts): mean 7.376  p95 19.684  max 24.86
run time: 178.2 s
residual block norms (sum of squares): edge 1023.24, smooth 126.58, jerk 149.38, perp 89.98, dev 126.94, depth 105.60, hsm 0.00, wpr 0.00, speed 8.00, hmin 0.00, hmax 0.00, face 0.00, rmin 3.37, scrw 0.00, wf 0.00, ins 0.00, fcr 23.03, bnd 638.44, twi 8.23, dbn 128.63, dtw 1.16, rmf 127.51, crl 13.15, lgb 100.69, cvx 110.18
