fold2 crease 376 R 30: ds 3.17 n 15 (eq 361..391, ruling 355..397, legs to +-35)
fold2 crease 516 R 40: ds 1.98 n 32 (eq 484..548, ruling 478..554, legs to +-52)
fold2 crease 1188 R 40: ds 2.11 n 30 (eq 1158..1218, ruling 1152..1224, legs to +-50)
face rule: sign_A -1 (tail median N.v -0.991)
init cost 202074968.085, residuals 61065, params 1120
round 0: clearance pairs 973, order pairs 0, residuals 62038
   Iteration     Total nfev        Cost      Cost reduction    Step norm     Optimality   
       0              1         2.0210e+08                                    5.99e+07    
       1              2         1.2233e+06      2.01e+08       2.09e+02       7.41e+06    
       2              3         3.5774e+05      8.66e+05       2.17e+02       8.94e+05    
       3              4         2.7350e+05      8.42e+04       1.30e+02       4.28e+06    
       4              6         1.0366e+05      1.70e+05       4.34e+01       1.04e+06    
       5              8         6.0322e+04      4.33e+04       1.90e+01       5.43e+05    
       6              9         2.0951e+04      3.94e+04       4.44e+01       4.94e+04    
       7             10         1.1972e+04      8.98e+03       3.82e+01       1.65e+04    
       8             11         7.9519e+03      4.02e+03       4.39e+01       1.73e+04    
       9             13         6.9579e+03      9.94e+02       1.62e+01       6.13e+03    
      10             14         5.6107e+03      1.35e+03       3.32e+01       9.41e+03    
      11             16         4.9655e+03      6.45e+02       1.58e+01       2.74e+03    
      12             17         4.2519e+03      7.14e+02       3.08e+01       7.57e+04    
      13             19         4.0366e+03      2.15e+02       1.45e+01       1.38e+04    
      14             21         3.8788e+03      1.58e+02       6.37e+00       8.41e+03    
      15             22         3.7079e+03      1.71e+02       2.56e+01       4.59e+03    
      16             24         3.5840e+03      1.24e+02       4.87e+00       4.30e+03    
      17             25         3.4581e+03      1.26e+02       9.87e+00       2.64e+03    
      18             26         3.3542e+03      1.04e+02       8.61e+00       3.68e+03    
      19             27         3.2586e+03      9.55e+01       1.07e+01       2.93e+05    
      20             28         3.2458e+03      1.28e+01       1.44e+01       1.04e+05    
      21             30         3.1549e+03      9.09e+01       4.00e+00       2.80e+04    
      22             33         3.1445e+03      1.04e+01       6.41e-01       1.97e+04    
      23             34         3.0975e+03      4.70e+01       7.42e-01       3.79e+03    
      24             35         3.0763e+03      2.12e+01       1.90e+00       2.41e+03    
      25             37         3.0751e+03      1.27e+00       9.54e-01       1.90e+04    
      26             38         3.0598e+03      1.53e+01       2.35e-01       1.92e+03    
      27             39         3.0532e+03      6.59e+00       4.35e-01       1.65e+03    
      28             40         3.0424e+03      1.08e+01       7.14e-01       1.31e+03    
      29             41         3.0293e+03      1.31e+01       1.00e+00       1.11e+03    
      30             42         3.0086e+03      2.07e+01       1.59e+00       9.14e+02    
      31             43         2.9898e+03      1.88e+01       1.65e+00       7.99e+02    
      32             44         2.9697e+03      2.01e+01       1.63e+00       1.08e+03    
      33             45         2.9462e+03      2.35e+01       1.98e+00       7.76e+02    
      34             46         2.9099e+03      3.63e+01       3.61e+00       1.79e+03    
      35             47         2.8859e+03      2.40e+01       7.04e+00       2.81e+04    
      36             49         2.8451e+03      4.08e+01       4.36e+00       3.95e+03    
      37             50         2.8058e+03      3.93e+01       1.25e+01       1.84e+03    
      38             52         2.7671e+03      3.87e+01       3.49e+00       1.57e+03    
      39             54         2.7521e+03      1.50e+01       1.59e+00       3.45e+03    
      40             55         2.7408e+03      1.13e+01       3.66e+00       5.32e+02    
      41             57         2.7351e+03      5.74e+00       8.90e-01       2.20e+03    
      42             58         2.7227e+03      1.23e+01       1.94e+00       6.30e+02    
      43             60         2.7209e+03      1.79e+00       4.32e-01       1.65e+03    
      44             61         2.7179e+03      3.04e+00       9.45e-01       5.17e+02    
      45             62         2.7133e+03      4.61e+00       7.96e-01       1.06e+03    
      46             63         2.7108e+03      2.51e+00       6.54e-01       4.41e+02    
      47             64         2.7073e+03      3.46e+00       7.15e-01       7.74e+02    
      48             65         2.7024e+03      4.92e+00       9.91e-01       1.13e+03    
      49             66         2.6937e+03      8.73e+00       1.78e+00       1.72e+03    
      50             67         2.6766e+03      1.71e+01       3.57e+00       8.68e+03    
      51             69         2.6737e+03      2.86e+00       1.68e+00       1.87e+04    
      52             70         2.6646e+03      9.17e+00       4.65e+00       1.14e+04    
      53             71         2.6521e+03      1.25e+01       2.43e+00       1.98e+04    
      54             73         2.6483e+03      3.73e+00       9.69e-01       1.79e+04    
      55             74         2.6414e+03      6.99e+00       1.96e+00       1.17e+04    
      56             75         2.6323e+03      9.03e+00       2.01e+00       1.13e+04    
      57             77         2.6322e+03      9.11e-02       8.87e-01       1.60e+04    
      58             78         2.6274e+03      4.86e+00       3.45e+00       1.61e+05    
      59             80         2.6264e+03      9.62e-01       7.74e-01       2.10e+03    
      60             82         2.6245e+03      1.91e+00       3.61e-01       9.95e+02    
      61             84         2.6245e+03      4.58e-02       1.80e-01       4.14e+03    
      62             85         2.6242e+03      2.02e-01       4.89e-02       1.56e+03    
      63             86         2.6240e+03      2.68e-01       9.47e-02       7.83e+02    
      64             88         2.6239e+03      9.66e-02       4.66e-02       1.14e+03    
      65             90         2.6238e+03      3.90e-02       2.35e-02       7.72e+02    
      66             91         2.6238e+03      7.83e-02       4.63e-02       6.42e+02    
      67             94         2.6238e+03      9.19e-03       5.69e-03       6.27e+02    
      68             95         2.6237e+03      1.80e-02       1.13e-02       5.97e+02    
      69             97         2.6237e+03      8.68e-03       5.64e-03       5.82e+02    
      70             101        2.6237e+03      2.68e-04       1.76e-04       5.81e+02    
      71             103        2.6237e+03      1.34e-04       8.80e-05       5.81e+02    
      72             105        2.6237e+03      6.70e-05       4.40e-05       5.81e+02    
      73             107        2.6237e+03      0.00e+00       0.00e+00       5.81e+02    
`xtol` termination condition is satisfied.
Function evaluations 107, initial cost 2.0210e+08, final cost 2.6237e+03, first-order optimality 5.81e+02.
round 1: clearance pairs 518, order pairs 0, residuals 61583
   Iteration     Total nfev        Cost      Cost reduction    Step norm     Optimality   
       0              1         3.2255e+03                                    1.89e+03    
       1              3         2.6300e+03      5.95e+02       3.05e+01       3.10e+03    
       2              5         2.5549e+03      7.51e+01       1.19e+01       3.86e+04    
       3              6         2.4897e+03      6.52e+01       1.31e+01       6.72e+03    
       4              8         2.4763e+03      1.34e+01       4.42e+00       1.51e+04    
       5              9         2.4589e+03      1.73e+01       4.29e+00       1.69e+05    
       6             10         2.4551e+03      3.82e+00       9.06e+00       1.15e+04    
       7             11         2.4509e+03      4.22e+00       3.19e+00       1.22e+05    
       8             13         2.4458e+03      5.07e+00       1.28e+00       1.54e+04    
       9             14         2.4439e+03      1.96e+00       1.63e+00       9.29e+04    
      10             15         2.4422e+03      1.65e+00       1.48e+00       6.22e+03    
      11             17         2.4418e+03      3.92e-01       5.87e-01       2.06e+04    
      12             18         2.4411e+03      7.24e-01       3.94e-01       5.12e+03    
      13             21         2.4410e+03      9.42e-02       6.90e-02       8.12e+02    
      14             22         2.4409e+03      1.06e-01       1.14e-01       6.31e+02    
      15             23         2.4407e+03      1.86e-01       1.53e-01       4.29e+02    
      16             24         2.4404e+03      3.24e-01       2.99e-01       2.58e+02    
      17             25         2.4402e+03      2.12e-01       5.98e-01       1.37e+02    
      18             26         2.4396e+03      5.39e-01       6.81e-01       2.57e+02    
      19             28         2.4389e+03      7.88e-01       2.47e-01       9.62e+01    
      20             30         2.4388e+03      8.19e-02       7.88e-02       3.09e+02    
      21             31         2.4386e+03      1.53e-01       1.58e-01       8.00e+01    
      22             33         2.4385e+03      7.28e-02       7.64e-02       2.01e+02    
      23             37         2.4385e+03      2.33e-03       2.44e-03       1.56e+02    
      24             39         2.4385e+03      1.16e-03       1.24e-03       1.38e+02    
      25             41         2.4385e+03      5.76e-04       6.19e-04       1.29e+02    
      26             43         2.4385e+03      2.88e-04       3.09e-04       1.25e+02    
      27             44         2.4385e+03      5.75e-04       6.19e-04       1.19e+02    
      28             47         2.4385e+03      7.18e-05       7.73e-05       1.18e+02    
      29             50         2.4385e+03      8.97e-06       9.66e-06       1.18e+02    
Both `ftol` and `xtol` termination conditions are satisfied.
Function evaluations 50, initial cost 3.2255e+03, final cost 2.4385e+03, first-order optimality 1.18e+02.
round 2: clearance pairs 463, order pairs 0, residuals 61528
   Iteration     Total nfev        Cost      Cost reduction    Step norm     Optimality   
       0              1         2.4385e+03                                    1.18e+02    
       1              3         2.4295e+03      9.01e+00       2.85e+01       9.36e+02    
       2              6         2.4291e+03      4.29e-01       3.07e+00       5.74e+03    
       3              7         2.4250e+03      4.07e+00       4.13e+00       2.88e+02    
       4             10         2.4238e+03      1.18e+00       3.80e-01       1.98e+02    
       5             12         2.4236e+03      2.78e-01       2.17e-01       1.41e+02    
       6             13         2.4232e+03      3.46e-01       4.44e-01       8.37e+01    
       7             15         2.4231e+03      1.24e-01       2.21e-01       1.92e+02    
       8             17         2.4230e+03      6.61e-02       1.08e-01       9.14e+01    
       9             20         2.4230e+03      9.63e-03       1.40e-02       7.55e+01    
      10             21         2.4230e+03      1.88e-02       3.00e-02       7.33e+01    
      11             23         2.4230e+03      9.28e-03       1.48e-02       7.24e+01    
      12             25         2.4230e+03      4.61e-03       7.40e-03       7.19e+01    
      13             26         2.4230e+03      9.17e-03       1.48e-02       7.12e+01    
      14             29         2.4230e+03      1.14e-03       1.84e-03       7.11e+01    
      15             31         2.4230e+03      5.71e-04       9.21e-04       7.10e+01    
      16             32         2.4230e+03      1.14e-03       1.84e-03       7.10e+01    
      17             35         2.4230e+03      1.43e-04       2.30e-04       7.10e+01    
      18             39         2.4230e+03      0.00e+00       0.00e+00       7.10e+01    
`xtol` termination condition is satisfied.
Function evaluations 39, initial cost 2.4385e+03, final cost 2.4230e+03, first-order optimality 7.10e+01.
round 3: clearance pairs 493, order pairs 0, residuals 61558
   Iteration     Total nfev        Cost      Cost reduction    Step norm     Optimality   
       0              1         2.4230e+03                                    7.10e+01    
       1              3         2.4226e+03      3.62e-01       1.26e+01       7.39e+02    
       2              4         2.4182e+03      4.47e+00       4.78e+00       2.23e+02    
       3              6         2.4174e+03      7.89e-01       1.45e+00       6.25e+02    
       4              8         2.4174e+03      9.43e-04       7.94e-01       1.05e+03    
       5             10         2.4173e+03      4.11e-02       8.78e-02       1.73e+03    
       6             12         2.4173e+03      1.94e-02       4.68e-02       1.53e+03    
       7             13         2.4173e+03      3.62e-02       8.66e-02       2.86e+02    
       8             15         2.4172e+03      1.72e-02       4.48e-02       1.76e+02    
       9             18         2.4172e+03      2.27e-03       5.66e-03       7.94e+01    
      10             20         2.4172e+03      1.11e-03       2.72e-03       7.15e+01    
      11             21         2.4172e+03      2.18e-03       5.35e-03       6.24e+01    
      12             24         2.4172e+03      2.71e-04       6.58e-04       6.13e+01    
      13             26         2.4172e+03      1.35e-04       3.29e-04       6.08e+01    
      14             27         2.4172e+03      2.71e-04       6.57e-04       5.99e+01    
      15             30         2.4172e+03      3.38e-05       8.20e-05       5.98e+01    
      16             31         2.4172e+03      6.76e-05       1.64e-04       5.95e+01    
      17             34         2.4172e+03      0.00e+00       0.00e+00       5.95e+01    
`xtol` termination condition is satisfied.
Function evaluations 34, initial cost 2.4230e+03, final cost 2.4172e+03, first-order optimality 5.95e+01.
a  K=160  init=perp  [round 0 nfev=107 status=3 (xtol`) cost 2623.730]  [round 1 nfev=50 status=4 (Both) cost 2438.542]  [round 2 nfev=39 status=3 (xtol`) cost 2422.979]  [round 3 nfev=34 status=3 (xtol`) cost 2417.241]
args: {"K": 160, "bend": 30.0, "box_pose": "", "box_rings": "", "box_trace": 0.15, "clear": 5.0, "clear_range": "860:1066-388:483", "dbend": 500.0, "delta": 60.0, "dtwist": 500.0, "edge_fair": 0.0, "edge_w": "", "end_pin": 50.0, "energy_ranges": "", "eps": 0.3, "face_margin": 0.3, "faceon": "", "faces": "docs/ribbon/turns/real/faces.json", "flat": 6.0, "flat_ranges": "340:410,470:560,1140:1240", "flip_guard": 20.0, "fold": "", "fold2": "376:30:20,516:40:20,1188:40:20", "fold_axis": "", "fold_convex": "376:10,516:10,1188:10", "fold_eq": false, "fold_legs": 5.0, "fold_legs_len": "20", "gap": 14.0, "hide": "", "hide_auto": "", "hmax": 25.5, "hmin": 25.5, "init": "perp", "inside": 0.0, "kappa": 2.0, "lam": 15.0, "lam_h": 50.0, "mask": "", "max_nfev": 150, "mu": 300.0, "no_opt": false, "nu_fold": 0.4, "omega": 0.01, "order": 0.0, "out": "docs/ribbon/turns/real/E1/a", "outer": 4, "outline": 0.0, "outline_assign": "nearest", "outline_boxes": "", "outline_drop_near": "", "outline_excl": "", "outline_fixed": false, "outline_incl": "", "outline_loss": "linear", "outline_pose": "", "pin_range": "", "pose": "docs/ribbon/turns/fit/kk4/pose.json", "redge": 24.0, "rim_pose": "", "rim_side_mode": "centre", "rimlines": "", "rmin": 45.0, "roto": "/Users/ashmitkhurana/Development/Personal/portfolio/docs/ribbon/turns/curve/best/roto.npz", "screenw": "", "sigma": 2.0, "trace_w": 0.15, "twist": 30.0, "w_box": 2.0, "w_face": 15.0, "w_hmin": 50.0, "w_redge": 5.0, "w_rim": 0.0, "w_rmin": 5.0, "w_wfloor": 0.0, "wfloor": 0.0, "wfloor_except": "", "wfloor_mode": "perp", "wfloor_ranges": "", "zprior": "docs/ribbon/turns/fit/kk4/pose.json"}

edge residual css px, point-to-polyline (L and R pooled): mean 6.800  p95 19.243  max 43.406

window       edge resid (L,R pooled)                      h min/med/max          median |b.T|  #|c'|<0.6 s0
[   0, 131]  mean  14.91  p95  32.31  max  43.41           25.5/ 25.5/ 25.5      0.137         2
[ 132, 288]  mean   2.32  p95   5.83  max  10.49           25.5/ 25.5/ 25.5      0.534         0
[ 289, 483]  mean   6.94  p95  14.83  max  22.90           25.5/ 25.5/ 25.5      0.439         36
[ 484, 554]  mean  13.82  p95  31.60  max  33.59           25.5/ 25.5/ 25.5      0.374         0
[ 555, 658]  mean   3.75  p95   9.36  max  12.59           25.5/ 25.5/ 25.5      0.066         0
[ 659, 764]  mean   7.96  p95  15.12  max  15.64           25.5/ 25.5/ 25.5      0.618         0
[ 765, 940]  mean   2.02  p95   5.88  max  11.99           25.5/ 25.5/ 25.5      0.161         2
[ 941,1066]  mean  10.23  p95  21.25  max  22.82           25.5/ 25.5/ 25.5      0.256         14
[1067,1298]  mean   5.55  p95  15.19  max  22.84           25.5/ 25.5/ 25.5      0.333         28
worst window by mean: [0,131] 14.91 px

dense (4N=5196 samples) surface normal N=TxB: angle change per sample  max 21.315 deg  p99 2.297 deg
   angle per world px of centreline arclength: max 82.4238 deg/px  (p99 5.8302)
   worst dense samples (t, deg, |b.T|): 381.28, 21.3, 1.000; 381.53, 20.6, 1.000; 381.03, 15.8, 1.000; 383.78, 15.2, 1.000; 384.03, 14.8, 1.000
   dense steps > 3 deg: 37, > 6 deg: 15
ripple (|second difference of unit N| per world px^2, dense): max 2.155e+00  p99 4.173e-02  median 4.801e-04
max |b.T| outside fold windows: 0.984   (inside: 1.000)
GATE: min 3D distance between non-adjacent rings (|i-j|>60, surface samples): 13.98 px; pairs < gap 14.0: 1
GATE: screen-overlap pairs (3 px) 1713, order violations (z_front - z_back < 0): 0, (< gap): 0; unique ring pairs violating: 0
end centreline offset from init: ring0 0.0 px, ring N-1 0.0 px
outside-mockup distance (5 pts across band, css px): mean 0.988  max 24.02  frac>0.5px 0.146
outline residual (css px, matched <=25 px: 1614 of 1634 pts): mean 7.084  p95 18.810  max 24.98
run time: 187.3 s
residual block norms (sum of squares): edge 1053.39, smooth 138.45, jerk 145.02, perp 106.62, dev 122.54, depth 641.40, hsm 0.00, wpr 0.00, speed 97.11, hmin 0.00, hmax 0.00, face 0.00, rmin 6.24, scrw 0.00, wf 0.00, ins 0.00, fcr 25.69, bnd 654.29, twi 6.78, dbn 160.62, dtw 1.73, rmf 138.58, crl 13.62, lgb 83.52, cvx 82.87
