clear_pairs 860:1066-388:483:16: 367 raw sample pairs get gap 16
pairs (raw 1713), clusters 9, constraints 1667, initially violated 0 (max -2.3 px)
clusters: 9 (rule-decided 6, vote-decided 3); input-sample disagreements with the decided order: 0 of 1713 raw sample pairs
top clusters by required separation (px short at input): rings_a-range x rings_b-range | front | rule | disagree/total | need
   155- 236 x  682- 722 | front=a-range | vote | 0/236 | 0.0
   398- 403 x  979-1003 | front=a-range | R3 | 0/75 | 0.0
   413- 461 x  888- 924 | front=b-range | R2 | 0/292 | 0.0
   583- 632 x 1065-1106 | front=a-range | R1 | 0/214 | 0.0
   587- 624 x  812- 858 | front=a-range | R1 | 0/258 | 0.0
   619- 655 x 1281-1298 | front=a-range | R1 | 0/106 | 0.0
   625- 630 x  795- 803 | front=a-range | R1 | 0/28 | 0.0
   780- 812 x 1246-1286 | front=a-range | vote | 0/282 | 0.0
   822- 862 x 1066-1107 | front=b-range | vote | 0/222 | 0.0
layer.py docs/ribbon/turns/real/E1/a/pose.json -> docs/ribbon/turns/real/E1/b_pose.json  gap 12.4 kz 160
screen-overlap sample pairs (raw) 1713, constraints (ring pairs) 1667, violated at input 0 (worst -2.3 px short)
solver SLSQP status 0 iterations 1 objective 0 time 0.0 s
max constraint violation after solve (deduped): 0.000 px; violated constraints (> 0.01): 0
all raw sample pairs after: z_front - z_back min 17.41 px, pairs with < 0: 0, < gap-0.5: 0
dz: max |dz| 0.0 px (min 0.0, max 0.0); max |dz''| 0.0000 px/ring^2
unit check: max change of projected edge screen position 0.00e+00 css px
