DPR2 canvases 780x1688 780x1688
DPR3 canvases 1170x2532 1170x2532
crop_apex.png  136059 B
crop_bottomk.png  260464 B
crop_endstrand.png  162809 B
crop_farleft.png  191975 B
crop_junction.png  103379 B
crop_scurve.png  217471 B
crop_topk.png  169675 B
crop_wrap.png  305642 B
hero.png  1337747 B
ribbon.png  1366614 B
ribbon_crop_apex.png  141168 B
ribbon_crop_bottomk.png  260464 B
ribbon_crop_endstrand.png  162809 B
ribbon_crop_farleft.png  191975 B
ribbon_crop_junction.png  103379 B
ribbon_crop_scurve.png  217471 B
ribbon_crop_topk.png  169675 B
ribbon_crop_wrap.png  305642 B
