DPR2 canvases 780x1688 780x1688
DPR3 canvases 1170x2532 1170x2532
crop_apex.png  129404 B
crop_bottomk.png  268294 B
crop_endstrand.png  168330 B
crop_farleft.png  177031 B
crop_junction.png  98740 B
crop_scurve.png  218673 B
crop_topk.png  169474 B
crop_wrap.png  284310 B
hero.png  1322538 B
ribbon.png  1355215 B
ribbon_crop_apex.png  135695 B
ribbon_crop_bottomk.png  268294 B
ribbon_crop_endstrand.png  168330 B
ribbon_crop_farleft.png  177031 B
ribbon_crop_junction.png  98740 B
ribbon_crop_scurve.png  218673 B
ribbon_crop_topk.png  169474 B
ribbon_crop_wrap.png  284310 B
