segment 880..910: rotation -40.35 deg
segment 910..980: same spec 'ax(-0.36;-0.93;0)' per-ring
segment 980..1008: rotation -142.49 deg
segment 1008..1135: same spec 'flat' per-ring
segment 1135..1155: rotation 39.41 deg
segment 880..910: exact orig blend (orig->other)
segment 1135..1155: exact orig blend (other->orig)
angle bn[A] vs b0[A]: 0.000 deg
angle bn[B] vs b0[B]: 0.000 deg
max per-ring change of bn: 8.379 deg (at ring 994)
ring 880  theta 40.08 deg  angle(b0,bn) 0.00 deg  bn_z 0.5858
ring 885  theta 37.10 deg  angle(b0,bn) 1.08 deg  bn_z 0.6123
ring 890  theta 29.62 deg  angle(b0,bn) 5.08 deg  bn_z 0.5943
ring 895  theta 19.91 deg  angle(b0,bn) 12.50 deg  bn_z 0.5061
ring 900  theta 10.20 deg  angle(b0,bn) 25.85 deg  bn_z 0.3153
ring 905  theta 2.72 deg  angle(b0,bn) 40.12 deg  bn_z 0.0973
ring 910  theta -0.27 deg  angle(b0,bn) 47.66 deg  bn_z -0.0046
ring 915  theta 1.23 deg  angle(b0,bn) 48.30 deg  bn_z 0.0214
ring 920  theta 2.71 deg  angle(b0,bn) 50.06 deg  bn_z 0.0472
ring 925  theta 5.70 deg  angle(b0,bn) 51.82 deg  bn_z 0.0985
ring 930  theta 16.93 deg  angle(b0,bn) 46.99 deg  bn_z 0.2804
ring 935  theta 33.39 deg  angle(b0,bn) 37.52 deg  bn_z 0.5055
ring 940  theta 51.28 deg  angle(b0,bn) 24.41 deg  bn_z 0.6684
ring 945  theta 64.15 deg  angle(b0,bn) 13.23 deg  bn_z 0.6115
ring 950  theta 66.46 deg  angle(b0,bn) 24.12 deg  bn_z 0.4363
ring 955  theta 63.74 deg  angle(b0,bn) 32.42 deg  bn_z 0.3518
ring 960  theta 66.79 deg  angle(b0,bn) 27.48 deg  bn_z 0.4930
ring 965  theta 77.75 deg  angle(b0,bn) 18.93 deg  bn_z 0.6823
ring 970  theta 98.17 deg  angle(b0,bn) 17.34 deg  bn_z 0.8039
ring 975  theta 122.39 deg  angle(b0,bn) 33.71 deg  bn_z 0.7393
ring 980  theta 142.49 deg  angle(b0,bn) 51.26 deg  bn_z 0.5550
ring 985  theta 130.48 deg  angle(b0,bn) 41.06 deg  bn_z 0.7110
ring 990  theta 100.95 deg  angle(b0,bn) 25.21 deg  bn_z 0.9305
ring 995  theta 63.62 deg  angle(b0,bn) 35.82 deg  bn_z 0.8736
ring 1000  theta 28.25 deg  angle(b0,bn) 61.81 deg  bn_z 0.4659
ring 1005  theta 4.56 deg  angle(b0,bn) 76.37 deg  bn_z 0.0791
ring 1010  theta 0.00 deg  angle(b0,bn) 73.20 deg  bn_z 0.0000
ring 1015  theta -0.00 deg  angle(b0,bn) 67.56 deg  bn_z -0.0000
ring 1020  theta 0.00 deg  angle(b0,bn) 63.95 deg  bn_z 0.0000
ring 1025  theta 0.00 deg  angle(b0,bn) 60.97 deg  bn_z 0.0000
ring 1030  theta 0.00 deg  angle(b0,bn) 58.04 deg  bn_z 0.0000
ring 1035  theta 0.00 deg  angle(b0,bn) 55.75 deg  bn_z 0.0000
ring 1040  theta 0.00 deg  angle(b0,bn) 54.30 deg  bn_z 0.0000
ring 1045  theta 0.00 deg  angle(b0,bn) 52.90 deg  bn_z 0.0000
ring 1050  theta 0.00 deg  angle(b0,bn) 50.62 deg  bn_z 0.0000
ring 1055  theta -0.00 deg  angle(b0,bn) 48.07 deg  bn_z -0.0000
ring 1060  theta 0.00 deg  angle(b0,bn) 45.82 deg  bn_z 0.0000
ring 1065  theta 0.00 deg  angle(b0,bn) 44.20 deg  bn_z 0.0000
ring 1070  theta 0.00 deg  angle(b0,bn) 42.84 deg  bn_z 0.0000
ring 1075  theta -0.00 deg  angle(b0,bn) 40.97 deg  bn_z -0.0000
ring 1080  theta 0.00 deg  angle(b0,bn) 39.48 deg  bn_z 0.0000
ring 1085  theta 0.00 deg  angle(b0,bn) 38.76 deg  bn_z 0.0000
ring 1090  theta 0.00 deg  angle(b0,bn) 38.38 deg  bn_z 0.0000
ring 1095  theta 0.00 deg  angle(b0,bn) 38.32 deg  bn_z 0.0000
ring 1100  theta 0.00 deg  angle(b0,bn) 38.37 deg  bn_z 0.0000
ring 1105  theta 0.00 deg  angle(b0,bn) 38.53 deg  bn_z 0.0000
ring 1110  theta -0.00 deg  angle(b0,bn) 38.84 deg  bn_z -0.0000
ring 1115  theta 0.00 deg  angle(b0,bn) 38.90 deg  bn_z 0.0000
ring 1120  theta -0.00 deg  angle(b0,bn) 38.53 deg  bn_z -0.0000
ring 1125  theta 0.00 deg  angle(b0,bn) 38.23 deg  bn_z 0.0000
ring 1130  theta 0.00 deg  angle(b0,bn) 38.27 deg  bn_z 0.0000
ring 1135  theta 0.00 deg  angle(b0,bn) 38.66 deg  bn_z 0.0000
ring 1140  theta 6.16 deg  angle(b0,bn) 28.66 deg  bn_z 0.1856
ring 1145  theta 19.71 deg  angle(b0,bn) 12.18 deg  bn_z 0.4895
ring 1150  theta 33.25 deg  angle(b0,bn) 3.25 deg  bn_z 0.6429
ring 1155  theta 39.41 deg  angle(b0,bn) 0.00 deg  bn_z 0.6694
