lit rings 1030..1160 t 0.20 w 20.0
fold2 crease 516 R 40: ds 1.93 n 32 (eq 484..548, ruling 478..554, legs to +-52)
fold2 crease 1188 R 40: ds 1.95 n 32 (eq 1156..1220, ruling 1150..1226, legs to +-52)
keep: 1098 rings held (w=3.00), 1092 new centreline pins
face rule: sign_A -1 (tail median N.v -0.995)
init cost 49693.822, residuals 66336, params 1120
round 0: clearance pairs 2775, order pairs 0, residuals 69111
   Iteration     Total nfev        Cost      Cost reduction    Step norm     Optimality   
       0              1         1.9690e+05                                    8.62e+04    
       1              3         9.4368e+04      1.03e+05       3.58e+01       5.98e+05    
       2              5         5.8450e+04      3.59e+04       1.74e+01       5.99e+04    
       3              7         4.7378e+04      1.11e+04       5.73e+00       3.59e+04    
       4              9         4.3320e+04      4.06e+03       2.74e+00       2.83e+04    
       5             10         3.7479e+04      5.84e+03       3.47e+00       1.66e+04    
       6             11         3.1459e+04      6.02e+03       7.90e+00       9.10e+03    
       7             12         2.6566e+04      4.89e+03       1.68e+01       6.84e+03    
       8             13         2.1186e+04      5.38e+03       3.00e+01       6.13e+03    
       9             15         1.9790e+04      1.40e+03       7.04e+00       2.77e+03    
      10             16         1.8370e+04      1.42e+03       1.82e+01       4.71e+03    
      11             17         1.7993e+04      3.77e+02       3.55e+01       7.80e+03    
      12             19         1.7123e+04      8.70e+02       4.10e+00       3.65e+03    
      13             20         1.6984e+04      1.39e+02       8.08e+00       3.62e+03    
      14             21         1.6567e+04      4.17e+02       6.93e+00       4.32e+03    
      15             22         1.6317e+04      2.49e+02       9.76e+00       3.80e+03    
      16             24         1.6194e+04      1.24e+02       3.97e+00       3.17e+03    
      17             25         1.5859e+04      3.35e+02       7.91e+00       3.62e+03    
      18             26         1.2866e+04      2.99e+03       1.27e+01       1.53e+04    
      19             27         8.3767e+03      4.49e+03       1.98e+01       6.01e+04    
      20             28         7.9284e+03      4.48e+02       1.43e+01       2.06e+04    
      21             29         7.0819e+03      8.47e+02       1.09e+01       1.48e+03    
      22             31         7.0345e+03      4.73e+01       1.61e+01       2.71e+02    
      23             32         6.9927e+03      4.18e+01       3.08e+01       3.38e+03    
      24             34         6.9706e+03      2.21e+01       2.03e+01       5.49e+02    
      25             35         6.9100e+03      6.06e+01       1.70e+01       5.20e+02    
      26             37         6.8944e+03      1.56e+01       8.68e+00       5.72e+02    
      27             38         6.8658e+03      2.86e+01       1.93e+01       5.03e+02    
      28             39         6.8585e+03      7.33e+00       2.83e+01       1.27e+03    
      29             40         6.8510e+03      7.47e+00       1.99e+01       1.99e+02    
      30             41         6.8354e+03      1.56e+01       1.08e+01       6.40e+01    
      31             44         6.8350e+03      4.78e-01       8.75e-01       2.74e+02    
      32             45         6.8339e+03      1.06e+00       1.28e+00       2.33e+02    
      33             46         6.8331e+03      8.01e-01       2.74e+00       8.61e+01    
      34             47         6.8320e+03      1.11e+00       4.79e+00       1.41e+02    
      35             48         6.8303e+03      1.73e+00       9.60e+00       1.07e+02    
      36             50         6.8296e+03      6.31e-01       4.23e+00       2.51e+02    
      37             51         6.8283e+03      1.30e+00       8.08e+00       1.72e+02    
      38             52         6.8275e+03      8.24e-01       9.53e+00       1.24e+02    
      39             54         6.8272e+03      3.49e-01       1.49e+00       4.50e+02    
      40             55         6.8270e+03      1.15e-01       2.95e+00       4.22e+01    
      41             56         6.8268e+03      2.85e-01       1.35e+00       9.78e+01    
      42             58         6.8266e+03      1.17e-01       6.31e-01       3.59e+02    
      43             59         6.8266e+03      6.78e-02       6.53e-01       2.65e+01    
      44             60         6.8265e+03      6.27e-02       1.24e+00       4.89e+01    
      45             61         6.8265e+03      1.70e-02       2.42e+00       5.31e+01    
      46             62         6.8264e+03      8.99e-02       5.16e-01       4.87e+01    
      47             63         6.8264e+03      4.11e-02       5.62e-01       2.27e+01    
      48             64         6.8263e+03      1.17e-02       1.17e+00       1.37e+01    
      49             65         6.8263e+03      4.25e-02       2.64e-01       5.83e+01    
      50             66         6.8263e+03      1.62e-02       2.75e-01       2.32e+01    
      51             67         6.8263e+03      2.50e-02       5.76e-01       1.91e+00    
      52             69         6.8262e+03      1.27e-02       2.77e-01       1.82e+00    
      53             70         6.8262e+03      2.22e-02       5.75e-01       1.41e+00    
      54             72         6.8262e+03      1.18e-02       2.73e-01       8.54e+00    
      55             73         6.8262e+03      1.17e-02       2.86e-01       1.37e+00    
      56             74         6.8262e+03      1.79e-02       5.51e-01       3.24e+00    
      57             76         6.8262e+03      9.30e-03       1.44e-01       3.66e+01    
      58             77         6.8262e+03      1.13e-02       2.79e-01       1.08e+01    
      59             78         6.8261e+03      2.06e-02       5.48e-01       9.30e-01    
      60             80         6.8261e+03      7.66e-03       2.26e-01       4.08e+00    
      61             81         6.8261e+03      6.16e-03       2.15e-01       5.74e+00    
      62             82         6.8261e+03      6.26e-03       2.28e-01       1.01e+01    
      63             83         6.8261e+03      5.24e-03       2.17e-01       1.63e+01    
      64             84         6.8261e+03      5.93e-03       2.30e-01       2.00e+01    
      65             85         6.8261e+03      4.72e-03       2.19e-01       2.61e+01    
      66             86         6.8261e+03      5.80e-03       5.94e-02       4.75e+01    
      67             87         6.8261e+03      2.51e-03       5.53e-02       8.99e+00    
      68             88         6.8261e+03      4.13e-03       1.07e-01       1.28e+00    
      69             89         6.8261e+03      8.14e-03       2.14e-01       7.38e-01    
      70             90         6.8261e+03      1.60e-02       4.26e-01       6.38e-01    
      71             91         6.8260e+03      3.05e-02       8.40e-01       9.68e-01    
      72             93         6.8260e+03      3.35e-03       1.12e-01       5.67e-01    
      73             94         6.8260e+03      3.21e-03       1.06e-01       9.84e-01    
      74             95         6.8260e+03      3.28e-03       1.12e-01       1.23e+00    
      75             96         6.8260e+03      3.14e-03       1.06e-01       1.67e+00    
      76             97         6.8260e+03      3.09e-03       1.12e-01       1.69e+00    
      77             98         6.8260e+03      3.00e-03       1.07e-01       2.72e+00    
      78             99         6.8260e+03      2.95e-03       1.12e-01       1.84e+00    
      79             100        6.8260e+03      2.88e-03       1.07e-01       3.52e+00    
      80             101        6.8260e+03      2.84e-03       1.13e-01       2.02e+00    
      81             102        6.8260e+03      2.76e-03       1.07e-01       3.87e+00    
      82             103        6.8260e+03      2.80e-03       1.13e-01       2.38e+00    
      83             104        6.8260e+03      2.76e-03       1.07e-01       3.93e+00    
      84             105        6.8260e+03      2.63e-03       1.13e-01       2.52e+00    
      85             106        6.8260e+03      2.61e-03       1.08e-01       4.16e+00    
      86             107        6.8260e+03      2.60e-03       1.14e-01       3.15e+00    
      87             108        6.8260e+03      2.53e-03       1.08e-01       4.22e+00    
      88             109        6.8260e+03      2.50e-03       1.14e-01       3.64e+00    
      89             110        6.8260e+03      2.45e-03       1.08e-01       4.68e+00    
      90             111        6.8260e+03      2.46e-03       1.14e-01       4.36e+00    
      91             112        6.8260e+03      2.28e-03       1.08e-01       5.11e+00    
      92             113        6.8260e+03      2.26e-03       1.14e-01       5.13e+00    
      93             114        6.8260e+03      1.98e-03       1.09e-01       6.05e+00    
      94             115        6.8260e+03      1.93e-03       1.15e-01       6.38e+00    
      95             116        6.8260e+03      1.47e-03       1.10e-01       7.52e+00    
      96             117        6.8260e+03      2.33e-03       2.97e-02       1.48e+01    
      97             118        6.8260e+03      1.10e-03       2.75e-02       6.94e+00    
      98             119        6.8260e+03      5.90e-04       2.51e-02       2.78e+00    
      99             121        6.8260e+03      5.81e-04       7.21e-03       9.71e+00    
      100            122        6.8260e+03      1.74e-04       7.16e-03       1.05e+00    
      101            124        6.8260e+03      2.18e-04       2.73e-03       1.30e+00    
      102            125        6.8260e+03      7.30e-05       1.60e-03       4.85e-01    
      103            126        6.8260e+03      4.28e-05       1.69e-03       5.03e-01    
`ftol` termination condition is satisfied.
Function evaluations 126, initial cost 1.9690e+05, final cost 6.8260e+03, first-order optimality 5.03e-01.
round 1: clearance pairs 1114, order pairs 0, residuals 67450
   Iteration     Total nfev        Cost      Cost reduction    Step norm     Optimality   
       0              1         4.2421e+04                                    2.37e+04    
       1              4         3.3655e+04      8.77e+03       7.31e+00       2.66e+05    
       2              5         2.3766e+04      9.89e+03       1.37e+01       4.06e+04    
       3              6         1.9546e+04      4.22e+03       3.64e+01       6.27e+03    
       4              7         1.7369e+04      2.18e+03       7.35e+01       6.48e+03    
       5              8         1.6756e+04      6.13e+02       7.15e+01       1.50e+04    
       6              9         1.5858e+04      8.98e+02       2.83e+01       5.00e+03    
       7             11         1.5198e+04      6.60e+02       8.54e+00       1.10e+03    
       8             12         1.4922e+04      2.77e+02       1.39e+01       9.32e+02    
       9             13         1.4711e+04      2.11e+02       2.18e+01       1.11e+03    
      10             14         1.4419e+04      2.92e+02       3.96e+01       2.55e+03    
      11             15         1.4006e+04      4.12e+02       7.24e+01       1.89e+04    
      12             18         1.3858e+04      1.49e+02       5.40e+00       4.20e+03    
      13             19         1.3513e+04      3.45e+02       2.10e+01       6.03e+03    
      14             21         1.3370e+04      1.43e+02       7.58e+00       1.57e+04    
      15             22         1.3127e+04      2.43e+02       1.45e+01       1.04e+04    
      16             23         1.3046e+04      8.08e+01       1.47e+01       8.20e+03    
      17             26         1.2956e+04      9.05e+01       1.05e+00       2.25e+04    
      18             27         1.2855e+04      1.01e+02       2.91e+00       7.45e+03    
      19             28         1.2783e+04      7.17e+01       4.71e+00       4.39e+03    
      20             29         1.2721e+04      6.20e+01       6.11e+00       3.93e+03    
      21             30         1.2654e+04      6.76e+01       9.01e+00       3.25e+03    
      22             31         1.2569e+04      8.51e+01       1.27e+01       3.33e+03    
      23             32         1.2476e+04      9.23e+01       1.73e+01       4.23e+03    
      24             34         1.2436e+04      4.06e+01       8.25e+00       3.47e+03    
      25             35         1.2364e+04      7.15e+01       1.72e+01       4.83e+03    
      26             37         1.2328e+04      3.61e+01       8.30e+00       4.73e+03    
      27             38         1.2284e+04      4.41e+01       1.92e+01       5.63e+03    
      28             39         1.2193e+04      9.14e+01       2.12e+01       6.82e+03    
      29             41         1.2159e+04      3.31e+01       7.44e+00       6.21e+03    
      30             42         1.2120e+04      3.92e+01       1.33e+01       5.46e+03    
      31             43         1.2076e+04      4.39e+01       3.20e+01       4.96e+03    
      32             45         1.2066e+04      1.01e+01       5.61e+00       2.53e+03    
      33             46         1.2052e+04      1.38e+01       8.39e+00       2.30e+03    
      34             47         1.2040e+04      1.26e+01       2.25e+01       2.46e+03    
      35             48         1.2036e+04      3.61e+00       2.43e+01       2.44e+03    
      36             49         1.2032e+04      4.65e+00       3.42e+01       2.43e+03    
      37             53         1.2031e+04      9.95e-01       6.89e-01       2.30e+03    
      38             54         1.2022e+04      8.83e+00       3.18e+00       1.92e+03    
      39             55         1.2019e+04      2.75e+00       6.32e+00       1.87e+03    
      40             56         1.2017e+04      1.66e+00       3.56e+00       1.63e+03    
      41             57         1.2015e+04      2.09e+00       2.54e+00       1.33e+03    
      42             58         1.2012e+04      2.92e+00       5.67e+00       1.07e+03    
      43             61         1.2012e+04      1.11e-01       7.75e-01       1.72e+03    
      44             62         1.2011e+04      7.95e-01       6.83e-01       1.10e+03    
      45             63         1.2011e+04      3.92e-01       4.94e-01       1.03e+03    
      46             64         1.2010e+04      5.70e-01       8.64e-01       9.50e+02    
      47             65         1.2010e+04      8.16e-01       1.23e+00       8.86e+02    
      48             66         1.2008e+04      1.30e+00       1.56e+00       8.32e+02    
      49             67         1.2006e+04      2.29e+00       2.92e+00       8.22e+02    
      50             71         1.2006e+04      1.36e-01       1.58e-01       1.19e+03    
      51             72         1.2006e+04      3.09e-01       4.52e-01       7.13e+02    
      52             73         1.2005e+04      4.93e-01       9.22e-01       9.05e+02    
      53             74         1.2004e+04      7.46e-01       1.52e+00       7.18e+02    
      54             75         1.2003e+04      1.19e+00       2.35e+00       8.50e+02    
      55             79         1.2003e+04      5.26e-02       9.29e-02       9.63e+02    
      56             80         1.2003e+04      2.05e-01       3.28e-01       6.73e+02    
      57             81         1.2003e+04      2.67e-01       4.95e-01       7.50e+02    
      58             82         1.2002e+04      4.25e-01       7.09e-01       6.68e+02    
      59             83         1.2002e+04      6.48e-01       9.23e-01       7.27e+02    
      60             84         1.2001e+04      1.05e+00       1.40e+00       6.93e+02    
      61             85         1.1999e+04      1.85e+00       2.45e+00       7.20e+02    
      62             86         1.1995e+04      3.33e+00       4.50e+00       6.85e+02    
      63             87         1.1989e+04      6.02e+00       8.36e+00       6.05e+02    
      64             91         1.1989e+04      3.45e-01       4.22e-01       1.46e+03    
      65             92         1.1988e+04      5.68e-01       5.77e-01       7.13e+02    
      66             93         1.1988e+04      8.24e-01       1.15e+00       1.08e+03    
      67             94         1.1986e+04      1.25e+00       1.85e+00       6.94e+02    
      68             98         1.1986e+04      4.95e-02       1.45e-01       1.46e+03    
      69             99         1.1986e+04      2.11e-01       2.14e-01       5.27e+02    
      70             100        1.1986e+04      2.08e-01       1.82e-01       8.75e+02    
      71             101        1.1986e+04      2.88e-01       2.69e-01       5.55e+02    
      72             102        1.1985e+04      4.64e-01       6.16e-01       7.43e+02    
      73             103        1.1984e+04      6.88e-01       1.10e+00       6.08e+02    
      74             104        1.1983e+04      1.16e+00       1.97e+00       7.13e+02    
      75             105        1.1981e+04      2.16e+00       3.72e+00       6.08e+02    
      76             110        1.1981e+04      3.21e-02       7.22e-02       1.10e+03    
      77             111        1.1981e+04      1.55e-01       2.31e-01       4.92e+02    
      78             112        1.1981e+04      1.97e-01       2.31e-01       8.16e+02    
      79             113        1.1980e+04      3.07e-01       3.29e-01       5.08e+02    
      80             114        1.1980e+04      5.06e-01       6.79e-01       7.57e+02    
      81             115        1.1979e+04      7.55e-01       1.16e+00       6.02e+02    
      82             116        1.1978e+04      1.24e+00       2.09e+00       8.04e+02    
      83             117        1.1976e+04      2.37e+00       4.33e+00       6.44e+02    
      84             118        1.1970e+04      5.12e+00       9.89e+00       7.26e+02    
      85             119        1.1959e+04      1.17e+01       1.73e+01       7.51e+02    
      86             123        1.1958e+04      7.43e-01       5.54e-01       3.74e+03    
      87             124        1.1957e+04      1.33e+00       1.12e+00       1.23e+03    
      88             125        1.1955e+04      1.94e+00       1.40e+00       2.31e+03    
      89             126        1.1952e+04      3.21e+00       1.64e+00       1.27e+03    
      90             127        1.1946e+04      5.61e+00       2.51e+00       2.55e+03    
      91             128        1.1938e+04      7.92e+00       4.10e+00       2.27e+03    
      92             129        1.1922e+04      1.60e+01       8.11e+00       2.49e+03    
      93             130        1.1900e+04      2.23e+01       2.37e+01       2.60e+03    
      94             134        1.1900e+04      1.12e-01       1.04e+00       4.50e+03    
      95             135        1.1896e+04      3.13e+00       1.34e+00       2.14e+03    
      96             136        1.1894e+04      2.03e+00       6.74e-01       2.99e+03    
      97             137        1.1891e+04      3.19e+00       9.37e-01       1.53e+03    
      98             138        1.1886e+04      5.62e+00       1.93e+00       3.07e+03    
      99             142        1.1885e+04      1.88e-01       6.93e-02       3.00e+03    
      100            143        1.1885e+04      8.67e-01       5.82e-01       6.18e+02    
      101            146        1.1884e+04      9.84e-02       7.34e-02       2.74e+03    
      102            147        1.1884e+04      2.24e-01       8.46e-02       3.49e+02    
      103            148        1.1884e+04      2.77e-01       1.83e-01       2.49e+02    
      104            149        1.1883e+04      4.28e-01       3.52e-01       6.84e+02    
      105            150        1.1883e+04      4.85e-01       3.59e-01       9.97e+02    
The maximum number of function evaluations is exceeded.
Function evaluations 150, initial cost 4.2421e+04, final cost 1.1883e+04, first-order optimality 9.97e+02.
round 2: clearance pairs 708, order pairs 0, residuals 67044
   Iteration     Total nfev        Cost      Cost reduction    Step norm     Optimality   
       0              1         1.5257e+04                                    7.17e+04    
       1              5         1.4995e+04      2.62e+02       1.17e+00       6.78e+04    
       2              6         1.4574e+04      4.21e+02       2.17e+00       4.27e+04    
       3              7         1.4125e+04      4.49e+02       6.27e+00       2.40e+04    
       4              8         1.3756e+04      3.69e+02       1.99e+01       1.67e+04    
       5             10         1.3658e+04      9.88e+01       1.06e+01       8.80e+03    
       6             11         1.3551e+04      1.06e+02       2.14e+01       7.69e+03    
       7             12         1.3445e+04      1.06e+02       1.97e+01       9.35e+03    
       8             14         1.3430e+04      1.47e+01       2.61e+00       3.22e+03    
       9             17         1.3429e+04      1.22e+00       5.69e-01       1.06e+03    
      10             18         1.3423e+04      5.74e+00       1.31e+00       1.06e+03    
      11             19         1.3418e+04      5.32e+00       2.78e+00       9.49e+02    
      12             21         1.3418e+04      5.78e-02       8.10e-01       9.54e+02    
      13             22         1.3416e+04      2.13e+00       1.76e-01       8.19e+02    
      14             23         1.3414e+04      1.48e+00       4.50e-01       8.94e+02    
      15             24         1.3412e+04      1.99e+00       8.37e-01       7.94e+02    
      16             25         1.3410e+04      2.15e+00       1.85e+00       6.21e+02    
      17             26         1.3407e+04      2.61e+00       1.83e+00       4.72e+02    
      18             27         1.3403e+04      3.89e+00       1.55e+00       3.86e+02    
      19             31         1.3403e+04      3.38e-01       1.01e-01       3.70e+02    
      20             32         1.3402e+04      8.19e-01       3.88e-01       4.15e+02    
      21             34         1.3402e+04      1.31e-01       2.05e-01       6.95e+02    
      22             35         1.3402e+04      6.04e-01       1.61e-01       4.44e+02    
      23             36         1.3401e+04      5.93e-01       3.58e-01       4.26e+02    
      24             37         1.3400e+04      8.10e-01       6.30e-01       3.76e+02    
      25             38         1.3399e+04      1.15e+00       8.22e-01       3.06e+02    
      26             39         1.3397e+04      1.73e+00       7.70e-01       2.86e+02    
      27             43         1.3397e+04      1.62e-01       4.41e-02       3.78e+02    
      28             44         1.3397e+04      2.75e-01       1.53e-01       2.86e+02    
      29             45         1.3397e+04      1.10e-01       2.75e-01       3.14e+03    
      30             46         1.3396e+04      8.16e-01       3.03e-01       4.91e+02    
      31             48         1.3396e+04      1.39e-01       9.48e-02       1.25e+03    
      32             49         1.3395e+04      3.68e-01       2.43e-01       3.94e+02    
      33             51         1.3395e+04      1.24e-01       9.08e-02       1.42e+03    
      34             52         1.3395e+04      3.39e-01       2.38e-01       3.54e+02    
      35             54         1.3395e+04      1.30e-01       9.49e-02       1.52e+03    
      36             55         1.3395e+04      2.54e-01       1.30e-01       3.43e+02    
      37             56         1.3394e+04      2.91e-01       2.06e-01       2.84e+02    
      38             57         1.3394e+04      4.79e-01       2.99e-01       2.22e+02    
      39             58         1.3394e+04      1.10e-01       3.88e-01       5.13e+03    
      40             59         1.3393e+04      1.06e+00       2.41e-01       4.87e+02    
      41             60         1.3392e+04      1.41e-01       2.70e-01       3.30e+03    
      42             61         1.3392e+04      8.02e-01       4.18e-01       3.52e+02    
      43             62         1.3391e+04      4.09e-01       3.39e-01       1.45e+03    
      44             63         1.3390e+04      1.21e+00       6.86e-01       2.86e+02    
      45             64         1.3389e+04      1.13e+00       5.39e-01       3.42e+03    
      46             65         1.3386e+04      3.21e+00       1.15e+00       1.91e+02    
      47             66         1.3382e+04      3.18e+00       1.36e+00       1.26e+03    
      48             67         1.3375e+04      7.51e+00       3.16e+00       7.25e+02    
      49             72         1.3375e+04      1.14e-01       5.38e-02       5.41e+02    
      50             73         1.3375e+04      1.60e-01       2.27e-01       1.34e+03    
      51             74         1.3374e+04      2.71e-01       1.70e-01       2.69e+02    
      52             75         1.3374e+04      2.62e-01       1.54e-01       1.40e+03    
      53             76         1.3373e+04      6.94e-01       3.55e-01       2.23e+02    
      54             78         1.3373e+04      2.29e-01       1.36e-01       5.48e+02    
      55             79         1.3373e+04      6.84e-01       3.48e-01       4.95e+02    
      56             80         1.3371e+04      1.13e+00       4.99e-01       1.28e+03    
      57             81         1.3370e+04      1.66e+00       7.70e-01       6.82e+02    
      58             85         1.3370e+04      3.59e-02       2.04e-02       1.30e+03    
      59             86         1.3370e+04      1.64e-01       1.11e-01       7.38e+02    
      60             87         1.3369e+04      2.90e-01       1.55e-01       9.32e+02    
      61             88         1.3369e+04      5.48e-01       2.68e-01       6.71e+02    
      62             89         1.3368e+04      9.80e-01       4.75e-01       8.98e+02    
      63             92         1.3368e+04      9.34e-02       4.26e-02       8.86e+02    
      64             93         1.3367e+04      2.32e-01       1.60e-01       4.34e+02    
      65             97         1.3367e+04      3.10e-02       7.47e-03       3.68e+02    
      66             99         1.3367e+04      6.56e-03       5.70e-03       4.06e+02    
      67             100        1.3367e+04      1.07e-02       7.27e-03       1.71e+02    
      68             101        1.3367e+04      1.62e-02       1.65e-02       1.63e+02    
      69             102        1.3367e+04      2.92e-02       3.49e-02       1.54e+02    
      70             103        1.3367e+04      5.01e-02       6.08e-02       1.40e+02    
      71             104        1.3367e+04      8.43e-02       7.81e-02       1.25e+02    
      72             105        1.3367e+04      1.46e-01       1.07e-01       1.65e+02    
      73             106        1.3367e+04      2.66e-01       1.38e-01       1.14e+02    
      74             109        1.3367e+04      1.50e-02       2.89e-02       9.97e+02    
      75             110        1.3367e+04      6.72e-02       5.83e-02       1.03e+02    
      76             111        1.3367e+04      7.34e-02       6.14e-02       9.42e+01    
      77             113        1.3367e+04      1.89e-02       3.22e-02       8.71e+02    
      78             114        1.3367e+04      5.84e-02       5.01e-02       8.66e+01    
      79             115        1.3366e+04      7.18e-02       6.01e-02       7.91e+01    
      80             117        1.3366e+04      1.72e-02       3.04e-02       8.89e+02    
      81             118        1.3366e+04      5.68e-02       4.54e-02       7.41e+01    
      82             119        1.3366e+04      7.00e-02       5.70e-02       6.81e+01    
      83             121        1.3366e+04      1.57e-02       2.91e-02       9.14e+02    
      84             122        1.3366e+04      5.59e-02       4.16e-02       6.52e+01    
      85             123        1.3366e+04      6.87e-02       5.47e-02       6.00e+01    
      86             125        1.3366e+04      1.09e-02       2.82e-02       1.03e+03    
      87             126        1.3366e+04      5.89e-02       3.93e-02       5.86e+01    
      88             127        1.3366e+04      6.75e-02       5.14e-02       5.43e+01    
      89             128        1.3366e+04      1.31e-01       7.93e-02       6.14e+01    
      90             129        1.3366e+04      2.56e-01       1.32e-01       5.48e+01    
      91             132        1.3366e+04      8.89e-03       2.17e-02       1.11e+03    
      92             133        1.3366e+04      5.90e-02       3.86e-02       5.25e+01    
      93             134        1.3366e+04      6.62e-02       4.99e-02       5.25e+01    
      94             135        1.3365e+04      1.30e-01       7.94e-02       5.48e+01    
      95             136        1.3365e+04      2.52e-01       1.31e-01       5.55e+01    
      96             139        1.3365e+04      5.59e-03       2.22e-02       1.26e+03    
      97             140        1.3365e+04      3.38e-02       8.64e-03       1.10e+02    
      98             141        1.3365e+04      1.70e-02       1.54e-02       4.91e+01    
      99             142        1.3365e+04      3.39e-02       3.74e-02       5.16e+01    
      100            143        1.3365e+04      6.61e-02       5.85e-02       5.47e+01    
      101            144        1.3365e+04      1.29e-01       9.93e-02       5.76e+01    
      102            145        1.3365e+04      2.50e-01       1.33e-01       5.75e+01    
      103            148        1.3365e+04      9.36e-03       2.19e-02       1.22e+03    
      104            149        1.3365e+04      5.51e-02       3.53e-02       5.39e+01    
      105            150        1.3365e+04      6.36e-02       4.73e-02       5.43e+01    
The maximum number of function evaluations is exceeded.
Function evaluations 150, initial cost 1.5257e+04, final cost 1.3365e+04, first-order optimality 5.43e+01.
round 3: clearance pairs 697, order pairs 0, residuals 67033
   Iteration     Total nfev        Cost      Cost reduction    Step norm     Optimality   
       0              1         1.3365e+04                                    5.43e+01    
       1              4         1.3358e+04      6.14e+00       7.13e+00       1.78e+05    
       2              7         1.3353e+04      5.10e+00       6.28e-01       1.26e+04    
       3              8         1.3352e+04      1.13e+00       1.65e+00       5.41e+03    
       4              9         1.3350e+04      2.13e+00       1.32e+00       6.43e+03    
       5             10         1.3349e+04      1.24e+00       1.33e+00       2.84e+02    
       6             12         1.3349e+04      8.95e-02       3.97e-01       3.44e+04    
       7             13         1.3348e+04      8.57e-01       1.08e+00       1.59e+03    
       8             14         1.3347e+04      7.96e-01       1.27e+00       1.56e+02    
       9             16         1.3347e+04      7.09e-02       1.36e-01       1.99e+04    
      10             18         1.3347e+04      1.18e-01       1.93e-01       5.95e+02    
      11             19         1.3347e+04      1.96e-01       4.51e-01       1.09e+02    
      12             22         1.3347e+04      2.23e-02       4.70e-02       1.12e+03    
      13             23         1.3347e+04      4.16e-02       1.22e-01       1.17e+02    
      14             24         1.3347e+04      5.07e-02       2.50e-01       1.32e+04    
      15             25         1.3346e+04      9.70e-02       2.56e-01       4.90e+02    
      16             26         1.3346e+04      6.05e-02       1.01e-01       1.79e+02    
      17             29         1.3346e+04      8.61e-03       2.59e-02       3.12e+03    
      18             30         1.3346e+04      3.07e-02       1.07e-01       2.68e+02    
      19             32         1.3346e+04      4.64e-03       2.64e-02       5.98e+03    
      20             33         1.3346e+04      2.03e-02       6.67e-02       2.10e+02    
      21             34         1.3346e+04      2.48e-02       9.64e-02       2.04e+02    
      22             36         1.3346e+04      3.73e-03       2.45e-02       6.05e+03    
      23             37         1.3346e+04      1.87e-02       6.46e-02       2.03e+02    
      24             38         1.3346e+04      2.13e-02       8.13e-02       2.05e+02    
      25             40         1.3346e+04      2.75e-03       1.91e-02       6.04e+03    
      26             41         1.3346e+04      1.71e-02       6.21e-02       2.03e+02    
      27             42         1.3346e+04      1.89e-02       7.05e-02       1.84e+02    
      28             44         1.3346e+04      2.33e-03       1.64e-02       6.00e+03    
      29             45         1.3346e+04      1.58e-02       5.94e-02       1.99e+02    
      30             46         1.3346e+04      1.70e-02       6.07e-02       1.71e+02    
      31             48         1.3346e+04      2.10e-03       1.41e-02       5.95e+03    
      32             49         1.3346e+04      1.47e-02       5.65e-02       1.94e+02    
      33             50         1.3346e+04      1.56e-02       5.29e-02       1.58e+02    
      34             52         1.3346e+04      1.91e-03       1.26e-02       5.97e+03    
      35             53         1.3346e+04      1.38e-02       5.35e-02       1.91e+02    
      36             54         1.3346e+04      1.45e-02       4.65e-02       1.43e+02    
      37             56         1.3346e+04      1.72e-03       1.16e-02       6.05e+03    
      38             57         1.3346e+04      1.31e-02       5.06e-02       1.91e+02    
      39             58         1.3346e+04      1.37e-02       4.12e-02       1.27e+02    
      40             60         1.3346e+04      1.48e-03       1.13e-02       6.22e+03    
      41             61         1.3346e+04      6.65e-03       1.20e-02       3.87e+02    
      42             62         1.3346e+04      3.82e-03       1.76e-02       6.32e+01    
      43             63         1.3346e+04      2.37e-03       4.19e-02       6.65e+03    
      44             64         1.3346e+04      1.29e-02       4.54e-02       2.13e+02    
      45             65         1.3346e+04      1.26e-02       3.27e-02       5.77e+01    
      46             67         1.3346e+04      4.88e-04       2.22e-02       7.28e+03    
      47             68         1.3346e+04      7.85e-03       1.03e-02       4.14e+02    
      48             69         1.3346e+04      3.43e-03       1.38e-02       6.05e+01    
      49             70         1.3346e+04      2.98e-03       3.83e-02       5.89e+03    
      50             71         1.3346e+04      1.09e-02       3.86e-02       1.82e+02    
      51             72         1.3346e+04      1.22e-02       3.18e-02       5.75e+01    
      52             75         1.3346e+04      1.46e-03       6.78e-03       1.37e+03    
      53             76         1.3346e+04      3.48e-03       1.43e-02       8.85e+01    
      54             77         1.3346e+04      6.62e-03       3.57e-02       6.10e+01    
      55             79         1.3346e+04      2.08e-03       1.20e-02       3.14e+03    
      56             80         1.3346e+04      4.32e-03       1.67e-02       1.37e+02    
      57             81         1.3346e+04      6.33e-03       2.73e-02       5.95e+01    
      58             83         1.3346e+04      1.27e-03       1.21e-02       4.08e+03    
      59             84         1.3346e+04      4.97e-03       1.60e-02       1.61e+02    
      60             85         1.3346e+04      6.12e-03       2.20e-02       5.55e+01    
      61             87         1.3346e+04      1.27e-03       1.16e-02       4.05e+03    
      62             88         1.3346e+04      4.85e-03       1.50e-02       1.59e+02    
      63             89         1.3346e+04      6.02e-03       2.07e-02       5.50e+01    
      64             91         1.3346e+04      1.12e-03       1.10e-02       4.19e+03    
      65             92         1.3346e+04      4.89e-03       1.39e-02       1.62e+02    
      66             93         1.3346e+04      5.94e-03       1.94e-02       5.51e+01    
      67             95         1.3346e+04      9.86e-04       1.04e-02       4.32e+03    
      68             96         1.3346e+04      4.94e-03       1.30e-02       1.64e+02    
      69             97         1.3346e+04      5.87e-03       1.81e-02       5.52e+01    
      70             99         1.3346e+04      9.07e-04       9.98e-03       4.40e+03    
      71             100        1.3346e+04      4.95e-03       1.22e-02       1.65e+02    
      72             101        1.3346e+04      5.82e-03       1.72e-02       5.53e+01    
      73             103        1.3346e+04      8.50e-04       9.49e-03       4.47e+03    
      74             104        1.3346e+04      4.95e-03       1.15e-02       1.66e+02    
      75             105        1.3346e+04      5.77e-03       1.67e-02       5.51e+01    
      76             107        1.3346e+04      8.05e-04       9.14e-03       4.52e+03    
      77             108        1.3346e+04      4.94e-03       1.07e-02       1.67e+02    
      78             109        1.3346e+04      5.74e-03       1.61e-02       5.57e+01    
      79             111        1.3346e+04      7.82e-04       8.89e-03       4.56e+03    
      80             112        1.3346e+04      4.93e-03       1.02e-02       1.67e+02    
      81             113        1.3346e+04      5.71e-03       1.55e-02       5.57e+01    
      82             115        1.3346e+04      7.69e-04       8.63e-03       4.59e+03    
      83             116        1.3346e+04      4.91e-03       9.63e-03       1.67e+02    
      84             117        1.3346e+04      5.69e-03       1.52e-02       5.57e+01    
      85             119        1.3346e+04      7.57e-04       8.42e-03       4.62e+03    
      86             120        1.3346e+04      4.89e-03       9.16e-03       1.67e+02    
      87             121        1.3346e+04      5.66e-03       1.47e-02       5.57e+01    
      88             123        1.3346e+04      7.56e-04       8.16e-03       4.64e+03    
      89             124        1.3346e+04      4.87e-03       8.74e-03       1.67e+02    
      90             125        1.3346e+04      5.65e-03       1.45e-02       5.53e+01    
      91             127        1.3346e+04      7.96e-04       7.94e-03       4.62e+03    
      92             128        1.3346e+04      4.81e-03       8.38e-03       1.66e+02    
      93             129        1.3346e+04      5.63e-03       1.43e-02       5.47e+01    
      94             131        1.3346e+04      9.09e-04       7.71e-03       4.51e+03    
      95             132        1.3346e+04      4.68e-03       8.05e-03       1.63e+02    
      96             133        1.3346e+04      5.62e-03       1.42e-02       5.52e+01    
      97             135        1.3346e+04      1.02e-03       7.45e-03       4.40e+03    
      98             136        1.3346e+04      4.56e-03       7.73e-03       1.59e+02    
      99             137        1.3346e+04      5.60e-03       1.40e-02       5.50e+01    
      100            139        1.3346e+04      1.10e-03       7.24e-03       4.31e+03    
      101            140        1.3346e+04      4.46e-03       7.44e-03       1.56e+02    
      102            141        1.3346e+04      5.59e-03       1.38e-02       5.53e+01    
      103            143        1.3346e+04      1.18e-03       7.01e-03       4.23e+03    
      104            144        1.3346e+04      4.38e-03       7.19e-03       1.54e+02    
      105            145        1.3346e+04      5.58e-03       1.37e-02       5.49e+01    
      106            147        1.3346e+04      1.24e-03       6.85e-03       4.17e+03    
      107            148        1.3346e+04      4.30e-03       6.97e-03       1.52e+02    
      108            149        1.3346e+04      5.57e-03       1.34e-02       5.54e+01    
      109            150        1.3346e+04      0.00e+00       0.00e+00       5.54e+01    
The maximum number of function evaluations is exceeded.
Function evaluations 150, initial cost 1.3365e+04, final cost 1.3346e+04, first-order optimality 5.54e+01.
c  K=160  init=raw  [round 0 nfev=126 status=2 (ftol`) cost 6825.973]  [round 1 nfev=150 status=0 (The) cost 11883.011]  [round 2 nfev=150 status=0 (The) cost 13364.500]  [round 3 nfev=150 status=0 (The) cost 13345.767]
args: {"K": 160, "bend": 30.0, "box_pose": "", "box_rings": "", "box_trace": 0.15, "bz": "", "clear": 5.0, "clear_range": "860:1066-388:483,855:880-1045:1085", "curl": "", "dbend": 500.0, "delta": 60.0, "dtwist": 500.0, "edge_fair": 0.0, "edge_w": "900:1100:L:0.3,900:1100:R:0.3", "end_pin": 50.0, "energy_ranges": "", "eps": 1.0, "face_margin": 0.3, "faceon": "900:1100:20", "faces": "docs/ribbon/turns/real/faces.json", "flat": 0.0, "flat_ranges": "", "flip_guard": 20.0, "fold": "", "fold2": "516:40:20,1188:40:20", "fold_axis": "", "fold_convex": "516:10,1188:10", "fold_eq": false, "fold_legs": 5.0, "fold_legs_len": "20", "gap": 14.0, "hide": "", "hide_auto": "", "hmax": 25.5, "hmin": 25.5, "init": "raw", "inside": 0.0, "kappa": 2.0, "keep": 3.0, "keep_free": "900:1100", "lam": 15.0, "lam_h": 50.0, "lit": "1030:1160:0.2:20", "mask": "", "max_nfev": 150, "mu": 300.0, "no_opt": false, "nu_fold": 0.4, "omega": 0.01, "order": 0.0, "out": "docs/ribbon/turns/real/S1/c", "outer": 4, "outline": 0.0, "outline_assign": "nearest", "outline_boxes": "", "outline_drop_near": "", "outline_excl": "", "outline_fixed": false, "outline_incl": "", "outline_loss": "linear", "outline_pose": "", "pin_range": "", "pose": "docs/ribbon/turns/real/P4/pose.json", "redge": 24.0, "rim_pose": "", "rim_side_mode": "centre", "rimlines": "", "rmin": 45.0, "roto": "/Users/ashmitkhurana/Development/Personal/portfolio/docs/ribbon/turns/curve/best/roto.npz", "screenw": "", "sigma": 2.0, "trace_w": 0.15, "twist": 30.0, "w_box": 2.0, "w_face": 15.0, "w_hmin": 50.0, "w_redge": 5.0, "w_rim": 0.0, "w_rmin": 5.0, "w_wfloor": 0.0, "wfloor": 0.0, "wfloor_except": "", "wfloor_mode": "perp", "wfloor_ranges": "", "zprior": "docs/ribbon/turns/real/P4/pose.json"}

edge residual css px, point-to-polyline (L and R pooled): mean 15.819  p95 61.482  max 251.906

window       edge resid (L,R pooled)                      h min/med/max          median |b.T|  #|c'|<0.6 s0
[   0, 131]  mean  14.89  p95  32.29  max  43.39           25.5/ 25.5/ 25.5      0.129         0
[ 132, 288]  mean   1.72  p95   4.81  max  11.51           25.5/ 25.5/ 25.5      0.396         0
[ 289, 483]  mean   4.66  p95  12.06  max  15.93           25.5/ 25.5/ 25.5      0.387         1
[ 484, 554]  mean   5.11  p95   9.99  max  10.44           25.5/ 25.5/ 25.5      0.514         4
[ 555, 658]  mean   1.48  p95   3.65  max   5.36           25.5/ 25.5/ 25.5      0.077         0
[ 659, 764]  mean   8.14  p95  15.47  max  16.41           25.5/ 25.5/ 25.5      0.666         0
[ 765, 940]  mean   5.82  p95  38.17  max  50.10           25.5/ 25.5/ 25.5      0.188         0
[ 941,1066]  mean  86.85  p95 246.44  max 251.91           25.5/ 25.5/ 25.5      0.238         0
[1067,1298]  mean  17.49  p95  90.04  max 240.30           25.5/ 25.5/ 25.5      0.226         0
worst window by mean: [941,1066] 86.85 px

dense (4N=5196 samples) surface normal N=TxB: angle change per sample  max 88.221 deg  p99 2.644 deg
   angle per world px of centreline arclength: max 74.4377 deg/px  (p99 4.4123)
   worst dense samples (t, deg, |b.T|): 1038.90, 88.2, 1.000; 524.70, 21.7, 0.999; 524.45, 21.5, 0.999; 1038.65, 19.2, 1.000; 524.95, 16.6, 0.999
   dense steps > 3 deg: 46, > 6 deg: 19
ripple (|second difference of unit N| per world px^2, dense): max 1.192e+00  p99 2.938e-02  median 4.038e-04
max |b.T| outside fold windows: 1.000   (inside: 0.999)
GATE: min 3D distance between non-adjacent rings (|i-j|>60, surface samples): 7.84 px; pairs < gap 14.0: 59
GATE: screen-overlap pairs (3 px) 1358, order violations (z_front - z_back < 0): 0, (< gap): 8; unique ring pairs violating: 0
end centreline offset from init: ring0 0.0 px, ring N-1 1.4 px
outside-mockup distance (5 pts across band, css px): mean 3.177  max 86.69  frac>0.5px 0.172
outline residual (css px, matched <=25 px: 1607 of 1634 pts): mean 6.142  p95 18.321  max 24.86
run time: 505.2 s
residual block norms (sum of squares): edge 1328.55, smooth 708.80, jerk 790.87, perp 135.96, dev 230.85, depth 424.48, hsm 0.05, wpr 0.00, speed 3.91, hmin 2.60, hmax 10.75, face 352.61, rmin 734.60, scrw 0.00, wf 0.00, ins 0.00, fcr 6683.50, bnd 703.36, twi 23.93, dbn 369.77, dtw 26.85, rmf 80.00, crl 14.26, lgb 541.46, cvx 70.01
