DPR2 canvases 780x1688 780x1688
DPR3 canvases 1170x2532 1170x2532
crop_apex.png  127715 B
crop_bottomk.png  265380 B
crop_endstrand.png  166223 B
crop_farleft.png  182916 B
crop_junction.png  101391 B
crop_scurve.png  220776 B
crop_topk.png  170891 B
crop_wrap.png  275129 B
hero.png  1318129 B
ribbon.png  1352490 B
ribbon_crop_apex.png  133921 B
ribbon_crop_bottomk.png  265380 B
ribbon_crop_endstrand.png  166223 B
ribbon_crop_farleft.png  182916 B
ribbon_crop_junction.png  101391 B
ribbon_crop_scurve.png  220776 B
ribbon_crop_topk.png  170891 B
ribbon_crop_wrap.png  275129 B
