fold2 crease 516 R 40: ds 1.93 n 32 (eq 484..548, ruling 478..554, legs to +-52)
fold2 crease 1188 R 40: ds 1.95 n 32 (eq 1156..1220, ruling 1150..1226, legs to +-52)
curl rings 340..405 R 35 w 60.0
curl rings 700..790 R 55 w 60.0
curl rings 925..1025 R 35 w 60.0
keep: 915 rings held (w=3.00), 909 new centreline pins
face rule: sign_A -1 (tail median N.v -0.995)
init cost 51682537.768, residuals 65238, params 1120
round 0: clearance pairs 801, order pairs 0, residuals 66039
   Iteration     Total nfev        Cost      Cost reduction    Step norm     Optimality   
       0              1         5.1683e+07                                    4.22e+05    
       1              2         7.0985e+05      5.10e+07       1.57e+02       8.84e+04    
       2              3         2.3965e+05      4.70e+05       9.14e+01       1.02e+05    
       3              5         1.1443e+05      1.25e+05       3.26e+01       2.69e+04    
       4              6         5.4866e+04      5.96e+04       6.82e+01       3.61e+05    
       5              7         1.6623e+04      3.82e+04       4.07e+01       5.23e+03    
       6              9         1.4181e+04      2.44e+03       2.09e+01       3.39e+03    
       7             11         1.3282e+04      8.99e+02       1.03e+01       2.68e+03    
       8             12         1.1973e+04      1.31e+03       2.17e+01       1.61e+03    
       9             13         1.1535e+04      4.38e+02       3.02e+01       1.07e+03    
      10             14         1.0858e+04      6.76e+02       3.22e+01       1.40e+03    
      11             16         1.0435e+04      4.23e+02       5.45e+00       6.69e+02    
      12             18         1.0372e+04      6.35e+01       3.44e+00       4.32e+02    
      13             19         1.0197e+04      1.75e+02       3.83e+00       1.51e+02    
      14             20         1.0121e+04      7.57e+01       6.66e+00       1.61e+02    
      15             21         1.0029e+04      9.19e+01       1.29e+01       1.77e+02    
      16             22         9.8620e+03      1.67e+02       1.47e+01       3.20e+02    
      17             23         9.7026e+03      1.59e+02       2.87e+01       5.95e+02    
      18             25         9.5997e+03      1.03e+02       1.43e+01       3.65e+02    
      19             26         9.4905e+03      1.09e+02       2.94e+01       6.43e+02    
      20             28         9.4295e+03      6.10e+01       9.59e+00       2.22e+02    
      21             29         9.3706e+03      5.89e+01       1.91e+01       1.82e+02    
      22             31         9.3488e+03      2.18e+01       6.63e+00       1.14e+02    
      23             32         9.3135e+03      3.53e+01       1.33e+01       3.01e+02    
      24             33         9.2572e+03      5.63e+01       1.18e+01       3.06e+02    
      25             34         9.2187e+03      3.85e+01       9.03e+00       7.72e+01    
      26             35         9.1924e+03      2.63e+01       4.74e+00       6.27e+01    
      27             36         9.1743e+03      1.81e+01       5.67e+00       5.02e+01    
      28             37         9.1629e+03      1.14e+01       8.14e+00       4.26e+01    
      29             38         9.1577e+03      5.22e+00       1.00e+01       3.61e+01    
      30             39         9.1528e+03      4.95e+00       9.34e+00       8.14e+01    
      31             40         9.1462e+03      6.59e+00       7.85e+00       2.57e+01    
      32             41         9.1419e+03      4.26e+00       6.50e+00       2.13e+01    
      33             42         9.1359e+03      6.01e+00       7.10e+00       1.78e+01    
      34             43         9.1338e+03      2.14e+00       9.53e+00       1.50e+01    
      35             45         9.1302e+03      3.58e+00       2.98e+00       1.42e+01    
      36             46         9.1283e+03      1.85e+00       5.11e+00       1.00e+01    
      37             47         9.1281e+03      2.81e-01       5.93e+00       9.26e+00    
      38             49         9.1274e+03      6.66e-01       1.32e+00       8.77e+00    
      39             50         9.1270e+03      4.36e-01       1.94e+00       7.52e+00    
      40             51         9.1267e+03      2.44e-01       6.60e-01       7.29e+00    
      41             52         9.1265e+03      2.46e-01       7.47e-01       7.43e+00    
      42             53         9.1260e+03      4.34e-01       1.46e+00       7.66e+00    
      43             54         9.1252e+03      8.00e-01       2.95e+00       7.66e+00    
      44             55         9.1240e+03      1.26e+00       5.43e+00       1.80e+01    
      45             56         9.1229e+03      1.07e+00       5.53e+00       1.93e+01    
      46             57         9.1228e+03      1.44e-01       2.36e+00       4.49e+00    
      47             59         9.1227e+03      1.08e-01       1.13e+00       1.15e+01    
      48             60         9.1226e+03      5.73e-02       8.27e-01       1.62e+00    
      49             61         9.1225e+03      9.63e-02       2.70e-01       1.62e+00    
      50             62         9.1225e+03      1.11e-02       3.86e-01       1.60e+00    
      51             63         9.1225e+03      1.57e-02       1.20e-01       1.60e+00    
      52             64         9.1225e+03      2.15e-03       4.07e-02       1.58e+00    
      53             65         9.1225e+03      2.70e-03       1.63e-02       1.58e+00    
      54             66         9.1225e+03      3.85e-03       1.85e-02       1.58e+00    
      55             67         9.1225e+03      6.10e-03       3.15e-02       1.59e+00    
      56             68         9.1224e+03      1.12e-02       6.22e-02       1.61e+00    
      57             69         9.1224e+03      2.15e-02       1.24e-01       1.64e+00    
      58             70         9.1224e+03      4.19e-02       2.50e-01       1.71e+00    
      59             71         9.1223e+03      8.10e-02       5.07e-01       1.83e+00    
      60             72         9.1221e+03      1.55e-01       1.03e+00       1.90e+00    
      61             73         9.1219e+03      2.92e-01       2.07e+00       3.36e+00    
      62             74         9.1213e+03      5.03e-01       4.02e+00       2.58e+01    
      63             78         9.1213e+03      5.73e-03       3.97e-02       1.35e+01    
      64             79         9.1213e+03      1.62e-02       6.59e-02       5.28e+00    
      65             80         9.1213e+03      9.65e-03       5.30e-02       1.04e+01    
      66             81         9.1213e+03      1.51e-02       9.81e-02       2.06e+00    
      67             82         9.1213e+03      2.54e-02       1.93e-01       1.08e+00    
      68             83         9.1212e+03      4.39e-02       3.70e-01       1.06e+00    
      69             84         9.1211e+03      8.38e-02       7.16e-01       1.01e+00    
      70             85         9.1210e+03      1.60e-01       1.44e+00       2.41e+00    
      71             86         9.1209e+03      4.72e-02       7.95e-01       5.45e+00    
      72             87         9.1209e+03      2.40e-02       5.95e-01       1.66e+00    
      73             89         9.1209e+03      2.18e-02       2.24e-01       6.89e+00    
      74             90         9.1209e+03      1.63e-02       1.73e-01       2.63e+00    
      75             91         9.1209e+03      7.65e-03       1.34e-01       1.20e+00    
      76             92         9.1209e+03      5.81e-03       7.50e-02       9.67e-01    
      77             93         9.1209e+03      7.71e-03       5.89e-02       9.66e-01    
      78             94         9.1208e+03      1.33e-02       1.15e-01       9.58e-01    
      79             95         9.1208e+03      2.49e-02       2.33e-01       9.41e-01    
      80             96         9.1208e+03      4.87e-02       4.69e-01       9.10e-01    
      81             97         9.1207e+03      9.34e-02       9.32e-01       9.78e-01    
      82             98         9.1207e+03      1.44e-02       8.36e-01       4.08e+00    
      83             100        9.1206e+03      3.94e-02       3.80e-01       6.34e+00    
      84             101        9.1206e+03      1.22e-02       2.74e-01       9.22e-01    
      85             103        9.1206e+03      7.31e-03       2.44e-01       2.47e+00    
      86             105        9.1206e+03      4.15e-03       6.25e-02       1.69e+00    
      87             106        9.1206e+03      9.78e-04       3.31e-02       9.15e-01    
      88             107        9.1206e+03      8.52e-04       1.56e-02       9.10e-01    
      89             108        9.1206e+03      1.57e-03       1.57e-02       9.06e-01    
      90             109        9.1206e+03      3.00e-03       2.99e-02       8.98e-01    
      91             110        9.1206e+03      5.77e-03       5.92e-02       8.86e-01    
      92             111        9.1206e+03      1.11e-02       1.17e-01       8.67e-01    
      93             112        9.1206e+03      2.18e-02       2.32e-01       8.41e-01    
      94             113        9.1205e+03      4.29e-02       4.61e-01       8.28e-01    
      95             114        9.1204e+03      8.16e-02       9.36e-01       2.25e+00    
      96             115        9.1204e+03      7.30e-03       2.56e-01       8.99e-01    
      97             117        9.1204e+03      6.49e-03       1.27e-01       1.12e+00    
      98             118        9.1204e+03      4.97e-03       1.13e-01       7.84e-01    
      99             120        9.1204e+03      1.33e-03       1.03e-01       7.84e-01    
      100            122        9.1204e+03      1.23e-03       4.76e-02       1.14e+00    
      101            123        9.1204e+03      3.70e-04       3.44e-02       7.88e-01    
      102            124        9.1204e+03      2.55e-04       2.98e-02       7.90e-01    
      103            125        9.1204e+03      2.94e-04       2.96e-02       7.92e-01    
      104            126        9.1204e+03      3.71e-04       1.65e-02       7.93e-01    
      105            127        9.1204e+03      5.99e-04       6.72e-03       7.93e-01    
      106            128        9.1204e+03      1.18e-03       1.34e-02       7.93e-01    
      107            129        9.1204e+03      2.36e-03       2.68e-02       7.91e-01    
      108            130        9.1204e+03      4.72e-03       5.37e-02       7.89e-01    
      109            131        9.1204e+03      9.40e-03       1.07e-01       7.82e-01    
      110            132        9.1204e+03      1.87e-02       2.15e-01       7.70e-01    
      111            133        9.1203e+03      3.69e-02       4.29e-01       7.49e-01    
      112            134        9.1203e+03      7.20e-02       8.62e-01       1.13e+00    
      113            135        9.1202e+03      2.28e-02       1.19e+00       6.32e+00    
      114            137        9.1202e+03      3.25e-02       4.34e-01       4.93e+00    
      115            138        9.1202e+03      1.51e-02       5.35e-01       6.96e-01    
      116            139        9.1202e+03      6.72e-04       4.45e-01       7.09e-01    
      117            140        9.1202e+03      1.84e-03       2.48e-01       7.07e-01    
      118            141        9.1202e+03      2.53e-03       9.90e-02       7.06e-01    
      119            143        9.1202e+03      1.13e-03       2.66e-02       7.05e-01    
      120            144        9.1202e+03      2.25e-04       1.17e-02       7.04e-01    
      121            145        9.1202e+03      2.49e-04       1.31e-02       7.03e-01    
      122            146        9.1202e+03      4.14e-04       1.41e-02       7.02e-01    
      123            147        9.1202e+03      7.61e-04       2.01e-02       7.00e-01    
      124            148        9.1202e+03      1.42e-03       3.07e-02       6.97e-01    
      125            149        9.1202e+03      2.69e-03       4.01e-02       6.93e-01    
      126            150        9.1202e+03      5.31e-03       6.78e-02       6.89e-01    
The maximum number of function evaluations is exceeded.
Function evaluations 150, initial cost 5.1683e+07, final cost 9.1202e+03, first-order optimality 6.89e-01.
round 1: clearance pairs 380, order pairs 0, residuals 65618
   Iteration     Total nfev        Cost      Cost reduction    Step norm     Optimality   
       0              1         3.0289e+04                                    2.60e+04    
       1              5         2.4726e+04      5.56e+03       4.44e+00       9.48e+03    
       2              6         1.8460e+04      6.27e+03       1.47e+01       4.38e+03    
       3              7         1.5699e+04      2.76e+03       2.18e+01       2.08e+03    
       4              8         1.4524e+04      1.17e+03       2.36e+01       1.41e+03    
       5              9         1.4488e+04      3.60e+01       4.88e+01       1.79e+03    
       6             10         1.3708e+04      7.80e+02       6.29e+00       2.72e+03    
       7             11         1.3441e+04      2.67e+02       9.42e+00       2.53e+03    
       8             12         1.3262e+04      1.79e+02       2.00e+01       4.15e+03    
       9             13         1.3061e+04      2.01e+02       1.94e+01       2.69e+03    
      10             14         1.2795e+04      2.66e+02       1.22e+01       3.70e+03    
      11             15         1.2682e+04      1.13e+02       1.84e+01       2.35e+02    
      12             17         1.2646e+04      3.70e+01       9.64e+00       3.41e+02    
      13             18         1.2584e+04      6.11e+01       1.84e+01       2.43e+03    
      14             19         1.2520e+04      6.44e+01       3.65e+01       1.26e+04    
      15             20         1.2372e+04      1.48e+02       4.04e+01       2.28e+04    
      16             21         1.1004e+04      1.37e+03       3.61e+01       2.77e+04    
      17             22         1.0431e+04      5.73e+02       4.77e+01       7.55e+03    
      18             24         9.8800e+03      5.51e+02       1.02e+01       2.02e+03    
      19             25         9.5602e+03      3.20e+02       2.42e+01       7.55e+03    
      20             26         9.3191e+03      2.41e+02       4.07e+01       6.83e+02    
      21             28         9.2670e+03      5.21e+01       2.08e+01       5.58e+02    
      22             29         9.2404e+03      2.66e+01       4.31e+01       1.61e+03    
      23             30         9.1907e+03      4.97e+01       2.67e+01       2.06e+03    
      24             31         9.1650e+03      2.57e+01       2.52e+01       9.33e+02    
      25             35         9.1598e+03      5.16e+00       9.47e-01       5.20e+02    
      26             36         9.1563e+03      3.49e+00       4.18e+00       5.41e+01    
      27             37         9.1550e+03      1.30e+00       2.92e+00       1.33e+01    
      28             38         9.1541e+03      8.84e-01       1.98e+00       5.89e+00    
      29             39         9.1530e+03      1.10e+00       2.41e+00       1.58e+01    
      30             40         9.1514e+03      1.58e+00       4.72e+00       2.21e+02    
      31             41         9.1485e+03      2.90e+00       1.00e+01       2.35e+02    
      32             42         9.1462e+03      2.33e+00       1.05e+01       2.84e+02    
      33             43         9.1448e+03      1.44e+00       6.19e+00       7.92e+01    
      34             44         9.1444e+03      4.08e-01       4.38e+00       3.55e+01    
      35             46         9.1441e+03      3.05e-01       1.02e+00       1.47e+01    
      36             47         9.1439e+03      2.05e-01       1.35e+00       6.59e+00    
      37             48         9.1437e+03      1.87e-01       2.44e+00       1.33e+01    
      38             50         9.1435e+03      1.17e-01       6.63e-01       4.17e+00    
      39             51         9.1435e+03      6.53e-02       3.82e-01       1.75e+00    
      40             52         9.1434e+03      7.06e-02       5.99e-01       1.94e+00    
      41             53         9.1433e+03      1.36e-01       1.17e+00       4.65e+00    
      42             54         9.1431e+03      1.31e-01       1.19e+00       4.76e+00    
      43             56         9.1431e+03      2.26e-02       3.62e-01       2.02e+00    
      44             57         9.1431e+03      8.92e-03       4.12e-01       1.37e+00    
      45             59         9.1431e+03      1.47e-02       1.08e-01       1.30e+00    
      46             60         9.1431e+03      4.94e-03       1.03e-01       1.30e+00    
      47             61         9.1431e+03      2.11e-03       5.14e-02       1.30e+00    
      48             62         9.1431e+03      2.20e-03       2.39e-02       1.31e+00    
      49             63         9.1431e+03      3.78e-03       4.18e-02       1.33e+00    
      50             64         9.1431e+03      6.91e-03       7.79e-02       1.35e+00    
      51             65         9.1431e+03      1.30e-02       1.48e-01       1.39e+00    
      52             66         9.1430e+03      2.44e-02       2.84e-01       1.48e+00    
      53             67         9.1430e+03      4.44e-02       5.33e-01       1.65e+00    
      54             68         9.1429e+03      6.24e-02       7.80e-01       1.57e+00    
      55             69         9.1429e+03      5.43e-02       7.85e-01       1.62e+00    
      56             70         9.1429e+03      6.13e-03       2.13e-01       1.31e+00    
      57             72         9.1429e+03      5.00e-03       1.19e-01       1.24e+00    
      58             74         9.1429e+03      2.19e-03       5.76e-02       1.27e+00    
      59             75         9.1429e+03      6.95e-04       2.71e-02       1.31e+00    
      60             76         9.1429e+03      9.05e-04       1.39e-02       1.31e+00    
      61             77         9.1429e+03      1.70e-03       1.68e-02       1.32e+00    
      62             78         9.1429e+03      3.33e-03       3.26e-02       1.32e+00    
      63             79         9.1429e+03      6.55e-03       6.37e-02       1.31e+00    
      64             80         9.1428e+03      1.29e-02       1.25e-01       1.31e+00    
      65             81         9.1428e+03      2.50e-02       2.45e-01       1.31e+00    
      66             82         9.1428e+03      2.33e-03       3.70e-01       2.01e+00    
      67             84         9.1428e+03      1.60e-02       2.08e-01       3.16e+00    
      68             85         9.1428e+03      5.35e-03       5.75e-02       1.34e+00    
      69             86         9.1428e+03      3.42e-03       9.71e-02       1.35e+00    
      70             88         9.1428e+03      8.63e-04       8.08e-02       1.35e+00    
      71             90         9.1428e+03      6.70e-04       3.68e-02       1.35e+00    
      72             91         9.1428e+03      2.45e-04       9.66e-03       1.34e+00    
      73             92         9.1428e+03      3.86e-04       4.76e-03       1.34e+00    
      74             93         9.1428e+03      7.64e-04       7.79e-03       1.34e+00    
      75             94         9.1428e+03      1.52e-03       1.53e-02       1.33e+00    
      76             95         9.1428e+03      3.01e-03       3.01e-02       1.32e+00    
      77             96         9.1428e+03      5.98e-03       5.96e-02       1.30e+00    
      78             97         9.1428e+03      1.18e-02       1.19e-01       1.28e+00    
      79             98         9.1427e+03      2.29e-02       2.37e-01       1.38e+00    
      80             99         9.1427e+03      6.73e-04       2.09e-01       2.04e+00    
      81             100        9.1427e+03      3.38e-03       3.10e-01       1.22e+00    
      82             101        9.1427e+03      3.24e-03       1.93e-01       1.26e+00    
      83             102        9.1427e+03      2.34e-03       5.16e-02       1.26e+00    
      84             103        9.1427e+03      2.81e-04       3.63e-02       1.29e+00    
      85             104        9.1427e+03      1.91e-04       2.50e-02       1.30e+00    
      86             105        9.1427e+03      1.83e-04       9.45e-03       1.30e+00    
      87             106        9.1427e+03      3.06e-04       5.09e-03       1.30e+00    
      88             107        9.1427e+03      5.98e-04       8.54e-03       1.30e+00    
      89             108        9.1427e+03      1.17e-03       1.51e-02       1.30e+00    
      90             109        9.1427e+03      2.32e-03       2.47e-02       1.29e+00    
      91             110        9.1427e+03      4.61e-03       4.90e-02       1.28e+00    
      92             111        9.1427e+03      9.10e-03       9.85e-02       1.29e+00    
      93             112        9.1427e+03      4.98e-03       3.71e-01       1.34e+00    
      94             114        9.1427e+03      9.75e-03       1.79e-01       2.17e+00    
      95             115        9.1427e+03      3.12e-03       1.54e-01       1.32e+00    
      96             117        9.1427e+03      6.48e-04       6.17e-02       1.32e+00    
      97             118        9.1427e+03      1.27e-04       6.02e-02       1.30e+00    
      98             119        9.1427e+03      3.38e-04       4.04e-02       1.30e+00    
      99             121        9.1427e+03      1.38e-04       1.20e-02       1.30e+00    
      100            122        9.1427e+03      3.77e-05       5.37e-03       1.30e+00    
`ftol` termination condition is satisfied.
Function evaluations 122, initial cost 3.0289e+04, final cost 9.1427e+03, first-order optimality 1.30e+00.
round 2: clearance pairs 57, order pairs 0, residuals 65295
   Iteration     Total nfev        Cost      Cost reduction    Step norm     Optimality   
       0              1         9.1427e+03                                    1.30e+00    
       1              2         9.1424e+03      2.44e-01       3.24e+00       3.31e+01    
       2              3         9.1424e+03      9.47e-02       9.45e-01       1.58e+01    
       3              4         9.1423e+03      3.06e-02       3.38e+00       6.61e+00    
       4              6         9.1423e+03      4.01e-02       3.32e-01       5.97e+00    
       5              7         9.1423e+03      2.01e-02       4.56e-01       9.29e-01    
       6              9         9.1423e+03      3.54e-03       1.66e-01       1.98e+00    
       7             11         9.1423e+03      2.28e-03       6.74e-02       1.02e+00    
       8             12         9.1423e+03      3.58e-04       5.95e-02       4.53e-01    
       9             14         9.1423e+03      4.24e-04       2.15e-02       3.04e-01    
      10             15         9.1423e+03      1.73e-04       1.02e-02       3.95e-01    
      11             16         9.1423e+03      1.97e-04       9.99e-03       3.32e-01    
      12             17         9.1423e+03      3.25e-04       1.74e-02       4.41e-01    
      13             18         9.1423e+03      5.99e-04       3.16e-02       2.32e-01    
      14             19         9.1423e+03      1.14e-03       6.02e-02       4.44e-01    
      15             20         9.1423e+03      2.19e-03       1.18e-01       1.64e-01    
      16             21         9.1422e+03      4.18e-03       2.35e-01       1.89e-01    
      17             22         9.1422e+03      7.85e-03       4.63e-01       3.63e-01    
      18             23         9.1422e+03      1.40e-02       9.34e-01       1.20e+00    
      19             24         9.1422e+03      2.03e-03       2.55e-01       5.65e-01    
      20             25         9.1422e+03      9.87e-04       2.31e-01       3.35e-01    
      21             27         9.1422e+03      1.65e-03       5.11e-02       6.54e-01    
      22             28         9.1422e+03      8.32e-04       2.22e-02       1.58e-01    
      23             29         9.1422e+03      5.20e-04       3.81e-02       3.11e-01    
      24             30         9.1422e+03      3.41e-04       3.81e-02       1.10e-01    
      25             31         9.1422e+03      7.28e-05       6.63e-02       2.39e-01    
      26             32         9.1422e+03      2.59e-04       3.78e-02       1.99e-01    
      27             34         9.1422e+03      1.21e-04       9.23e-03       2.28e-01    
      28             35         9.1422e+03      3.41e-05       4.88e-03       2.11e-01    
`ftol` termination condition is satisfied.
Function evaluations 35, initial cost 9.1427e+03, final cost 9.1422e+03, first-order optimality 2.11e-01.
round 3: clearance pairs 54, order pairs 0, residuals 65292
   Iteration     Total nfev        Cost      Cost reduction    Step norm     Optimality   
       0              1         9.1422e+03                                    2.11e-01    
       1              3         9.1422e+03      2.09e-02       2.13e+00       2.06e+00    
       2              4         9.1422e+03      4.84e-03       6.78e-01       1.15e+00    
       3              6         9.1422e+03      2.54e-03       2.09e-01       1.12e+00    
       4              7         9.1422e+03      2.03e-03       3.86e-01       2.35e-01    
       5              9         9.1422e+03      4.97e-04       1.04e-01       2.43e-01    
       6             10         9.1422e+03      7.87e-04       4.05e-02       7.07e-02    
       7             12         9.1422e+03      1.67e-04       9.59e-03       1.63e-01    
       8             13         9.1422e+03      5.16e-05       5.16e-03       9.40e-02    
`ftol` termination condition is satisfied.
Function evaluations 13, initial cost 9.1422e+03, final cost 9.1422e+03, first-order optimality 9.40e-02.
c  K=160  init=perp  [round 0 nfev=150 status=0 (The) cost 9120.176]  [round 1 nfev=122 status=2 (ftol`) cost 9142.692]  [round 2 nfev=35 status=2 (ftol`) cost 9142.218]  [round 3 nfev=13 status=2 (ftol`) cost 9142.186]
args: {"K": 160, "bend": 30.0, "box_pose": "", "box_rings": "", "box_trace": 0.15, "bz": "", "clear": 5.0, "clear_range": "860:1066-388:483", "curl": "340:405:35:60,700:790:55:60,925:1025:35:60", "dbend": 500.0, "delta": 60.0, "dtwist": 500.0, "edge_fair": 0.0, "edge_w": "", "end_pin": 50.0, "energy_ranges": "", "eps": 1.0, "face_margin": 0.3, "faceon": "925:1025:20", "faces": "docs/ribbon/turns/real/faces.json", "flat": 0.0, "flat_ranges": "", "flip_guard": 20.0, "fold": "", "fold2": "516:40:20,1188:40:20", "fold_axis": "", "fold_convex": "516:10,1188:10", "fold_eq": false, "fold_legs": 5.0, "fold_legs_len": "20", "gap": 14.0, "hide": "", "hide_auto": "", "hmax": 25.5, "hmin": 25.5, "init": "perp", "inside": 0.0, "kappa": 2.0, "keep": 3.0, "keep_free": "335:410,535:580,655:795,915:1035", "lam": 15.0, "lam_h": 50.0, "mask": "", "max_nfev": 150, "mu": 300.0, "no_opt": false, "nu_fold": 0.4, "omega": 0.01, "order": 0.0, "out": "docs/ribbon/turns/real/J2/c", "outer": 4, "outline": 0.0, "outline_assign": "nearest", "outline_boxes": "", "outline_drop_near": "", "outline_excl": "", "outline_fixed": false, "outline_incl": "", "outline_loss": "linear", "outline_pose": "", "pin_range": "", "pose": "docs/ribbon/turns/real/X3/pose.json", "redge": 24.0, "rim_pose": "", "rim_side_mode": "centre", "rimlines": "", "rmin": 45.0, "roto": "/Users/ashmitkhurana/Development/Personal/portfolio/docs/ribbon/turns/curve/best/roto.npz", "screenw": "", "sigma": 2.0, "trace_w": 0.15, "twist": 30.0, "w_box": 2.0, "w_face": 15.0, "w_hmin": 50.0, "w_redge": 5.0, "w_rim": 0.0, "w_rmin": 5.0, "w_wfloor": 0.0, "wfloor": 0.0, "wfloor_except": "", "wfloor_mode": "perp", "wfloor_ranges": "", "zprior": "docs/ribbon/turns/real/X3/pose.json"}

edge residual css px, point-to-polyline (L and R pooled): mean 9.680  p95 44.130  max 66.409

window       edge resid (L,R pooled)                      h min/med/max          median |b.T|  #|c'|<0.6 s0
[   0, 131]  mean  15.32  p95  34.70  max  49.79           25.5/ 25.5/ 25.5      0.001         0
[ 132, 288]  mean   4.47  p95  14.54  max  20.98           25.5/ 25.5/ 25.5      0.002         0
[ 289, 483]  mean   7.52  p95  23.88  max  26.13           25.5/ 25.5/ 25.5      0.005         0
[ 484, 554]  mean   8.21  p95  29.99  max  34.89           25.5/ 25.5/ 25.5      0.043         0
[ 555, 658]  mean   1.18  p95   3.13  max   3.45           25.5/ 25.5/ 25.5      0.001         0
[ 659, 764]  mean  16.57  p95  55.48  max  58.39           25.5/ 25.5/ 25.5      0.004         0
[ 765, 940]  mean   4.14  p95  15.88  max  34.51           25.5/ 25.5/ 25.5      0.009         0
[ 941,1066]  mean  33.85  p95  62.75  max  66.41           25.5/ 25.5/ 25.5      0.007         0
[1067,1298]  mean   4.00  p95  13.08  max  27.75           25.5/ 25.5/ 25.5      0.003         0
worst window by mean: [941,1066] 33.85 px

dense (4N=5196 samples) surface normal N=TxB: angle change per sample  max 4.346 deg  p99 2.058 deg
   angle per world px of centreline arclength: max 7.9477 deg/px  (p99 3.4384)
   worst dense samples (t, deg, |b.T|): 524.95, 4.3, 0.265; 524.70, 4.3, 0.256; 525.20, 4.3, 0.272; 524.45, 4.3, 0.244; 525.45, 4.3, 0.275
   dense steps > 3 deg: 20, > 6 deg: 0
ripple (|second difference of unit N| per world px^2, dense): max 1.954e-02  p99 1.332e-02  median 4.138e-04
max |b.T| outside fold windows: 0.288   (inside: 0.647)
GATE: min 3D distance between non-adjacent rings (|i-j|>60, surface samples): 13.94 px; pairs < gap 14.0: 2
GATE: screen-overlap pairs (3 px) 1484, order violations (z_front - z_back < 0): 0, (< gap): 2; unique ring pairs violating: 0
end centreline offset from init: ring0 0.0 px, ring N-1 1.4 px
outside-mockup distance (5 pts across band, css px): mean 2.374  max 48.85  frac>0.5px 0.167
outline residual (css px, matched <=25 px: 1615 of 1634 pts): mean 6.263  p95 17.577  max 24.61
run time: 307.6 s
residual block norms (sum of squares): edge 1457.96, smooth 5174.39, jerk 151.05, perp 200.71, dev 3610.02, depth 575.26, hsm 0.00, wpr 0.00, speed 0.00, hmin 0.01, hmax 0.01, face 1964.51, rmin 81.65, scrw 0.00, wf 0.00, ins 0.00, fcr 18.12, bnd 676.64, twi 180.52, dbn 163.18, dtw 72.21, rmf 61.41, crl 274.16, lgb 50.96, cvx 271.49
