DPR2 canvases 780x1688 780x1688
DPR3 canvases 1170x2532 1170x2532
crop_apex.png  125049 B
crop_bottomk.png  250913 B
crop_endstrand.png  165087 B
crop_farleft.png  175077 B
crop_junction.png  101840 B
crop_scurve.png  213732 B
crop_topk.png  163937 B
crop_wrap.png  269152 B
hero.png  1311733 B
ribbon.png  1344080 B
ribbon_crop_apex.png  132471 B
ribbon_crop_bottomk.png  250913 B
ribbon_crop_endstrand.png  165087 B
ribbon_crop_farleft.png  175077 B
ribbon_crop_junction.png  101840 B
ribbon_crop_scurve.png  213732 B
ribbon_crop_topk.png  163937 B
ribbon_crop_wrap.png  269152 B
