lit rings 1030..1175 t 0.30 w 30.0
fold2 crease 516 R 40: ds 1.93 n 32 (eq 484..548, ruling 478..554, legs to +-52)
fold2 crease 1188 R 40: ds 1.95 n 32 (eq 1156..1220, ruling 1150..1226, legs to +-52)
curl rings 340..405 R 35 w 60.0
curl rings 690..790 R 60 w 60.0
curl rings 925..1025 R 40 w 60.0
keep: 613 rings held (w=3.00), 608 new centreline pins
face rule: sign_A -1 (tail median N.v -0.995)
init cost 193146.083, residuals 63429, params 1120
round 0: clearance pairs 748, order pairs 0, residuals 64177
   Iteration     Total nfev        Cost      Cost reduction    Step norm     Optimality   
       0              1         1.9315e+05                                    1.31e+04    
       1              4         1.0806e+05      8.51e+04       1.59e+01       1.34e+04    
       2              6         8.2240e+04      2.58e+04       6.00e+00       1.19e+04    
       3              7         5.0708e+04      3.15e+04       1.23e+01       1.10e+04    
       4              8         2.6279e+04      2.44e+04       2.05e+01       2.15e+04    
       5             10         2.1084e+04      5.20e+03       1.01e+01       3.47e+03    
       6             11         1.3971e+04      7.11e+03       1.75e+01       2.45e+03    
       7             12         8.1827e+03      5.79e+03       3.17e+01       1.40e+03    
       8             14         6.9151e+03      1.27e+03       8.92e+00       1.00e+03    
       9             15         5.5683e+03      1.35e+03       1.78e+01       4.51e+02    
      10             17         5.3667e+03      2.02e+02       1.10e+01       4.16e+02    
      11             18         5.1596e+03      2.07e+02       2.13e+01       5.51e+02    
      12             19         5.1174e+03      4.22e+01       3.73e+01       1.92e+03    
      13             21         4.9552e+03      1.62e+02       4.43e+00       8.90e+02    
      14             22         4.9329e+03      2.23e+01       6.13e+00       1.18e+03    
      15             23         4.8551e+03      7.78e+01       5.94e+00       3.33e+02    
      16             25         4.8132e+03      4.19e+01       2.74e+00       3.25e+02    
      17             26         4.7815e+03      3.17e+01       2.76e+00       2.99e+02    
      18             27         4.7703e+03      1.13e+01       4.89e+00       3.16e+02    
      19             28         4.7557e+03      1.46e+01       6.19e+00       2.87e+02    
      20             30         4.7339e+03      2.18e+01       3.36e+00       2.65e+02    
      21             31         4.7284e+03      5.50e+00       2.23e+00       4.06e+02    
      22             32         4.7192e+03      9.18e+00       3.22e+00       2.20e+02    
      23             34         4.7107e+03      8.49e+00       1.62e+00       1.85e+02    
      24             35         4.7056e+03      5.07e+00       7.12e-01       1.67e+02    
      25             36         4.7019e+03      3.76e+00       1.02e+00       1.55e+02    
      26             37         4.6983e+03      3.58e+00       1.32e+00       1.53e+02    
      27             38         4.6981e+03      2.16e-01       1.81e+00       2.36e+02    
      28             39         4.6930e+03      5.03e+00       7.83e-01       1.24e+02    
      29             40         4.6906e+03      2.41e+00       5.87e-01       1.09e+02    
      30             41         4.6877e+03      2.89e+00       1.02e+00       1.15e+02    
      31             42         4.6833e+03      4.46e+00       1.97e+00       1.25e+02    
      32             43         4.6769e+03      6.36e+00       3.31e+00       1.37e+02    
      33             44         4.6670e+03      9.93e+00       6.02e+00       1.49e+02    
      34             45         4.6645e+03      2.49e+00       1.19e+01       2.49e+02    
      35             47         4.6498e+03      1.47e+01       9.85e-01       1.53e+02    
      36             48         4.6458e+03      3.98e+00       1.76e+00       1.46e+02    
      37             49         4.6417e+03      4.16e+00       2.65e+00       1.43e+02    
      38             50         4.6353e+03      6.34e+00       4.89e+00       2.10e+02    
      39             51         4.6256e+03      9.77e+00       9.12e+00       1.93e+02    
      40             53         4.6206e+03      4.98e+00       4.99e+00       4.23e+02    
      41             54         4.6139e+03      6.73e+00       4.52e+00       2.07e+02    
      42             55         4.6054e+03      8.48e+00       8.62e+00       2.00e+02    
      43             57         4.6020e+03      3.42e+00       4.51e+00       2.47e+02    
      44             61         4.6015e+03      4.66e-01       1.32e-01       7.16e+02    
      45             62         4.6004e+03      1.14e+00       1.14e-01       1.09e+02    
      46             63         4.5996e+03      7.84e-01       2.11e-01       9.65e+01    
      47             64         4.5990e+03      6.10e-01       4.57e-01       1.22e+02    
      48             65         4.5984e+03      5.52e-01       4.90e-01       1.09e+02    
      49             67         4.5979e+03      5.11e-01       1.67e-01       1.32e+02    
      50             68         4.5974e+03      4.96e-01       2.14e-01       7.89e+01    
      51             69         4.5968e+03      5.54e-01       4.00e-01       1.23e+02    
      52             71         4.5966e+03      2.78e-01       1.38e-01       1.02e+02    
      53             72         4.5962e+03      4.17e-01       2.05e-01       7.27e+01    
      54             73         4.5956e+03      5.25e-01       4.01e-01       1.07e+02    
      55             74         4.5949e+03      7.14e-01       6.37e-01       9.17e+01    
      56             75         4.5937e+03      1.19e+00       1.18e+00       1.24e+02    
      57             76         4.5918e+03      1.90e+00       2.17e+00       9.24e+01    
      58             77         4.5887e+03      3.14e+00       4.22e+00       1.20e+02    
      59             79         4.5872e+03      1.50e+00       2.14e+00       1.80e+02    
      60             80         4.5845e+03      2.69e+00       4.45e+00       1.16e+02    
      61             82         4.5833e+03      1.16e+00       2.45e+00       2.88e+02    
      62             83         4.5820e+03      1.32e+00       2.43e+00       1.48e+02    
      63             85         4.5810e+03      1.02e+00       7.55e-01       3.41e+02    
      64             86         4.5800e+03      9.56e-01       7.32e-01       7.05e+01    
      65             88         4.5797e+03      3.46e-01       2.86e-01       1.87e+02    
      66             89         4.5796e+03      8.22e-02       3.25e-01       5.33e+01    
      67             90         4.5793e+03      2.91e-01       8.86e-02       4.99e+01    
      68             91         4.5791e+03      2.06e-01       1.59e-01       4.44e+01    
      69             92         4.5790e+03      1.27e-01       1.37e-01       3.81e+01    
      70             93         4.5789e+03      1.11e-01       1.60e-01       3.38e+01    
      71             94         4.5788e+03      8.65e-02       1.61e-01       3.08e+01    
      72             95         4.5787e+03      8.94e-02       1.61e-01       2.83e+01    
      73             96         4.5786e+03      7.97e-02       1.64e-01       2.62e+01    
      74             97         4.5785e+03      7.31e-02       1.61e-01       2.46e+01    
      75             98         4.5785e+03      7.79e-02       1.65e-01       2.31e+01    
      76             99         4.5784e+03      6.08e-02       1.61e-01       2.19e+01    
      77             100        4.5783e+03      7.10e-02       4.38e-02       2.07e+01    
      78             101        4.5783e+03      6.23e-02       6.99e-02       1.92e+01    
      79             102        4.5782e+03      4.88e-02       4.99e-02       1.78e+01    
      80             103        4.5782e+03      6.36e-02       5.61e-02       1.68e+01    
      81             104        4.5781e+03      8.42e-02       1.06e-01       1.67e+01    
      82             105        4.5780e+03      6.17e-02       1.18e-01       1.80e+01    
      83             106        4.5780e+03      4.41e-02       1.59e-01       1.76e+01    
      84             107        4.5779e+03      6.66e-02       4.50e-02       1.66e+01    
      85             108        4.5779e+03      4.85e-02       7.35e-02       1.55e+01    
      86             109        4.5778e+03      4.00e-02       5.50e-02       1.45e+01    
      87             110        4.5778e+03      5.39e-02       6.04e-02       1.39e+01    
      88             111        4.5777e+03      8.03e-02       1.13e-01       1.45e+01    
      89             112        4.5776e+03      4.69e-02       1.19e-01       1.56e+01    
      90             113        4.5776e+03      3.56e-02       1.61e-01       1.54e+01    
      91             114        4.5775e+03      6.54e-02       4.56e-02       1.45e+01    
      92             115        4.5775e+03      4.74e-02       7.59e-02       1.35e+01    
      93             116        4.5774e+03      4.04e-02       6.64e-02       1.26e+01    
      94             117        4.5774e+03      3.29e-02       5.91e-02       1.24e+01    
      95             118        4.5774e+03      4.72e-02       6.25e-02       1.20e+01    
      96             119        4.5773e+03      4.47e-02       6.27e-02       1.18e+01    
      97             120        4.5773e+03      4.18e-02       6.26e-02       1.17e+01    
      98             121        4.5773e+03      2.91e-02       5.38e-02       1.16e+01    
      99             122        4.5772e+03      4.65e-02       6.11e-02       1.13e+01    
      100            123        4.5771e+03      7.97e-02       1.14e-01       1.22e+01    
      101            124        4.5770e+03      1.35e-01       2.19e-01       1.47e+01    
      102            125        4.5769e+03      1.00e-01       2.39e-01       1.65e+01    
      103            127        4.5768e+03      8.34e-02       8.11e-02       1.57e+01    
      104            128        4.5768e+03      4.89e-02       5.23e-02       1.58e+01    
      105            129        4.5767e+03      8.37e-02       1.04e-01       1.51e+01    
      106            130        4.5765e+03      1.26e-01       1.62e-01       1.76e+01    
      107            131        4.5763e+03      2.53e-01       3.49e-01       2.15e+01    
      108            132        4.5759e+03      3.89e-01       5.52e-01       2.48e+01    
      109            133        4.5753e+03      6.42e-01       1.00e+00       4.12e+01    
      110            134        4.5742e+03      1.05e+00       1.74e+00       3.25e+01    
      111            135        4.5723e+03      1.89e+00       3.19e+00       5.18e+01    
      112            136        4.5701e+03      2.19e+00       6.04e+00       1.26e+02    
      113            138        4.5657e+03      4.46e+00       2.43e+00       1.01e+02    
      114            140        4.5633e+03      2.35e+00       1.39e+00       2.48e+02    
      115            144        4.5631e+03      2.39e-01       4.11e-02       2.55e+01    
      116            145        4.5629e+03      1.70e-01       6.28e-02       2.58e+01    
      117            146        4.5627e+03      2.38e-01       1.23e-01       2.49e+01    
      118            147        4.5624e+03      3.29e-01       1.85e-01       2.16e+01    
      119            148        4.5619e+03      5.01e-01       2.31e-01       1.68e+01    
      120            149        4.5611e+03      7.90e-01       4.33e-01       1.57e+01    
      121            150        4.5603e+03      7.45e-01       8.78e-01       1.72e+01    
The maximum number of function evaluations is exceeded.
Function evaluations 150, initial cost 1.9315e+05, final cost 4.5603e+03, first-order optimality 1.72e+01.
round 1: clearance pairs 1373, order pairs 0, residuals 64802
   Iteration     Total nfev        Cost      Cost reduction    Step norm     Optimality   
       0              1         7.7704e+04                                    2.61e+04    
       1              4         5.8558e+04      1.91e+04       5.92e+00       2.82e+04    
       2              5         3.8859e+04      1.97e+04       1.23e+01       1.48e+04    
       3              7         3.2614e+04      6.25e+03       4.85e+00       1.16e+04    
       4              8         2.6129e+04      6.49e+03       1.03e+01       7.52e+03    
       5              9         2.0159e+04      5.97e+03       2.16e+01       9.16e+03    
       6             11         1.8645e+04      1.51e+03       1.01e+01       9.40e+03    
       7             14         1.8296e+04      3.49e+02       1.46e+00       6.55e+03    
       8             15         1.7778e+04      5.18e+02       3.18e+00       8.69e+04    
       9             16         1.6784e+04      9.94e+02       6.74e+00       1.52e+04    
      10             17         1.5995e+04      7.89e+02       1.03e+01       3.23e+03    
      11             19         1.5974e+04      2.09e+01       4.55e+00       2.41e+05    
      12             20         1.5500e+04      4.74e+02       1.09e+00       5.54e+04    
      13             21         1.5169e+04      3.31e+02       3.26e+00       1.09e+04    
      14             22         1.4638e+04      5.32e+02       6.57e+00       6.13e+03    
      15             23         1.3821e+04      8.17e+02       1.31e+01       7.42e+04    
      16             24         1.2590e+04      1.23e+03       1.40e+01       3.53e+04    
      17             25         1.1375e+04      1.22e+03       1.53e+01       1.00e+05    
      18             27         1.0580e+04      7.95e+02       3.34e+00       2.84e+04    
      19             28         1.0400e+04      1.80e+02       5.82e+00       1.36e+04    
      20             29         1.0178e+04      2.22e+02       6.06e+00       9.99e+03    
      21             31         1.0039e+04      1.39e+02       2.41e+00       2.19e+04    
      22             32         9.9153e+03      1.24e+02       4.16e+00       6.64e+04    
      23             33         8.8603e+03      1.06e+03       2.77e+00       4.91e+04    
      24             34         7.2210e+03      1.64e+03       4.22e+00       2.31e+04    
      25             36         6.8838e+03      3.37e+02       3.02e+00       1.69e+04    
      26             37         6.3922e+03      4.92e+02       6.47e+00       1.88e+04    
      27             38         6.2477e+03      1.45e+02       1.32e+01       3.95e+04    
      28             39         6.1371e+03      1.11e+02       1.62e+01       6.13e+04    
      29             40         5.6645e+03      4.73e+02       3.90e+00       4.92e+03    
      30             41         5.5701e+03      9.43e+01       4.18e+00       3.51e+03    
      31             42         5.4684e+03      1.02e+02       6.44e+00       2.68e+03    
      32             43         5.3716e+03      9.69e+01       7.18e+00       1.78e+03    
      33             44         5.2769e+03      9.46e+01       6.11e+00       1.17e+03    
      34             45         5.1650e+03      1.12e+02       8.33e+00       1.36e+03    
      35             48         5.1419e+03      2.30e+01       1.05e+00       1.09e+03    
      36             49         5.0728e+03      6.92e+01       6.95e+00       8.82e+02    
      37             50         5.0190e+03      5.38e+01       3.70e+00       6.58e+02    
      38             51         4.9619e+03      5.71e+01       4.36e+00       3.14e+03    
      39             52         4.8708e+03      9.11e+01       6.54e+00       3.67e+02    
      40             55         4.8617e+03      9.16e+00       9.44e-01       8.19e+02    
      41             56         4.8449e+03      1.68e+01       2.98e+00       3.46e+02    
      42             57         4.8351e+03      9.73e+00       4.84e+00       2.34e+02    
      43             59         4.8196e+03      1.56e+01       2.11e+00       2.02e+02    
      44             61         4.8143e+03      5.29e+00       7.34e-01       2.11e+02    
      45             62         4.8104e+03      3.90e+00       1.26e+00       2.10e+02    
      46             63         4.8059e+03      4.44e+00       1.57e+00       3.18e+02    
      47             64         4.8034e+03      2.55e+00       1.56e+00       2.18e+02    
      48             66         4.8009e+03      2.49e+00       7.69e-01       5.99e+02    
      49             67         4.8006e+03      2.40e-01       9.87e-01       1.30e+02    
      50             68         4.7985e+03      2.14e+00       3.96e-01       1.31e+02    
      51             69         4.7981e+03      3.87e-01       3.07e-01       1.29e+02    
      52             71         4.7979e+03      1.75e-01       8.96e-02       1.29e+02    
      53             72         4.7978e+03      1.01e-01       7.12e-02       1.28e+02    
      54             73         4.7976e+03      2.03e-01       1.29e-01       1.26e+02    
      55             74         4.7973e+03      3.32e-01       2.03e-01       1.24e+02    
      56             75         4.7968e+03      4.76e-01       3.14e-01       1.20e+02    
      57             76         4.7968e+03      6.89e-02       4.26e-01       1.17e+02    
      58             77         4.7963e+03      4.37e-01       1.91e-01       1.17e+02    
      59             78         4.7962e+03      1.35e-01       1.30e-01       1.15e+02    
      60             79         4.7961e+03      1.13e-01       1.35e-01       1.14e+02    
      61             80         4.7960e+03      8.92e-02       1.37e-01       1.13e+02    
      62             81         4.7959e+03      1.01e-01       1.43e-01       1.12e+02    
      63             82         4.7958e+03      8.48e-02       1.42e-01       1.12e+02    
      64             83         4.7957e+03      7.46e-02       1.58e-01       1.11e+02    
      65             84         4.7957e+03      6.60e-02       1.58e-01       1.10e+02    
      66             85         4.7956e+03      8.46e-02       1.60e-01       1.10e+02    
      67             86         4.7955e+03      6.77e-02       1.55e-01       1.09e+02    
      68             87         4.7955e+03      5.81e-02       1.67e-01       1.09e+02    
      69             88         4.7954e+03      6.72e-02       4.60e-02       1.09e+02    
      70             89         4.7954e+03      3.34e-02       7.63e-02       1.08e+02    
      71             90         4.7953e+03      4.53e-02       8.31e-02       1.08e+02    
      72             91         4.7952e+03      6.15e-02       6.90e-02       1.08e+02    
      73             92         4.7951e+03      9.69e-02       8.43e-02       1.07e+02    
      74             93         4.7950e+03      1.78e-01       1.49e-01       1.06e+02    
      75             94         4.7947e+03      2.83e-01       2.72e-01       1.05e+02    
      76             96         4.7945e+03      1.52e-01       1.56e-01       1.05e+02    
      77             97         4.7944e+03      8.94e-02       1.08e-01       1.05e+02    
      78             98         4.7944e+03      5.63e-02       1.42e-01       1.04e+02    
      79             99         4.7944e+03      3.24e-02       1.68e-01       1.04e+02    
      80             100        4.7943e+03      6.57e-02       4.66e-02       1.04e+02    
      81             101        4.7943e+03      1.80e-02       7.97e-02       1.04e+02    
      82             102        4.7942e+03      2.97e-02       2.68e-02       1.04e+02    
      83             103        4.7942e+03      9.63e-03       1.84e-02       1.04e+02    
      84             104        4.7942e+03      9.65e-03       1.69e-02       1.04e+02    
      85             105        4.7942e+03      9.52e-03       1.81e-02       1.03e+02    
      86             106        4.7942e+03      9.60e-03       1.69e-02       1.04e+02    
      87             107        4.7942e+03      9.41e-03       1.81e-02       1.03e+02    
      88             108        4.7942e+03      9.74e-03       1.69e-02       1.04e+02    
      89             109        4.7942e+03      9.12e-03       1.81e-02       1.03e+02    
      90             110        4.7942e+03      9.95e-03       1.69e-02       1.04e+02    
      91             111        4.7942e+03      8.78e-03       1.81e-02       1.03e+02    
      92             112        4.7941e+03      1.02e-02       1.69e-02       1.03e+02    
      93             113        4.7941e+03      8.44e-03       1.81e-02       1.03e+02    
      94             114        4.7941e+03      1.04e-02       1.70e-02       1.03e+02    
      95             115        4.7941e+03      8.11e-03       1.81e-02       1.03e+02    
      96             116        4.7941e+03      1.07e-02       1.70e-02       1.03e+02    
      97             117        4.7941e+03      7.79e-03       1.81e-02       1.03e+02    
      98             118        4.7941e+03      1.09e-02       1.70e-02       1.03e+02    
      99             119        4.7941e+03      7.49e-03       1.81e-02       1.03e+02    
      100            120        4.7941e+03      1.11e-02       1.70e-02       1.03e+02    
      101            121        4.7941e+03      7.21e-03       1.80e-02       1.03e+02    
      102            122        4.7941e+03      1.13e-02       1.70e-02       1.03e+02    
      103            123        4.7940e+03      6.94e-03       1.80e-02       1.03e+02    
      104            124        4.7940e+03      1.14e-02       1.71e-02       1.03e+02    
      105            125        4.7940e+03      6.68e-03       1.80e-02       1.03e+02    
      106            126        4.7940e+03      1.16e-02       1.71e-02       1.03e+02    
      107            127        4.7940e+03      6.43e-03       1.80e-02       1.03e+02    
      108            128        4.7940e+03      1.18e-02       1.71e-02       1.03e+02    
      109            129        4.7940e+03      6.19e-03       1.80e-02       1.03e+02    
      110            130        4.7940e+03      1.19e-02       1.71e-02       1.03e+02    
      111            131        4.7940e+03      5.95e-03       1.80e-02       1.03e+02    
      112            132        4.7940e+03      1.21e-02       1.71e-02       1.03e+02    
      113            133        4.7940e+03      5.84e-03       1.81e-02       1.03e+02    
      114            134        4.7939e+03      1.23e-02       1.71e-02       1.03e+02    
      115            135        4.7939e+03      5.57e-03       1.81e-02       1.02e+02    
      116            136        4.7939e+03      1.25e-02       1.72e-02       1.03e+02    
      117            137        4.7939e+03      5.34e-03       1.81e-02       1.02e+02    
      118            138        4.7939e+03      1.26e-02       1.72e-02       1.03e+02    
      119            139        4.7939e+03      5.12e-03       1.81e-02       1.02e+02    
      120            140        4.7939e+03      1.28e-02       1.72e-02       1.03e+02    
      121            141        4.7939e+03      4.91e-03       1.81e-02       1.02e+02    
      122            142        4.7939e+03      1.29e-02       1.72e-02       1.02e+02    
      123            143        4.7939e+03      4.70e-03       1.81e-02       1.02e+02    
      124            144        4.7939e+03      1.30e-02       1.72e-02       1.02e+02    
      125            145        4.7939e+03      4.49e-03       1.81e-02       1.02e+02    
      126            146        4.7938e+03      1.32e-02       1.72e-02       1.02e+02    
      127            147        4.7938e+03      4.29e-03       1.81e-02       1.02e+02    
      128            148        4.7938e+03      1.33e-02       1.73e-02       1.02e+02    
      129            149        4.7938e+03      4.08e-03       1.81e-02       1.02e+02    
      130            150        4.7938e+03      5.74e-03       5.33e-03       1.02e+02    
The maximum number of function evaluations is exceeded.
Function evaluations 150, initial cost 7.7704e+04, final cost 4.7938e+03, first-order optimality 1.02e+02.
round 2: clearance pairs 56, order pairs 0, residuals 63485
   Iteration     Total nfev        Cost      Cost reduction    Step norm     Optimality   
       0              1         4.7938e+03                                    1.02e+02    
       1              3         4.7260e+03      6.78e+01       5.76e+00       2.20e+02    
       2              4         4.7139e+03      1.21e+01       1.33e+01       2.42e+03    
       3              6         4.6468e+03      6.71e+01       2.26e+00       1.85e+02    
       4              8         4.6406e+03      6.22e+00       1.10e+00       1.01e+02    
       5             10         4.6388e+03      1.80e+00       4.16e-01       8.29e+01    
       6             11         4.6378e+03      9.76e-01       2.05e-01       5.25e+01    
       7             12         4.6370e+03      8.21e-01       3.97e-01       1.60e+01    
       8             13         4.6363e+03      7.01e-01       3.15e-01       8.59e+00    
       9             15         4.6362e+03      1.21e-01       1.64e-01       8.16e+00    
      10             16         4.6360e+03      1.95e-01       1.82e-01       7.78e+00    
      11             18         4.6359e+03      8.44e-02       6.27e-02       7.77e+00    
      12             19         4.6358e+03      8.73e-02       8.06e-02       7.74e+00    
      13             20         4.6357e+03      1.39e-01       1.39e-01       7.68e+00    
      14             21         4.6356e+03      6.60e-02       1.87e-01       7.63e+00    
      15             22         4.6356e+03      4.50e-02       2.22e-01       7.56e+00    
      16             23         4.6354e+03      1.10e-01       6.21e-02       7.54e+00    
      17             24         4.6354e+03      5.81e-02       9.92e-02       7.48e+00    
      18             25         4.6353e+03      5.88e-02       9.36e-02       7.41e+00    
      19             26         4.6353e+03      5.85e-02       9.35e-02       7.34e+00    
      20             27         4.6352e+03      5.67e-02       9.23e-02       7.26e+00    
      21             28         4.6352e+03      5.61e-02       9.28e-02       7.17e+00    
      22             29         4.6351e+03      5.42e-02       9.36e-02       7.06e+00    
      23             30         4.6351e+03      5.38e-02       9.46e-02       6.95e+00    
      24             31         4.6350e+03      5.20e-02       9.60e-02       6.83e+00    
      25             32         4.6349e+03      5.16e-02       9.74e-02       6.71e+00    
      26             33         4.6349e+03      4.97e-02       9.95e-02       6.58e+00    
      27             34         4.6348e+03      4.93e-02       1.02e-01       6.45e+00    
      28             35         4.6348e+03      4.72e-02       1.05e-01       6.31e+00    
      29             36         4.6348e+03      4.65e-02       1.09e-01       6.18e+00    
      30             37         4.6347e+03      4.39e-02       1.16e-01       6.05e+00    
      31             38         4.6347e+03      4.27e-02       1.23e-01       5.92e+00    
      32             39         4.6346e+03      3.90e-02       1.35e-01       5.80e+00    
      33             40         4.6346e+03      3.68e-02       1.50e-01       5.68e+00    
      34             41         4.6346e+03      3.14e-02       1.72e-01       5.57e+00    
      35             42         4.6345e+03      3.62e-02       5.73e-02       5.54e+00    
      36             43         4.6345e+03      2.93e-02       6.77e-02       5.46e+00    
      37             44         4.6345e+03      2.97e-02       6.22e-02       5.38e+00    
      38             45         4.6344e+03      5.44e-02       9.74e-02       5.23e+00    
      39             46         4.6344e+03      3.47e-02       1.44e-01       5.11e+00    
      40             47         4.6344e+03      1.67e-02       2.02e-01       5.00e+00    
      41             48         4.6343e+03      4.38e-02       6.41e-02       4.99e+00    
      42             49         4.6343e+03      2.66e-02       9.65e-02       4.93e+00    
      43             50         4.6343e+03      2.67e-02       8.44e-02       4.86e+00    
      44             51         4.6342e+03      2.62e-02       8.22e-02       4.80e+00    
      45             52         4.6342e+03      2.63e-02       8.17e-02       4.73e+00    
      46             53         4.6342e+03      2.60e-02       8.19e-02       4.67e+00    
      47             54         4.6342e+03      2.60e-02       8.20e-02       4.61e+00    
      48             55         4.6341e+03      2.58e-02       8.25e-02       4.56e+00    
      49             56         4.6341e+03      2.58e-02       8.26e-02       4.50e+00    
      50             57         4.6341e+03      2.55e-02       8.31e-02       4.45e+00    
      51             58         4.6341e+03      9.61e-03       8.29e-02       4.40e+00    
      52             59         4.6341e+03      1.51e-02       2.10e-02       4.39e+00    
      53             60         4.6340e+03      9.56e-03       3.31e-02       4.37e+00    
      54             61         4.6340e+03      1.25e-02       2.78e-02       4.35e+00    
      55             62         4.6340e+03      8.20e-03       2.87e-02       4.33e+00    
      56             63         4.6340e+03      1.36e-02       2.79e-02       4.31e+00    
      57             64         4.6340e+03      7.13e-03       2.87e-02       4.30e+00    
      58             65         4.6340e+03      1.56e-02       2.77e-02       4.29e+00    
      59             66         4.6340e+03      4.52e-03       2.87e-02       4.27e+00    
      60             67         4.6340e+03      9.85e-03       7.74e-03       4.27e+00    
      61             68         4.6340e+03      4.81e-03       1.45e-02       4.27e+00    
      62             69         4.6340e+03      5.24e-03       1.44e-02       4.26e+00    
      63             70         4.6340e+03      4.53e-03       1.45e-02       4.26e+00    
      64             71         4.6340e+03      5.61e-03       1.44e-02       4.25e+00    
      65             72         4.6340e+03      4.13e-03       1.44e-02       4.25e+00    
      66             73         4.6339e+03      6.03e-03       1.44e-02       4.24e+00    
      67             74         4.6339e+03      3.74e-03       1.44e-02       4.24e+00    
      68             75         4.6339e+03      6.40e-03       1.44e-02       4.23e+00    
      69             76         4.6339e+03      3.40e-03       1.44e-02       4.22e+00    
      70             77         4.6339e+03      3.23e-03       3.60e-03       4.22e+00    
      71             78         4.6339e+03      3.30e-03       7.19e-03       4.22e+00    
      72             79         4.6339e+03      3.98e-03       4.25e-03       4.22e+00    
      73             80         4.6339e+03      7.82e-03       8.38e-03       4.21e+00    
      74             81         4.6339e+03      1.55e-02       1.67e-02       4.19e+00    
      75             82         4.6339e+03      3.08e-02       3.33e-02       4.16e+00    
      76             83         4.6338e+03      6.14e-02       6.62e-02       4.11e+00    
      77             84         4.6337e+03      1.25e-01       1.31e-01       4.00e+00    
      78             85         4.6334e+03      2.47e-01       2.57e-01       4.02e+00    
      79             86         4.6330e+03      4.03e-01       3.98e-01       3.95e+00    
      80             87         4.6327e+03      3.44e-01       4.86e-01       8.06e+00    
      81             88         4.6320e+03      7.15e-01       5.85e-01       4.15e+00    
      82             89         4.6318e+03      1.80e-01       6.59e-01       8.04e+00    
      83             91         4.6318e+03      3.12e-02       5.15e-01       4.26e+00    
      84             92         4.6315e+03      2.23e-01       2.84e-01       4.28e+00    
      85             94         4.6314e+03      1.23e-01       7.06e-02       2.10e+00    
      86             95         4.6314e+03      3.26e-02       1.07e-01       2.08e+00    
      87             97         4.6314e+03      2.66e-02       3.34e-02       2.08e+00    
      88             98         4.6313e+03      1.17e-02       4.49e-02       2.06e+00    
      89             99         4.6313e+03      5.75e-03       5.54e-02       2.05e+00    
      90             100        4.6313e+03      7.12e-03       1.60e-02       2.04e+00    
      91             101        4.6313e+03      5.38e-03       2.40e-02       2.03e+00    
      92             104        4.6313e+03      6.45e-04       2.10e-03       2.03e+00    
      93             105        4.6313e+03      5.22e-04       1.56e-03       2.03e+00    
      94             106        4.6313e+03      9.37e-04       2.82e-03       2.03e+00    
      95             107        4.6313e+03      1.53e-03       4.76e-03       2.03e+00    
      96             110        4.6313e+03      1.95e-04       1.05e-03       2.03e+00    
      97             111        4.6313e+03      2.07e-04       5.33e-04       2.03e+00    
      98             112        4.6313e+03      4.10e-04       1.05e-03       2.03e+00    
      99             113        4.6313e+03      7.47e-04       2.05e-03       2.02e+00    
      100            115        4.6313e+03      1.01e-04       2.10e-03       2.02e+00    
      101            116        4.6313e+03      1.04e-04       2.74e-04       2.02e+00    
      102            117        4.6313e+03      2.07e-04       5.40e-04       2.02e+00    
      103            118        4.6313e+03      4.08e-04       1.05e-03       2.02e+00    
      104            119        4.6313e+03      8.03e-04       2.04e-03       2.02e+00    
      105            120        4.6313e+03      1.40e-03       3.94e-03       2.02e+00    
      106            123        4.6313e+03      2.09e-04       1.05e-03       2.02e+00    
      107            124        4.6313e+03      1.98e-04       5.05e-04       2.02e+00    
      108            125        4.6313e+03      3.94e-04       9.96e-04       2.02e+00    
      109            126        4.6313e+03      6.75e-04       1.96e-03       2.01e+00    
      110            128        4.6313e+03      1.38e-04       2.11e-03       2.01e+00    
      111            129        4.6313e+03      1.01e-04       2.68e-04       2.01e+00    
      112            130        4.6313e+03      2.00e-04       5.28e-04       2.01e+00    
      113            131        4.6313e+03      3.96e-04       1.03e-03       2.01e+00    
      114            132        4.6313e+03      7.79e-04       1.99e-03       2.01e+00    
      115            133        4.6313e+03      1.29e-03       3.85e-03       2.01e+00    
      116            136        4.6313e+03      2.71e-04       1.05e-03       2.01e+00    
      117            137        4.6313e+03      1.93e-04       4.95e-04       2.01e+00    
      118            138        4.6313e+03      3.84e-04       9.76e-04       2.01e+00    
      119            139        4.6313e+03      5.90e-04       1.92e-03       2.00e+00    
      120            141        4.6313e+03      1.99e-04       2.11e-03       2.00e+00    
      121            142        4.6313e+03      9.88e-05       2.65e-04       2.00e+00    
      122            143        4.6313e+03      1.96e-04       5.21e-04       2.00e+00    
      123            144        4.6313e+03      3.86e-04       1.01e-03       2.00e+00    
      124            145        4.6313e+03      7.61e-04       1.96e-03       2.00e+00    
      125            146        4.6313e+03      1.19e-03       3.78e-03       2.00e+00    
      126            149        4.6313e+03      3.30e-04       1.05e-03       2.00e+00    
      127            150        4.6313e+03      1.89e-04       4.88e-04       2.00e+00    
The maximum number of function evaluations is exceeded.
Function evaluations 150, initial cost 4.7938e+03, final cost 4.6313e+03, first-order optimality 2.00e+00.
round 3: clearance pairs 76, order pairs 0, residuals 63505
   Iteration     Total nfev        Cost      Cost reduction    Step norm     Optimality   
       0              1         4.6313e+03                                    2.00e+00    
       1              3         4.6303e+03      1.05e+00       2.03e+00       3.28e+01    
       2              4         4.6297e+03      5.95e-01       4.32e+00       6.92e+01    
       3              7         4.6289e+03      7.73e-01       4.14e-01       2.90e+01    
       4              9         4.6287e+03      1.52e-01       1.64e-01       6.64e+00    
       5             11         4.6287e+03      3.97e-02       5.86e-02       5.00e+00    
       6             12         4.6287e+03      1.75e-02       5.90e-02       4.10e+00    
       7             13         4.6287e+03      3.39e-03       6.21e-02       3.73e+00    
       8             14         4.6287e+03      1.72e-02       1.50e-02       3.67e+00    
       9             15         4.6287e+03      4.91e-03       3.14e-02       3.53e+00    
      10             16         4.6286e+03      5.03e-03       7.33e-03       3.50e+00    
      11             17         4.6286e+03      2.00e-03       1.50e-02       3.45e+00    
      12             18         4.6286e+03      2.58e-03       3.52e-03       3.44e+00    
      13             19         4.6286e+03      2.31e-03       8.31e-03       3.40e+00    
      14             20         4.6286e+03      4.38e-03       1.67e-02       3.33e+00    
      15             21         4.6286e+03      8.17e-03       3.31e-02       3.22e+00    
      16             22         4.6286e+03      1.39e-02       6.35e-02       3.04e+00    
      17             23         4.6286e+03      8.84e-04       1.13e-01       2.77e+00    
      18             24         4.6286e+03      1.88e-02       2.89e-02       2.66e+00    
      19             26         4.6286e+03      4.80e-03       1.47e-02       2.62e+00    
      20             27         4.6286e+03      3.63e-03       1.55e-02       2.55e+00    
      21             28         4.6286e+03      5.79e-03       3.00e-02       2.44e+00    
      22             29         4.6286e+03      9.42e-03       5.58e-02       2.28e+00    
      23             33         4.6286e+03      9.64e-04       1.76e-03       2.27e+00    
      24             34         4.6286e+03      4.88e-04       3.60e-03       2.24e+00    
      25             36         4.6286e+03      1.48e-04       1.78e-03       2.23e+00    
      26             37         4.6286e+03      8.01e-05       4.44e-04       2.23e+00    
      27             38         4.6286e+03      1.59e-04       8.90e-04       2.22e+00    
      28             39         4.6286e+03      3.14e-04       1.78e-03       2.21e+00    
      29             40         4.6286e+03      6.17e-04       3.55e-03       2.19e+00    
      30             41         4.6286e+03      6.66e-04       7.00e-03       2.15e+00    
      31             43         4.6286e+03      5.63e-04       1.77e-03       2.15e+00    
      32             44         4.6286e+03      3.07e-04       1.74e-03       2.14e+00    
      33             45         4.6286e+03      4.91e-04       3.47e-03       2.12e+00    
      34             47         4.6286e+03      1.15e-04       1.77e-03       2.12e+00    
      35             48         4.6286e+03      7.79e-05       4.30e-04       2.12e+00    
      36             49         4.6286e+03      1.54e-04       8.61e-04       2.12e+00    
      37             50         4.6286e+03      3.05e-04       1.72e-03       2.11e+00    
      38             51         4.6286e+03      5.94e-04       3.43e-03       2.09e+00    
      39             53         4.6286e+03      2.25e-06       1.77e-03       2.09e+00    
      40             54         4.6286e+03      7.73e-05       4.26e-04       2.09e+00    
      41             55         4.6286e+03      1.53e-04       8.53e-04       2.09e+00    
      42             56         4.6286e+03      3.02e-04       1.71e-03       2.08e+00    
      43             57         4.6286e+03      5.94e-04       3.40e-03       2.07e+00    
      44             58         4.6286e+03      5.31e-04       6.73e-03       2.04e+00    
      45             60         4.6286e+03      6.43e-04       1.76e-03       2.04e+00    
      46             61         4.6286e+03      2.95e-04       1.68e-03       2.03e+00    
      47             62         4.6286e+03      3.40e-04       3.35e-03       2.02e+00    
      48             64         4.6286e+03      2.43e-04       8.80e-04       2.02e+00    
      49             65         4.6286e+03      1.46e-04       8.36e-04       2.01e+00    
      50             66         4.6286e+03      2.22e-04       1.67e-03       2.01e+00    
      51             68         4.6286e+03      6.65e-05       8.80e-04       2.01e+00    
      52             69         4.6286e+03      3.67e-05       2.08e-04       2.00e+00    
`ftol` termination condition is satisfied.
Function evaluations 69, initial cost 4.6313e+03, final cost 4.6286e+03, first-order optimality 2.00e+00.
c  K=160  init=raw  [round 0 nfev=150 status=0 (The) cost 4560.318]  [round 1 nfev=150 status=0 (The) cost 4793.811]  [round 2 nfev=150 status=0 (The) cost 4631.310]  [round 3 nfev=69 status=2 (ftol`) cost 4628.562]
args: {"K": 160, "bend": 30.0, "box_pose": "", "box_rings": "", "box_trace": 0.15, "bz": "", "clear": 5.0, "clear_range": "860:1066-388:483", "curl": "340:405:35:60,690:790:60:60,925:1025:40:60", "dbend": 500.0, "delta": 60.0, "dtwist": 500.0, "edge_fair": 0.0, "edge_w": "905:1050:L:4,905:1050:R:4,650:800:L:2,650:800:R:2", "end_pin": 50.0, "energy_ranges": "335:420:3,450:512:4", "eps": 1.0, "face_margin": 0.3, "faceon": "925:1025:20", "faces": "docs/ribbon/turns/real/faces.json", "flat": 0.0, "flat_ranges": "", "flip_guard": 20.0, "fold": "", "fold2": "516:40:20,1188:40:20", "fold_axis": "", "fold_convex": "516:10,1188:10", "fold_eq": false, "fold_legs": 5.0, "fold_legs_len": "20", "gap": 14.0, "hide": "", "hide_auto": "", "hmax": 25.5, "hmin": 25.5, "init": "raw", "inside": 0.0, "kappa": 2.0, "keep": 3.0, "keep_free": "335:420,450:512,650:800,905:1290", "lam": 15.0, "lam_h": 50.0, "lit": "1030:1175:0.3:30", "mask": "", "max_nfev": 150, "mu": 300.0, "no_opt": false, "nu_fold": 0.4, "omega": 0.01, "order": 0.0, "out": "docs/ribbon/turns/real/K3/c", "outer": 4, "outline": 0.0, "outline_assign": "nearest", "outline_boxes": "", "outline_drop_near": "", "outline_excl": "", "outline_fixed": false, "outline_incl": "", "outline_loss": "linear", "outline_pose": "", "pin_range": "", "pose": "docs/ribbon/turns/real/X3/pose.json", "redge": 24.0, "rim_pose": "", "rim_side_mode": "centre", "rimlines": "", "rmin": 45.0, "roto": "/Users/ashmitkhurana/Development/Personal/portfolio/docs/ribbon/turns/curve/best/roto.npz", "screenw": "", "sigma": 2.0, "trace_w": 0.15, "twist": 30.0, "w_box": 2.0, "w_face": 15.0, "w_hmin": 50.0, "w_redge": 5.0, "w_rim": 0.0, "w_rmin": 5.0, "w_wfloor": 0.0, "wfloor": 0.0, "wfloor_except": "", "wfloor_mode": "perp", "wfloor_ranges": "", "zprior": "docs/ribbon/turns/real/X3/pose.json"}

edge residual css px, point-to-polyline (L and R pooled): mean 6.844  p95 22.318  max 54.633

window       edge resid (L,R pooled)                      h min/med/max          median |b.T|  #|c'|<0.6 s0
[   0, 131]  mean  14.89  p95  32.29  max  43.39           25.5/ 25.5/ 25.5      0.129         0
[ 132, 288]  mean   1.72  p95   4.81  max  11.51           25.5/ 25.5/ 25.5      0.396         0
[ 289, 483]  mean   8.39  p95  22.08  max  24.45           25.5/ 25.5/ 25.5      0.147         0
[ 484, 554]  mean   5.08  p95   9.76  max  10.43           25.5/ 25.5/ 25.5      0.514         0
[ 555, 658]  mean   1.44  p95   3.43  max   3.92           25.5/ 25.5/ 25.5      0.078         0
[ 659, 764]  mean  16.29  p95  50.25  max  54.63           25.5/ 25.5/ 25.5      0.004         0
[ 765, 940]  mean   2.25  p95   7.07  max  14.80           25.5/ 25.5/ 25.5      0.125         0
[ 941,1066]  mean  11.54  p95  36.54  max  51.57           25.5/ 25.5/ 25.5      0.021         7
[1067,1298]  mean   4.01  p95  11.36  max  21.71           25.5/ 25.5/ 25.5      0.212         0
worst window by mean: [659,764] 16.29 px

dense (4N=5196 samples) surface normal N=TxB: angle change per sample  max 21.505 deg  p99 1.961 deg
   angle per world px of centreline arclength: max 40.0759 deg/px  (p99 3.4225)
   worst dense samples (t, deg, |b.T|): 524.70, 21.5, 0.999; 524.45, 21.1, 0.999; 524.95, 16.6, 0.999; 524.20, 15.8, 0.999; 525.20, 11.2, 0.999
   dense steps > 3 deg: 11, > 6 deg: 8
ripple (|second difference of unit N| per world px^2, dense): max 4.771e-01  p99 1.241e-02  median 4.886e-04
max |b.T| outside fold windows: 0.885   (inside: 0.999)
GATE: min 3D distance between non-adjacent rings (|i-j|>60, surface samples): 13.86 px; pairs < gap 14.0: 2
GATE: screen-overlap pairs (3 px) 1497, order violations (z_front - z_back < 0): 14, (< gap): 27; unique ring pairs violating: 3
end centreline offset from init: ring0 0.0 px, ring N-1 1.4 px
outside-mockup distance (5 pts across band, css px): mean 0.786  max 30.81  frac>0.5px 0.115
outline residual (css px, matched <=25 px: 1603 of 1634 pts): mean 6.757  p95 18.741  max 24.91
run time: 453.9 s
residual block norms (sum of squares): edge 2004.46, smooth 637.66, jerk 159.12, perp 318.63, dev 1107.07, depth 632.70, hsm 0.00, wpr 0.00, speed 6.29, hmin 0.00, hmax 0.00, face 2494.91, rmin 123.61, scrw 0.00, wf 0.00, ins 0.00, fcr 28.16, bnd 702.11, twi 110.78, dbn 391.49, dtw 40.73, rmf 51.98, crl 227.85, lgb 79.08, cvx 69.15
