DPR2 canvases 780x1688 780x1688
DPR3 canvases 1170x2532 1170x2532
crop_apex.png  127901 B
crop_bottomk.png  257650 B
crop_endstrand.png  169116 B
crop_farleft.png  182012 B
crop_junction.png  109716 B
crop_scurve.png  221834 B
crop_topk.png  179295 B
crop_wrap.png  300085 B
hero.png  1336722 B
ribbon.png  1369503 B
ribbon_crop_apex.png  133889 B
ribbon_crop_bottomk.png  257650 B
ribbon_crop_endstrand.png  169116 B
ribbon_crop_farleft.png  182012 B
ribbon_crop_junction.png  109716 B
ribbon_crop_scurve.png  221834 B
ribbon_crop_topk.png  179295 B
ribbon_crop_wrap.png  300085 B
