DPR2 canvases 780x1688 780x1688
DPR3 canvases 1170x2532 1170x2532
crop_apex.png  100292 B
crop_bottomk.png  244083 B
crop_endstrand.png  150759 B
crop_farleft.png  174528 B
crop_junction.png  96404 B
crop_scurve.png  217228 B
crop_topk.png  153176 B
crop_wrap.png  257923 B
hero.png  1255068 B
ribbon.png  1295042 B
ribbon_crop_apex.png  112113 B
ribbon_crop_bottomk.png  244083 B
ribbon_crop_endstrand.png  150759 B
ribbon_crop_farleft.png  174528 B
ribbon_crop_junction.png  96404 B
ribbon_crop_scurve.png  217228 B
ribbon_crop_topk.png  153176 B
ribbon_crop_wrap.png  257923 B
