DPR2 canvases 780x1688 780x1688
DPR3 canvases 1170x2532 1170x2532
crop_apex.png  101115 B
crop_bottomk.png  246607 B
crop_endstrand.png  151545 B
crop_farleft.png  175373 B
crop_junction.png  97170 B
crop_scurve.png  218623 B
crop_topk.png  153218 B
crop_wrap.png  258525 B
hero.png  1259538 B
ribbon.png  1299640 B
ribbon_crop_apex.png  112845 B
ribbon_crop_bottomk.png  246607 B
ribbon_crop_endstrand.png  151545 B
ribbon_crop_farleft.png  175373 B
ribbon_crop_junction.png  97170 B
ribbon_crop_scurve.png  218623 B
ribbon_crop_topk.png  153218 B
ribbon_crop_wrap.png  258525 B
