DPR2 canvases 780x1688 780x1688
DPR3 canvases 1170x2532 1170x2532
crop_apex.png  114796 B
crop_bottomk.png  265628 B
crop_endstrand.png  164068 B
crop_farleft.png  188047 B
crop_junction.png  115473 B
crop_scurve.png  228806 B
crop_topk.png  155182 B
crop_wrap.png  287541 B
hero.png  1297752 B
ribbon.png  1337737 B
ribbon_crop_apex.png  126347 B
ribbon_crop_bottomk.png  265628 B
ribbon_crop_endstrand.png  164068 B
ribbon_crop_farleft.png  188047 B
ribbon_crop_junction.png  115473 B
ribbon_crop_scurve.png  228806 B
ribbon_crop_topk.png  155182 B
ribbon_crop_wrap.png  287541 B
