DPR2 canvases 780x1688 780x1688
DPR3 canvases 1170x2532 1170x2532
crop_apex.png  115822 B
crop_bottomk.png  263803 B
crop_endstrand.png  162830 B
crop_farleft.png  190741 B
crop_junction.png  118523 B
crop_scurve.png  229828 B
crop_topk.png  157403 B
crop_wrap.png  294151 B
hero.png  1303090 B
ribbon.png  1342984 B
ribbon_crop_apex.png  127392 B
ribbon_crop_bottomk.png  263803 B
ribbon_crop_endstrand.png  162830 B
ribbon_crop_farleft.png  190741 B
ribbon_crop_junction.png  118523 B
ribbon_crop_scurve.png  229828 B
ribbon_crop_topk.png  157403 B
ribbon_crop_wrap.png  294151 B
