DPR2 canvases 780x1688 780x1688
DPR3 canvases 1170x2532 1170x2532
crop_apex.png  113206 B
crop_bottomk.png  266719 B
crop_endstrand.png  160127 B
crop_farleft.png  188770 B
crop_junction.png  105976 B
crop_scurve.png  229469 B
crop_topk.png  175534 B
crop_wrap.png  285315 B
hero.png  1320375 B
ribbon.png  1361938 B
ribbon_crop_apex.png  126499 B
ribbon_crop_bottomk.png  266719 B
ribbon_crop_endstrand.png  160127 B
ribbon_crop_farleft.png  188770 B
ribbon_crop_junction.png  105976 B
ribbon_crop_scurve.png  229469 B
ribbon_crop_topk.png  175534 B
ribbon_crop_wrap.png  285315 B
