bz rings 925..1025 t 0.60 w 20.0
lit rings 1030..1175 t 0.30 w 30.0
fold2 crease 516 R 40: ds 1.90 n 33 (eq 483..549, ruling 477..555, legs to +-53)
fold2 crease 1188 R 40: ds 1.92 n 33 (eq 1155..1221, ruling 1149..1227, legs to +-53)
curl rings 925..1025 R 40 w 60.0
keep: 1083 rings held (w=3.00), 1077 new centreline pins
face rule: sign_A -1 (tail median N.v -0.995)
init cost 13156.103, residuals 66246, params 1120
round 0: clearance pairs 88, order pairs 0, residuals 66334
   Iteration     Total nfev        Cost      Cost reduction    Step norm     Optimality   
       0              1         1.3157e+04                                    6.06e+03    
       1              5         1.0934e+04      2.22e+03       2.72e+00       5.14e+03    
       2              6         7.9137e+03      3.02e+03       3.74e+00       7.61e+03    
       3              7         5.0370e+03      2.88e+03       7.11e+00       9.30e+02    
       4              8         3.5753e+03      1.46e+03       1.78e+01       2.08e+03    
       5              9         2.8981e+03      6.77e+02       3.66e+01       4.56e+03    
       6             11         2.5059e+03      3.92e+02       5.61e+00       3.19e+02    
       7             12         2.3961e+03      1.10e+02       1.02e+01       2.07e+02    
       8             13         2.3515e+03      4.46e+01       1.23e+01       1.23e+02    
       9             15         2.3317e+03      1.98e+01       3.66e+00       9.45e+01    
      10             17         2.3104e+03      2.13e+01       1.65e+00       6.05e+01    
      11             18         2.2869e+03      2.35e+01       3.62e+00       1.04e+02    
      12             19         2.2694e+03      1.74e+01       7.12e+00       3.40e+02    
      13             21         2.2420e+03      2.74e+01       1.67e+00       8.01e+01    
      14             22         2.2341e+03      7.93e+00       2.92e+00       6.81e+01    
      15             24         2.2254e+03      8.68e+00       9.34e-01       3.13e+01    
      16             25         2.2223e+03      3.12e+00       7.28e-01       2.84e+01    
      17             26         2.2206e+03      1.68e+00       9.23e-01       2.83e+01    
      18             27         2.2196e+03      9.70e-01       9.53e-01       3.28e+01    
      19             29         2.2186e+03      1.06e+00       4.06e-01       3.47e+01    
      20             30         2.2178e+03      7.74e-01       3.02e-01       2.81e+01    
      21             31         2.2170e+03      7.64e-01       4.49e-01       8.40e+01    
      22             32         2.2166e+03      4.34e-01       5.59e-01       1.32e+02    
      23             33         2.2164e+03      1.66e-01       6.97e-01       1.37e+02    
      24             34         2.2159e+03      5.49e-01       2.16e-01       1.53e+01    
      25             35         2.2156e+03      2.58e-01       1.40e-01       2.91e+01    
      26             36         2.2156e+03      3.62e-02       1.64e-01       4.92e+01    
      27             37         2.2155e+03      1.03e-01       5.44e-02       7.64e+00    
      28             38         2.2153e+03      1.97e-01       1.15e-01       9.89e+00    
      29             39         2.2149e+03      3.45e-01       1.76e-01       3.01e+01    
      30             40         2.2144e+03      5.47e-01       2.54e-01       3.34e+01    
      31             41         2.2134e+03      9.98e-01       4.99e-01       3.32e+01    
      32             42         2.2115e+03      1.88e+00       9.99e-01       3.43e+01    
      33             43         2.2079e+03      3.56e+00       1.96e+00       3.50e+01    
      34             44         2.2015e+03      6.45e+00       4.04e+00       3.79e+01    
      35             45         2.1907e+03      1.08e+01       8.50e+00       5.32e+01    
      36             46         2.1807e+03      9.95e+00       1.66e+01       2.04e+02    
      37             48         2.1804e+03      2.78e-01       3.03e+00       6.65e+01    
      38             50         2.1775e+03      2.91e+00       3.57e-01       1.13e+02    
      39             51         2.1750e+03      2.47e+00       5.50e-01       5.09e+01    
      40             53         2.1748e+03      2.45e-01       4.43e-01       2.29e+02    
      41             54         2.1747e+03      6.93e-02       4.58e-01       2.96e+01    
      42             55         2.1745e+03      2.68e-01       1.26e-01       3.43e+00    
      43             56         2.1744e+03      9.40e-02       1.11e-01       1.35e+00    
      44             57         2.1743e+03      6.10e-02       9.17e-02       1.25e+00    
      45             58         2.1743e+03      2.41e-02       2.18e-01       2.18e+00    
      46             59         2.1742e+03      5.29e-02       6.26e-02       1.13e+00    
      47             60         2.1742e+03      1.75e-02       5.17e-02       1.15e+00    
      48             61         2.1742e+03      1.59e-02       4.96e-02       1.19e+00    
      49             62         2.1742e+03      2.46e-02       9.49e-02       1.46e+00    
      50             63         2.1742e+03      8.98e-03       1.14e-01       1.70e+00    
      51             64         2.1741e+03      1.81e-02       3.10e-02       1.65e+00    
      52             65         2.1741e+03      7.74e-03       2.72e-02       1.69e+00    
      53             66         2.1741e+03      7.30e-03       2.31e-02       1.74e+00    
      54             67         2.1741e+03      1.38e-02       4.57e-02       1.82e+00    
      55             68         2.1741e+03      2.60e-02       9.16e-02       1.87e+00    
      56             69         2.1740e+03      4.10e-02       1.65e-01       1.83e+00    
      57             71         2.1740e+03      1.23e-02       9.92e-02       2.84e+00    
      58             73         2.1740e+03      1.53e-02       2.98e-02       2.11e+00    
      59             74         2.1740e+03      6.01e-03       2.34e-02       2.06e+00    
      60             75         2.1740e+03      1.16e-02       4.22e-02       2.80e+00    
      61             76         2.1740e+03      2.19e-02       6.83e-02       3.52e+00    
      62             77         2.1739e+03      3.84e-02       9.49e-02       8.25e+00    
      63             78         2.1739e+03      6.50e-02       1.49e-01       5.63e+00    
      64             79         2.1738e+03      1.06e-01       2.28e-01       1.10e+01    
      65             80         2.1736e+03      1.51e-01       3.14e-01       7.34e+00    
      66             81         2.1734e+03      2.61e-01       5.56e-01       1.15e+01    
      67             82         2.1729e+03      4.43e-01       1.04e+00       1.41e+01    
      68             83         2.1723e+03      6.42e-01       2.24e+00       6.83e+01    
      69             85         2.1721e+03      1.25e-01       6.45e-01       1.52e+01    
      70             88         2.1721e+03      4.05e-02       1.40e-01       6.69e+01    
      71             89         2.1721e+03      6.38e-03       1.77e-01       4.10e+00    
      72             90         2.1721e+03      1.91e-02       5.61e-02       1.43e+00    
      73             91         2.1721e+03      3.73e-03       4.03e-02       1.64e+00    
      74             92         2.1721e+03      4.50e-03       4.55e-02       5.23e+00    
      75             93         2.1721e+03      7.34e-03       6.26e-02       3.02e+00    
      76             94         2.1721e+03      1.14e-02       8.29e-02       3.72e+00    
      77             95         2.1720e+03      1.92e-02       1.27e-01       3.31e+00    
      78             96         2.1720e+03      3.42e-02       2.41e-01       3.71e+00    
      79             97         2.1719e+03      5.58e-02       4.45e-01       3.61e+00    
      80             98         2.1719e+03      6.85e-02       9.99e-01       2.90e+01    
      81             100        2.1719e+03      1.08e-02       1.54e-01       2.31e+00    
      82             103        2.1719e+03      1.32e-03       3.38e-02       9.13e+00    
      83             105        2.1719e+03      2.69e-04       2.57e-02       4.07e+00    
      84             106        2.1719e+03      4.55e-04       6.85e-03       6.15e-01    
      85             107        2.1719e+03      9.88e-05       6.79e-03       7.85e-01    
      86             108        2.1719e+03      4.34e-05       4.98e-03       1.23e+00    
      87             109        2.1719e+03      4.73e-05       6.21e-03       7.59e-01    
      88             110        2.1719e+03      2.39e-05       5.28e-03       1.02e+00    
      89             111        2.1719e+03      2.78e-05       1.63e-03       3.98e-01    
      90             112        2.1719e+03      1.29e-05       1.26e-03       4.14e-01    
`ftol` termination condition is satisfied.
Function evaluations 112, initial cost 1.3157e+04, final cost 2.1719e+03, first-order optimality 4.14e-01.
round 1: clearance pairs 215, order pairs 0, residuals 66461
   Iteration     Total nfev        Cost      Cost reduction    Step norm     Optimality   
       0              1         2.1719e+03                                    4.14e-01    
       1              2         2.1718e+03      3.91e-02       1.32e+00       1.64e+01    
       2              7         2.1718e+03      4.50e-04       1.42e-02       1.04e+01    
       3              8         2.1718e+03      3.40e-04       1.48e-02       4.49e+00    
       4              9         2.1718e+03      3.81e-04       4.25e-03       4.01e+00    
       5             10         2.1718e+03      1.76e-04       7.48e-03       3.12e+00    
       6             11         2.1718e+03      1.03e-04       6.60e-03       2.41e+00    
       7             12         2.1718e+03      7.48e-05       7.71e-03       1.98e+00    
       8             13         2.1718e+03      8.55e-05       2.06e-03       1.89e+00    
       9             14         2.1718e+03      5.54e-05       3.15e-03       1.60e+00    
      10             15         2.1718e+03      4.66e-05       3.28e-03       1.34e+00    
      11             16         2.1718e+03      3.94e-05       3.19e-03       1.10e+00    
      12             17         2.1718e+03      3.22e-05       3.51e-03       9.16e-01    
      13             18         2.1718e+03      2.63e-05       3.51e-03       7.79e-01    
      14             19         2.1718e+03      2.42e-05       3.74e-03       7.24e-01    
      15             20         2.1718e+03      2.02e-05       3.70e-03       6.82e-01    
      16             21         2.1718e+03      2.22e-05       1.04e-03       6.78e-01    
      17             22         2.1718e+03      1.75e-05       1.61e-03       6.56e-01    
`ftol` termination condition is satisfied.
Function evaluations 22, initial cost 2.1719e+03, final cost 2.1718e+03, first-order optimality 6.56e-01.
round 2: clearance pairs 215, order pairs 0, residuals 66461
   Iteration     Total nfev        Cost      Cost reduction    Step norm     Optimality   
       0              1         2.1718e+03                                    6.56e-01    
       1              2         2.1718e+03      1.12e-02       3.16e-01       5.10e+00    
       2              7         2.1718e+03      2.33e-04       7.40e-03       2.03e+00    
       3              8         2.1718e+03      1.92e-04       7.09e-03       1.16e+00    
       4              9         2.1718e+03      5.99e-05       7.70e-03       9.41e-01    
       5             10         2.1718e+03      9.59e-05       2.24e-03       9.52e-01    
       6             11         2.1718e+03      4.58e-05       3.54e-03       8.51e-01    
       7             12         2.1718e+03      3.41e-05       3.50e-03       7.54e-01    
       8             13         2.1718e+03      2.53e-05       3.76e-03       6.76e-01    
       9             14         2.1718e+03      2.33e-05       3.94e-03       6.22e-01    
      10             15         2.1718e+03      2.46e-05       1.09e-03       6.23e-01    
      11             16         2.1718e+03      1.86e-05       1.60e-03       5.80e-01    
`ftol` termination condition is satisfied.
Function evaluations 16, initial cost 2.1718e+03, final cost 2.1718e+03, first-order optimality 5.80e-01.
round 3: clearance pairs 215, order pairs 0, residuals 66461
   Iteration     Total nfev        Cost      Cost reduction    Step norm     Optimality   
       0              1         2.1718e+03                                    5.80e-01    
       1              2         2.1718e+03      3.75e-03       2.49e-01       8.62e+00    
       2              6         2.1718e+03      1.28e-03       1.59e-02       2.82e+00    
       3              7         2.1718e+03      7.45e-04       1.21e-02       2.31e+00    
       4              8         2.1718e+03      6.74e-05       1.29e-02       1.75e+00    
       5              9         2.1718e+03      2.52e-04       4.07e-03       1.65e+00    
       6             10         2.1718e+03      6.57e-05       3.43e-03       1.49e+00    
       7             11         2.1718e+03      5.04e-05       2.92e-03       1.35e+00    
       8             12         2.1718e+03      4.18e-05       2.83e-03       1.22e+00    
       9             13         2.1718e+03      3.22e-05       3.15e-03       1.13e+00    
      10             14         2.1718e+03      2.57e-05       3.25e-03       1.05e+00    
      11             15         2.1718e+03      2.25e-05       3.52e-03       9.98e-01    
      12             16         2.1718e+03      1.77e-05       3.56e-03       9.44e-01    
      13             17         2.1718e+03      2.04e-05       9.90e-04       9.46e-01    
`ftol` termination condition is satisfied.
Function evaluations 17, initial cost 2.1718e+03, final cost 2.1718e+03, first-order optimality 9.46e-01.
c  K=160  init=raw  [round 0 nfev=112 status=2 (ftol`) cost 2171.862]  [round 1 nfev=22 status=2 (ftol`) cost 2171.821]  [round 2 nfev=16 status=2 (ftol`) cost 2171.809]  [round 3 nfev=17 status=2 (ftol`) cost 2171.803]
args: {"K": 160, "bend": 30.0, "box_pose": "", "box_rings": "", "box_trace": 0.15, "bz": "925:1025:0.6:20", "clear": 5.0, "clear_range": "860:1066-388:483", "curl": "925:1025:40:60", "dbend": 500.0, "delta": 60.0, "dtwist": 500.0, "edge_fair": 0.0, "edge_w": "905:1050:L:4,905:1050:R:4", "end_pin": 50.0, "energy_ranges": "", "eps": 1.0, "face_margin": 0.3, "faceon": "", "faces": "docs/ribbon/turns/real/faces.json", "flat": 0.0, "flat_ranges": "", "flip_guard": 20.0, "fold": "", "fold2": "516:40:20,1188:40:20", "fold_axis": "", "fold_convex": "516:10,1188:10", "fold_eq": false, "fold_legs": 5.0, "fold_legs_len": "20", "gap": 14.0, "hide": "", "hide_auto": "", "hmax": 25.5, "hmin": 25.5, "init": "raw", "inside": 0.0, "kappa": 2.0, "keep": 3.0, "keep_free": "895:1110", "lam": 15.0, "lam_h": 50.0, "lit": "1030:1175:0.3:30", "mask": "", "max_nfev": 150, "mu": 300.0, "no_opt": false, "nu_fold": 0.4, "omega": 0.01, "order": 0.0, "out": "docs/ribbon/turns/real/L1/c", "outer": 4, "outline": 0.0, "outline_assign": "nearest", "outline_boxes": "", "outline_drop_near": "", "outline_excl": "", "outline_fixed": false, "outline_incl": "", "outline_loss": "linear", "outline_pose": "", "pin_range": "", "pose": "docs/ribbon/turns/real/K3/pose.json", "redge": 24.0, "rim_pose": "", "rim_side_mode": "centre", "rimlines": "", "rmin": 45.0, "roto": "/Users/ashmitkhurana/Development/Personal/portfolio/docs/ribbon/turns/curve/best/roto.npz", "screenw": "", "sigma": 2.0, "trace_w": 0.15, "twist": 30.0, "w_box": 2.0, "w_face": 15.0, "w_hmin": 50.0, "w_redge": 5.0, "w_rim": 0.0, "w_rmin": 5.0, "w_wfloor": 0.0, "wfloor": 0.0, "wfloor_except": "", "wfloor_mode": "perp", "wfloor_ranges": "", "zprior": "docs/ribbon/turns/real/K3/pose.json"}

edge residual css px, point-to-polyline (L and R pooled): mean 6.418  p95 21.635  max 54.666

window       edge resid (L,R pooled)                      h min/med/max          median |b.T|  #|c'|<0.6 s0
[   0, 131]  mean  14.89  p95  32.28  max  43.39           25.5/ 25.5/ 25.5      0.129         0
[ 132, 288]  mean   1.72  p95   4.81  max  11.52           25.5/ 25.5/ 25.5      0.396         0
[ 289, 483]  mean   8.39  p95  22.06  max  24.38           25.5/ 25.5/ 25.5      0.144         0
[ 484, 554]  mean   5.08  p95   9.73  max  10.43           25.5/ 25.5/ 25.5      0.512         0
[ 555, 658]  mean   1.44  p95   3.43  max   3.93           25.5/ 25.5/ 25.5      0.078         0
[ 659, 764]  mean  16.29  p95  50.24  max  54.67           25.5/ 25.5/ 25.5      0.005         0
[ 765, 940]  mean   1.94  p95   5.25  max  14.81           25.5/ 25.5/ 25.5      0.091         20
[ 941,1066]  mean   7.64  p95  18.32  max  32.69           25.5/ 25.5/ 25.5      0.006         5
[1067,1298]  mean   3.99  p95  11.37  max  21.84           25.5/ 25.5/ 25.5      0.178         0
worst window by mean: [659,764] 16.29 px

dense (4N=5196 samples) surface normal N=TxB: angle change per sample  max 21.610 deg  p99 2.036 deg
   angle per world px of centreline arclength: max 40.3764 deg/px  (p99 2.8496)
   worst dense samples (t, deg, |b.T|): 524.70, 21.6, 0.999; 524.45, 21.0, 0.999; 524.95, 16.8, 0.999; 524.20, 15.6, 0.999; 525.20, 11.3, 0.999
   dense steps > 3 deg: 14, > 6 deg: 8
ripple (|second difference of unit N| per world px^2, dense): max 4.816e-01  p99 1.267e-02  median 5.027e-04
max |b.T| outside fold windows: 0.883   (inside: 0.999)
GATE: min 3D distance between non-adjacent rings (|i-j|>60, surface samples): 15.43 px; pairs < gap 14.0: 0
GATE: screen-overlap pairs (3 px) 1601, order violations (z_front - z_back < 0): 0, (< gap): 5; unique ring pairs violating: 0
end centreline offset from init: ring0 0.0 px, ring N-1 1.4 px
outside-mockup distance (5 pts across band, css px): mean 0.694  max 30.83  frac>0.5px 0.101
outline residual (css px, matched <=25 px: 1603 of 1634 pts): mean 6.509  p95 18.527  max 24.94
run time: 142.4 s
residual block norms (sum of squares): edge 1171.38, smooth 289.49, jerk 275.67, perp 89.85, dev 455.99, depth 106.80, hsm 0.00, wpr 0.00, speed 21.63, hmin 0.02, hmax 0.01, face 82.37, rmin 294.50, scrw 0.00, wf 0.00, ins 0.00, fcr 185.00, bnd 699.82, twi 42.32, dbn 194.87, dtw 8.71, rmf 62.05, crl 64.53, lgb 76.55, cvx 91.19
