DPR2 canvases 780x1688 780x1688
DPR3 canvases 1170x2532 1170x2532
crop_apex.png  128189 B
crop_bottomk.png  257721 B
crop_endstrand.png  169491 B
crop_farleft.png  178905 B
crop_junction.png  107570 B
crop_scurve.png  221486 B
crop_topk.png  179616 B
crop_wrap.png  295809 B
hero.png  1332300 B
ribbon.png  1364946 B
ribbon_crop_apex.png  134258 B
ribbon_crop_bottomk.png  257721 B
ribbon_crop_endstrand.png  169491 B
ribbon_crop_farleft.png  178905 B
ribbon_crop_junction.png  107570 B
ribbon_crop_scurve.png  221486 B
ribbon_crop_topk.png  179616 B
ribbon_crop_wrap.png  295809 B
