DPR2 canvases 780x1688 780x1688
DPR3 canvases 1170x2532 1170x2532
crop_apex.png  123152 B
crop_bottomk.png  264491 B
crop_endstrand.png  165845 B
crop_farleft.png  183085 B
crop_junction.png  102542 B
crop_scurve.png  220367 B
crop_topk.png  171498 B
crop_wrap.png  289585 B
hero.png  1319546 B
ribbon.png  1351651 B
ribbon_crop_apex.png  129444 B
ribbon_crop_bottomk.png  264491 B
ribbon_crop_endstrand.png  165845 B
ribbon_crop_farleft.png  183085 B
ribbon_crop_junction.png  102542 B
ribbon_crop_scurve.png  220367 B
ribbon_crop_topk.png  171498 B
ribbon_crop_wrap.png  289585 B
