fold2 crease 376 R 25: ds 3.17 n 12 (eq 364..388, ruling 358..394, legs to +-32)
fold2 crease 516 R 40: ds 1.98 n 32 (eq 484..548, ruling 478..554, legs to +-52)
fold2 crease 1188 R 40: ds 2.11 n 30 (eq 1158..1218, ruling 1152..1224, legs to +-50)
face rule: sign_A -1 (tail median N.v -0.991)
init cost 202078503.559, residuals 61065, params 1120
round 0: clearance pairs 973, order pairs 0, residuals 62038
   Iteration     Total nfev        Cost      Cost reduction    Step norm     Optimality   
       0              1         2.0210e+08                                    5.99e+07    
       1              2         1.2196e+06      2.01e+08       2.08e+02       7.36e+06    
       2              3         3.4634e+05      8.73e+05       2.17e+02       8.81e+05    
       3              4         2.8409e+05      6.23e+04       1.29e+02       3.94e+06    
       4              5         1.7180e+05      1.12e+05       6.29e+01       6.04e+05    
       5              6         3.9024e+04      1.33e+05       5.16e+01       3.87e+04    
       6              7         2.0649e+04      1.84e+04       9.40e+01       9.16e+03    
       7              8         9.6782e+03      1.10e+04       7.84e+01       5.52e+03    
       8             10         6.9109e+03      2.77e+03       2.15e+01       2.58e+03    
       9             11         5.3438e+03      1.57e+03       4.14e+01       3.68e+03    
      10             12         4.2455e+03      1.10e+03       4.49e+01       2.68e+03    
      11             14         3.8470e+03      3.99e+02       1.65e+01       2.66e+03    
      12             15         3.3570e+03      4.90e+02       3.54e+01       7.93e+03    
      13             17         3.1528e+03      2.04e+02       1.66e+01       2.81e+03    
      14             18         2.9023e+03      2.51e+02       3.88e+01       6.23e+03    
      15             20         2.8108e+03      9.14e+01       1.60e+01       2.82e+03    
      16             21         2.6876e+03      1.23e+02       2.11e+01       1.22e+03    
      17             23         2.6573e+03      3.03e+01       8.90e+00       8.30e+02    
      18             24         2.6177e+03      3.96e+01       1.07e+01       4.74e+02    
      19             25         2.6069e+03      1.07e+01       1.29e+01       4.65e+02    
      20             27         2.5812e+03      2.57e+01       4.09e+00       2.18e+02    
      21             28         2.5632e+03      1.80e+01       7.48e+00       7.99e+01    
      22             30         2.5470e+03      1.62e+01       2.14e+00       7.22e+01    
      23             31         2.5409e+03      6.16e+00       3.17e+00       7.20e+01    
      24             33         2.5403e+03      5.59e-01       9.25e-01       7.20e+01    
      25             34         2.5384e+03      1.91e+00       3.34e-01       7.20e+01    
      26             35         2.5380e+03      3.66e-01       6.72e-01       7.20e+01    
      27             36         2.5373e+03      7.37e-01       3.21e-01       7.20e+01    
      28             37         2.5365e+03      8.00e-01       3.23e-01       7.20e+01    
      29             39         2.5363e+03      2.05e-01       1.50e-01       7.20e+01    
      30             40         2.5360e+03      3.25e-01       2.40e-01       7.20e+01    
      31             41         2.5345e+03      1.43e+00       3.74e-01       7.19e+01    
      32             43         2.5344e+03      1.51e-01       9.31e-02       7.19e+01    
      33             46         2.5343e+03      2.94e-02       2.27e-02       7.19e+01    
      34             50         2.5343e+03      2.00e-03       1.06e-03       7.19e+01    
      35             51         2.5343e+03      3.36e-03       2.09e-03       1.59e+02    
      36             54         2.5343e+03      3.59e-04       2.68e-04       7.19e+01    
      37             56         2.5343e+03      1.80e-04       1.34e-04       7.19e+01    
      38             57         2.5343e+03      3.57e-04       2.66e-04       7.19e+01    
      39             60         2.5343e+03      4.44e-05       3.32e-05       7.19e+01    
      40             62         2.5343e+03      0.00e+00       0.00e+00       7.19e+01    
`xtol` termination condition is satisfied.
Function evaluations 62, initial cost 2.0210e+08, final cost 2.5343e+03, first-order optimality 7.19e+01.
round 1: clearance pairs 337, order pairs 0, residuals 61402
   Iteration     Total nfev        Cost      Cost reduction    Step norm     Optimality   
       0              1         2.5343e+03                                    7.19e+01    
       1              3         2.4681e+03      6.63e+01       3.05e+01       9.07e+02    
       2              5         2.4283e+03      3.98e+01       1.05e+01       1.34e+02    
       3              7         2.4129e+03      1.54e+01       3.61e+00       6.29e+01    
       4              8         2.3854e+03      2.75e+01       1.44e+01       5.94e+01    
       5             10         2.3802e+03      5.21e+00       4.68e+00       3.34e+01    
       6             11         2.3706e+03      9.60e+00       4.80e+00       2.51e+01    
       7             13         2.3686e+03      1.99e+00       2.67e+00       3.64e+01    
       8             14         2.3638e+03      4.81e+00       2.74e+00       4.47e+01    
       9             15         2.3592e+03      4.61e+00       6.15e+00       1.53e+01    
      10             21         2.3591e+03      7.37e-02       2.09e-02       1.51e+01    
      11             22         2.3590e+03      1.32e-01       4.19e-02       1.45e+01    
      12             25         2.3590e+03      1.51e-02       5.15e-03       1.44e+01    
      13             28         2.3590e+03      1.86e-03       6.42e-04       1.44e+01    
      14             31         2.3590e+03      2.32e-04       8.02e-05       1.44e+01    
      15             33         2.3590e+03      1.16e-04       4.01e-05       1.44e+01    
      16             34         2.3590e+03      2.32e-04       8.02e-05       1.44e+01    
      17             37         2.3590e+03      2.90e-05       1.00e-05       1.44e+01    
`xtol` termination condition is satisfied.
Function evaluations 37, initial cost 2.5343e+03, final cost 2.3590e+03, first-order optimality 1.44e+01.
round 2: clearance pairs 532, order pairs 0, residuals 61597
   Iteration     Total nfev        Cost      Cost reduction    Step norm     Optimality   
       0              1         2.3590e+03                                    1.44e+01    
       1             14         2.3590e+03      0.00e+00       0.00e+00       1.44e+01    
`xtol` termination condition is satisfied.
Function evaluations 14, initial cost 2.3590e+03, final cost 2.3590e+03, first-order optimality 1.44e+01.
round 3: clearance pairs 532, order pairs 0, residuals 61597
   Iteration     Total nfev        Cost      Cost reduction    Step norm     Optimality   
       0              1         2.3590e+03                                    1.44e+01    
       1             14         2.3590e+03      0.00e+00       0.00e+00       1.44e+01    
`xtol` termination condition is satisfied.
Function evaluations 14, initial cost 2.3590e+03, final cost 2.3590e+03, first-order optimality 1.44e+01.
a  K=160  init=perp  [round 0 nfev=62 status=3 (xtol`) cost 2534.336]  [round 1 nfev=37 status=3 (xtol`) cost 2358.973]  [round 2 nfev=14 status=3 (xtol`) cost 2358.973]  [round 3 nfev=14 status=3 (xtol`) cost 2358.973]
args: {"K": 160, "bend": 30.0, "box_pose": "", "box_rings": "", "box_trace": 0.15, "clear": 5.0, "clear_range": "860:1066-388:483", "dbend": 500.0, "delta": 60.0, "dtwist": 500.0, "edge_fair": 0.0, "edge_w": "", "end_pin": 50.0, "energy_ranges": "", "eps": 0.3, "face_margin": 0.3, "faceon": "", "faces": "docs/ribbon/turns/real/faces.json", "flat": 6.0, "flat_ranges": "470:560,1140:1240", "flip_guard": 20.0, "fold": "", "fold2": "376:25:20,516:40:20,1188:40:20", "fold_axis": "", "fold_convex": "516:10,1188:10", "fold_eq": false, "fold_legs": 5.0, "fold_legs_len": "20", "gap": 14.0, "hide": "", "hide_auto": "", "hmax": 25.5, "hmin": 25.5, "init": "perp", "inside": 0.0, "kappa": 2.0, "lam": 15.0, "lam_h": 50.0, "mask": "", "max_nfev": 150, "mu": 300.0, "no_opt": false, "nu_fold": 0.4, "omega": 0.01, "order": 0.0, "out": "docs/ribbon/turns/real/D4/a", "outer": 4, "outline": 0.0, "outline_assign": "nearest", "outline_boxes": "", "outline_drop_near": "", "outline_excl": "", "outline_fixed": false, "outline_incl": "", "outline_loss": "linear", "outline_pose": "", "pin_range": "", "pose": "docs/ribbon/turns/fit/kk4/pose.json", "redge": 24.0, "rim_pose": "", "rim_side_mode": "centre", "rimlines": "", "rmin": 45.0, "roto": "/Users/ashmitkhurana/Development/Personal/portfolio/docs/ribbon/turns/curve/best/roto.npz", "screenw": "", "sigma": 2.0, "trace_w": 0.15, "twist": 30.0, "w_box": 2.0, "w_face": 15.0, "w_hmin": 50.0, "w_redge": 5.0, "w_rim": 0.0, "w_rmin": 5.0, "w_wfloor": 0.0, "wfloor": 0.0, "wfloor_except": "", "wfloor_mode": "perp", "wfloor_ranges": "", "zprior": "docs/ribbon/turns/fit/kk4/pose.json"}

edge residual css px, point-to-polyline (L and R pooled): mean 6.429  p95 18.674  max 43.395

window       edge resid (L,R pooled)                      h min/med/max          median |b.T|  #|c'|<0.6 s0
[   0, 131]  mean  14.91  p95  32.32  max  43.39           25.5/ 25.5/ 25.5      0.137         2
[ 132, 288]  mean   1.38  p95   4.43  max  10.58           25.5/ 25.5/ 25.5      0.414         0
[ 289, 483]  mean   5.46  p95  13.38  max  18.87           25.5/ 25.5/ 25.5      0.417         19
[ 484, 554]  mean  14.96  p95  35.26  max  36.98           25.5/ 25.5/ 25.5      0.823         5
[ 555, 658]  mean   3.96  p95   9.21  max  11.20           25.5/ 25.5/ 25.5      0.073         0
[ 659, 764]  mean   7.98  p95  14.28  max  15.20           25.5/ 25.5/ 25.5      0.531         0
[ 765, 940]  mean   1.99  p95   6.13  max  11.35           25.5/ 25.5/ 25.5      0.166         3
[ 941,1066]  mean   9.15  p95  18.71  max  20.38           25.5/ 25.5/ 25.5      0.212         17
[1067,1298]  mean   5.51  p95  15.93  max  23.10           25.5/ 25.5/ 25.5      0.402         32
worst window by mean: [484,554] 14.96 px

dense (4N=5196 samples) surface normal N=TxB: angle change per sample  max 2.739 deg  p99 2.155 deg
   angle per world px of centreline arclength: max 9.0208 deg/px  (p99 4.0751)
   worst dense samples (t, deg, |b.T|): 363.54, 2.7, 0.658; 486.72, 2.7, 0.946; 486.97, 2.7, 0.947; 363.29, 2.7, 0.666; 486.47, 2.7, 0.944
   dense steps > 3 deg: 0, > 6 deg: 0
ripple (|second difference of unit N| per world px^2, dense): max 5.899e-02  p99 1.922e-02  median 4.853e-04
max |b.T| outside fold windows: 0.945   (inside: 0.985)
GATE: min 3D distance between non-adjacent rings (|i-j|>60, surface samples): 14.03 px; pairs < gap 14.0: 0
GATE: screen-overlap pairs (3 px) 1751, order violations (z_front - z_back < 0): 0, (< gap): 0; unique ring pairs violating: 0
end centreline offset from init: ring0 0.0 px, ring N-1 0.0 px
outside-mockup distance (5 pts across band, css px): mean 0.862  max 24.62  frac>0.5px 0.136
outline residual (css px, matched <=25 px: 1614 of 1634 pts): mean 6.808  p95 17.980  max 24.98
run time: 66.5 s
residual block norms (sum of squares): edge 1034.99, smooth 158.87, jerk 143.30, perp 102.33, dev 108.68, depth 467.30, hsm 0.00, wpr 0.00, speed 77.18, hmin 0.00, hmax 0.00, face 0.00, rmin 14.87, scrw 0.00, wf 0.00, ins 0.00, fcr 200.31, bnd 717.95, twi 5.98, dbn 172.23, dtw 1.23, rmf 187.80, crl 17.93, lgb 133.11, cvx 123.80
