fold2 crease 376 R 25: ds 2.46 n 16 (eq 360..392, ruling 354..398, legs to +-36)
fold2 crease 516 R 40: ds 2.59 n 24 (eq 492..540, ruling 486..546, legs to +-44)
fold2 crease 1188 R 40: ds 2.96 n 21 (eq 1167..1209, ruling 1161..1215, legs to +-41)
face rule: sign_A -1 (tail median N.v -0.995)
init cost 45804164.722, residuals 61065, params 1120
round 0: clearance pairs 508, order pairs 0, residuals 61573
   Iteration     Total nfev        Cost      Cost reduction    Step norm     Optimality   
       0              1         4.5804e+07                                    3.96e+05    
       1              2         2.0950e+04      4.58e+07       7.95e+01       4.82e+04    
       2              4         1.0649e+04      1.03e+04       3.04e+01       8.09e+04    
       3              5         2.8757e+03      7.77e+03       1.52e+01       1.32e+04    
       4              6         2.0946e+03      7.81e+02       2.31e+01       7.75e+02    
       5              8         2.0182e+03      7.64e+01       5.93e+00       1.00e+02    
       6              9         1.9555e+03      6.26e+01       1.03e+01       6.70e+01    
       7             10         1.9061e+03      4.94e+01       7.07e+00       4.78e+01    
       8             11         1.8781e+03      2.80e+01       8.65e+00       3.31e+01    
       9             12         1.8516e+03      2.65e+01       6.60e+00       2.41e+01    
      10             13         1.8341e+03      1.75e+01       7.50e+00       1.83e+01    
      11             14         1.8189e+03      1.52e+01       5.57e+00       1.74e+01    
      12             15         1.8104e+03      8.44e+00       7.11e+00       2.12e+01    
      13             16         1.8012e+03      9.29e+00       6.01e+00       1.80e+01    
      14             17         1.7978e+03      3.36e+00       6.29e+00       2.51e+01    
      15             18         1.7906e+03      7.14e+00       4.79e+00       2.28e+01    
      16             19         1.7884e+03      2.28e+00       4.94e+00       2.63e+01    
      17             20         1.7832e+03      5.18e+00       5.31e+00       2.14e+01    
      18             21         1.7819e+03      1.26e+00       4.22e+00       2.34e+01    
      19             22         1.7768e+03      5.15e+00       2.55e+00       2.33e+01    
      20             23         1.7738e+03      2.99e+00       4.53e+00       2.41e+01    
      21             24         1.7704e+03      3.43e+00       4.98e+00       3.00e+01    
      22             26         1.7697e+03      7.07e-01       1.08e+00       2.09e+01    
      23             27         1.7660e+03      3.65e+00       4.33e+00       3.21e+01    
      24             28         1.7619e+03      4.14e+00       7.90e+00       2.66e+01    
      25             30         1.7611e+03      8.08e-01       1.80e+00       1.54e+01    
      26             31         1.7599e+03      1.17e+00       3.62e+00       1.68e+01    
      27             33         1.7592e+03      6.67e-01       8.24e-01       6.71e+00    
      28             34         1.7583e+03      9.48e-01       2.73e+00       1.01e+01    
      29             35         1.7564e+03      1.87e+00       4.11e+00       9.54e+00    
      30             36         1.7562e+03      2.10e-01       3.12e+00       7.80e+00    
      31             37         1.7552e+03      1.00e+00       9.21e-01       5.34e+00    
      32             38         1.7551e+03      1.09e-01       1.39e+00       4.92e+00    
      33             39         1.7542e+03      8.45e-01       1.56e+00       4.72e+00    
      34             41         1.7541e+03      1.76e-01       6.30e-01       3.60e+00    
      35             43         1.7539e+03      1.31e-01       4.03e-01       3.12e+00    
      36             45         1.7538e+03      9.54e-02       2.14e-01       2.60e+00    
      37             47         1.7538e+03      6.26e-02       1.10e-01       2.29e+00    
      38             52         1.7538e+03      8.84e-04       8.33e-04       2.28e+00    
      39             53         1.7538e+03      1.72e-03       1.59e-03       2.25e+00    
      40             57         1.7538e+03      5.26e-05       4.95e-05       2.25e+00    
      41             59         1.7538e+03      2.63e-05       2.47e-05       2.25e+00    
`xtol` termination condition is satisfied.
Function evaluations 59, initial cost 4.5804e+07, final cost 1.7538e+03, first-order optimality 2.25e+00.
round 1: clearance pairs 852, order pairs 0, residuals 61917
   Iteration     Total nfev        Cost      Cost reduction    Step norm     Optimality   
       0              1         1.8550e+03                                    5.12e+03    
       1              2         1.7656e+03      8.93e+01       1.18e+01       1.25e+03    
       2              4         1.7568e+03      8.80e+00       3.72e+00       1.64e+02    
       3              6         1.7537e+03      3.16e+00       2.89e+00       3.68e+01    
       4              7         1.7529e+03      7.70e-01       3.59e+00       3.21e+01    
       5              8         1.7462e+03      6.69e+00       2.94e+00       1.61e+02    
       6              9         1.7454e+03      8.66e-01       3.46e+00       2.71e+01    
       7             10         1.7442e+03      1.19e+00       1.91e+00       4.14e+00    
       8             12         1.7436e+03      5.37e-01       1.13e+00       4.04e+00    
       9             14         1.7434e+03      2.22e-01       2.57e-01       3.98e+00    
      10             15         1.7433e+03      7.22e-02       1.66e-01       3.88e+00    
      11             16         1.7432e+03      1.10e-01       2.46e-01       3.74e+00    
      12             17         1.7431e+03      1.28e-01       4.38e-01       3.53e+00    
      13             19         1.7430e+03      9.95e-02       2.52e-01       3.50e+00    
      14             20         1.7429e+03      5.08e-02       9.88e-02       3.45e+00    
      15             21         1.7429e+03      8.64e-02       1.65e-01       3.34e+00    
      16             22         1.7427e+03      1.37e-01       3.07e-01       3.15e+00    
      17             23         1.7427e+03      2.70e-02       4.89e-01       2.97e+00    
      18             24         1.7426e+03      1.38e-01       2.60e-01       2.96e+00    
      19             25         1.7425e+03      3.83e-02       1.16e-01       2.91e+00    
      20             26         1.7425e+03      6.60e-02       1.81e-01       2.81e+00    
      21             27         1.7424e+03      9.33e-02       3.70e-01       2.64e+00    
      22             29         1.7423e+03      4.94e-02       2.24e-01       2.61e+00    
      23             30         1.7423e+03      2.46e-02       1.72e-01       2.58e+00    
      24             31         1.7423e+03      1.71e-02       2.11e-01       2.55e+00    
      25             32         1.7423e+03      1.65e-02       2.25e-01       2.53e+00    
      26             33         1.7422e+03      1.94e-02       6.23e-02       2.52e+00    
      27             34         1.7422e+03      1.52e-02       8.88e-02       2.51e+00    
      28             35         1.7422e+03      1.56e-02       6.85e-02       2.49e+00    
      29             36         1.7422e+03      2.94e-02       1.11e-01       2.45e+00    
      30             37         1.7421e+03      4.98e-02       2.18e-01       2.37e+00    
      31             39         1.7421e+03      2.30e-02       1.08e-01       2.35e+00    
      32             40         1.7421e+03      1.67e-02       5.47e-02       2.34e+00    
      33             41         1.7421e+03      3.06e-02       1.01e-01       2.30e+00    
      34             42         1.7420e+03      5.59e-02       2.02e-01       2.22e+00    
      35             43         1.7419e+03      8.09e-02       4.19e-01       2.09e+00    
      36             45         1.7419e+03      4.70e-02       2.24e-01       2.07e+00    
      37             46         1.7419e+03      1.83e-02       1.82e-01       2.05e+00    
      38             47         1.7418e+03      1.39e-02       2.25e-01       2.03e+00    
      39             48         1.7418e+03      1.95e-02       6.29e-02       2.03e+00    
      40             49         1.7418e+03      1.40e-02       9.16e-02       2.02e+00    
      41             50         1.7418e+03      1.43e-02       7.40e-02       2.00e+00    
      42             51         1.7418e+03      2.74e-02       1.19e-01       1.97e+00    
      43             52         1.7417e+03      4.48e-02       2.34e-01       1.92e+00    
      44             54         1.7417e+03      2.50e-02       1.12e-01       1.91e+00    
      45             55         1.7417e+03      1.64e-02       5.45e-02       1.90e+00    
      46             56         1.7416e+03      3.03e-02       1.01e-01       1.87e+00    
      47             57         1.7416e+03      5.70e-02       2.01e-01       1.82e+00    
      48             58         1.7415e+03      9.20e-02       4.20e-01       1.72e+00    
      49             60         1.7415e+03      3.81e-02       2.11e-01       1.71e+00    
      50             61         1.7414e+03      1.78e-02       1.92e-01       6.11e+01    
      51             62         1.7414e+03      1.49e-02       2.27e-01       1.68e+00    
      52             63         1.7414e+03      1.95e-02       6.27e-02       1.68e+00    
      53             64         1.7414e+03      1.41e-02       8.89e-02       1.67e+00    
      54             65         1.7414e+03      1.44e-02       6.99e-02       1.66e+00    
      55             66         1.7414e+03      2.75e-02       1.05e-01       1.64e+00    
      56             67         1.7413e+03      4.53e-02       2.01e-01       1.60e+00    
      57             69         1.7413e+03      2.48e-02       1.11e-01       1.60e+00    
      58             70         1.7413e+03      1.64e-02       4.90e-02       1.59e+00    
      59             71         1.7412e+03      3.03e-02       8.78e-02       1.57e+00    
      60             72         1.7412e+03      5.72e-02       1.65e-01       1.53e+00    
      61             73         1.7411e+03      9.36e-02       3.25e-01       1.46e+00    
      62             75         1.7410e+03      3.76e-02       2.08e-01       1.45e+00    
      63             76         1.7410e+03      1.78e-02       1.90e-01       1.44e+00    
      64             77         1.7410e+03      1.56e-02       2.26e-01       1.43e+00    
      65             78         1.7410e+03      1.95e-02       6.28e-02       1.43e+00    
      66             79         1.7410e+03      1.44e-02       8.90e-02       1.42e+00    
      67             80         1.7410e+03      1.48e-02       7.09e-02       1.42e+00    
      68             81         1.7409e+03      2.86e-02       1.10e-01       1.40e+00    
      69             82         1.7409e+03      4.92e-02       2.04e-01       1.38e+00    
      70             84         1.7409e+03      2.35e-02       1.08e-01       1.37e+00    
      71             85         1.7408e+03      1.68e-02       5.46e-02       1.36e+00    
      72             86         1.7408e+03      3.11e-02       9.84e-02       1.35e+00    
      73             87         1.7408e+03      5.88e-02       1.80e-01       1.33e+00    
      74             88         1.7407e+03      9.78e-02       3.46e-01       1.27e+00    
      75             90         1.7406e+03      4.02e-02       2.09e-01       1.27e+00    
      76             91         1.7406e+03      2.07e-02       1.85e-01       1.26e+00    
      77             92         1.7406e+03      1.66e-02       2.21e-01       1.25e+00    
      78             93         1.7406e+03      1.94e-02       6.25e-02       1.25e+00    
      79             94         1.7405e+03      1.53e-02       8.72e-02       1.25e+00    
      80             95         1.7405e+03      1.57e-02       6.94e-02       1.24e+00    
      81             96         1.7405e+03      3.05e-02       1.11e-01       1.23e+00    
      82             97         1.7404e+03      5.48e-02       2.06e-01       1.21e+00    
      83             98         1.7404e+03      1.72e-02       3.09e-01       1.20e+00    
      84             99         1.7404e+03      5.09e-02       1.28e-01       1.19e+00    
      85             100        1.7404e+03      1.62e-02       8.99e-02       1.19e+00    
      86             101        1.7403e+03      1.66e-02       6.60e-02       1.19e+00    
      87             102        1.7403e+03      3.09e-02       1.12e-01       1.18e+00    
      88             103        1.7403e+03      5.59e-02       2.10e-01       1.16e+00    
      89             104        1.7402e+03      1.44e-02       3.16e-01       1.15e+00    
      90             105        1.7402e+03      5.34e-02       1.29e-01       1.17e+00    
      91             106        1.7402e+03      1.71e-02       9.32e-02       1.18e+00    
      92             107        1.7402e+03      1.70e-02       6.39e-02       1.19e+00    
      93             108        1.7401e+03      3.20e-02       1.10e-01       1.19e+00    
      94             109        1.7401e+03      5.84e-02       2.05e-01       1.18e+00    
      95             110        1.7400e+03      7.61e-02       4.17e-01       1.16e+00    
      96             112        1.7399e+03      7.29e-02       2.37e-01       1.18e+00    
      97             113        1.7399e+03      3.30e-02       1.39e-01       1.21e+00    
      98             114        1.7399e+03      2.29e-02       1.72e-01       1.22e+00    
      99             115        1.7398e+03      1.90e-02       2.04e-01       1.24e+00    
      100            116        1.7398e+03      1.91e-02       2.20e-01       1.25e+00    
      101            117        1.7398e+03      1.99e-02       2.24e-01       1.26e+00    
      102            118        1.7398e+03      1.98e-02       2.24e-01       1.26e+00    
      103            119        1.7398e+03      2.02e-02       2.24e-01       1.27e+00    
      104            120        1.7397e+03      1.98e-02       2.24e-01       1.27e+00    
      105            121        1.7397e+03      2.03e-02       2.24e-01       1.28e+00    
      106            122        1.7397e+03      1.98e-02       2.23e-01       1.28e+00    
      107            123        1.7397e+03      2.04e-02       2.23e-01       1.28e+00    
      108            124        1.7397e+03      1.98e-02       2.23e-01       1.29e+00    
      109            125        1.7396e+03      2.05e-02       2.23e-01       1.29e+00    
      110            126        1.7396e+03      1.99e-02       2.23e-01       1.29e+00    
      111            127        1.7396e+03      2.05e-02       2.23e-01       1.30e+00    
      112            128        1.7396e+03      1.99e-02       2.22e-01       1.30e+00    
      113            129        1.7396e+03      2.06e-02       2.23e-01       1.30e+00    
      114            130        1.7395e+03      2.00e-02       2.22e-01       1.30e+00    
      115            131        1.7395e+03      2.07e-02       2.22e-01       1.31e+00    
      116            132        1.7395e+03      2.01e-02       2.22e-01       1.31e+00    
      117            133        1.7395e+03      2.08e-02       2.22e-01       1.31e+00    
      118            134        1.7395e+03      2.01e-02       2.22e-01       1.31e+00    
      119            135        1.7394e+03      2.08e-02       2.22e-01       1.32e+00    
      120            136        1.7394e+03      2.02e-02       2.22e-01       1.32e+00    
      121            137        1.7394e+03      2.09e-02       2.22e-01       1.32e+00    
      122            138        1.7394e+03      2.02e-02       2.21e-01       1.32e+00    
      123            139        1.7394e+03      2.09e-02       2.21e-01       1.32e+00    
      124            140        1.7393e+03      2.03e-02       2.21e-01       1.32e+00    
      125            141        1.7393e+03      2.10e-02       2.21e-01       1.33e+00    
      126            142        1.7393e+03      2.03e-02       2.21e-01       1.33e+00    
      127            143        1.7393e+03      2.10e-02       2.21e-01       1.33e+00    
      128            144        1.7393e+03      2.03e-02       2.21e-01       1.33e+00    
      129            145        1.7392e+03      2.11e-02       2.21e-01       1.33e+00    
      130            146        1.7392e+03      2.04e-02       2.21e-01       1.33e+00    
      131            147        1.7392e+03      2.10e-02       2.21e-01       1.34e+00    
      132            148        1.7392e+03      2.04e-02       2.21e-01       1.34e+00    
      133            149        1.7391e+03      2.11e-02       2.21e-01       1.34e+00    
      134            150        1.7391e+03      2.04e-02       2.21e-01       1.34e+00    
The maximum number of function evaluations is exceeded.
Function evaluations 150, initial cost 1.8550e+03, final cost 1.7391e+03, first-order optimality 1.34e+00.
round 2: clearance pairs 896, order pairs 0, residuals 61961
   Iteration     Total nfev        Cost      Cost reduction    Step norm     Optimality   
       0              1         1.7391e+03                                    1.34e+00    
       1              3         1.7387e+03      4.67e-01       3.90e+00       3.95e+01    
       2              5         1.7383e+03      3.56e-01       1.03e+00       4.28e+01    
       3              6         1.7379e+03      3.72e-01       1.26e+00       3.44e+01    
       4              8         1.7377e+03      2.05e-01       5.54e-01       2.95e+00    
       5              9         1.7374e+03      3.14e-01       1.59e+00       1.98e+00    
       6             11         1.7373e+03      9.36e-02       4.72e-01       3.53e+01    
       7             12         1.7372e+03      7.11e-02       4.70e-01       3.50e+01    
       8             13         1.7371e+03      1.54e-01       7.09e-01       2.87e+00    
       9             15         1.7370e+03      1.34e-01       3.13e-01       1.77e+00    
      10             16         1.7369e+03      2.45e-02       2.77e-01       1.86e+00    
      11             18         1.7369e+03      3.13e-02       1.27e-01       1.86e+00    
      12             19         1.7369e+03      9.99e-03       8.12e-02       1.88e+00    
      13             20         1.7369e+03      9.75e-03       6.90e-02       1.90e+00    
      14             21         1.7369e+03      9.58e-03       6.89e-02       1.92e+00    
      15             22         1.7369e+03      9.48e-03       6.78e-02       1.93e+00    
      16             23         1.7369e+03      9.41e-03       6.84e-02       1.95e+00    
      17             24         1.7368e+03      9.29e-03       6.85e-02       1.96e+00    
      18             25         1.7368e+03      9.23e-03       6.93e-02       1.96e+00    
      19             26         1.7368e+03      9.11e-03       6.99e-02       1.97e+00    
      20             27         1.7368e+03      8.68e-03       7.06e-02       1.40e+00    
      21             28         1.7368e+03      7.75e-03       7.59e-02       1.38e+00    
      22             29         1.7368e+03      7.39e-03       8.26e-02       1.36e+00    
      23             30         1.7368e+03      7.07e-03       8.69e-02       1.35e+00    
      24             31         1.7368e+03      6.99e-03       8.95e-02       1.33e+00    
      25             32         1.7368e+03      6.81e-03       9.10e-02       1.31e+00    
      26             33         1.7368e+03      6.81e-03       9.19e-02       1.29e+00    
      27             34         1.7368e+03      6.69e-03       9.25e-02       1.28e+00    
      28             35         1.7368e+03      6.73e-03       9.29e-02       1.27e+00    
      29             36         1.7368e+03      6.67e-03       9.32e-02       1.25e+00    
      30             37         1.7368e+03      6.77e-03       9.32e-02       1.24e+00    
      31             38         1.7367e+03      6.70e-03       9.31e-02       1.23e+00    
      32             39         1.7367e+03      6.80e-03       9.29e-02       1.22e+00    
      33             40         1.7367e+03      6.76e-03       9.28e-02       1.21e+00    
      34             41         1.7367e+03      6.86e-03       9.25e-02       1.20e+00    
      35             42         1.7367e+03      6.83e-03       9.22e-02       1.20e+00    
      36             43         1.7367e+03      6.95e-03       9.19e-02       1.20e+00    
      37             44         1.7367e+03      6.93e-03       9.15e-02       1.20e+00    
      38             45         1.7367e+03      7.05e-03       9.11e-02       1.25e+00    
      39             46         1.7367e+03      7.04e-03       9.06e-02       1.30e+00    
      40             47         1.7367e+03      7.17e-03       9.01e-02       1.35e+00    
      41             48         1.7367e+03      7.16e-03       8.96e-02       1.40e+00    
      42             49         1.7367e+03      7.28e-03       8.91e-02       1.45e+00    
      43             50         1.7367e+03      7.28e-03       8.86e-02       1.50e+00    
      44             51         1.7367e+03      7.40e-03       8.81e-02       1.55e+00    
      45             52         1.7366e+03      7.38e-03       8.76e-02       1.59e+00    
      46             53         1.7366e+03      7.49e-03       8.71e-02       1.64e+00    
      47             54         1.7366e+03      7.47e-03       8.67e-02       1.68e+00    
      48             55         1.7366e+03      7.56e-03       8.63e-02       1.71e+00    
      49             56         1.7366e+03      7.54e-03       8.60e-02       1.75e+00    
      50             57         1.7366e+03      7.62e-03       8.56e-02       1.78e+00    
      51             58         1.7366e+03      7.58e-03       8.54e-02       1.81e+00    
      52             59         1.7366e+03      7.66e-03       8.51e-02       1.84e+00    
      53             60         1.7366e+03      7.62e-03       8.50e-02       1.87e+00    
      54             61         1.7366e+03      7.68e-03       8.47e-02       1.89e+00    
      55             62         1.7366e+03      7.63e-03       8.46e-02       1.91e+00    
      56             63         1.7366e+03      7.68e-03       8.45e-02       1.92e+00    
      57             64         1.7366e+03      7.63e-03       8.45e-02       1.94e+00    
      58             65         1.7365e+03      7.67e-03       8.44e-02       1.95e+00    
      59             66         1.7365e+03      7.60e-03       8.44e-02       1.96e+00    
      60             67         1.7365e+03      7.64e-03       8.44e-02       1.97e+00    
      61             68         1.7365e+03      7.57e-03       8.45e-02       1.98e+00    
      62             69         1.7365e+03      7.60e-03       8.46e-02       1.98e+00    
      63             70         1.7365e+03      7.52e-03       8.48e-02       1.99e+00    
      64             71         1.7365e+03      7.26e-03       8.49e-02       1.33e+00    
      65             72         1.7365e+03      5.93e-03       9.08e-02       1.29e+00    
      66             73         1.7365e+03      5.41e-03       9.87e-02       1.29e+00    
      67             74         1.7365e+03      4.96e-03       1.03e-01       1.30e+00    
      68             75         1.7365e+03      4.92e-03       1.05e-01       1.30e+00    
      69             76         1.7365e+03      4.68e-03       1.06e-01       1.30e+00    
      70             77         1.7365e+03      4.69e-03       1.07e-01       1.30e+00    
      71             78         1.7365e+03      4.49e-03       1.08e-01       1.31e+00    
      72             79         1.7365e+03      4.54e-03       1.08e-01       1.31e+00    
      73             80         1.7365e+03      4.37e-03       1.09e-01       1.31e+00    
      74             81         1.7365e+03      4.45e-03       1.09e-01       1.32e+00    
      75             82         1.7364e+03      4.31e-03       1.09e-01       1.32e+00    
      76             83         1.7364e+03      4.44e-03       1.09e-01       1.32e+00    
      77             84         1.7364e+03      4.31e-03       1.09e-01       1.33e+00    
      78             85         1.7364e+03      4.45e-03       1.09e-01       1.33e+00    
      79             86         1.7364e+03      4.34e-03       1.09e-01       1.34e+00    
      80             87         1.7364e+03      4.49e-03       1.09e-01       1.34e+00    
      81             88         1.7364e+03      4.41e-03       1.09e-01       1.34e+00    
      82             89         1.7364e+03      4.58e-03       1.08e-01       1.35e+00    
      83             90         1.7364e+03      4.51e-03       1.08e-01       1.35e+00    
      84             91         1.7364e+03      4.69e-03       1.08e-01       1.35e+00    
      85             92         1.7364e+03      4.65e-03       1.07e-01       1.36e+00    
      86             93         1.7364e+03      4.83e-03       1.07e-01       1.36e+00    
      87             94         1.7364e+03      4.80e-03       1.06e-01       1.36e+00    
      88             95         1.7364e+03      4.99e-03       1.06e-01       1.37e+00    
      89             96         1.7364e+03      4.97e-03       1.05e-01       1.37e+00    
      90             97         1.7364e+03      5.16e-03       1.05e-01       1.38e+00    
      91             98         1.7364e+03      5.14e-03       1.04e-01       1.38e+00    
      92             99         1.7364e+03      5.34e-03       1.03e-01       1.38e+00    
      93             100        1.7364e+03      5.32e-03       1.03e-01       1.38e+00    
      94             101        1.7364e+03      5.50e-03       1.02e-01       1.39e+00    
      95             102        1.7364e+03      5.48e-03       1.02e-01       1.42e+00    
      96             103        1.7363e+03      5.65e-03       1.01e-01       1.47e+00    
      97             104        1.7363e+03      5.63e-03       1.00e-01       1.51e+00    
      98             105        1.7363e+03      5.78e-03       9.99e-02       1.55e+00    
      99             106        1.7363e+03      5.75e-03       9.94e-02       1.59e+00    
      100            107        1.7363e+03      5.89e-03       9.89e-02       1.62e+00    
      101            108        1.7363e+03      5.85e-03       9.85e-02       1.66e+00    
      102            109        1.7363e+03      5.98e-03       9.81e-02       1.69e+00    
      103            110        1.7363e+03      5.93e-03       9.78e-02       1.72e+00    
      104            111        1.7363e+03      6.05e-03       9.74e-02       1.74e+00    
      105            112        1.7363e+03      5.99e-03       9.72e-02       1.77e+00    
      106            113        1.7363e+03      6.10e-03       9.69e-02       1.79e+00    
      107            114        1.7363e+03      6.03e-03       9.67e-02       1.81e+00    
      108            115        1.7363e+03      6.13e-03       9.65e-02       1.82e+00    
      109            116        1.7363e+03      6.06e-03       9.64e-02       1.83e+00    
      110            117        1.7363e+03      6.15e-03       9.63e-02       1.85e+00    
      111            118        1.7363e+03      6.07e-03       9.62e-02       1.86e+00    
      112            119        1.7363e+03      6.15e-03       9.61e-02       1.86e+00    
      113            120        1.7362e+03      5.63e-03       9.61e-02       1.44e+00    
      114            121        1.7362e+03      4.20e-03       1.03e-01       1.44e+00    
      115            122        1.7362e+03      3.85e-03       1.11e-01       1.44e+00    
      116            123        1.7362e+03      3.71e-03       1.12e-01       1.44e+00    
      117            124        1.7362e+03      3.38e-03       1.14e-01       1.45e+00    
      118            125        1.7362e+03      3.26e-03       3.05e-02       1.45e+00    
      119            126        1.7362e+03      2.91e-03       4.41e-02       1.45e+00    
      120            127        1.7362e+03      2.90e-03       3.27e-02       1.45e+00    
      121            128        1.7362e+03      5.24e-03       5.14e-02       1.46e+00    
      122            129        1.7362e+03      4.16e-03       1.29e-01       1.47e+00    
      123            131        1.7362e+03      7.52e-03       6.37e-02       1.47e+00    
      124            132        1.7362e+03      2.50e-03       3.95e-02       1.47e+00    
      125            133        1.7362e+03      2.50e-03       3.53e-02       1.47e+00    
      126            134        1.7362e+03      2.47e-03       3.49e-02       1.48e+00    
      127            135        1.7362e+03      4.31e-03       5.85e-02       1.48e+00    
      128            136        1.7362e+03      1.80e-03       9.41e-02       1.49e+00    
      129            137        1.7362e+03      3.10e-03       3.13e-02       1.49e+00    
      130            138        1.7362e+03      2.31e-03       4.70e-02       1.49e+00    
      131            139        1.7362e+03      2.35e-03       3.96e-02       1.50e+00    
      132            140        1.7362e+03      2.37e-03       3.79e-02       1.50e+00    
      133            141        1.7362e+03      2.41e-03       3.66e-02       1.50e+00    
      134            142        1.7362e+03      2.43e-03       3.59e-02       1.51e+00    
      135            143        1.7362e+03      2.46e-03       3.52e-02       1.51e+00    
      136            144        1.7362e+03      4.38e-03       5.90e-02       1.52e+00    
      137            145        1.7362e+03      2.12e-03       9.32e-02       1.52e+00    
      138            146        1.7362e+03      3.08e-03       3.10e-02       1.52e+00    
      139            147        1.7362e+03      2.50e-03       4.52e-02       1.53e+00    
      140            148        1.7362e+03      2.60e-03       3.69e-02       1.53e+00    
      141            149        1.7362e+03      2.67e-03       3.41e-02       1.53e+00    
      142            150        1.7362e+03      5.04e-03       5.44e-02       1.54e+00    
The maximum number of function evaluations is exceeded.
Function evaluations 150, initial cost 1.7391e+03, final cost 1.7362e+03, first-order optimality 1.54e+00.
round 3: clearance pairs 882, order pairs 0, residuals 61947
   Iteration     Total nfev        Cost      Cost reduction    Step norm     Optimality   
       0              1         1.7362e+03                                    1.54e+00    
       1              2         1.7356e+03      5.63e-01       1.03e+01       4.05e+00    
       2              8         1.7355e+03      5.00e-02       1.70e-01       3.18e+00    
       3              9         1.7355e+03      3.06e-02       8.90e-02       2.69e+00    
       4             10         1.7355e+03      4.40e-02       1.39e-01       1.21e+00    
       5             11         1.7354e+03      2.93e-02       2.79e-01       1.23e+01    
       6             12         1.7354e+03      9.37e-03       2.93e-01       7.34e-01    
       7             13         1.7354e+03      2.71e-02       1.89e-01       7.40e-01    
       8             14         1.7354e+03      2.83e-03       1.00e-01       7.34e-01    
       9             16         1.7354e+03      4.87e-03       4.54e-02       7.32e-01    
      10             17         1.7354e+03      1.91e-03       3.30e-02       7.29e-01    
      11             18         1.7354e+03      1.93e-03       1.66e-02       7.28e-01    
      12             19         1.7354e+03      3.88e-03       2.41e-02       7.21e-01    
      13             20         1.7354e+03      7.38e-03       5.31e-02       8.46e-01    
      14             21         1.7354e+03      5.13e-03       1.57e-01       1.23e+00    
      15             22         1.7354e+03      1.36e-02       9.23e-02       1.21e+00    
      16             23         1.7354e+03      4.29e-03       4.55e-02       1.20e+00    
      17             24         1.7353e+03      4.16e-03       5.06e-02       1.23e+00    
      18             25         1.7353e+03      4.09e-03       5.64e-02       1.27e+00    
      19             26         1.7353e+03      4.16e-03       5.82e-02       1.31e+00    
      20             27         1.7353e+03      4.21e-03       5.86e-02       1.34e+00    
      21             28         1.7353e+03      4.31e-03       5.78e-02       1.38e+00    
      22             29         1.7353e+03      4.37e-03       5.71e-02       1.41e+00    
      23             30         1.7353e+03      4.46e-03       5.60e-02       1.44e+00    
      24             31         1.7353e+03      4.44e-03       5.51e-02       1.14e+00    
      25             32         1.7353e+03      3.01e-03       6.17e-02       8.71e-01    
      26             33         1.7353e+03      2.17e-03       7.36e-02       7.08e-01    
      27             34         1.7353e+03      1.92e-03       7.97e-02       7.10e-01    
      28             35         1.7353e+03      1.68e-03       8.21e-02       7.13e-01    
      29             36         1.7353e+03      1.69e-03       2.19e-02       7.14e-01    
      30             37         1.7353e+03      1.42e-03       3.24e-02       7.18e-01    
      31             38         1.7353e+03      1.38e-03       2.49e-02       7.20e-01    
      32             39         1.7353e+03      2.24e-03       4.04e-02       7.29e-01    
      33             40         1.7353e+03      5.73e-04       6.94e-02       7.38e-01    
      34             41         1.7353e+03      1.69e-03       2.27e-02       7.39e-01    
      35             42         1.7353e+03      1.07e-03       3.63e-02       7.45e-01    
      36             43         1.7353e+03      9.97e-04       3.10e-02       7.49e-01    
      37             44         1.7353e+03      9.52e-04       3.15e-02       7.54e-01    
      38             45         1.7353e+03      9.04e-04       3.22e-02       7.59e-01    
      39             46         1.7353e+03      8.61e-04       3.31e-02       7.63e-01    
      40             47         1.7353e+03      8.16e-04       3.40e-02       7.69e-01    
      41             48         1.7353e+03      7.81e-04       3.48e-02       7.74e-01    
      42             49         1.7353e+03      7.43e-04       3.56e-02       7.79e-01    
      43             50         1.7353e+03      7.16e-04       3.62e-02       7.84e-01    
      44             51         1.7353e+03      6.84e-04       3.68e-02       7.88e-01    
      45             52         1.7353e+03      6.61e-04       3.73e-02       7.92e-01    
      46             53         1.7353e+03      6.31e-04       3.78e-02       7.96e-01    
      47             54         1.7353e+03      6.13e-04       3.82e-02       7.99e-01    
      48             55         1.7353e+03      5.86e-04       3.86e-02       8.02e-01    
      49             56         1.7353e+03      5.71e-04       3.89e-02       8.05e-01    
      50             57         1.7353e+03      5.46e-04       3.93e-02       8.08e-01    
      51             58         1.7353e+03      5.34e-04       3.96e-02       8.10e-01    
      52             59         1.7353e+03      5.11e-04       3.99e-02       8.12e-01    
      53             60         1.7353e+03      5.01e-04       4.01e-02       8.14e-01    
      54             61         1.7353e+03      4.80e-04       4.04e-02       8.16e-01    
      55             62         1.7353e+03      4.73e-04       4.06e-02       8.17e-01    
      56             63         1.7353e+03      4.53e-04       4.09e-02       8.18e-01    
      57             64         1.7353e+03      4.20e-04       1.09e-02       8.19e-01    
      58             65         1.7353e+03      3.88e-04       1.57e-02       8.20e-01    
      59             66         1.7353e+03      3.93e-04       1.15e-02       8.20e-01    
      60             67         1.7353e+03      7.34e-04       1.79e-02       8.20e-01    
      61             68         1.7353e+03      8.42e-04       4.24e-02       8.19e-01    
      62             70         1.7353e+03      8.30e-04       2.23e-02       8.19e-01    
      63             71         1.7353e+03      3.70e-04       9.82e-03       8.18e-01    
      64             72         1.7353e+03      6.97e-04       1.63e-02       8.18e-01    
      65             73         1.7353e+03      8.73e-04       3.89e-02       8.13e-01    
      66             75         1.7353e+03      7.02e-04       2.22e-02       8.13e-01    
      67             76         1.7353e+03      3.60e-04       6.86e-03       8.11e-01    
      68             77         1.7353e+03      7.01e-04       1.39e-02       8.08e-01    
      69             78         1.7353e+03      1.24e-03       2.93e-02       8.01e-01    
      70             79         1.7353e+03      5.29e-04       7.27e-02       7.84e-01    
      71             80         1.7353e+03      2.20e-03       4.69e-02       7.84e-01    
      72             81         1.7353e+03      6.25e-04       1.39e-02       7.78e-01    
      73             82         1.7353e+03      1.07e-03       2.91e-02       7.70e-01    
      74             84         1.7353e+03      1.47e-04       3.50e-02       7.67e-01    
      75             85         1.7353e+03      4.14e-04       1.13e-02       7.67e-01    
      76             86         1.7353e+03      2.33e-04       1.78e-02       7.68e-01    
      77             87         1.7353e+03      2.27e-04       1.66e-02       7.64e-01    
      78             88         1.7353e+03      2.26e-04       1.63e-02       7.62e-01    
      79             89         1.7353e+03      2.24e-04       1.63e-02       7.62e-01    
      80             90         1.7353e+03      2.22e-04       1.64e-02       7.59e-01    
      81             91         1.7353e+03      2.20e-04       1.64e-02       7.58e-01    
      82             92         1.7353e+03      2.18e-04       1.65e-02       7.55e-01    
      83             93         1.7353e+03      2.18e-04       1.66e-02       7.54e-01    
      84             94         1.7353e+03      2.16e-04       1.66e-02       7.52e-01    
      85             95         1.7353e+03      2.14e-04       1.67e-02       7.51e-01    
      86             96         1.7353e+03      2.12e-04       1.68e-02       7.48e-01    
      87             97         1.7353e+03      2.10e-04       1.68e-02       7.48e-01    
      88             98         1.7353e+03      2.08e-04       1.69e-02       7.47e-01    
      89             99         1.7353e+03      2.07e-04       1.70e-02       7.44e-01    
      90             100        1.7353e+03      2.05e-04       1.71e-02       7.44e-01    
      91             101        1.7353e+03      2.04e-04       1.71e-02       7.40e-01    
      92             102        1.7353e+03      2.02e-04       1.72e-02       7.40e-01    
      93             103        1.7353e+03      2.01e-04       1.72e-02       7.36e-01    
      94             104        1.7353e+03      1.99e-04       1.73e-02       7.36e-01    
      95             105        1.7353e+03      1.98e-04       1.73e-02       7.36e-01    
      96             106        1.7353e+03      1.96e-04       1.74e-02       7.33e-01    
      97             107        1.7353e+03      1.95e-04       1.74e-02       7.33e-01    
      98             108        1.7353e+03      1.93e-04       1.75e-02       7.29e-01    
      99             109        1.7353e+03      1.92e-04       1.75e-02       7.29e-01    
      100            110        1.7353e+03      1.91e-04       1.76e-02       7.26e-01    
      101            111        1.7353e+03      1.90e-04       1.76e-02       7.26e-01    
      102            112        1.7353e+03      1.89e-04       1.77e-02       7.23e-01    
      103            113        1.7353e+03      1.87e-04       1.77e-02       7.23e-01    
      104            114        1.7353e+03      1.86e-04       1.78e-02       7.23e-01    
      105            115        1.7353e+03      1.85e-04       1.78e-02       7.20e-01    
      106            116        1.7353e+03      1.84e-04       1.79e-02       7.20e-01    
      107            117        1.7353e+03      1.84e-04       1.79e-02       7.17e-01    
      108            118        1.7353e+03      1.83e-04       1.79e-02       7.17e-01    
      109            119        1.7353e+03      1.82e-04       1.80e-02       7.13e-01    
      110            120        1.7353e+03      1.80e-04       1.80e-02       7.13e-01    
      111            121        1.7353e+03      1.80e-04       1.80e-02       7.09e-01    
      112            122        1.7353e+03      1.78e-04       1.81e-02       7.10e-01    
      113            123        1.7353e+03      1.78e-04       1.81e-02       7.10e-01    
      114            124        1.7353e+03      1.76e-04       1.82e-02       7.07e-01    
      115            125        1.7353e+03      1.76e-04       1.82e-02       7.07e-01    
      116            126        1.7353e+03      1.75e-04       1.82e-02       7.04e-01    
      117            127        1.7353e+03      1.75e-04       1.82e-02       7.03e-01    
      118            128        1.7353e+03      1.74e-04       1.83e-02       7.01e-01    
      119            129        1.7353e+03      1.73e-04       1.83e-02       7.01e-01    
      120            130        1.7353e+03      1.71e-04       1.83e-02       6.98e-01    
      121            131        1.7353e+03      1.71e-04       1.84e-02       6.98e-01    
      122            132        1.7353e+03      1.70e-04       1.84e-02       6.98e-01    
      123            133        1.7353e+03      1.69e-04       1.84e-02       6.95e-01    
      124            134        1.7353e+03      1.68e-04       1.85e-02       6.96e-01    
      125            135        1.7353e+03      1.68e-04       1.85e-02       6.93e-01    
      126            136        1.7353e+03      1.66e-04       1.85e-02       6.93e-01    
      127            137        1.7353e+03      1.66e-04       1.85e-02       6.90e-01    
      128            138        1.7353e+03      1.65e-04       1.86e-02       6.90e-01    
      129            139        1.7353e+03      1.65e-04       1.86e-02       6.86e-01    
      130            140        1.7353e+03      1.63e-04       1.86e-02       6.87e-01    
      131            141        1.7353e+03      1.63e-04       1.86e-02       6.87e-01    
      132            142        1.7353e+03      1.62e-04       1.87e-02       6.84e-01    
      133            143        1.7353e+03      1.62e-04       1.87e-02       6.84e-01    
      134            144        1.7353e+03      1.60e-04       1.87e-02       6.82e-01    
      135            145        1.7353e+03      1.60e-04       1.88e-02       6.82e-01    
      136            146        1.7353e+03      1.59e-04       1.88e-02       6.79e-01    
      137            147        1.7353e+03      1.58e-04       1.88e-02       6.79e-01    
      138            148        1.7353e+03      1.57e-04       1.88e-02       6.76e-01    
      139            149        1.7353e+03      1.57e-04       1.89e-02       6.77e-01    
      140            150        1.7353e+03      1.56e-04       1.89e-02       6.73e-01    
The maximum number of function evaluations is exceeded.
Function evaluations 150, initial cost 1.7362e+03, final cost 1.7353e+03, first-order optimality 6.73e-01.
c  K=160  init=perp  [round 0 nfev=59 status=3 (xtol`) cost 1753.765]  [round 1 nfev=150 status=0 (The) cost 1739.127]  [round 2 nfev=150 status=0 (The) cost 1736.152]  [round 3 nfev=150 status=0 (The) cost 1735.260]
args: {"K": 160, "bend": 30.0, "box_pose": "", "box_rings": "", "box_trace": 0.15, "clear": 5.0, "clear_range": "860:1066-388:483", "dbend": 500.0, "delta": 60.0, "dtwist": 500.0, "edge_fair": 0.0, "edge_w": "", "end_pin": 50.0, "energy_ranges": "", "eps": 1.0, "face_margin": 0.3, "faceon": "", "faces": "docs/ribbon/turns/real/faces.json", "flat": 6.0, "flat_ranges": "470:560,1140:1240", "flip_guard": 20.0, "fold": "", "fold2": "376:25:20,516:40:20,1188:40:20", "fold_axis": "", "fold_convex": "516:10,1188:10", "fold_eq": false, "fold_legs": 5.0, "fold_legs_len": "20", "gap": 14.0, "hide": "", "hide_auto": "", "hmax": 25.5, "hmin": 25.5, "init": "perp", "inside": 0.0, "kappa": 2.0, "lam": 15.0, "lam_h": 50.0, "mask": "", "max_nfev": 150, "mu": 300.0, "no_opt": false, "nu_fold": 0.4, "omega": 0.01, "order": 0.0, "out": "docs/ribbon/turns/real/D4/c", "outer": 4, "outline": 0.0, "outline_assign": "nearest", "outline_boxes": "", "outline_drop_near": "", "outline_excl": "", "outline_fixed": false, "outline_incl": "", "outline_loss": "linear", "outline_pose": "", "pin_range": "", "pose": "docs/ribbon/turns/real/D4/b_pose.json", "redge": 24.0, "rim_pose": "", "rim_side_mode": "centre", "rimlines": "", "rmin": 45.0, "roto": "/Users/ashmitkhurana/Development/Personal/portfolio/docs/ribbon/turns/curve/best/roto.npz", "screenw": "", "sigma": 2.0, "trace_w": 0.15, "twist": 30.0, "w_box": 2.0, "w_face": 15.0, "w_hmin": 50.0, "w_redge": 5.0, "w_rim": 0.0, "w_rmin": 5.0, "w_wfloor": 0.0, "wfloor": 0.0, "wfloor_except": "", "wfloor_mode": "perp", "wfloor_ranges": "", "zprior": "docs/ribbon/turns/real/D4/b_pose.json"}

edge residual css px, point-to-polyline (L and R pooled): mean 6.110  p95 18.294  max 43.401

window       edge resid (L,R pooled)                      h min/med/max          median |b.T|  #|c'|<0.6 s0
[   0, 131]  mean  14.89  p95  32.30  max  43.40           25.5/ 25.5/ 25.5      0.129         0
[ 132, 288]  mean   1.73  p95   4.83  max  11.50           25.5/ 25.5/ 25.5      0.392         0
[ 289, 483]  mean   5.27  p95  14.77  max  17.86           25.5/ 25.5/ 25.5      0.408         11
[ 484, 554]  mean  13.08  p95  29.95  max  31.71           25.5/ 25.5/ 25.5      0.232         0
[ 555, 658]  mean   3.68  p95  10.32  max  11.99           25.5/ 25.5/ 25.5      0.089         0
[ 659, 764]  mean   7.80  p95  14.01  max  15.17           25.5/ 25.5/ 25.5      0.670         0
[ 765, 940]  mean   2.01  p95   4.59  max   7.93           25.5/ 25.5/ 25.5      0.163         0
[ 941,1066]  mean   9.75  p95  18.90  max  19.91           25.5/ 25.5/ 25.5      0.238         4
[1067,1298]  mean   4.10  p95  14.72  max  20.10           25.5/ 25.5/ 25.5      0.122         0
worst window by mean: [0,131] 14.89 px

dense (4N=5196 samples) surface normal N=TxB: angle change per sample  max 14.052 deg  p99 2.494 deg
   angle per world px of centreline arclength: max 18.1136 deg/px  (p99 3.5744)
   worst dense samples (t, deg, |b.T|): 732.83, 14.1, 0.997; 733.08, 13.4, 0.997; 732.58, 13.2, 0.996; 733.33, 11.6, 0.996; 732.33, 11.4, 0.995
   dense steps > 3 deg: 35, > 6 deg: 10
ripple (|second difference of unit N| per world px^2, dense): max 9.691e-02  p99 9.072e-03  median 3.939e-04
max |b.T| outside fold windows: 0.997   (inside: 0.985)
GATE: min 3D distance between non-adjacent rings (|i-j|>60, surface samples): 14.00 px; pairs < gap 14.0: 1
GATE: screen-overlap pairs (3 px) 2004, order violations (z_front - z_back < 0): 0, (< gap): 5; unique ring pairs violating: 0
end centreline offset from init: ring0 0.0 px, ring N-1 0.0 px
outside-mockup distance (5 pts across band, css px): mean 0.755  max 23.40  frac>0.5px 0.131
outline residual (css px, matched <=25 px: 1613 of 1634 pts): mean 6.630  p95 17.160  max 24.86
run time: 303.1 s
residual block norms (sum of squares): edge 917.39, smooth 95.91, jerk 133.50, perp 85.96, dev 115.61, depth 45.35, hsm 0.00, wpr 0.00, speed 12.48, hmin 0.00, hmax 0.00, face 0.00, rmin 7.90, scrw 0.00, wf 0.00, ins 0.00, fcr 52.04, bnd 676.45, twi 7.42, dbn 131.17, dtw 1.09, rmf 93.90, crl 5.37, lgb 82.68, cvx 50.58
