clear_pairs 860:1066-388:483:16: 387 raw sample pairs get gap 16
pairs (raw 1751), clusters 9, constraints 1697, initially violated 0 (max -1.9 px)
clusters: 9 (rule-decided 6, vote-decided 3); input-sample disagreements with the decided order: 0 of 1751 raw sample pairs
top clusters by required separation (px short at input): rings_a-range x rings_b-range | front | rule | disagree/total | need
   160- 229 x  679- 720 | front=a-range | vote | 0/285 | 0.0
   386- 396 x  982-1005 | front=a-range | R3 | 0/118 | 0.0
   409- 457 x  887- 923 | front=b-range | R2 | 0/285 | 0.0
   584- 631 x 1062-1100 | front=a-range | R1 | 0/206 | 0.0
   587- 624 x  804- 856 | front=a-range | R1 | 0/274 | 0.0
   619- 653 x 1282-1298 | front=a-range | R1 | 0/98 | 0.0
   624- 628 x  793- 797 | front=a-range | R1 | 0/15 | 0.0
   780- 804 x 1245-1286 | front=a-range | vote | 0/234 | 0.0
   820- 860 x 1062-1106 | front=b-range | vote | 0/236 | 0.0
layer.py docs/ribbon/turns/real/D4/a/pose.json -> docs/ribbon/turns/real/D4/b_pose.json  gap 12.4 kz 160
screen-overlap sample pairs (raw) 1751, constraints (ring pairs) 1697, violated at input 0 (worst -1.9 px short)
solver SLSQP status 0 iterations 1 objective 0 time 0.0 s
max constraint violation after solve (deduped): 0.000 px; violated constraints (> 0.01): 0
all raw sample pairs after: z_front - z_back min 14.34 px, pairs with < 0: 0, < gap-0.5: 0
dz: max |dz| 0.0 px (min 0.0, max 0.0); max |dz''| 0.0000 px/ring^2
unit check: max change of projected edge screen position 0.00e+00 css px
