DPR2 canvases 780x1688 780x1688
DPR3 canvases 1170x2532 1170x2532
crop_apex.png  136202 B
crop_bottomk.png  251119 B
crop_endstrand.png  154917 B
crop_farleft.png  182571 B
crop_junction.png  99615 B
crop_scurve.png  223408 B
crop_topk.png  160327 B
crop_wrap.png  291694 B
hero.png  1325690 B
ribbon.png  1354648 B
ribbon_crop_apex.png  141259 B
ribbon_crop_bottomk.png  251119 B
ribbon_crop_endstrand.png  154917 B
ribbon_crop_farleft.png  182571 B
ribbon_crop_junction.png  99615 B
ribbon_crop_scurve.png  223408 B
ribbon_crop_topk.png  160327 B
ribbon_crop_wrap.png  291694 B
