fold2 crease 516 R 40: ds 1.93 n 32 (eq 484..548, ruling 478..554, legs to +-52)
fold2 crease 1188 R 40: ds 1.95 n 32 (eq 1156..1220, ruling 1150..1226, legs to +-52)
curl rings 340..405 R 35 w 60.0
curl rings 700..790 R 55 w 60.0
curl rings 925..1025 R 35 w 60.0
keep: 961 rings held (w=3.00), 955 new centreline pins
face rule: sign_A -1 (tail median N.v -0.995)
init cost 51682537.768, residuals 65514, params 1120
round 0: clearance pairs 801, order pairs 0, residuals 66315
   Iteration     Total nfev        Cost      Cost reduction    Step norm     Optimality   
       0              1         5.1683e+07                                    4.22e+05    
       1              2         7.0924e+05      5.10e+07       1.57e+02       8.80e+04    
       2              3         2.4063e+05      4.69e+05       9.15e+01       1.04e+05    
       3              5         1.1584e+05      1.25e+05       3.26e+01       2.75e+04    
       4              6         4.5759e+04      7.01e+04       6.88e+01       1.47e+05    
       5              7         1.7328e+04      2.84e+04       5.18e+01       2.67e+03    
       6              9         1.4478e+04      2.85e+03       1.67e+01       3.13e+03    
       7             10         1.2390e+04      2.09e+03       3.47e+01       1.53e+04    
       8             11         1.1858e+04      5.32e+02       4.78e+01       2.88e+03    
       9             13         1.1171e+04      6.87e+02       8.61e+00       8.40e+03    
      10             14         1.0719e+04      4.53e+02       2.15e+01       7.31e+03    
      11             16         1.0593e+04      1.26e+02       1.03e+01       3.49e+03    
      12             17         1.0333e+04      2.60e+02       2.21e+01       7.45e+03    
      13             19         1.0253e+04      8.03e+01       1.03e+01       4.19e+03    
      14             20         1.0062e+04      1.91e+02       2.26e+01       6.81e+03    
      15             22         9.9859e+03      7.62e+01       1.16e+01       6.55e+03    
      16             23         9.9031e+03      8.28e+01       2.35e+01       4.58e+03    
      17             25         9.8837e+03      1.94e+01       6.18e+00       9.84e+03    
      18             26         9.8193e+03      6.43e+01       4.81e+00       3.18e+02    
      19             27         9.7855e+03      3.38e+01       6.21e+00       3.46e+02    
      20             28         9.7616e+03      2.38e+01       1.05e+01       2.69e+03    
      21             30         9.7504e+03      1.13e+01       3.02e+00       6.41e+03    
      22             31         9.7324e+03      1.79e+01       6.48e+00       1.53e+05    
      23             32         9.7059e+03      2.65e+01       1.09e+01       3.74e+04    
      24             33         9.6882e+03      1.78e+01       9.98e+00       1.47e+04    
      25             34         9.6744e+03      1.38e+01       9.41e+00       1.67e+04    
      26             36         9.6709e+03      3.54e+00       2.04e+00       2.54e+04    
      27             37         9.6652e+03      5.70e+00       4.17e+00       1.17e+04    
      28             38         9.6632e+03      2.00e+00       5.27e+00       2.84e+04    
      29             39         9.6562e+03      6.94e+00       3.18e+00       1.22e+04    
      30             40         9.6540e+03      2.20e+00       5.48e+00       7.26e+03    
      31             43         9.6536e+03      3.87e-01       5.59e-01       5.60e+03    
      32             44         9.6531e+03      5.08e-01       2.22e+00       2.93e+03    
      33             45         9.6527e+03      3.95e-01       1.32e+00       1.14e+03    
      34             46         9.6525e+03      2.85e-01       8.61e-01       8.54e+02    
      35             47         9.6522e+03      2.91e-01       5.14e-01       7.50e+02    
      36             48         9.6518e+03      3.25e-01       7.05e-01       2.02e+02    
      37             49         9.6513e+03      5.04e-01       1.37e+00       4.85e+02    
      38             50         9.6504e+03      9.33e-01       2.79e+00       6.14e+02    
      39             51         9.6490e+03      1.38e+00       4.89e+00       7.46e+02    
      40             52         9.6479e+03      1.12e+00       4.91e+00       1.12e+03    
      41             54         9.6477e+03      1.76e-01       8.68e-01       2.51e+02    
      42             55         9.6474e+03      2.81e-01       1.59e+00       6.70e+01    
      43             57         9.6473e+03      1.37e-01       8.97e-01       8.93e+01    
      44             58         9.6471e+03      2.48e-01       1.59e+00       1.72e+01    
      45             60         9.6469e+03      1.23e-01       9.76e-01       2.58e+01    
      46             61         9.6468e+03      1.23e-01       1.00e+00       1.51e+01    
      47             63         9.6468e+03      5.82e-02       3.79e-01       2.03e+01    
      48             64         9.6467e+03      4.07e-02       2.25e-01       2.41e+01    
      49             65         9.6467e+03      5.59e-02       3.73e-01       1.47e+01    
      50             66         9.6465e+03      1.09e-01       7.46e-01       1.17e+01    
      51             67         9.6464e+03      1.96e-01       1.50e+00       7.57e+00    
      52             68         9.6460e+03      3.90e-01       3.05e+00       1.26e+01    
      53             70         9.6459e+03      2.33e-02       4.94e-01       4.08e+00    
      54             71         9.6458e+03      1.18e-01       5.56e-01       4.16e+01    
      55             73         9.6458e+03      1.13e-02       2.44e-01       1.89e+01    
      56             74         9.6458e+03      5.09e-02       2.65e-01       5.29e+00    
      57             75         9.6457e+03      5.82e-02       5.17e-01       5.51e+00    
      58             76         9.6456e+03      1.13e-01       1.04e+00       9.83e+00    
      59             77         9.6454e+03      2.04e-01       2.13e+00       3.09e+01    
      60             79         9.6454e+03      1.52e-02       3.29e-01       1.53e+01    
      61             81         9.6454e+03      6.44e-03       9.69e-02       1.06e+01    
      62             82         9.6454e+03      2.63e-03       3.21e-02       6.53e+00    
      63             83         9.6454e+03      3.91e-03       3.82e-02       2.57e+00    
      64             84         9.6453e+03      7.69e-03       7.60e-02       2.21e+00    
      65             85         9.6453e+03      1.52e-02       1.52e-01       1.57e+00    
      66             86         9.6453e+03      2.99e-02       3.06e-01       1.81e+00    
      67             87         9.6452e+03      5.88e-02       6.17e-01       1.05e+01    
      68             88         9.6451e+03      1.12e-01       1.23e+00       1.14e+01    
      69             89         9.6451e+03      5.58e-02       1.13e+00       3.57e+01    
      70             90         9.6451e+03      7.53e-03       7.61e-01       1.79e+01    
      71             92         9.6450e+03      2.87e-02       3.61e-01       1.04e+01    
      72             93         9.6450e+03      2.72e-03       1.82e-01       3.11e+00    
      73             94         9.6450e+03      4.71e-03       1.03e-01       1.03e+00    
      74             95         9.6450e+03      9.98e-04       7.51e-02       1.14e+00    
      75             96         9.6450e+03      7.96e-04       7.18e-02       1.14e+00    
      76             97         9.6450e+03      5.90e-04       5.51e-02       1.79e+00    
      77             98         9.6450e+03      7.09e-04       5.21e-02       1.15e+00    
      78             99         9.6450e+03      6.60e-04       3.22e-02       6.04e-01    
      79             100        9.6450e+03      5.82e-04       1.20e-02       5.30e-01    
      80             101        9.6450e+03      9.48e-04       1.27e-02       5.01e-01    
      81             102        9.6450e+03      1.80e-03       2.33e-02       5.05e-01    
      82             103        9.6450e+03      3.42e-03       4.42e-02       5.46e-01    
      83             104        9.6450e+03      6.44e-03       8.15e-02       9.33e-01    
      84             105        9.6450e+03      1.24e-02       1.52e-01       7.94e-01    
      85             106        9.6450e+03      2.45e-02       3.01e-01       1.48e+00    
      86             107        9.6449e+03      4.66e-02       6.03e-01       2.88e+00    
      87             108        9.6449e+03      6.81e-03       4.13e-01       1.34e+01    
      88             110        9.6449e+03      1.08e-02       1.41e-01       1.36e+01    
      89             111        9.6449e+03      7.71e-03       2.13e-01       5.74e+00    
      90             113        9.6449e+03      2.21e-03       8.37e-02       9.21e+00    
      91             114        9.6449e+03      1.67e-03       5.92e-02       5.22e+00    
      92             115        9.6449e+03      1.79e-03       7.38e-02       2.15e+00    
      93             116        9.6449e+03      1.81e-03       5.55e-02       5.22e+00    
      94             117        9.6449e+03      3.43e-03       4.55e-02       7.06e-01    
      95             118        9.6449e+03      6.64e-03       8.50e-02       9.57e-01    
      96             119        9.6449e+03      1.32e-02       1.70e-01       1.02e+00    
      97             120        9.6449e+03      2.61e-02       3.40e-01       2.90e+00    
      98             121        9.6448e+03      4.71e-02       7.57e-01       1.89e+01    
      99             122        9.6448e+03      1.27e-03       6.06e-01       2.67e+00    
      100            123        9.6448e+03      5.07e-04       3.37e-01       7.64e+00    
      101            124        9.6448e+03      5.91e-03       1.51e-01       9.17e-01    
      102            126        9.6448e+03      1.65e-03       3.47e-02       1.53e+00    
      103            127        9.6448e+03      3.63e-04       2.32e-02       1.77e+00    
      104            128        9.6448e+03      3.71e-04       1.27e-02       2.13e+00    
      105            129        9.6448e+03      5.94e-04       1.67e-02       9.89e-01    
      106            130        9.6448e+03      1.10e-03       2.57e-02       9.06e-01    
      107            131        9.6448e+03      2.07e-03       4.21e-02       1.08e+00    
      108            132        9.6448e+03      3.96e-03       6.12e-02       1.00e+00    
      109            133        9.6448e+03      7.82e-03       1.06e-01       1.81e+00    
      110            134        9.6448e+03      1.55e-02       2.12e-01       2.21e+00    
      111            135        9.6447e+03      3.04e-02       4.23e-01       2.52e+00    
      112            136        9.6447e+03      1.14e-02       6.03e-01       7.10e+00    
      113            137        9.6447e+03      3.35e-04       5.00e-01       3.69e+00    
      114            139        9.6447e+03      1.65e-02       1.96e-01       8.39e+00    
      115            140        9.6447e+03      6.10e-03       1.05e-01       2.11e+00    
      116            141        9.6447e+03      4.53e-03       7.38e-02       2.88e+00    
      117            142        9.6447e+03      3.41e-03       1.02e-01       1.90e+00    
      118            144        9.6447e+03      8.57e-04       4.88e-02       1.45e+00    
      119            145        9.6447e+03      7.37e-04       3.02e-02       1.73e+00    
      120            146        9.6447e+03      1.37e-03       2.79e-02       4.61e+00    
      121            147        9.6447e+03      2.62e-03       3.84e-02       2.40e+00    
      122            148        9.6447e+03      5.20e-03       7.60e-02       1.76e+00    
      123            149        9.6447e+03      1.03e-02       1.52e-01       1.59e+00    
      124            150        9.6446e+03      2.00e-02       3.13e-01       8.57e+00    
The maximum number of function evaluations is exceeded.
Function evaluations 150, initial cost 5.1683e+07, final cost 9.6446e+03, first-order optimality 8.57e+00.
round 1: clearance pairs 381, order pairs 0, residuals 65895
   Iteration     Total nfev        Cost      Cost reduction    Step norm     Optimality   
       0              1         3.0876e+04                                    2.40e+04    
       1              5         2.5256e+04      5.62e+03       4.46e+00       8.77e+03    
       2              6         1.8945e+04      6.31e+03       1.48e+01       4.00e+03    
       3              7         1.6212e+04      2.73e+03       2.19e+01       1.93e+03    
       4              8         1.5031e+04      1.18e+03       2.39e+01       1.30e+03    
       5             10         1.4738e+04      2.93e+02       1.24e+01       1.08e+03    
       6             11         1.4326e+04      4.11e+02       2.27e+01       1.65e+03    
       7             12         1.3948e+04      3.78e+02       4.42e+01       7.27e+03    
       8             14         1.3749e+04      1.99e+02       9.62e+00       5.05e+03    
       9             15         1.3444e+04      3.05e+02       1.75e+01       1.03e+04    
      10             16         1.3373e+04      7.12e+01       4.13e+01       1.12e+04    
      11             17         1.3241e+04      1.31e+02       1.55e+01       1.11e+03    
      12             18         1.3214e+04      2.72e+01       2.36e+01       3.92e+03    
      13             19         1.3043e+04      1.71e+02       4.73e+00       2.04e+03    
      14             20         1.2998e+04      4.51e+01       5.35e+00       1.43e+03    
      15             21         1.2929e+04      6.92e+01       1.10e+01       3.34e+03    
      16             22         1.2718e+04      2.11e+02       2.17e+01       1.09e+04    
      17             23         1.1769e+04      9.49e+02       4.07e+01       3.38e+04    
      18             24         1.0815e+04      9.54e+02       8.73e+01       7.59e+03    
      19             26         1.0299e+04      5.16e+02       1.44e+01       1.24e+04    
      20             28         1.0133e+04      1.66e+02       8.16e+00       1.15e+03    
      21             29         9.9672e+03      1.65e+02       9.16e+00       6.47e+02    
      22             31         9.9472e+03      2.00e+01       3.85e+00       1.44e+03    
      23             32         9.9096e+03      3.76e+01       7.76e+00       3.73e+02    
      24             33         9.8574e+03      5.23e+01       1.66e+01       1.53e+02    
      25             34         9.7865e+03      7.09e+01       3.33e+01       6.30e+02    
      26             36         9.7518e+03      3.47e+01       1.67e+01       5.91e+02    
      27             37         9.7184e+03      3.34e+01       3.33e+01       1.37e+03    
      28             41         9.7123e+03      6.05e+00       6.82e-01       1.19e+03    
      29             42         9.7058e+03      6.53e+00       1.76e+00       1.57e+02    
      30             43         9.7032e+03      2.60e+00       2.79e+00       1.18e+02    
      31             44         9.6985e+03      4.73e+00       5.63e+00       1.89e+02    
      32             45         9.6904e+03      8.06e+00       1.13e+01       3.23e+02    
      33             46         9.6822e+03      8.28e+00       2.26e+01       1.18e+03    
      34             50         9.6796e+03      2.61e+00       5.07e-01       1.16e+03    
      35             51         9.6771e+03      2.46e+00       4.36e-01       1.29e+02    
      36             52         9.6767e+03      3.56e-01       5.89e-01       1.31e+02    
      37             53         9.6763e+03      4.50e-01       1.14e+00       1.25e+02    
      38             54         9.6755e+03      8.01e-01       2.25e+00       1.26e+02    
      39             55         9.6740e+03      1.47e+00       4.55e+00       1.30e+02    
      40             56         9.6718e+03      2.22e+00       8.97e+00       1.99e+02    
      41             57         9.6701e+03      1.67e+00       9.00e+00       2.18e+02    
      42             58         9.6693e+03      8.26e-01       4.57e+00       1.50e+02    
      43             59         9.6689e+03      3.55e-01       3.15e+00       1.35e+02    
      44             60         9.6688e+03      1.73e-01       1.94e+00       1.32e+02    
      45             62         9.6687e+03      3.66e-02       4.59e-01       1.11e+02    
      46             63         9.6687e+03      1.92e-02       4.50e-01       1.28e+02    
      47             65         9.6687e+03      2.21e-02       3.28e-01       1.20e+02    
      48             67         9.6687e+03      8.52e-03       8.01e-02       1.25e+02    
      49             68         9.6687e+03      3.10e-03       5.33e-02       1.25e+02    
      50             69         9.6687e+03      3.70e-03       3.43e-02       1.25e+02    
      51             70         9.6687e+03      6.18e-03       6.16e-02       1.25e+02    
      52             71         9.6687e+03      1.10e-02       1.15e-01       1.24e+02    
      53             72         9.6686e+03      2.06e-02       2.20e-01       1.21e+02    
      54             73         9.6686e+03      4.06e-02       4.33e-01       1.23e+02    
      55             74         9.6685e+03      8.14e-02       8.43e-01       1.24e+02    
      56             75         9.6684e+03      7.48e-02       7.39e-01       1.36e+02    
      57             76         9.6684e+03      6.79e-02       7.07e-01       1.24e+02    
      58             77         9.6683e+03      5.63e-02       6.36e-01       1.34e+02    
      59             79         9.6683e+03      1.21e-02       2.29e-01       9.74e+01    
      60             80         9.6683e+03      1.26e-02       2.21e-01       1.13e+02    
      61             81         9.6683e+03      6.27e-03       3.18e-01       1.07e+02    
      62             83         9.6683e+03      1.10e-02       1.70e-01       1.14e+02    
      63             84         9.6683e+03      4.72e-03       4.96e-02       1.12e+02    
      64             85         9.6683e+03      5.54e-03       6.78e-02       1.14e+02    
      65             86         9.6683e+03      1.00e-02       1.20e-01       1.14e+02    
      66             87         9.6682e+03      1.98e-02       2.32e-01       1.12e+02    
      67             88         9.6682e+03      3.99e-02       4.55e-01       1.19e+02    
      68             89         9.6682e+03      4.59e-02       5.68e-01       1.27e+02    
      69             90         9.6681e+03      3.73e-02       5.44e-01       1.23e+02    
      70             92         9.6681e+03      1.05e-02       1.94e-01       1.03e+02    
      71             93         9.6681e+03      1.00e-02       1.49e-01       1.14e+02    
      72             94         9.6681e+03      1.71e-02       2.56e-01       1.12e+02    
      73             95         9.6681e+03      2.90e-02       5.75e-01       1.03e+02    
      74             97         9.6680e+03      1.35e-02       3.80e-01       9.76e+01    
      75             99         9.6680e+03      1.37e-02       1.60e-01       1.16e+02    
      76             100        9.6680e+03      5.33e-03       1.17e-01       1.08e+02    
      77             101        9.6680e+03      5.19e-03       8.27e-02       1.07e+02    
      78             102        9.6680e+03      7.71e-03       9.14e-02       1.07e+02    
      79             103        9.6680e+03      1.35e-02       1.66e-01       1.06e+02    
      80             104        9.6680e+03      2.81e-02       3.33e-01       1.04e+02    
      81             105        9.6679e+03      4.75e-02       6.43e-01       1.08e+02    
      82             106        9.6679e+03      6.02e-02       9.34e-01       1.36e+02    
      83             107        9.6678e+03      3.13e-02       7.48e-01       1.55e+02    
      84             109        9.6678e+03      1.34e-02       1.01e-01       1.11e+02    
      85             110        9.6678e+03      9.51e-03       1.61e-01       1.08e+02    
      86             111        9.6678e+03      1.04e-02       3.44e-01       1.03e+02    
      87             113        9.6678e+03      5.80e-03       1.78e-01       8.39e+01    
      88             115        9.6678e+03      2.20e-03       7.39e-02       1.07e+02    
      89             116        9.6678e+03      6.27e-04       8.25e-02       1.03e+02    
      90             118        9.6678e+03      4.92e-04       2.62e-02       1.02e+02    
      91             119        9.6678e+03      2.26e-04       9.66e-03       1.02e+02    
      92             120        9.6678e+03      2.80e-04       4.90e-03       1.02e+02    
      93             121        9.6678e+03      5.28e-04       8.88e-03       1.02e+02    
      94             122        9.6678e+03      1.04e-03       1.73e-02       1.02e+02    
      95             123        9.6678e+03      2.06e-03       3.41e-02       1.01e+02    
      96             124        9.6678e+03      4.07e-03       6.73e-02       1.00e+02    
      97             125        9.6678e+03      8.00e-03       1.31e-01       1.00e+02    
      98             126        9.6677e+03      1.57e-02       2.53e-01       1.07e+02    
      99             127        9.6677e+03      3.01e-02       4.80e-01       1.23e+02    
      100            128        9.6677e+03      4.53e-02       8.83e-01       1.09e+02    
      101            130        9.6677e+03      9.38e-03       7.48e-02       1.19e+02    
      102            131        9.6677e+03      4.40e-03       1.12e-01       8.49e+01    
      103            132        9.6677e+03      1.07e-03       1.43e-01       9.62e+01    
      104            134        9.6677e+03      1.97e-03       6.11e-02       9.46e+01    
      105            135        9.6677e+03      1.18e-03       2.70e-02       9.73e+01    
      106            136        9.6677e+03      6.33e-04       2.71e-02       9.69e+01    
      107            137        9.6677e+03      7.99e-04       1.19e-02       9.61e+01    
      108            138        9.6677e+03      1.27e-03       1.79e-02       9.51e+01    
      109            139        9.6677e+03      2.31e-03       3.11e-02       9.45e+01    
      110            140        9.6676e+03      4.52e-03       5.92e-02       9.45e+01    
      111            141        9.6676e+03      8.96e-03       1.17e-01       9.76e+01    
      112            142        9.6676e+03      1.75e-02       2.31e-01       1.16e+02    
      113            144        9.6676e+03      2.40e-03       5.16e-02       9.63e+01    
      114            146        9.6676e+03      1.22e-03       5.34e-02       9.08e+01    
      115            147        9.6676e+03      4.38e-04       1.01e-01       9.36e+01    
      116            149        9.6676e+03      7.99e-04       2.71e-02       9.24e+01    
      117            150        9.6676e+03      2.30e-04       2.50e-02       9.27e+01    
The maximum number of function evaluations is exceeded.
Function evaluations 150, initial cost 3.0876e+04, final cost 9.6676e+03, first-order optimality 9.27e+01.
round 2: clearance pairs 56, order pairs 0, residuals 65570
   Iteration     Total nfev        Cost      Cost reduction    Step norm     Optimality   
       0              1         9.6676e+03                                    9.27e+01    
       1              2         9.6672e+03      3.95e-01       3.87e+00       1.18e+02    
       2              3         9.6671e+03      1.12e-01       9.52e-01       1.29e+02    
       3              4         9.6671e+03      4.33e-02       4.19e+00       1.01e+02    
       4              5         9.6670e+03      1.57e-02       1.72e+00       1.31e+02    
       5              7         9.6670e+03      5.32e-02       4.30e-01       8.73e+01    
       6              8         9.6670e+03      1.43e-02       2.03e-01       9.14e+01    
       7              9         9.6670e+03      4.18e-03       1.86e-01       8.32e+01    
       8             11         9.6670e+03      1.53e-03       6.64e-02       9.08e+01    
       9             12         9.6670e+03      9.94e-04       5.42e-02       9.08e+01    
      10             13         9.6670e+03      7.57e-04       5.54e-02       8.53e+01    
      11             14         9.6670e+03      7.66e-04       5.45e-02       8.60e+01    
      12             15         9.6670e+03      7.40e-04       4.68e-02       8.74e+01    
      13             16         9.6670e+03      1.25e-03       7.17e-02       8.87e+01    
      14             17         9.6670e+03      2.27e-03       1.30e-01       8.93e+01    
      15             18         9.6670e+03      4.29e-03       2.50e-01       8.78e+01    
      16             19         9.6670e+03      8.16e-03       4.70e-01       9.53e+01    
      17             20         9.6669e+03      1.44e-02       8.81e-01       1.10e+02    
      18             22         9.6669e+03      1.12e-03       8.97e-02       7.27e+01    
      19             24         9.6669e+03      4.82e-04       3.70e-02       8.64e+01    
      20             25         9.6669e+03      2.21e-04       2.03e-02       8.64e+01    
      21             26         9.6669e+03      1.98e-04       1.55e-02       8.64e+01    
      22             27         9.6669e+03      3.57e-04       1.97e-02       8.61e+01    
      23             28         9.6669e+03      6.84e-04       3.77e-02       8.67e+01    
      24             29         9.6669e+03      1.36e-03       7.49e-02       8.79e+01    
      25             30         9.6669e+03      2.68e-03       1.50e-01       8.92e+01    
      26             31         9.6669e+03      5.26e-03       2.99e-01       8.85e+01    
      27             32         9.6669e+03      1.01e-02       6.01e-01       1.05e+02    
      28             33         9.6669e+03      7.54e-03       1.26e+00       1.07e+02    
      29             35         9.6669e+03      9.53e-03       2.52e-01       1.19e+02    
      30             37         9.6669e+03      1.57e-03       3.62e-02       9.52e+01    
      31             38         9.6669e+03      5.75e-04       5.70e-02       9.28e+01    
      32             39         9.6669e+03      5.86e-04       4.40e-02       7.78e+01    
      33             40         9.6669e+03      3.57e-04       1.10e-01       7.79e+01    
      34             42         9.6669e+03      4.09e-04       7.02e-02       8.54e+01    
      35             43         9.6669e+03      3.80e-04       2.01e-02       8.35e+01    
      36             44         9.6669e+03      3.06e-05       1.26e-02       8.31e+01    
`ftol` termination condition is satisfied.
Function evaluations 44, initial cost 9.6676e+03, final cost 9.6669e+03, first-order optimality 8.31e+01.
round 3: clearance pairs 54, order pairs 0, residuals 65568
   Iteration     Total nfev        Cost      Cost reduction    Step norm     Optimality   
       0              1         9.6669e+03                                    8.31e+01    
       1              2         9.6669e+03      2.54e-02       8.40e+00       1.30e+02    
       2              4         9.6669e+03      2.22e-02       2.75e-01       1.12e+02    
       3              5         9.6668e+03      1.21e-02       4.27e-01       8.80e+01    
       4              7         9.6668e+03      3.05e-03       2.12e-01       9.24e+01    
       5              9         9.6668e+03      1.87e-03       8.31e-02       9.19e+01    
       6             10         9.6668e+03      3.13e-04       8.52e-02       7.81e+01    
       7             11         9.6668e+03      4.79e-04       2.91e-02       7.80e+01    
       8             12         9.6668e+03      1.62e-04       1.67e-02       7.65e+01    
       9             13         9.6668e+03      2.37e-04       2.70e-02       7.59e+01    
      10             14         9.6668e+03      4.28e-04       3.84e-02       7.64e+01    
      11             15         9.6668e+03      8.13e-04       6.57e-02       7.72e+01    
      12             16         9.6668e+03      1.52e-03       1.21e-01       7.71e+01    
      13             17         9.6668e+03      2.71e-03       2.47e-01       7.69e+01    
      14             18         9.6668e+03      4.48e-03       4.97e-01       7.80e+01    
      15             19         9.6668e+03      6.24e-03       7.87e-01       1.00e+02    
      16             20         9.6668e+03      4.97e-04       1.81e-01       8.41e+01    
      17             21         9.6668e+03      1.94e-04       1.16e-01       7.98e+01    
      18             22         9.6668e+03      1.32e-03       3.14e-02       7.96e+01    
      19             23         9.6668e+03      2.10e-04       2.59e-02       7.88e+01    
      20             24         9.6668e+03      1.24e-04       1.35e-02       7.81e+01    
      21             25         9.6668e+03      2.02e-04       2.20e-02       7.74e+01    
      22             26         9.6668e+03      3.38e-04       4.10e-02       7.79e+01    
      23             27         9.6668e+03      4.07e-04       8.85e-02       8.43e+01    
      24             29         9.6668e+03      3.76e-04       4.49e-02       7.67e+01    
      25             30         9.6668e+03      6.42e-05       3.95e-02       7.73e+01    
      26             31         9.6668e+03      2.84e-04       1.43e-02       7.73e+01    
      27             32         9.6668e+03      1.03e-04       9.48e-03       7.73e+01    
      28             33         9.6668e+03      1.64e-04       1.09e-02       7.73e+01    
      29             34         9.6668e+03      2.83e-04       1.81e-02       7.69e+01    
      30             35         9.6668e+03      4.83e-04       3.79e-02       7.70e+01    
      31             36         9.6668e+03      9.02e-04       7.90e-02       7.89e+01    
      32             37         9.6668e+03      2.09e-03       1.58e-01       8.07e+01    
      33             38         9.6668e+03      3.70e-03       2.10e-01       7.39e+01    
      34             39         9.6668e+03      4.44e-03       1.87e-01       7.51e+01    
      35             40         9.6668e+03      1.98e-03       2.84e-01       7.74e+01    
      36             42         9.6668e+03      6.66e-03       1.83e-01       7.76e+01    
      37             43         9.6668e+03      4.99e-03       1.30e-01       7.69e+01    
      38             44         9.6668e+03      3.85e-03       1.66e-01       7.68e+01    
      39             45         9.6668e+03      5.66e-03       1.58e-01       7.70e+01    
      40             46         9.6668e+03      4.75e-03       1.58e-01       7.69e+01    
      41             47         9.6668e+03      6.34e-03       1.51e-01       7.66e+01    
      42             48         9.6668e+03      5.21e-03       1.48e-01       7.72e+01    
      43             49         9.6668e+03      6.31e-03       1.44e-01       7.61e+01    
      44             50         9.6667e+03      5.06e-03       1.42e-01       7.68e+01    
      45             51         9.6667e+03      5.74e-03       1.42e-01       7.59e+01    
      46             52         9.6667e+03      4.28e-03       1.44e-01       7.64e+01    
      47             53         9.6667e+03      4.83e-03       1.48e-01       7.58e+01    
      48             54         9.6667e+03      3.04e-03       1.55e-01       7.66e+01    
      49             55         9.6667e+03      3.81e-03       1.62e-01       7.64e+01    
      50             56         9.6667e+03      1.74e-03       1.71e-01       7.73e+01    
      51             57         9.6667e+03      4.20e-03       5.07e-02       7.69e+01    
      52             58         9.6667e+03      1.41e-03       3.24e-02       7.68e+01    
      53             59         9.6667e+03      2.21e-03       3.44e-02       7.69e+01    
      54             60         9.6667e+03      3.28e-03       6.98e-02       7.18e+01    
      55             61         9.6667e+03      4.29e-03       1.60e-01       7.28e+01    
      56             62         9.6667e+03      6.68e-03       3.19e-01       8.64e+01    
      57             63         9.6667e+03      1.08e-02       5.82e-01       8.95e+01    
      58             64         9.6667e+03      2.34e-03       2.49e-01       7.78e+01    
      59             66         9.6667e+03      2.42e-03       1.55e-01       7.26e+01    
      60             68         9.6667e+03      2.13e-03       4.52e-02       7.61e+01    
      61             69         9.6667e+03      6.02e-04       2.34e-02       7.61e+01    
      62             70         9.6667e+03      7.28e-04       2.74e-02       7.82e+01    
      63             71         9.6667e+03      9.53e-04       5.12e-02       7.90e+01    
      64             72         9.6667e+03      1.50e-03       9.87e-02       7.60e+01    
      65             73         9.6667e+03      1.32e-03       2.10e-01       7.63e+01    
      66             75         9.6667e+03      1.16e-03       8.57e-02       7.61e+01    
      67             77         9.6667e+03      4.90e-04       2.09e-02       7.69e+01    
      68             78         9.6667e+03      1.43e-04       1.41e-02       7.65e+01    
      69             79         9.6667e+03      1.83e-04       1.17e-02       7.56e+01    
      70             80         9.6667e+03      2.68e-04       2.11e-02       7.75e+01    
      71             81         9.6667e+03      4.91e-04       4.00e-02       7.59e+01    
      72             82         9.6667e+03      9.31e-04       7.80e-02       7.79e+01    
      73             83         9.6667e+03      1.73e-03       1.49e-01       7.46e+01    
      74             84         9.6667e+03      2.17e-03       2.83e-01       8.98e+01    
      75             86         9.6667e+03      6.79e-04       7.64e-02       7.43e+01    
      76             88         9.6667e+03      2.49e-04       1.75e-02       7.63e+01    
      77             89         9.6667e+03      5.24e-05       9.25e-03       7.64e+01    
`ftol` termination condition is satisfied.
Function evaluations 89, initial cost 9.6669e+03, final cost 9.6667e+03, first-order optimality 7.64e+01.
c  K=160  init=perp  [round 0 nfev=150 status=0 (The) cost 9644.649]  [round 1 nfev=150 status=0 (The) cost 9667.615]  [round 2 nfev=44 status=2 (ftol`) cost 9666.899]  [round 3 nfev=89 status=2 (ftol`) cost 9666.673]
args: {"K": 160, "bend": 30.0, "box_pose": "", "box_rings": "", "box_trace": 0.15, "bz": "", "clear": 5.0, "clear_range": "860:1066-388:483", "curl": "340:405:35:60,700:790:55:60,925:1025:35:60", "dbend": 500.0, "delta": 60.0, "dtwist": 500.0, "edge_fair": 0.0, "edge_w": "", "end_pin": 50.0, "energy_ranges": "", "eps": 1.0, "face_margin": 0.3, "faceon": "925:1025:20", "faces": "docs/ribbon/turns/real/faces.json", "flat": 0.0, "flat_ranges": "", "flip_guard": 20.0, "fold": "", "fold2": "516:40:20,1188:40:20", "fold_axis": "", "fold_convex": "516:10,1188:10", "fold_eq": false, "fold_legs": 5.0, "fold_legs_len": "20", "gap": 14.0, "hide": "", "hide_auto": "", "hmax": 25.5, "hmin": 25.5, "init": "perp", "inside": 0.0, "kappa": 2.0, "keep": 3.0, "keep_free": "335:410,655:795,915:1035", "lam": 15.0, "lam_h": 50.0, "mask": "", "max_nfev": 150, "mu": 300.0, "no_opt": false, "nu_fold": 0.4, "omega": 0.01, "order": 0.0, "out": "docs/ribbon/turns/real/J1/c", "outer": 4, "outline": 0.0, "outline_assign": "nearest", "outline_boxes": "", "outline_drop_near": "", "outline_excl": "", "outline_fixed": false, "outline_incl": "", "outline_loss": "linear", "outline_pose": "", "pin_range": "", "pose": "docs/ribbon/turns/real/X3/pose.json", "redge": 24.0, "rim_pose": "", "rim_side_mode": "centre", "rimlines": "", "rmin": 45.0, "roto": "/Users/ashmitkhurana/Development/Personal/portfolio/docs/ribbon/turns/curve/best/roto.npz", "screenw": "", "sigma": 2.0, "trace_w": 0.15, "twist": 30.0, "w_box": 2.0, "w_face": 15.0, "w_hmin": 50.0, "w_redge": 5.0, "w_rim": 0.0, "w_rmin": 5.0, "w_wfloor": 0.0, "wfloor": 0.0, "wfloor_except": "", "wfloor_mode": "perp", "wfloor_ranges": "", "zprior": "docs/ribbon/turns/real/X3/pose.json"}

edge residual css px, point-to-polyline (L and R pooled): mean 9.663  p95 43.830  max 66.532

window       edge resid (L,R pooled)                      h min/med/max          median |b.T|  #|c'|<0.6 s0
[   0, 131]  mean  15.32  p95  34.70  max  49.79           25.5/ 25.5/ 25.5      0.001         0
[ 132, 288]  mean   4.47  p95  14.54  max  20.98           25.5/ 25.5/ 25.5      0.002         0
[ 289, 483]  mean   7.52  p95  23.87  max  26.13           25.5/ 25.5/ 25.5      0.005         0
[ 484, 554]  mean   8.16  p95  29.63  max  34.90           25.5/ 25.5/ 25.5      0.023         0
[ 555, 658]  mean   1.13  p95   3.07  max   3.65           25.5/ 25.5/ 25.5      0.001         0
[ 659, 764]  mean  16.56  p95  55.48  max  58.39           25.5/ 25.5/ 25.5      0.004         0
[ 765, 940]  mean   4.15  p95  15.94  max  34.78           25.5/ 25.5/ 25.5      0.009         0
[ 941,1066]  mean  33.74  p95  62.15  max  66.53           25.5/ 25.5/ 25.5      0.007         0
[1067,1298]  mean   4.00  p95  13.08  max  27.75           25.5/ 25.5/ 25.5      0.003         0
worst window by mean: [941,1066] 33.74 px

dense (4N=5196 samples) surface normal N=TxB: angle change per sample  max 4.479 deg  p99 2.056 deg
   angle per world px of centreline arclength: max 8.3051 deg/px  (p99 3.4410)
   worst dense samples (t, deg, |b.T|): 524.70, 4.5, 0.225; 524.95, 4.5, 0.228; 524.45, 4.4, 0.220; 525.20, 4.4, 0.228; 525.45, 4.4, 0.225
   dense steps > 3 deg: 21, > 6 deg: 0
ripple (|second difference of unit N| per world px^2, dense): max 2.122e-02  p99 1.329e-02  median 4.227e-04
max |b.T| outside fold windows: 0.140   (inside: 0.324)
GATE: min 3D distance between non-adjacent rings (|i-j|>60, surface samples): 13.92 px; pairs < gap 14.0: 3
GATE: screen-overlap pairs (3 px) 1514, order violations (z_front - z_back < 0): 0, (< gap): 2; unique ring pairs violating: 0
end centreline offset from init: ring0 0.0 px, ring N-1 1.4 px
outside-mockup distance (5 pts across band, css px): mean 2.372  max 48.77  frac>0.5px 0.168
outline residual (css px, matched <=25 px: 1615 of 1634 pts): mean 6.245  p95 17.538  max 24.61
run time: 368.1 s
residual block norms (sum of squares): edge 1455.20, smooth 6045.14, jerk 153.04, perp 200.02, dev 3665.53, depth 569.63, hsm 0.00, wpr 0.00, speed 0.00, hmin 0.01, hmax 0.01, face 1967.27, rmin 81.76, scrw 0.00, wf 0.00, ins 0.00, fcr 18.12, bnd 676.35, twi 180.07, dbn 162.03, dtw 73.05, rmf 54.83, crl 278.67, lgb 49.87, cvx 297.72
