DPR2 canvases 780x1688 780x1688
DPR3 canvases 1170x2532 1170x2532
crop_apex.png  126174 B
crop_bottomk.png  251335 B
crop_endstrand.png  165250 B
crop_farleft.png  175410 B
crop_junction.png  99558 B
crop_scurve.png  213699 B
crop_topk.png  162827 B
crop_wrap.png  267163 B
hero.png  1309026 B
ribbon.png  1341210 B
ribbon_crop_apex.png  133082 B
ribbon_crop_bottomk.png  251335 B
ribbon_crop_endstrand.png  165250 B
ribbon_crop_farleft.png  175410 B
ribbon_crop_junction.png  99558 B
ribbon_crop_scurve.png  213699 B
ribbon_crop_topk.png  162827 B
ribbon_crop_wrap.png  267163 B
