DPR2 canvases 780x1688 780x1688
DPR3 canvases 1170x2532 1170x2532
crop_apex.png  128180 B
crop_bottomk.png  267990 B
crop_endstrand.png  167771 B
crop_farleft.png  185955 B
crop_junction.png  100737 B
crop_scurve.png  218434 B
crop_topk.png  170380 B
crop_wrap.png  294352 B
hero.png  1328518 B
ribbon.png  1361437 B
ribbon_crop_apex.png  134361 B
ribbon_crop_bottomk.png  267990 B
ribbon_crop_endstrand.png  167771 B
ribbon_crop_farleft.png  185955 B
ribbon_crop_junction.png  100737 B
ribbon_crop_scurve.png  218434 B
ribbon_crop_topk.png  170380 B
ribbon_crop_wrap.png  294352 B
