fold2 crease 376 R 25: ds 2.32 n 17 (eq 359..393, ruling 353..399, legs to +-37)
fold2 crease 516 R 40: ds 2.77 n 23 (eq 493..539, ruling 487..545, legs to +-43)
fold2 crease 1188 R 40: ds 2.35 n 27 (eq 1161..1215, ruling 1155..1221, legs to +-47)
face rule: sign_A -1 (tail median N.v -0.995)
init cost 74985308.987, residuals 61065, params 1120
round 0: clearance pairs 824, order pairs 0, residuals 61889
   Iteration     Total nfev        Cost      Cost reduction    Step norm     Optimality   
       0              1         7.4985e+07                                    4.98e+05    
       1              2         4.7359e+04      7.49e+07       9.84e+01       7.69e+04    
       2              5         3.4537e+04      1.28e+04       7.66e+00       5.06e+04    
       3              6         2.0165e+04      1.44e+04       8.27e+00       2.17e+04    
       4              7         1.0367e+04      9.80e+03       1.39e+01       7.04e+03    
       5              8         5.8792e+03      4.49e+03       3.41e+01       5.00e+03    
       6             10         4.8085e+03      1.07e+03       1.21e+01       1.56e+03    
       7             11         3.7090e+03      1.10e+03       2.15e+01       7.89e+02    
       8             13         3.3016e+03      4.07e+02       8.68e+00       5.77e+02    
       9             14         2.8140e+03      4.88e+02       1.78e+01       3.38e+03    
      10             16         2.6360e+03      1.78e+02       5.74e+00       5.34e+02    
      11             17         2.4500e+03      1.86e+02       1.57e+01       1.65e+03    
      12             18         2.3609e+03      8.91e+01       1.41e+01       3.56e+02    
      13             20         2.3229e+03      3.80e+01       6.43e+00       1.02e+03    
      14             22         2.2490e+03      7.39e+01       2.34e+00       6.70e+02    
      15             25         2.2436e+03      5.36e+00       1.96e-01       8.29e+02    
      16             26         2.2377e+03      5.92e+00       2.60e-01       2.10e+02    
      17             27         2.2316e+03      6.07e+00       4.99e-01       1.22e+02    
      18             28         2.2249e+03      6.72e+00       1.20e+00       1.31e+02    
      19             29         2.2200e+03      4.95e+00       1.86e+00       9.87e+01    
      20             30         2.2175e+03      2.46e+00       3.04e+00       1.31e+02    
      21             32         2.2132e+03      4.25e+00       1.39e+00       1.05e+02    
      22             33         2.2122e+03      1.07e+00       1.05e+00       1.18e+02    
      23             34         2.2116e+03      5.69e-01       1.35e+00       1.15e+02    
      24             35         2.2105e+03      1.08e+00       5.29e-01       1.15e+02    
      25             36         2.2100e+03      5.22e-01       2.63e-01       1.15e+02    
      26             37         2.2095e+03      5.48e-01       1.95e-01       1.15e+02    
      27             38         2.2085e+03      9.17e-01       4.25e-01       1.14e+02    
      28             39         2.2070e+03      1.56e+00       3.71e-01       1.14e+02    
      29             40         2.2051e+03      1.92e+00       7.37e-01       1.15e+02    
      30             41         2.2011e+03      4.02e+00       9.59e-01       1.10e+02    
      31             42         2.1969e+03      4.18e+00       1.20e+00       1.07e+02    
      32             43         2.1889e+03      7.97e+00       1.72e+00       1.04e+02    
      33             44         2.1774e+03      1.15e+01       2.70e+00       8.50e+01    
      34             45         2.1581e+03      1.93e+01       5.28e+00       2.75e+02    
      35             47         2.1511e+03      6.96e+00       2.66e+00       1.11e+02    
      36             49         2.1469e+03      4.20e+00       9.59e-01       2.25e+02    
      37             51         2.1450e+03      1.94e+00       3.80e-01       2.09e+02    
      38             52         2.1441e+03      9.06e-01       8.43e-01       7.10e+01    
      39             54         2.1434e+03      6.75e-01       4.88e-01       4.59e+02    
      40             55         2.1430e+03      3.89e-01       8.17e-01       7.09e+01    
      41             56         2.1419e+03      1.15e+00       3.53e-01       7.32e+01    
      42             57         2.1413e+03      5.57e-01       4.73e-01       7.37e+01    
      43             58         2.1413e+03      3.47e-02       4.91e-01       7.28e+01    
      44             60         2.1411e+03      1.50e-01       9.06e-02       7.28e+01    
      45             62         2.1411e+03      4.76e-02       4.30e-02       7.28e+01    
      46             63         2.1410e+03      6.24e-02       7.72e-02       7.28e+01    
      47             64         2.1409e+03      7.45e-02       1.09e-01       7.28e+01    
      48             66         2.1409e+03      3.36e-02       2.43e-02       7.27e+01    
      49             67         2.1405e+03      3.82e-01       5.33e-02       7.26e+01    
      50             69         2.1405e+03      3.01e-02       1.86e-02       7.26e+01    
      51             72         2.1405e+03      3.75e-03       2.98e-03       7.26e+01    
      52             73         2.1405e+03      7.45e-03       5.57e-03       7.25e+01    
      53             77         2.1405e+03      2.32e-04       1.70e-04       7.25e+01    
      54             79         2.1405e+03      1.16e-04       8.47e-05       7.25e+01    
      55             81         2.1405e+03      5.80e-05       4.24e-05       7.25e+01    
      56             83         2.1405e+03      2.90e-05       2.12e-05       7.25e+01    
`xtol` termination condition is satisfied.
Function evaluations 83, initial cost 7.4985e+07, final cost 2.1405e+03, first-order optimality 7.25e+01.
round 1: clearance pairs 844, order pairs 0, residuals 61909
   Iteration     Total nfev        Cost      Cost reduction    Step norm     Optimality   
       0              1         2.2426e+03                                    2.09e+03    
       1              3         2.1341e+03      1.09e+02       8.94e+00       6.01e+02    
       2              5         2.1257e+03      8.33e+00       6.01e+00       2.82e+02    
       3              6         2.1105e+03      1.53e+01       1.01e+01       5.19e+01    
       4              8         2.1082e+03      2.30e+00       1.43e+00       3.16e+02    
       5              9         2.1044e+03      3.79e+00       1.58e+00       7.17e+01    
       6             11         2.1032e+03      1.22e+00       4.17e-01       3.45e+02    
       7             12         2.1017e+03      1.42e+00       7.19e-01       1.64e+01    
       8             13         2.1009e+03      8.33e-01       1.29e+00       2.68e+01    
       9             14         2.1001e+03      8.36e-01       1.98e+00       1.12e+01    
      10             16         2.0996e+03      5.17e-01       1.13e+00       1.77e+01    
      11             17         2.0995e+03      1.84e-02       9.32e-01       7.99e+00    
      12             18         2.0991e+03      3.92e-01       3.36e-01       7.63e+00    
      13             19         2.0990e+03      9.47e-02       5.11e-01       7.49e+00    
      14             20         2.0990e+03      1.09e-02       6.11e-01       7.41e+00    
      15             21         2.0989e+03      1.18e-01       1.88e-01       7.38e+00    
      16             22         2.0989e+03      4.61e-02       3.15e-01       7.35e+00    
      17             23         2.0988e+03      3.24e-02       3.03e-01       7.28e+00    
      18             24         2.0988e+03      3.49e-02       3.18e-01       7.24e+00    
      19             25         2.0988e+03      3.11e-02       3.18e-01       7.18e+00    
      20             26         2.0987e+03      3.29e-02       3.19e-01       7.12e+00    
      21             27         2.0987e+03      2.99e-02       3.20e-01       7.07e+00    
      22             28         2.0984e+03      3.51e-01       3.21e-01       7.01e+00    
      23             31         2.0983e+03      1.59e-02       4.47e-02       7.18e+00    
      24             32         2.0983e+03      2.02e-02       8.13e-02       7.15e+00    
      25             35         2.0983e+03      1.88e-03       5.65e-03       7.15e+00    
      26             38         2.0983e+03      2.32e-04       6.42e-04       7.15e+00    
      27             39         2.0983e+03      4.62e-04       1.26e-03       7.15e+00    
      28             42         2.0983e+03      5.75e-05       1.54e-04       7.15e+00    
      29             44         2.0983e+03      2.88e-05       7.69e-05       7.15e+00    
      30             46         2.0983e+03      1.44e-05       3.84e-05       7.15e+00    
`ftol` termination condition is satisfied.
Function evaluations 46, initial cost 2.2426e+03, final cost 2.0983e+03, first-order optimality 7.15e+00.
round 2: clearance pairs 799, order pairs 0, residuals 61864
   Iteration     Total nfev        Cost      Cost reduction    Step norm     Optimality   
       0              1         2.0983e+03                                    7.15e+00    
       1              3         2.0967e+03      1.66e+00       5.74e+00       6.39e+02    
       2              5         2.0950e+03      1.64e+00       2.86e+00       1.02e+02    
       3              6         2.0943e+03      6.91e-01       4.66e+00       9.21e+01    
       4              7         2.0943e+03      1.77e-02       7.06e-01       4.80e+02    
       5              8         2.0934e+03      9.47e-01       2.57e-01       8.81e+00    
       6             10         2.0933e+03      9.85e-02       1.34e-01       3.05e+01    
       7             12         2.0933e+03      1.52e-02       5.34e-02       9.19e+01    
       8             13         2.0932e+03      3.41e-02       9.76e-03       3.41e+01    
       9             14         2.0932e+03      2.44e-02       2.92e-02       9.28e+00    
      10             15         2.0932e+03      4.12e-02       5.93e-02       6.00e+00    
      11             17         2.0931e+03      1.99e-02       3.01e-02       6.70e+00    
      12             19         2.0931e+03      9.82e-03       1.52e-02       5.78e+00    
      13             20         2.0931e+03      1.94e-02       3.12e-02       6.11e+00    
      14             23         2.0931e+03      2.41e-03       3.95e-03       6.16e+00    
      15             24         2.0931e+03      4.81e-03       7.86e-03       6.17e+00    
      16             27         2.0931e+03      6.00e-04       9.86e-04       6.17e+00    
      17             29         2.0931e+03      3.00e-04       4.93e-04       6.17e+00    
      18             31         2.0931e+03      1.50e-04       2.47e-04       6.17e+00    
      19             33         2.0931e+03      7.50e-05       1.23e-04       6.17e+00    
      20             35         2.0931e+03      3.75e-05       6.17e-05       6.17e+00    
      21             37         2.0931e+03      1.88e-05       3.08e-05       6.17e+00    
`ftol` termination condition is satisfied.
Function evaluations 37, initial cost 2.0983e+03, final cost 2.0931e+03, first-order optimality 6.17e+00.
round 3: clearance pairs 792, order pairs 0, residuals 61857
   Iteration     Total nfev        Cost      Cost reduction    Step norm     Optimality   
       0              1         2.0931e+03                                    6.17e+00    
       1             13         2.0931e+03      1.28e-05       2.02e-05       6.17e+00    
Both `ftol` and `xtol` termination conditions are satisfied.
Function evaluations 13, initial cost 2.0931e+03, final cost 2.0931e+03, first-order optimality 6.17e+00.
c  K=160  init=perp  [round 0 nfev=83 status=3 (xtol`) cost 2140.470]  [round 1 nfev=46 status=2 (ftol`) cost 2098.322]  [round 2 nfev=37 status=2 (ftol`) cost 2093.101]  [round 3 nfev=13 status=4 (Both) cost 2093.101]
args: {"K": 160, "bend": 30.0, "box_pose": "", "box_rings": "", "box_trace": 0.15, "clear": 5.0, "clear_range": "860:1066-388:483", "dbend": 500.0, "delta": 60.0, "dtwist": 500.0, "edge_fair": 0.0, "edge_w": "", "end_pin": 50.0, "energy_ranges": "", "eps": 1.0, "face_margin": 0.3, "faceon": "", "faces": "docs/ribbon/turns/real/faces_v2.json", "flat": 6.0, "flat_ranges": "430:600,1120:1250", "flip_guard": 20.0, "fold": "", "fold2": "376:25:20,516:40:20,1188:40:20", "fold_axis": "", "fold_convex": "516:10,1188:10", "fold_eq": false, "fold_legs": 5.0, "fold_legs_len": "20", "gap": 14.0, "hide": "", "hide_auto": "", "hmax": 25.5, "hmin": 25.5, "init": "perp", "inside": 0.0, "kappa": 2.0, "lam": 15.0, "lam_h": 50.0, "mask": "", "max_nfev": 150, "mu": 300.0, "no_opt": false, "nu_fold": 0.4, "omega": 0.01, "order": 0.0, "out": "docs/ribbon/turns/real/G3/c", "outer": 4, "outline": 0.0, "outline_assign": "nearest", "outline_boxes": "", "outline_drop_near": "", "outline_excl": "", "outline_fixed": false, "outline_incl": "", "outline_loss": "linear", "outline_pose": "", "pin_range": "", "pose": "docs/ribbon/turns/real/G3/b_pose.json", "redge": 24.0, "rim_pose": "", "rim_side_mode": "centre", "rimlines": "", "rmin": 45.0, "roto": "/Users/ashmitkhurana/Development/Personal/portfolio/docs/ribbon/turns/curve/best/roto.npz", "screenw": "", "sigma": 2.0, "trace_w": 0.15, "twist": 30.0, "w_box": 2.0, "w_face": 30.0, "w_hmin": 50.0, "w_redge": 5.0, "w_rim": 0.0, "w_rmin": 5.0, "w_wfloor": 0.0, "wfloor": 0.0, "wfloor_except": "", "wfloor_mode": "perp", "wfloor_ranges": "", "zprior": "docs/ribbon/turns/real/G3/b_pose.json"}

edge residual css px, point-to-polyline (L and R pooled): mean 5.874  p95 19.026  max 43.372

window       edge resid (L,R pooled)                      h min/med/max          median |b.T|  #|c'|<0.6 s0
[   0, 131]  mean  14.89  p95  32.29  max  43.37           25.5/ 25.5/ 25.5      0.129         0
[ 132, 288]  mean   1.76  p95   5.00  max  11.61           25.5/ 25.5/ 25.5      0.366         0
[ 289, 483]  mean   4.28  p95  12.06  max  13.91           25.5/ 25.5/ 25.5      0.344         2
[ 484, 554]  mean   7.62  p95  16.81  max  17.78           25.5/ 25.5/ 25.5      0.425         0
[ 555, 658]  mean   2.19  p95   4.91  max   6.26           25.5/ 25.5/ 25.5      0.179         0
[ 659, 764]  mean   8.18  p95  14.86  max  16.04           25.5/ 25.5/ 25.5      0.657         0
[ 765, 940]  mean   1.90  p95   5.03  max   8.05           25.5/ 25.5/ 25.5      0.158         0
[ 941,1066]  mean  11.04  p95  20.60  max  21.40           25.5/ 25.5/ 25.5      0.247         4
[1067,1298]  mean   5.14  p95  24.76  max  35.77           25.5/ 25.5/ 25.5      0.186         11
worst window by mean: [0,131] 14.89 px

dense (4N=5196 samples) surface normal N=TxB: angle change per sample  max 26.355 deg  p99 3.439 deg
   angle per world px of centreline arclength: max 35.2666 deg/px  (p99 4.5350)
   worst dense samples (t, deg, |b.T|): 1171.82, 26.4, 0.996; 513.20, 25.5, 0.999; 513.45, 25.4, 0.999; 1172.07, 24.0, 0.997; 1191.31, 21.7, 0.998
   dense steps > 3 deg: 59, > 6 deg: 27
ripple (|second difference of unit N| per world px^2, dense): max 3.709e-01  p99 1.113e-02  median 4.194e-04
max |b.T| outside fold windows: 0.962   (inside: 0.999)
GATE: min 3D distance between non-adjacent rings (|i-j|>60, surface samples): 14.00 px; pairs < gap 14.0: 1
GATE: screen-overlap pairs (3 px) 1787, order violations (z_front - z_back < 0): 3, (< gap): 9; unique ring pairs violating: 1
end centreline offset from init: ring0 0.0 px, ring N-1 0.0 px
outside-mockup distance (5 pts across band, css px): mean 0.783  max 23.58  frac>0.5px 0.141
outline residual (css px, matched <=25 px: 1614 of 1634 pts): mean 5.570  p95 15.448  max 25.00
run time: 103.8 s
residual block norms (sum of squares): edge 877.17, smooth 354.41, jerk 152.98, perp 76.41, dev 84.21, depth 69.54, hsm 0.00, wpr 0.00, speed 12.43, hmin 0.00, hmax 0.00, face 0.00, rmin 8.05, scrw 0.00, wf 0.00, ins 0.00, fcr 30.23, bnd 695.09, twi 4.13, dbn 156.20, dtw 0.75, rmf 140.00, crl 13.41, lgb 78.63, cvx 143.30
