fold2 crease 376 R 25: ds 3.17 n 12 (eq 364..388, ruling 358..394, legs to +-32)
fold2 crease 516 R 40: ds 1.98 n 32 (eq 484..548, ruling 478..554, legs to +-52)
fold2 crease 1188 R 40: ds 2.11 n 30 (eq 1158..1218, ruling 1152..1224, legs to +-50)
face rule: sign_A -1 (tail median N.v -0.991)
init cost 202079223.226, residuals 61065, params 1120
round 0: clearance pairs 973, order pairs 0, residuals 62038
   Iteration     Total nfev        Cost      Cost reduction    Step norm     Optimality   
       0              1         2.0210e+08                                    5.99e+07    
       1              2         1.2140e+06      2.01e+08       2.16e+02       7.33e+06    
       2              3         3.9063e+05      8.23e+05       2.45e+02       1.33e+06    
       3              5         2.0975e+05      1.81e+05       3.64e+01       7.15e+05    
       4              6         4.9321e+04      1.60e+05       9.16e+01       1.26e+05    
       5              7         1.7587e+04      3.17e+04       9.68e+01       1.82e+04    
       6              8         1.1280e+04      6.31e+03       8.13e+01       1.77e+04    
       7              9         1.0196e+04      1.08e+03       9.18e+01       4.58e+04    
       8             10         4.7904e+03      5.41e+03       2.60e+01       4.01e+03    
       9             12         4.3074e+03      4.83e+02       1.02e+01       2.04e+03    
      10             14         4.1565e+03      1.51e+02       5.02e+00       1.57e+03    
      11             15         4.0023e+03      1.54e+02       7.27e+00       7.67e+02    
      12             17         3.9807e+03      2.16e+01       2.00e+00       1.16e+03    
      13             18         3.9271e+03      5.36e+01       3.49e+00       7.47e+02    
      14             19         3.9022e+03      2.49e+01       3.09e+00       7.29e+02    
      15             20         3.8657e+03      3.65e+01       3.10e+00       7.08e+02    
      16             21         3.8102e+03      5.56e+01       4.48e+00       6.78e+02    
      17             22         3.7204e+03      8.97e+01       7.39e+00       6.26e+02    
      18             23         3.5640e+03      1.56e+02       1.43e+01       5.44e+02    
      19             24         3.3171e+03      2.47e+02       2.65e+01       9.50e+02    
      20             25         3.2896e+03      2.75e+01       4.94e+01       1.75e+04    
      21             27         3.0622e+03      2.27e+02       4.63e+00       2.81e+03    
      22             29         2.9645e+03      9.77e+01       2.24e+00       1.69e+03    
      23             33         2.9572e+03      7.29e+00       8.62e-02       1.47e+03    
      24             34         2.9491e+03      8.08e+00       8.87e-02       1.22e+03    
      25             35         2.9380e+03      1.11e+01       1.67e-01       8.88e+02    
      26             36         2.9218e+03      1.62e+01       3.13e-01       6.90e+02    
      27             37         2.9027e+03      1.91e+01       6.21e-01       4.26e+02    
      28             38         2.8803e+03      2.24e+01       1.25e+00       1.94e+02    
      29             39         2.8659e+03      1.45e+01       2.15e+00       1.82e+02    
      30             40         2.8480e+03      1.79e+01       2.94e+00       1.69e+02    
      31             43         2.8471e+03      8.58e-01       2.00e-01       7.06e+02    
      32             44         2.8382e+03      8.91e+00       5.42e-01       1.67e+02    
      33             45         2.8267e+03      1.16e+01       8.74e-01       1.62e+02    
      34             46         2.8104e+03      1.63e+01       1.37e+00       1.58e+02    
      35             48         2.8085e+03      1.92e+00       6.24e-01       1.75e+03    
      36             49         2.7958e+03      1.27e+01       3.07e-01       1.57e+02    
      37             50         2.7889e+03      6.87e+00       3.21e-01       1.57e+02    
      38             51         2.7794e+03      9.52e+00       6.32e-01       1.56e+02    
      39             52         2.7685e+03      1.09e+01       1.03e+00       1.55e+02    
      40             53         2.7568e+03      1.17e+01       1.20e+00       1.54e+02    
      41             55         2.7561e+03      7.67e-01       5.94e-01       1.52e+03    
      42             56         2.7441e+03      1.20e+01       4.13e-01       1.53e+02    
      43             57         2.7348e+03      9.24e+00       6.66e-01       1.53e+02    
      44             58         2.7261e+03      8.72e+00       8.57e-01       1.52e+02    
      45             59         2.7187e+03      7.35e+00       8.98e-01       1.50e+02    
      46             60         2.7087e+03      1.00e+01       1.21e+00       1.47e+02    
      47             61         2.6897e+03      1.90e+01       2.34e+00       1.41e+02    
      48             62         2.6566e+03      3.31e+01       4.74e+00       1.28e+02    
      49             63         2.6337e+03      2.29e+01       9.20e+00       1.28e+03    
      50             66         2.6264e+03      7.21e+00       1.33e+00       1.10e+03    
      51             67         2.6121e+03      1.44e+01       8.50e-01       3.59e+02    
      52             70         2.6062e+03      5.88e+00       6.75e-02       3.42e+02    
      53             71         2.6017e+03      4.46e+00       5.76e-02       2.98e+02    
      54             72         2.5959e+03      5.87e+00       1.04e-01       2.12e+02    
      55             73         2.5894e+03      6.44e+00       2.31e-01       1.36e+02    
      56             74         2.5828e+03      6.60e+00       4.91e-01       1.05e+02    
      57             75         2.5781e+03      4.76e+00       8.96e-01       6.69e+02    
      58             76         2.5683e+03      9.72e+00       1.87e+00       1.04e+02    
      59             77         2.5637e+03      4.67e+00       1.29e+00       1.02e+02    
      60             78         2.5569e+03      6.76e+00       1.75e+00       9.92e+01    
      61             79         2.5440e+03      1.29e+01       3.26e+00       9.43e+01    
      62             81         2.5433e+03      6.87e-01       1.36e+00       1.22e+03    
      63             82         2.5311e+03      1.22e+01       2.13e+00       9.23e+01    
      64             83         2.5274e+03      3.66e+00       1.41e+00       9.15e+01    
      65             84         2.5214e+03      6.02e+00       1.42e+00       9.05e+01    
      66             85         2.5129e+03      8.55e+00       2.47e+00       8.85e+01    
      67             87         2.5109e+03      1.99e+00       1.13e+00       9.84e+02    
      68             88         2.4988e+03      1.21e+01       5.41e+00       1.29e+02    
      69             89         2.4896e+03      9.15e+00       3.10e+00       1.09e+02    
      70             91         2.4893e+03      3.64e-01       1.26e+00       1.00e+03    
      71             92         2.4850e+03      4.32e+00       2.93e+00       2.04e+02    
      72             94         2.4846e+03      3.02e-01       1.18e+00       1.13e+02    
      73             95         2.4832e+03      1.48e+00       1.81e-01       9.31e+01    
      74             96         2.4829e+03      3.07e-01       3.18e-01       9.09e+01    
      75             97         2.4827e+03      1.54e-01       3.60e-01       8.91e+01    
      76             98         2.4821e+03      6.50e-01       3.22e-01       8.81e+01    
      77             99         2.4819e+03      1.31e-01       5.86e-01       8.73e+01    
      78             100        2.4809e+03      1.05e+00       5.62e-01       8.68e+01    
      79             101        2.4803e+03      5.80e-01       5.97e-01       8.63e+01    
      80             102        2.4797e+03      6.17e-01       4.82e-01       8.59e+01    
      81             103        2.4788e+03      9.13e-01       3.87e-01       8.55e+01    
      82             104        2.4770e+03      1.72e+00       6.22e-01       8.49e+01    
      83             105        2.4734e+03      3.68e+00       1.14e+00       8.40e+01    
      84             106        2.4676e+03      5.80e+00       2.43e+00       8.21e+01    
      85             107        2.4542e+03      1.34e+01       4.67e+00       9.16e+01    
      86             110        2.4532e+03      9.96e-01       5.57e-01       1.10e+02    
      87             111        2.4514e+03      1.76e+00       1.58e+00       7.73e+01    
      88             112        2.4484e+03      3.08e+00       1.04e+00       7.75e+01    
      89             113        2.4440e+03      4.32e+00       2.12e+00       7.63e+01    
      90             114        2.4337e+03      1.03e+01       4.03e+00       7.75e+01    
      91             117        2.4324e+03      1.33e+00       5.21e-01       1.32e+02    
      92             118        2.4304e+03      1.95e+00       1.82e+00       7.35e+01    
      93             119        2.4260e+03      4.44e+00       1.97e+00       7.26e+01    
      94             120        2.4172e+03      8.78e+00       3.79e+00       7.03e+01    
      95             123        2.4165e+03      6.81e-01       5.36e-01       1.77e+02    
      96             124        2.4159e+03      6.71e-01       3.22e+00       6.96e+01    
      97             125        2.4146e+03      1.30e+00       4.91e-01       6.95e+01    
      98             126        2.4130e+03      1.58e+00       9.58e-01       6.93e+01    
      99             127        2.4081e+03      4.93e+00       1.84e+00       6.83e+01    
      100            128        2.4023e+03      5.73e+00       3.81e+00       6.60e+01    
      101            131        2.4016e+03      7.22e-01       4.86e-01       2.73e+02    
      102            132        2.4000e+03      1.58e+00       5.30e+00       6.47e+01    
      103            133        2.3984e+03      1.61e+00       9.50e-01       6.46e+01    
      104            134        2.3944e+03      4.01e+00       1.74e+00       6.37e+01    
      105            135        2.3898e+03      4.64e+00       3.22e+00       6.15e+01    
      106            139        2.3896e+03      1.97e-01       1.11e-01       6.66e+01    
      107            140        2.3873e+03      2.25e+00       1.65e+00       6.19e+01    
      108            143        2.3873e+03      2.87e-02       2.51e-02       6.20e+01    
      109            147        2.3873e+03      3.86e-03       1.00e-02       6.21e+01    
      110            150        2.3873e+03      1.21e-03       2.17e-03       6.21e+01    
The maximum number of function evaluations is exceeded.
Function evaluations 150, initial cost 2.0210e+08, final cost 2.3873e+03, first-order optimality 6.21e+01.
round 1: clearance pairs 906, order pairs 0, residuals 61971
   Iteration     Total nfev        Cost      Cost reduction    Step norm     Optimality   
       0              1         1.4722e+04                                    2.53e+04    
       1              3         4.0633e+03      1.07e+04       3.39e+01       6.54e+03    
       2              4         2.5159e+03      1.55e+03       2.06e+01       1.25e+03    
       3              6         2.3835e+03      1.32e+02       1.07e+01       2.07e+02    
       4              8         2.3566e+03      2.69e+01       4.23e+00       9.47e+01    
       5              9         2.3480e+03      8.56e+00       9.14e+00       6.51e+02    
       6             11         2.3400e+03      8.06e+00       2.27e+00       5.88e+01    
       7             14         2.3385e+03      1.44e+00       1.19e-01       9.97e+01    
       8             15         2.3371e+03      1.44e+00       3.19e-01       2.28e+01    
       9             16         2.3356e+03      1.46e+00       7.10e-01       1.28e+01    
      10             17         2.3341e+03      1.49e+00       1.36e+00       3.54e+01    
      11             18         2.3339e+03      2.29e-01       2.64e+00       4.24e+01    
      12             19         2.3325e+03      1.41e+00       1.43e+00       1.56e+01    
      13             21         2.3317e+03      7.62e-01       9.31e-01       3.38e+01    
      14             22         2.3316e+03      1.38e-01       5.49e-01       1.18e+01    
      15             25         2.3315e+03      6.25e-02       5.18e-02       6.57e+00    
      16             27         2.3315e+03      2.56e-02       2.68e-02       6.57e+00    
      17             29         2.3315e+03      1.15e-02       1.33e-02       6.57e+00    
      18             30         2.3315e+03      2.06e-02       2.67e-02       6.57e+00    
      19             33         2.3315e+03      2.37e-03       3.25e-03       6.57e+00    
      20             36         2.3315e+03      2.92e-04       4.05e-04       6.57e+00    
      21             37         2.3315e+03      5.83e-04       8.09e-04       6.57e+00    
      22             40         2.3315e+03      7.27e-05       1.01e-04       6.57e+00    
      23             41         2.3315e+03      1.45e-04       2.02e-04       6.57e+00    
      24             45         2.3315e+03      4.53e-06       6.31e-06       6.57e+00    
Both `ftol` and `xtol` termination conditions are satisfied.
Function evaluations 45, initial cost 1.4722e+04, final cost 2.3315e+03, first-order optimality 6.57e+00.
round 2: clearance pairs 792, order pairs 0, residuals 61857
   Iteration     Total nfev        Cost      Cost reduction    Step norm     Optimality   
       0              1         2.3315e+03                                    6.57e+00    
       1              3         2.3267e+03      4.74e+00       1.51e+01       5.15e+01    
       2              7         2.3265e+03      2.52e-01       9.20e-01       1.77e+02    
       3              8         2.3256e+03      9.22e-01       4.27e-01       1.53e+01    
       4             11         2.3254e+03      1.32e-01       4.73e-02       1.11e+01    
       5             13         2.3254e+03      4.75e-02       2.82e-02       1.08e+01    
       6             15         2.3254e+03      1.96e-02       1.41e-02       1.07e+01    
       7             17         2.3254e+03      8.82e-03       7.02e-03       1.06e+01    
       8             19         2.3254e+03      4.17e-03       3.50e-03       1.05e+01    
       9             21         2.3254e+03      2.03e-03       1.75e-03       1.05e+01    
      10             23         2.3254e+03      1.00e-03       8.72e-04       1.05e+01    
      11             24         2.3254e+03      1.97e-03       1.76e-03       1.05e+01    
      12             27         2.3254e+03      2.44e-04       2.18e-04       1.05e+01    
      13             29         2.3254e+03      1.22e-04       1.09e-04       1.05e+01    
      14             31         2.3254e+03      6.08e-05       5.46e-05       1.05e+01    
      15             33         2.3254e+03      3.04e-05       2.73e-05       1.05e+01    
      16             35         2.3254e+03      0.00e+00       0.00e+00       1.05e+01    
`xtol` termination condition is satisfied.
Function evaluations 35, initial cost 2.3315e+03, final cost 2.3254e+03, first-order optimality 1.05e+01.
round 3: clearance pairs 748, order pairs 0, residuals 61813
   Iteration     Total nfev        Cost      Cost reduction    Step norm     Optimality   
       0              1         2.3254e+03                                    1.05e+01    
       1              3         2.3226e+03      2.74e+00       1.55e+01       2.55e+01    
       2              8         2.3226e+03      6.62e-02       3.92e-01       4.82e+01    
       3              9         2.3221e+03      4.34e-01       5.40e-01       9.39e+00    
       4             14         2.3221e+03      4.75e-03       5.19e-03       9.11e+00    
       5             17         2.3221e+03      5.88e-04       6.49e-04       9.07e+00    
       6             18         2.3221e+03      1.17e-03       1.30e-03       9.00e+00    
       7             21         2.3221e+03      1.46e-04       1.62e-04       8.99e+00    
       8             23         2.3221e+03      7.30e-05       8.11e-05       8.99e+00    
       9             25         2.3221e+03      3.65e-05       4.06e-05       8.99e+00    
      10             26         2.3221e+03      7.29e-05       8.11e-05       8.98e+00    
      11             29         2.3221e+03      9.11e-06       1.01e-05       8.98e+00    
Both `ftol` and `xtol` termination conditions are satisfied.
Function evaluations 29, initial cost 2.3254e+03, final cost 2.3221e+03, first-order optimality 8.98e+00.
a  K=160  init=perp  [round 0 nfev=150 status=0 (The) cost 2387.294]  [round 1 nfev=45 status=4 (Both) cost 2331.480]  [round 2 nfev=35 status=3 (xtol`) cost 2325.353]  [round 3 nfev=29 status=4 (Both) cost 2322.111]
args: {"K": 160, "bend": 30.0, "box_pose": "", "box_rings": "", "box_trace": 0.15, "clear": 5.0, "clear_range": "860:1066-388:483", "dbend": 500.0, "delta": 60.0, "dtwist": 500.0, "edge_fair": 0.0, "edge_w": "", "end_pin": 50.0, "energy_ranges": "", "eps": 0.3, "face_margin": 0.3, "faceon": "", "faces": "docs/ribbon/turns/real/faces_v2.json", "flat": 6.0, "flat_ranges": "430:600,1120:1250", "flip_guard": 20.0, "fold": "", "fold2": "376:25:20,516:40:20,1188:40:20", "fold_axis": "", "fold_convex": "516:10,1188:10", "fold_eq": false, "fold_legs": 5.0, "fold_legs_len": "20", "gap": 14.0, "hide": "", "hide_auto": "", "hmax": 25.5, "hmin": 25.5, "init": "perp", "inside": 0.0, "kappa": 2.0, "lam": 15.0, "lam_h": 50.0, "mask": "", "max_nfev": 150, "mu": 300.0, "no_opt": false, "nu_fold": 0.4, "omega": 0.01, "order": 0.0, "out": "docs/ribbon/turns/real/G3/a", "outer": 4, "outline": 0.0, "outline_assign": "nearest", "outline_boxes": "", "outline_drop_near": "", "outline_excl": "", "outline_fixed": false, "outline_incl": "", "outline_loss": "linear", "outline_pose": "", "pin_range": "", "pose": "docs/ribbon/turns/fit/kk4/pose.json", "redge": 24.0, "rim_pose": "", "rim_side_mode": "centre", "rimlines": "", "rmin": 45.0, "roto": "/Users/ashmitkhurana/Development/Personal/portfolio/docs/ribbon/turns/curve/best/roto.npz", "screenw": "", "sigma": 2.0, "trace_w": 0.15, "twist": 30.0, "w_box": 2.0, "w_face": 30.0, "w_hmin": 50.0, "w_redge": 5.0, "w_rim": 0.0, "w_rmin": 5.0, "w_wfloor": 0.0, "wfloor": 0.0, "wfloor_except": "", "wfloor_mode": "perp", "wfloor_ranges": "", "zprior": "docs/ribbon/turns/fit/kk4/pose.json"}

edge residual css px, point-to-polyline (L and R pooled): mean 6.028  p95 19.544  max 43.400

window       edge resid (L,R pooled)                      h min/med/max          median |b.T|  #|c'|<0.6 s0
[   0, 131]  mean  14.89  p95  32.31  max  43.40           25.5/ 25.5/ 25.5      0.132         2
[ 132, 288]  mean   1.61  p95   4.34  max  11.24           25.5/ 25.5/ 25.5      0.426         0
[ 289, 483]  mean   4.75  p95  11.94  max  13.80           25.5/ 25.5/ 25.5      0.354         23
[ 484, 554]  mean   7.45  p95  20.99  max  22.22           25.5/ 25.5/ 25.5      0.438         0
[ 555, 658]  mean   2.68  p95   5.66  max   7.68           25.5/ 25.5/ 25.5      0.210         5
[ 659, 764]  mean   8.00  p95  15.76  max  17.57           25.5/ 25.5/ 25.5      0.501         0
[ 765, 940]  mean   2.00  p95   5.45  max  11.07           25.5/ 25.5/ 25.5      0.174         3
[ 941,1066]  mean  10.75  p95  21.17  max  21.99           25.5/ 25.5/ 25.5      0.256         15
[1067,1298]  mean   5.70  p95  19.67  max  23.59           25.5/ 25.5/ 25.5      0.226         30
worst window by mean: [0,131] 14.89 px

dense (4N=5196 samples) surface normal N=TxB: angle change per sample  max 30.348 deg  p99 2.826 deg
   angle per world px of centreline arclength: max 53.7555 deg/px  (p99 6.0058)
   worst dense samples (t, deg, |b.T|): 1194.31, 30.3, 1.000; 1194.56, 28.3, 1.000; 515.45, 26.5, 1.000; 515.20, 25.2, 0.999; 515.70, 20.1, 0.999
   dense steps > 3 deg: 47, > 6 deg: 25
ripple (|second difference of unit N| per world px^2, dense): max 8.173e-01  p99 3.482e-02  median 4.119e-04
max |b.T| outside fold windows: 0.996   (inside: 1.000)
GATE: min 3D distance between non-adjacent rings (|i-j|>60, surface samples): 13.98 px; pairs < gap 14.0: 1
GATE: screen-overlap pairs (3 px) 1722, order violations (z_front - z_back < 0): 0, (< gap): 0; unique ring pairs violating: 0
end centreline offset from init: ring0 0.0 px, ring N-1 0.0 px
outside-mockup distance (5 pts across band, css px): mean 0.799  max 23.03  frac>0.5px 0.139
outline residual (css px, matched <=25 px: 1614 of 1634 pts): mean 5.680  p95 15.982  max 24.99
run time: 282.3 s
residual block norms (sum of squares): edge 858.25, smooth 192.16, jerk 138.60, perp 93.28, dev 44.85, depth 496.40, hsm 0.00, wpr 0.00, speed 80.65, hmin 0.00, hmax 0.00, face 0.00, rmin 17.80, scrw 0.00, wf 0.00, ins 0.00, fcr 24.62, bnd 702.00, twi 4.30, dbn 154.40, dtw 0.60, rmf 111.69, crl 19.01, lgb 119.17, cvx 116.65
