DPR2 canvases 780x1688 780x1688
DPR3 canvases 1170x2532 1170x2532
crop_apex.png  126197 B
crop_bottomk.png  260733 B
crop_endstrand.png  166549 B
crop_farleft.png  182200 B
crop_junction.png  101462 B
crop_scurve.png  217290 B
crop_topk.png  166989 B
crop_wrap.png  290405 B
hero.png  1328678 B
ribbon.png  1358865 B
ribbon_crop_apex.png  130288 B
ribbon_crop_bottomk.png  260733 B
ribbon_crop_endstrand.png  166549 B
ribbon_crop_farleft.png  182200 B
ribbon_crop_junction.png  101462 B
ribbon_crop_scurve.png  217290 B
ribbon_crop_topk.png  166989 B
ribbon_crop_wrap.png  290405 B
