fold2 crease 376 R 25: ds 3.17 n 12 (eq 364..388, ruling 358..394, legs to +-32)
fold2 crease 516 R 40: ds 1.98 n 32 (eq 484..548, ruling 478..554, legs to +-52)
fold2 crease 1188 R 40: ds 2.11 n 30 (eq 1158..1218, ruling 1152..1224, legs to +-50)
face rule: sign_A -1 (tail median N.v -0.991)
init cost 202083828.899, residuals 61065, params 1120
round 0: clearance pairs 973, order pairs 0, residuals 62038
   Iteration     Total nfev        Cost      Cost reduction    Step norm     Optimality   
       0              1         2.0211e+08                                    5.99e+07    
       1              2         7.5749e+06      1.95e+08       2.72e+02       8.26e+07    
       2              3         1.4274e+06      6.15e+06       2.33e+02       5.70e+06    
       3              4         4.8964e+05      9.38e+05       1.92e+02       1.21e+06    
       4              5         3.4451e+05      1.45e+05       1.70e+02       6.83e+06    
       5              7         1.6159e+05      1.83e+05       4.40e+01       8.92e+05    
       6              8         1.0249e+05      5.91e+04       1.14e+02       1.27e+06    
       7              9         2.9701e+04      7.28e+04       7.90e+01       1.36e+04    
       8             11         2.3179e+04      6.52e+03       2.63e+01       7.71e+03    
       9             12         1.5970e+04      7.21e+03       5.24e+01       1.49e+04    
      10             14         1.3643e+04      2.33e+03       1.90e+01       5.60e+03    
      11             15         1.1599e+04      2.04e+03       3.54e+01       9.19e+03    
      12             17         1.0834e+04      7.66e+02       1.69e+01       2.29e+03    
      13             19         1.0495e+04      3.39e+02       9.38e+00       4.69e+03    
      14             20         9.9737e+03      5.21e+02       2.00e+01       9.35e+03    
      15             22         9.7280e+03      2.46e+02       1.08e+01       9.10e+02    
      16             23         9.3898e+03      3.38e+02       1.99e+01       4.57e+03    
      17             24         9.1744e+03      2.15e+02       3.60e+01       1.31e+03    
      18             26         8.8276e+03      3.47e+02       1.51e+01       5.54e+02    
      19             27         8.6300e+03      1.98e+02       3.11e+01       2.37e+04    
      20             28         8.1285e+03      5.01e+02       4.12e+01       6.25e+03    
      21             29         7.9379e+03      1.91e+02       3.57e+01       3.16e+03    
      22             31         7.7935e+03      1.44e+02       9.01e+00       1.34e+03    
      23             33         7.6979e+03      9.57e+01       3.85e+00       3.32e+03    
      24             34         7.5986e+03      9.92e+01       8.11e+00       5.74e+02    
      25             36         7.5906e+03      8.04e+00       2.04e+00       2.70e+02    
      26             38         7.5837e+03      6.88e+00       1.13e+00       2.51e+03    
      27             39         7.5698e+03      1.39e+01       1.72e+00       2.47e+02    
      28             40         7.5632e+03      6.62e+00       1.46e+00       1.12e+02    
      29             41         7.5569e+03      6.30e+00       1.47e+00       1.05e+02    
      30             42         7.5502e+03      6.73e+00       1.47e+00       1.01e+02    
      31             43         7.5388e+03      1.14e+01       2.64e+00       9.39e+01    
      32             44         7.5181e+03      2.07e+01       5.20e+00       8.39e+01    
      33             45         7.4780e+03      4.01e+01       9.82e+00       8.35e+01    
      34             46         7.4076e+03      7.04e+01       1.73e+01       1.23e+02    
      35             47         7.3680e+03      3.96e+01       3.25e+01       1.10e+03    
      36             49         7.2285e+03      1.39e+02       1.38e+01       7.66e+02    
      37             50         7.0871e+03      1.41e+02       2.52e+01       5.00e+02    
      38             52         6.9453e+03      1.42e+02       1.17e+01       7.24e+03    
      39             53         6.8294e+03      1.16e+02       3.67e+01       6.81e+02    
      40             55         6.5383e+03      2.91e+02       1.20e+01       2.62e+02    
      41             56         6.3446e+03      1.94e+02       3.09e+01       7.88e+03    
      42             57         6.2645e+03      8.01e+01       3.29e+01       7.44e+02    
      43             59         6.0188e+03      2.46e+02       7.46e+00       3.48e+02    
      44             60         5.8781e+03      1.41e+02       1.46e+01       3.93e+03    
      45             61         5.8525e+03      2.56e+01       1.15e+01       2.46e+02    
      46             62         5.7973e+03      5.52e+01       4.82e+00       2.79e+03    
      47             64         5.7822e+03      1.51e+01       1.20e+00       1.09e+02    
      48             65         5.7714e+03      1.07e+01       2.29e+00       6.36e+01    
      49             66         5.7659e+03      5.53e+00       1.51e+00       6.05e+01    
      50             67         5.7589e+03      7.04e+00       1.17e+00       5.29e+01    
      51             68         5.7535e+03      5.37e+00       1.85e+00       5.26e+01    
      52             69         5.7438e+03      9.67e+00       2.19e+00       5.25e+01    
      53             70         5.7349e+03      8.89e+00       2.29e+00       5.25e+01    
      54             71         5.7151e+03      1.99e+01       3.30e+00       5.24e+01    
      55             72         5.6891e+03      2.60e+01       6.15e+00       5.20e+01    
      56             73         5.6264e+03      6.26e+01       1.16e+01       5.76e+01    
      57             74         5.5422e+03      8.42e+01       2.21e+01       4.87e+02    
      58             76         5.5139e+03      2.83e+01       1.09e+01       9.66e+01    
      59             78         5.4949e+03      1.90e+01       3.57e+00       4.33e+03    
      60             80         5.4945e+03      4.65e-01       3.66e+00       3.37e+02    
      61             81         5.4833e+03      1.12e+01       1.42e+00       1.06e+02    
      62             82         5.4757e+03      7.57e+00       1.45e+00       7.32e+02    
      63             83         5.4748e+03      8.52e-01       2.41e+00       1.25e+02    
      64             84         5.4726e+03      2.29e+00       6.70e-01       4.75e+01    
      65             86         5.4716e+03      9.82e-01       2.82e-01       7.07e+02    
      66             87         5.4676e+03      4.02e+00       6.47e-01       7.25e+01    
      67             89         5.4673e+03      2.67e-01       1.50e-01       4.77e+01    
      68             92         5.4669e+03      3.81e-01       3.45e-02       4.77e+01    
      69             96         5.4669e+03      6.19e-03       1.71e-03       4.77e+01    
      70             98         5.4669e+03      2.77e-03       7.43e-04       4.77e+01    
      71             100        5.4669e+03      1.33e-03       3.59e-04       4.77e+01    
      72             101        5.4669e+03      2.56e-03       6.83e-04       4.77e+01    
      73             105        5.4669e+03      7.83e-05       2.12e-05       4.77e+01    
`xtol` termination condition is satisfied.
Function evaluations 105, initial cost 2.0211e+08, final cost 5.4669e+03, first-order optimality 4.77e+01.
round 1: clearance pairs 1096, order pairs 0, residuals 62161
   Iteration     Total nfev        Cost      Cost reduction    Step norm     Optimality   
       0              1         7.3944e+04                                    6.63e+03    
       1              4         6.6172e+04      7.77e+03       2.02e+01       5.28e+03    
       2              5         5.1391e+04      1.48e+04       2.93e+01       2.74e+03    
       3              6         4.8870e+04      2.52e+03       5.73e+01       1.86e+05    
       4              7         3.6754e+04      1.21e+04       1.56e+01       4.26e+04    
       5              8         3.3489e+04      3.26e+03       1.56e+01       6.73e+03    
       6              9         3.0144e+04      3.35e+03       2.39e+01       2.56e+03    
       7             10         2.6148e+04      4.00e+03       4.56e+01       1.58e+03    
       8             11         2.2794e+04      3.35e+03       8.26e+01       5.52e+03    
       9             13         2.1403e+04      1.39e+03       3.81e+01       1.09e+04    
      10             14         2.0484e+04      9.19e+02       7.39e+01       8.67e+04    
      11             15         1.9673e+04      8.11e+02       6.75e+01       1.18e+04    
      12             17         1.8802e+04      8.71e+02       1.16e+01       3.02e+03    
      13             18         1.8268e+04      5.35e+02       2.62e+01       5.53e+03    
      14             19         1.7994e+04      2.73e+02       3.36e+01       7.98e+03    
      15             21         1.7602e+04      3.92e+02       8.91e+00       3.05e+03    
      16             22         1.7351e+04      2.50e+02       2.04e+01       4.51e+03    
      17             23         1.6918e+04      4.33e+02       1.50e+01       1.51e+03    
      18             24         1.6781e+04      1.37e+02       2.19e+01       1.74e+03    
      19             26         1.6502e+04      2.78e+02       5.77e+00       1.11e+03    
      20             28         1.6452e+04      5.04e+01       3.32e+00       4.59e+02    
      21             29         1.6348e+04      1.04e+02       4.65e+00       3.07e+02    
      22             30         1.6308e+04      4.04e+01       5.02e+00       2.57e+02    
      23             31         1.6268e+04      3.96e+01       5.91e+00       2.61e+02    
      24             32         1.6234e+04      3.44e+01       7.30e+00       2.29e+02    
      25             34         1.6211e+04      2.26e+01       3.51e+00       2.18e+02    
      26             35         1.6178e+04      3.31e+01       6.36e+00       2.26e+02    
      27             37         1.6159e+04      1.91e+01       3.48e+00       2.18e+02    
      28             38         1.6151e+04      8.14e+00       4.78e+00       2.86e+02    
      29             40         1.6130e+04      2.12e+01       2.06e+00       2.87e+02    
      30             42         1.6124e+04      5.58e+00       8.19e-01       2.52e+02    
      31             43         1.6111e+04      1.32e+01       7.00e-01       2.14e+02    
      32             44         1.6101e+04      9.53e+00       8.82e-01       2.34e+02    
      33             45         1.6092e+04      9.62e+00       1.61e+00       1.19e+05    
      34             47         1.6091e+04      7.52e-01       1.00e+00       1.85e+02    
      35             48         1.6083e+04      8.15e+00       4.33e-01       1.71e+02    
      36             49         1.6075e+04      8.01e+00       5.20e-01       2.14e+02    
      37             50         1.6069e+04      6.25e+00       8.78e-01       2.55e+02    
      38             52         1.6065e+04      4.00e+00       5.31e-01       1.92e+02    
      39             53         1.6053e+04      1.18e+01       8.92e-01       3.14e+02    
      40             54         1.6041e+04      1.15e+01       1.79e+00       3.72e+02    
      41             55         1.6016e+04      2.49e+01       3.01e+00       1.19e+05    
      42             56         1.5983e+04      3.32e+01       7.18e+00       8.71e+02    
      43             57         1.5765e+04      2.18e+02       1.27e+01       2.07e+03    
      44             58         1.4770e+04      9.95e+02       1.46e+01       3.79e+03    
      45             59         1.4522e+04      2.47e+02       1.96e+01       6.39e+03    
      46             60         1.4129e+04      3.93e+02       1.94e+01       5.09e+03    
      47             61         1.3940e+04      1.89e+02       2.33e+01       7.93e+03    
      48             62         1.3341e+04      5.99e+02       2.64e+01       4.51e+03    
      49             63         1.3042e+04      2.99e+02       2.94e+01       4.05e+03    
      50             65         1.2895e+04      1.47e+02       8.95e+00       3.30e+03    
      51             66         1.2686e+04      2.09e+02       1.53e+01       3.31e+03    
      52             67         1.2651e+04      3.53e+01       2.44e+01       3.47e+03    
      53             68         1.2362e+04      2.89e+02       1.09e+01       2.83e+03    
      54             69         1.2247e+04      1.15e+02       1.62e+01       1.19e+05    
      55             70         1.1456e+04      7.91e+02       1.82e+01       2.20e+03    
      56             71         1.1219e+04      2.37e+02       2.10e+01       1.69e+03    
      57             72         1.0962e+04      2.57e+02       2.32e+01       1.16e+03    
      58             73         1.0702e+04      2.60e+02       2.46e+01       1.49e+03    
      59             75         1.0521e+04      1.81e+02       9.71e+00       1.56e+03    
      60             76         1.0119e+04      4.01e+02       2.13e+01       2.38e+03    
      61             77         9.8710e+03      2.48e+02       3.92e+01       1.94e+04    
      62             78         9.3259e+03      5.45e+02       3.06e+01       2.06e+04    
      63             79         9.1209e+03      2.05e+02       4.11e+01       1.91e+03    
      64             81         8.8930e+03      2.28e+02       1.17e+01       1.38e+03    
      65             82         8.8193e+03      7.37e+01       2.41e+01       4.74e+03    
      66             83         8.7439e+03      7.54e+01       2.24e+01       2.08e+03    
      67             84         7.9430e+03      8.01e+02       2.71e+01       3.73e+03    
      68             85         7.1145e+03      8.28e+02       5.07e+01       1.77e+03    
      69             86         6.6405e+03      4.74e+02       5.15e+01       1.19e+05    
      70             89         6.5908e+03      4.97e+01       4.64e+00       3.61e+03    
      71             90         6.5073e+03      8.35e+01       1.79e+01       3.00e+03    
      72             92         6.4728e+03      3.46e+01       4.92e+00       3.29e+02    
      73             93         6.4314e+03      4.14e+01       6.91e+00       3.04e+02    
      74             95         6.4283e+03      3.02e+00       2.47e+00       1.41e+02    
      75             96         6.4134e+03      1.49e+01       1.15e+00       7.45e+01    
      76             98         6.4127e+03      7.12e-01       5.46e-01       7.01e+01    
      77             99         6.4098e+03      2.89e+00       2.20e-01       5.90e+01    
      78             100        6.4085e+03      1.28e+00       3.07e-01       5.46e+01    
      79             101        6.4069e+03      1.69e+00       5.07e-01       5.26e+01    
      80             102        6.4053e+03      1.54e+00       7.77e-01       5.65e+01    
      81             103        6.4039e+03      1.41e+00       7.44e-01       5.89e+01    
      82             104        6.4000e+03      3.88e+00       7.22e-01       6.28e+01    
      83             108        6.3999e+03      1.06e-01       4.74e-02       5.93e+01    
      84             110        6.3998e+03      7.93e-02       2.11e-02       5.81e+01    
      85             112        6.3998e+03      3.64e-02       8.04e-03       5.69e+01    
      86             115        6.3998e+03      4.51e-03       9.78e-04       5.67e+01    
      87             117        6.3998e+03      2.25e-03       4.88e-04       5.66e+01    
      88             120        6.3998e+03      2.81e-04       6.09e-05       5.66e+01    
      89             122        6.3998e+03      1.41e-04       3.05e-05       5.66e+01    
      90             124        6.3998e+03      7.03e-05       1.52e-05       5.66e+01    
`xtol` termination condition is satisfied.
Function evaluations 124, initial cost 7.3944e+04, final cost 6.3998e+03, first-order optimality 5.66e+01.
round 2: clearance pairs 123, order pairs 0, residuals 61188
   Iteration     Total nfev        Cost      Cost reduction    Step norm     Optimality   
       0              1         7.9213e+03                                    1.51e+04    
       1              3         7.0091e+03      9.12e+02       2.33e+01       5.88e+03    
       2              5         6.7731e+03      2.36e+02       1.23e+01       8.26e+02    
       3              6         6.5476e+03      2.25e+02       2.51e+01       5.91e+02    
       4              8         6.4844e+03      6.31e+01       1.12e+01       4.91e+03    
       5              9         6.4534e+03      3.11e+01       1.05e+01       1.88e+03    
       6             11         6.4296e+03      2.37e+01       3.63e+00       5.21e+02    
       7             12         6.4239e+03      5.75e+00       4.98e+00       6.54e+01    
       8             14         6.4203e+03      3.55e+00       1.65e+00       1.74e+02    
       9             15         6.4171e+03      3.25e+00       1.49e+00       5.23e+01    
      10             17         6.4160e+03      1.13e+00       4.82e-01       1.38e+02    
      11             20         6.4155e+03      4.49e-01       7.71e-02       2.95e+01    
      12             22         6.4151e+03      4.00e-01       5.68e-02       1.54e+01    
      13             23         6.4150e+03      1.50e-01       1.16e-01       1.44e+01    
      14             27         6.4150e+03      4.55e-03       3.40e-03       1.44e+01    
      15             28         6.4149e+03      9.06e-03       6.82e-03       1.45e+01    
      16             31         6.4149e+03      1.13e-03       8.48e-04       1.45e+01    
      17             32         6.4149e+03      2.26e-03       1.70e-03       1.45e+01    
      18             35         6.4149e+03      2.82e-04       2.12e-04       1.45e+01    
      19             37         6.4149e+03      1.41e-04       1.06e-04       1.45e+01    
      20             39         6.4149e+03      7.04e-05       5.30e-05       1.45e+01    
      21             41         6.4149e+03      3.52e-05       2.65e-05       1.45e+01    
`ftol` termination condition is satisfied.
Function evaluations 41, initial cost 7.9213e+03, final cost 6.4149e+03, first-order optimality 1.45e+01.
round 3: clearance pairs 102, order pairs 0, residuals 61167
   Iteration     Total nfev        Cost      Cost reduction    Step norm     Optimality   
       0              1         6.4149e+03                                    1.45e+01    
       1             13         6.4149e+03      0.00e+00       0.00e+00       1.45e+01    
`xtol` termination condition is satisfied.
Function evaluations 13, initial cost 6.4149e+03, final cost 6.4149e+03, first-order optimality 1.45e+01.
a  K=160  init=perp  [round 0 nfev=105 status=3 (xtol`) cost 5466.891]  [round 1 nfev=124 status=3 (xtol`) cost 6399.795]  [round 2 nfev=41 status=2 (ftol`) cost 6414.944]  [round 3 nfev=13 status=3 (xtol`) cost 6414.944]
args: {"K": 160, "bend": 30.0, "box_pose": "", "box_rings": "", "box_trace": 0.15, "clear": 5.0, "clear_range": "860:1066-388:483", "dbend": 500.0, "delta": 60.0, "dtwist": 500.0, "edge_fair": 0.0, "edge_w": "", "end_pin": 50.0, "energy_ranges": "", "eps": 0.3, "face_margin": 0.3, "faceon": "", "faces": "docs/ribbon/turns/real/faces.json", "flat": 6.0, "flat_ranges": "", "flip_guard": 20.0, "fold": "", "fold2": "376:25:20,516:40:20,1188:40:20", "fold_axis": "", "fold_convex": "516:10,1188:10", "fold_eq": false, "fold_legs": 5.0, "fold_legs_len": "20", "gap": 14.0, "hide": "", "hide_auto": "", "hmax": 25.5, "hmin": 25.5, "init": "perp", "inside": 0.0, "kappa": 2.0, "lam": 15.0, "lam_h": 50.0, "mask": "", "max_nfev": 150, "mu": 300.0, "no_opt": false, "nu_fold": 0.4, "omega": 0.01, "order": 0.0, "out": "docs/ribbon/turns/real/D2/a", "outer": 4, "outline": 0.0, "outline_assign": "nearest", "outline_boxes": "", "outline_drop_near": "", "outline_excl": "", "outline_fixed": false, "outline_incl": "", "outline_loss": "linear", "outline_pose": "", "pin_range": "", "pose": "docs/ribbon/turns/fit/kk4/pose.json", "redge": 24.0, "rim_pose": "", "rim_side_mode": "centre", "rimlines": "", "rmin": 45.0, "roto": "/Users/ashmitkhurana/Development/Personal/portfolio/docs/ribbon/turns/curve/best/roto.npz", "screenw": "", "sigma": 2.0, "trace_w": 0.15, "twist": 30.0, "w_box": 2.0, "w_face": 15.0, "w_hmin": 50.0, "w_redge": 5.0, "w_rim": 0.0, "w_rmin": 5.0, "w_wfloor": 0.0, "wfloor": 0.0, "wfloor_except": "", "wfloor_mode": "perp", "wfloor_ranges": "", "zprior": "docs/ribbon/turns/fit/kk4/pose.json"}

edge residual css px, point-to-polyline (L and R pooled): mean 13.121  p95 39.076  max 214.614

window       edge resid (L,R pooled)                      h min/med/max          median |b.T|  #|c'|<0.6 s0
[   0, 131]  mean  16.02  p95  32.30  max  43.40           25.5/ 25.5/ 25.5      0.185         12
[ 132, 288]  mean   5.80  p95  17.24  max  17.96           25.5/ 25.5/ 25.5      0.558         42
[ 289, 483]  mean   9.79  p95  29.71  max  32.10           25.5/ 25.5/ 25.5      0.353         32
[ 484, 554]  mean  11.07  p95  16.64  max  17.20           25.5/ 25.5/ 25.5      0.693         6
[ 555, 658]  mean   2.87  p95   9.85  max  12.61           25.5/ 25.5/ 25.5      0.184         14
[ 659, 764]  mean  16.98  p95  35.37  max  36.89           25.5/ 25.5/ 25.5      0.345         24
[ 765, 940]  mean   6.77  p95  35.76  max  52.56           25.5/ 25.5/ 25.5      0.120         64
[ 941,1066]  mean  54.96  p95 189.52  max 214.61           25.5/ 25.5/ 25.5      0.255         8
[1067,1298]  mean   4.78  p95  17.83  max  31.71           25.5/ 25.5/ 25.5      0.097         41
worst window by mean: [941,1066] 54.96 px

dense (4N=5196 samples) surface normal N=TxB: angle change per sample  max 27.397 deg  p99 5.632 deg
   angle per world px of centreline arclength: max 85.9648 deg/px  (p99 6.9533)
   worst dense samples (t, deg, |b.T|): 496.46, 27.4, 0.999; 496.21, 27.1, 0.999; 519.95, 23.4, 0.997; 520.20, 23.3, 0.998; 519.70, 17.7, 0.996
   dense steps > 3 deg: 119, > 6 deg: 51
ripple (|second difference of unit N| per world px^2, dense): max 2.348e+00  p99 4.939e-02  median 4.322e-04
max |b.T| outside fold windows: 0.998   (inside: 0.999)
GATE: min 3D distance between non-adjacent rings (|i-j|>60, surface samples): 12.73 px; pairs < gap 14.0: 23
GATE: screen-overlap pairs (3 px) 1552, order violations (z_front - z_back < 0): 9, (< gap): 43; unique ring pairs violating: 6
end centreline offset from init: ring0 0.0 px, ring N-1 0.0 px
outside-mockup distance (5 pts across band, css px): mean 3.012  max 116.33  frac>0.5px 0.197
outline residual (css px, matched <=25 px: 1614 of 1634 pts): mean 6.716  p95 17.969  max 24.99
run time: 346.0 s
residual block norms (sum of squares): edge 2596.94, smooth 361.13, jerk 1232.79, perp 110.84, dev 135.78, depth 1311.56, hsm 0.00, wpr 0.00, speed 310.96, hmin 0.00, hmax 0.04, face 0.00, rmin 48.82, scrw 0.00, wf 0.00, ins 0.00, fcr 46.48, bnd 726.05, twi 5.66, dbn 180.14, dtw 1.78, rmf 156.05, crl 21.18, lgb 97.87, cvx 157.90
