fold2 crease 376 R 25: ds 2.96 n 13 (eq 363..389, ruling 357..395, legs to +-33)
fold2 crease 516 R 40: ds 2.79 n 23 (eq 493..539, ruling 487..545, legs to +-43)
fold2 crease 1188 R 40: ds 2.94 n 21 (eq 1167..1209, ruling 1161..1215, legs to +-41)
face rule: sign_A -1 (tail median N.v -0.995)
init cost 57885003.921, residuals 61065, params 1120
round 0: clearance pairs 406, order pairs 0, residuals 61471
   Iteration     Total nfev        Cost      Cost reduction    Step norm     Optimality   
       0              1         5.7898e+07                                    8.31e+07    
       1              3         2.4939e+07      3.30e+07       5.15e+01       5.27e+06    
       2              4         4.2455e+05      2.45e+07       7.64e+01       9.43e+05    
       3              5         1.2789e+05      2.97e+05       1.58e+02       3.34e+06    
       4              6         3.2349e+04      9.55e+04       9.30e+01       5.50e+05    
       5              7         2.3283e+04      9.07e+03       9.81e+01       7.01e+04    
       6              9         1.1765e+04      1.15e+04       2.72e+01       4.14e+04    
       7             10         9.3282e+03      2.44e+03       6.73e+01       1.82e+04    
       8             11         8.4971e+03      8.31e+02       5.18e+01       6.30e+03    
       9             12         7.2368e+03      1.26e+03       4.35e+01       3.31e+03    
      10             13         6.5960e+03      6.41e+02       1.97e+01       1.63e+04    
      11             15         6.3688e+03      2.27e+02       8.05e+00       1.39e+03    
      12             16         6.0708e+03      2.98e+02       1.64e+01       4.91e+03    
      13             18         5.9103e+03      1.60e+02       1.53e+01       6.16e+03    
      14             19         5.7307e+03      1.80e+02       2.14e+01       3.96e+03    
      15             21         5.6159e+03      1.15e+02       4.92e+00       9.01e+03    
      16             22         5.5053e+03      1.11e+02       7.71e+00       1.06e+04    
      17             24         5.4428e+03      6.25e+01       2.86e+00       1.50e+03    
      18             25         5.3520e+03      9.08e+01       4.89e+00       3.03e+03    
      19             27         5.3194e+03      3.26e+01       2.24e+00       8.52e+03    
      20             28         5.2607e+03      5.87e+01       5.14e+00       1.45e+04    
      21             29         5.2255e+03      3.52e+01       1.04e+01       8.51e+03    
      22             31         5.1481e+03      7.75e+01       6.74e+00       2.01e+03    
      23             33         5.1107e+03      3.73e+01       4.76e+00       1.58e+03    
      24             35         5.1074e+03      3.34e+00       2.00e+00       4.36e+03    
      25             37         5.1007e+03      6.70e+00       1.88e+00       2.72e+03    
      26             38         5.0934e+03      7.33e+00       5.34e+00       7.39e+03    
      27             40         5.0916e+03      1.74e+00       1.21e+00       2.13e+03    
      28             41         5.0884e+03      3.21e+00       1.72e+00       3.08e+02    
      29             42         5.0883e+03      1.36e-01       1.76e+00       3.07e+02    
      30             43         5.0869e+03      1.35e+00       8.76e-01       2.86e+03    
      31             45         5.0867e+03      2.15e-01       3.87e-01       8.12e+02    
      32             47         5.0866e+03      1.57e-01       1.48e-01       3.07e+02    
      33             49         5.0865e+03      6.98e-02       8.39e-02       3.07e+02    
      34             51         5.0865e+03      3.59e-02       4.49e-02       3.07e+02    
      35             52         5.0864e+03      5.95e-02       9.68e-02       3.07e+02    
      36             55         5.0864e+03      6.56e-03       1.26e-02       3.07e+02    
      37             56         5.0864e+03      1.26e-02       2.57e-02       3.07e+02    
      38             60         5.0864e+03      3.85e-04       8.17e-04       3.07e+02    
      39             62         5.0864e+03      1.93e-04       4.09e-04       3.07e+02    
      40             63         5.0864e+03      3.85e-04       8.18e-04       3.07e+02    
      41             66         5.0864e+03      4.80e-05       1.02e-04       3.07e+02    
`ftol` termination condition is satisfied.
Function evaluations 66, initial cost 5.7898e+07, final cost 5.0864e+03, first-order optimality 3.07e+02.
round 1: clearance pairs 542, order pairs 0, residuals 61607
   Iteration     Total nfev        Cost      Cost reduction    Step norm     Optimality   
       0              1         1.3239e+04                                    3.75e+04    
       1              3         5.4698e+03      7.77e+03       1.84e+01       6.67e+03    
       2              4         4.8533e+03      6.16e+02       4.62e+01       1.19e+02    
       3              6         4.8239e+03      2.95e+01       2.13e+01       1.79e+02    
       4              8         4.7880e+03      3.59e+01       6.50e+00       4.62e+02    
       5              9         4.7709e+03      1.71e+01       8.57e+00       3.41e+01    
       6             10         4.7573e+03      1.36e+01       1.43e+01       3.40e+02    
       7             12         4.7525e+03      4.83e+00       3.72e+00       3.86e+02    
       8             14         4.7474e+03      5.09e+00       1.54e+00       1.07e+02    
       9             15         4.7451e+03      2.30e+00       2.09e+00       2.41e+01    
      10             17         4.7442e+03      9.49e-01       6.37e-01       2.21e+01    
      11             18         4.7436e+03      5.56e-01       5.55e-01       1.88e+01    
      12             20         4.7434e+03      2.02e-01       2.85e-01       1.79e+01    
      13             21         4.7432e+03      2.02e-01       2.87e-01       1.69e+01    
      14             23         4.7431e+03      9.61e-02       1.44e-01       1.66e+01    
      15             26         4.7431e+03      1.20e-02       1.82e-02       1.65e+01    
      16             28         4.7431e+03      5.95e-03       9.14e-03       1.65e+01    
      17             31         4.7431e+03      7.41e-04       1.14e-03       1.65e+01    
      18             33         4.7431e+03      3.70e-04       5.72e-04       1.65e+01    
      19             34         4.7431e+03      7.40e-04       1.14e-03       1.65e+01    
      20             37         4.7431e+03      9.25e-05       1.43e-04       1.65e+01    
      21             39         4.7431e+03      4.63e-05       7.14e-05       1.65e+01    
`ftol` termination condition is satisfied.
Function evaluations 39, initial cost 1.3239e+04, final cost 4.7431e+03, first-order optimality 1.65e+01.
round 2: clearance pairs 404, order pairs 0, residuals 61469
   Iteration     Total nfev        Cost      Cost reduction    Step norm     Optimality   
       0              1         6.3173e+03                                    4.03e+03    
       1              3         4.9044e+03      1.41e+03       1.31e+01       9.63e+02    
       2              6         4.7866e+03      1.18e+02       1.35e+00       4.24e+02    
       3              7         4.7523e+03      3.43e+01       4.62e+00       1.28e+02    
       4              8         4.7465e+03      5.76e+00       8.70e+00       2.46e+01    
       5             11         4.7465e+03      6.66e-02       9.96e-01       2.35e+02    
       6             12         4.7447e+03      1.83e+00       3.56e-01       1.96e+01    
       7             13         4.7421e+03      2.60e+00       7.10e-01       8.41e+00    
       8             16         4.7420e+03      9.33e-02       1.14e-01       8.28e+00    
       9             23         4.7420e+03      4.50e-05       5.59e-05       8.28e+00    
`ftol` termination condition is satisfied.
Function evaluations 23, initial cost 6.3173e+03, final cost 4.7420e+03, first-order optimality 8.28e+00.
round 3: clearance pairs 414, order pairs 0, residuals 61479
   Iteration     Total nfev        Cost      Cost reduction    Step norm     Optimality   
       0              1         4.7420e+03                                    8.28e+00    
       1              3         4.7388e+03      3.14e+00       7.03e+00       2.07e+01    
       2              7         4.7381e+03      6.75e-01       5.00e-01       2.76e+01    
       3              8         4.7370e+03      1.14e+00       8.64e-01       4.30e+00    
       4              9         4.7345e+03      2.53e+00       1.70e+00       5.85e+00    
       5             10         4.7341e+03      3.54e-01       3.19e+00       5.31e+00    
       6             12         4.7332e+03      8.96e-01       2.69e-01       5.55e+00    
       7             13         4.7323e+03      9.29e-01       5.54e-01       1.81e+00    
       8             14         4.7321e+03      2.31e-01       9.80e-01       8.21e+01    
       9             15         4.7321e+03      1.28e-03       1.02e+00       1.07e+01    
      10             16         4.7315e+03      5.65e-01       2.66e-01       4.71e+00    
      11             17         4.7313e+03      1.98e-01       4.89e-01       1.89e+00    
      12             19         4.7312e+03      8.96e-02       2.41e-01       7.69e+00    
      13             21         4.7312e+03      4.60e-02       1.12e-01       1.98e+00    
      14             23         4.7311e+03      2.30e-02       6.92e-02       2.11e+00    
      15             25         4.7311e+03      1.15e-02       3.48e-02       2.00e+00    
      16             28         4.7311e+03      1.43e-03       4.39e-03       2.00e+00    
      17             30         4.7311e+03      7.14e-04       2.19e-03       2.00e+00    
      18             33         4.7311e+03      8.93e-05       2.74e-04       2.00e+00    
      19             34         4.7311e+03      1.79e-04       5.49e-04       2.00e+00    
      20             37         4.7311e+03      2.23e-05       6.86e-05       2.00e+00    
`ftol` termination condition is satisfied.
Function evaluations 37, initial cost 4.7420e+03, final cost 4.7311e+03, first-order optimality 2.00e+00.
c  K=160  init=perp  [round 0 nfev=66 status=2 (ftol`) cost 5086.377]  [round 1 nfev=39 status=2 (ftol`) cost 4743.084]  [round 2 nfev=23 status=2 (ftol`) cost 4741.957]  [round 3 nfev=37 status=2 (ftol`) cost 4731.118]
args: {"K": 160, "bend": 30.0, "box_pose": "", "box_rings": "", "box_trace": 0.15, "clear": 5.0, "clear_range": "860:1066-388:483", "dbend": 500.0, "delta": 60.0, "dtwist": 500.0, "edge_fair": 0.0, "edge_w": "", "end_pin": 50.0, "energy_ranges": "", "eps": 1.0, "face_margin": 0.3, "faceon": "", "faces": "docs/ribbon/turns/real/faces.json", "flat": 6.0, "flat_ranges": "", "flip_guard": 20.0, "fold": "", "fold2": "376:25:20,516:40:20,1188:40:20", "fold_axis": "", "fold_convex": "516:10,1188:10", "fold_eq": false, "fold_legs": 5.0, "fold_legs_len": "20", "gap": 14.0, "hide": "", "hide_auto": "", "hmax": 25.5, "hmin": 25.5, "init": "perp", "inside": 0.0, "kappa": 2.0, "lam": 15.0, "lam_h": 50.0, "mask": "", "max_nfev": 150, "mu": 300.0, "no_opt": false, "nu_fold": 0.4, "omega": 0.01, "order": 0.0, "out": "docs/ribbon/turns/real/D2/c", "outer": 4, "outline": 0.0, "outline_assign": "nearest", "outline_boxes": "", "outline_drop_near": "", "outline_excl": "", "outline_fixed": false, "outline_incl": "", "outline_loss": "linear", "outline_pose": "", "pin_range": "", "pose": "docs/ribbon/turns/real/D2/b_pose.json", "redge": 24.0, "rim_pose": "", "rim_side_mode": "centre", "rimlines": "", "rmin": 45.0, "roto": "/Users/ashmitkhurana/Development/Personal/portfolio/docs/ribbon/turns/curve/best/roto.npz", "screenw": "", "sigma": 2.0, "trace_w": 0.15, "twist": 30.0, "w_box": 2.0, "w_face": 15.0, "w_hmin": 50.0, "w_redge": 5.0, "w_rim": 0.0, "w_rmin": 5.0, "w_wfloor": 0.0, "wfloor": 0.0, "wfloor_except": "", "wfloor_mode": "perp", "wfloor_ranges": "", "zprior": "docs/ribbon/turns/real/D2/b_pose.json"}

edge residual css px, point-to-polyline (L and R pooled): mean 11.353  p95 39.240  max 107.767

window       edge resid (L,R pooled)                      h min/med/max          median |b.T|  #|c'|<0.6 s0
[   0, 131]  mean  16.10  p95  32.29  max  43.40           25.5/ 25.5/ 25.5      0.187         0
[ 132, 288]  mean   5.70  p95  17.11  max  17.67           25.5/ 25.5/ 25.5      0.592         3
[ 289, 483]  mean   5.91  p95  14.37  max  18.57           25.5/ 25.5/ 25.5      0.320         9
[ 484, 554]  mean   9.90  p95  20.29  max  21.45           25.5/ 25.5/ 25.5      0.282         3
[ 555, 658]  mean   2.78  p95   9.35  max  12.40           25.5/ 25.5/ 25.5      0.182         3
[ 659, 764]  mean  15.57  p95  35.42  max  36.88           25.5/ 25.5/ 25.5      0.295         0
[ 765, 940]  mean   5.67  p95  12.77  max  41.07           25.5/ 25.5/ 25.5      0.224         15
[ 941,1066]  mean  44.82  p95  98.50  max 107.77           25.5/ 25.5/ 25.5      0.568         20
[1067,1298]  mean   5.55  p95  18.48  max  31.05           25.5/ 25.5/ 25.5      0.112         7
worst window by mean: [941,1066] 44.82 px

dense (4N=5196 samples) surface normal N=TxB: angle change per sample  max 23.817 deg  p99 5.216 deg
   angle per world px of centreline arclength: max 30.7199 deg/px  (p99 5.7065)
   worst dense samples (t, deg, |b.T|): 519.20, 23.8, 0.999; 518.95, 20.7, 0.999; 519.45, 20.3, 0.999; 967.44, 16.0, 0.988; 967.19, 15.3, 0.986
   dense steps > 3 deg: 104, > 6 deg: 47
ripple (|second difference of unit N| per world px^2, dense): max 2.635e-01  p99 2.876e-02  median 5.402e-04
max |b.T| outside fold windows: 0.996   (inside: 0.999)
GATE: min 3D distance between non-adjacent rings (|i-j|>60, surface samples): 13.98 px; pairs < gap 14.0: 4
GATE: screen-overlap pairs (3 px) 1701, order violations (z_front - z_back < 0): 5, (< gap): 47; unique ring pairs violating: 3
end centreline offset from init: ring0 0.0 px, ring N-1 0.0 px
outside-mockup distance (5 pts across band, css px): mean 1.613  max 39.82  frac>0.5px 0.195
outline residual (css px, matched <=25 px: 1613 of 1634 pts): mean 6.477  p95 17.903  max 24.86
run time: 142.3 s
residual block norms (sum of squares): edge 1633.37, smooth 126.53, jerk 472.35, perp 137.01, dev 73.89, depth 202.84, hsm 0.00, wpr 0.00, speed 47.91, hmin 0.00, hmax 0.00, face 0.00, rmin 52.48, scrw 0.00, wf 0.00, ins 0.00, fcr 18.64, bnd 774.89, twi 3.46, dbn 222.27, dtw 1.84, rmf 96.58, crl 7.01, lgb 88.95, cvx 51.85
