DPR2 canvases 780x1688 780x1688
DPR3 canvases 1170x2532 1170x2532
crop_apex.png  128364 B
crop_bottomk.png  252296 B
crop_endstrand.png  163273 B
crop_farleft.png  187696 B
crop_junction.png  107809 B
crop_scurve.png  221593 B
crop_topk.png  177401 B
crop_wrap.png  300295 B
hero.png  1342129 B
ribbon.png  1370820 B
ribbon_crop_apex.png  131390 B
ribbon_crop_bottomk.png  252296 B
ribbon_crop_endstrand.png  163273 B
ribbon_crop_farleft.png  187696 B
ribbon_crop_junction.png  107809 B
ribbon_crop_scurve.png  221593 B
ribbon_crop_topk.png  177401 B
ribbon_crop_wrap.png  300295 B
