DPR2 canvases 780x1688 780x1688
DPR3 canvases 1170x2532 1170x2532
crop_apex.png  99656 B
crop_bottomk.png  247089 B
crop_endstrand.png  149464 B
crop_farleft.png  170560 B
crop_junction.png  104697 B
crop_scurve.png  219262 B
crop_topk.png  177138 B
crop_wrap.png  270012 B
hero.png  1276034 B
ribbon.png  1315435 B
ribbon_crop_apex.png  111610 B
ribbon_crop_bottomk.png  247089 B
ribbon_crop_endstrand.png  149464 B
ribbon_crop_farleft.png  170560 B
ribbon_crop_junction.png  104697 B
ribbon_crop_scurve.png  219262 B
ribbon_crop_topk.png  177138 B
ribbon_crop_wrap.png  270012 B
