DPR2 canvases 780x1688 780x1688
DPR3 canvases 1170x2532 1170x2532
crop_apex.png  128907 B
crop_bottomk.png  272402 B
crop_endstrand.png  170964 B
crop_farleft.png  182141 B
crop_junction.png  102597 B
crop_scurve.png  218702 B
crop_topk.png  173577 B
crop_wrap.png  282939 B
hero.png  1326991 B
ribbon.png  1359649 B
ribbon_crop_apex.png  135018 B
ribbon_crop_bottomk.png  272402 B
ribbon_crop_endstrand.png  170964 B
ribbon_crop_farleft.png  182141 B
ribbon_crop_junction.png  102597 B
ribbon_crop_scurve.png  218702 B
ribbon_crop_topk.png  173577 B
ribbon_crop_wrap.png  282939 B
