## section F: rings 226..387 (data 211..402), intervals [2, 3], rolls ['sweep bend', 'far-left fold'], free 16
  6 starts; best init costs [(['tilt+25', 'far-left fold', 'b135', 'p-3.14'], 186985), (['tilt+25', 'sweep bend', 'b90', 'p0.50'], 262560), (['tilt+0', 'far-left fold', 'b90', 'p-1.57'], 361327), (['tilt+0', 'far-left fold', 'b90', 'p-1.00'], 505018), (['tilt-25', 'far-left fold', 'b45', 'p-3.14'], 591362), (['tilt-25', 'far-left fold', 'b90', 'p1.57'], 1134558)]
    [tilt+25/far-left fold/b135/p-3.14] ok cost 18207.7 evals 757 (34s)
    [tilt+25/sweep bend/b90/p0.50] ok cost 15236.6 evals 768 (35s)
    [tilt+0/far-left fold/b90/p-1.57] ok cost 17183.4 evals 947 (45s)
    [refine] ok cost 15236.6 evals 34 (2s)
  v1-rules result: data 8.59 px, realism fails ['corners'], outline {'farleft': {'mean_px': 5.974930675635993, 'max_px': 18.788294228055936, 'n': 50}}
  RESEED pass for F: old score (fails, outline, rms) = (1, 5.974930675635993, 8.590429130337647)
  window fit Fw3: rings 274..402, rolls ['sweep bend', 'far-left fold', 'left-leg bend 1']
    [win/s+1/m2.6/rho0.6/db-30/t25] timeout cost 16160.4 evals 1278 (60s)
    [win/s+1/m2.6/rho0.6/db-30/t0] timeout cost 19321.6 evals 1283 (60s)
    [win/s+1/m1.6/rho0.6/db-30/t25] timeout cost 12634.4 evals 1278 (60s)
    [win/s+1/m2.6/rho0.4/db-30/t0] timeout cost 12777.9 evals 1286 (60s)
    [win/s-1/m2.6/rho0.25/db-30/t0] timeout cost 8134.8 evals 1277 (60s)
    [win/s+1/m2.6/rho0.4/db-30/t25] timeout cost 11315.9 evals 1257 (60s)
  window Fw3 best cost 8134.8 tags ['s-1', 'm2.6', 'rho0.25', 'db-30', 't0'] data 8.706709341446414
    [reseed-as-is] ok cost 16232.0 evals 986 (52s)
    reseed F iv3 as-is: cost 16232.0 score (0, 5.773791199447794, 8.760195624024261) fails []
    [reseed-kabsch] ok cost 20762.1 evals 5459 (262s)
    reseed F iv3 kabsch: cost 20762.1 score (1, 5.612604072841456, 13.105992275275634) fails ['corners']
  RESEED result for F: kept score (0, 5.773791199447794, 8.760195624024261) (old (1, 5.974930675635993, 8.590429130337647))
  SECTION F DONE: data rms 8.760195624024261 (p95 16.59538646669227, max 19.550113039654708) gate <= 6.0: FAIL; cost 16232.0; 803s
  METRICS {"section": "F", "cost": 16232.0, "blocks": {"pt": 12004.7, "slide": 3806.64, "anchor": 11.58, "cov": 306.04, "ou": 0.0, "face": 0.0, "seen": 101.73, "overlap": 0.0, "bend": 0.0, "lam": 1.3, "xing": 0.0}, "data_own": {"n": 306, "rms": 8.760195624024261, "p95": 16.59538646669227, "max": 19.550113039654708}, "ou": {"pairs": 0, "viol_lt_2thk": 0, "viol_lt_thk": 0, "max_shortfall_css": 0.0, "weave_violations": 0}, "tags": ["reseed", "as-is"], "realism": {"section": "F", "roll_overlap_min_gap": 130.67243244186693, "crossings": 0, "sep_violations": 0, "min_fold_rho_over_W": 0.30000000000000004, "curv_oscillations": 0, "corners": 0, "outline": {"farleft": {"mean_px": 5.773791199447794, "max_px": 19.72308292331602, "n": 50}}, "fails": []}, "gate_rms": 6.0, "gate": "FAIL", "rolls": [{"name": "sweep bend", "tau": 446.78541713336654, "beta_deg": 148.0804483459531, "rho_css": 26.11476739378095, "rho_over_W": 0.5000000000000001, "phi_deg": 68.75493541569877}, {"name": "far-left fold", "tau": 602.2257761748933, "beta_deg": 121.83301210495851, "rho_css": 15.66886043626857, "rho_over_W": 0.30000000000000004, "phi_deg": -197.18873385392467}], "lam": {"2": 1.2373038154825609, "3": 1.4906651279469594}, "seconds": 802.5166509151459}
