{
 "reproj": {
  "apex_window": {
   "n": 114,
   "rms_px": 4.5517858219993,
   "p95_px": 9.837257935698897,
   "max_px": 11.523222602427118,
   "rms_css": 2.082330324593114,
   "p95_css": 4.500304124887979
  },
  "section": {
   "n": 323,
   "rms_px": 4.725432226548198,
   "p95_px": 10.074648178717485,
   "max_px": 17.56787246647624,
   "rms_css": 2.161769293843629,
   "p95_css": 4.608904336130566
  }
 },
 "face": {
  "all_vis_required": {
   "checked": 65,
   "agree": 65,
   "frac": 1.0
  },
  "left_leg_A": {
   "n_all": 96,
   "agree_all": 96,
   "frac_all": 1.0,
   "n_vis": 40,
   "agree_vis": 40,
   "frac_vis": 1.0
  },
  "right_leg_B": {
   "n_all": 25,
   "agree_all": 25,
   "frac_all": 1.0,
   "n_vis": 25,
   "agree_vis": 25,
   "frac_vis": 1.0
  }
 },
 "silhouette_rings": {
  "contour_err_sym": 1.7800770998001099,
  "render_to_alpha_mean": 1.7972216606140137,
  "render_to_alpha_rms": 2.6475727558135986,
  "render_to_alpha_p95": 5.793792724609375,
  "alpha_to_render_mean": 1.762932538986206,
  "alpha_to_render_rms": 2.5892066955566406,
  "alpha_to_render_p95": 5.793792724609375,
  "alpha_to_render_near_footprint_mean": 1.762932538986206,
  "alpha_to_render_near_footprint_p95": 5.793792724609375,
  "iou_in_box": 0.9557261051837721,
  "alpha_px_in_box": 43868,
  "render_px_in_box": 44302,
  "box": [
   180,
   530,
   480,
   760
  ]
 },
 "right_leg_in_front_rings": {
  "frac_post_in_front": NaN,
  "n_cells": 0,
  "mean_gap": NaN
 },
 "right_leg_in_front_dense": {
  "frac_post_in_front": 1.0,
  "n_cells": 48,
  "mean_gap": 74.92268076534049
 },
 "z_range_rings": [
  172.53535669000084,
  407.2169097454808
 ],
 "roll_radius_css_fitted": {
  "left bend": 5.22295347875632,
  "apex fold": 28.514760023201482,
  "right bend": 57.37626669511269
 },
 "overlap_gaps_css": [
  28.223600633800352,
  155.71608808717406,
  7.043976190936277,
  10.16362352873908
 ],
 "cost_blocks": {
  "pt_out": 5359.008648576395,
  "slide": 1082.1864915394021,
  "anchor": 0.8127498822553023,
  "cov_in": 47.72534413572986,
  "cov_out": 0.02735316035151237,
  "layer": 0.0,
  "overlap": 0.0
 },
 "silhouette_refined": {
  "contour_err_sym": 1.788698673248291,
  "render_to_alpha_mean": 1.807227373123169,
  "render_to_alpha_rms": 2.6517751216888428,
  "render_to_alpha_p95": 5.793792724609375,
  "alpha_to_render_mean": 1.7701698541641235,
  "alpha_to_render_rms": 2.5909039974212646,
  "alpha_to_render_p95": 5.465960502624512,
  "alpha_to_render_near_footprint_mean": 1.7701698541641235,
  "alpha_to_render_near_footprint_p95": 5.465960502624512,
  "iou_in_box": 0.9555190917557319,
  "alpha_px_in_box": 43868,
  "render_px_in_box": 44322,
  "box": [
   180,
   530,
   480,
   760
  ]
 },
 "z_range_refined": [
  172.53535668979794,
  407.21690974540866
 ],
 "n_rings_emitted": 230,
 "roll_spans_u": [
  {
   "roll": "left bend",
   "lo": -105.61563736301966,
   "hi": 22.85057378307401,
   "arc": 0.619183310528205,
   "n_rings_in_span": 71
  },
  {
   "roll": "apex fold",
   "lo": 51.07417441687436,
   "hi": 96.80404530660765,
   "arc": 45.07389107818586,
   "n_rings_in_span": 26
  },
  {
   "roll": "right bend",
   "lo": 103.19555856546611,
   "hi": 132.82641772061294,
   "arc": 25.791572125741265,
   "n_rings_in_span": 25
  }
 ],
 "rings_per_arc": [
  71,
  26,
  25
 ],
 "isometry_fitted": {
  "max_abs_JtJ_minus_I": 1.0766898483893783e-10,
  "max_abs_len_err_GL": 8.350014013558393e-10,
  "n_pts": 3999,
  "n_segments": 40
 },
 "normal_jump_across_roll_boundaries_max": 1.45811604744605e-05,
 "params": {
  "table": [
   {
    "roll": "left bend",
    "u_css": -42.195625102371686,
    "u_ring": 85.31374148306867,
    "beta_deg": 157.61936694456907,
    "rho_css": 5.22295347875632,
    "rho_over_W": 0.1000000000000025,
    "phi_deg": 6.792438527836943,
    "arc_css": 0.619183310528205
   },
   {
    "roll": "apex fold",
    "u_css": 51.40040588291326,
    "u_ring": 135.6351610600841,
    "beta_deg": 89.2842856440779,
    "rho_css": 28.514760023201482,
    "rho_over_W": 0.5459508712681866,
    "phi_deg": -90.56866419044377,
    "arc_css": 45.07389107818586
   },
   {
    "roll": "right bend",
    "u_css": 105.08161370040642,
    "u_ring": 164.49658342541636,
    "beta_deg": 85.86916864646822,
    "rho_css": 57.37626669511269,
    "rho_over_W": 1.0985406423489044,
    "phi_deg": -25.755391818445133,
    "arc_css": 25.791572125741265
   }
  ],
  "pose": {
   "rotvec": [
    -1.863592822826099,
    -1.407776964400239,
    -0.16957530322155862
   ],
   "t": [
    -60.14815999547203,
    83.80224970541248,
    291.7764755476349
   ]
  },
  "W_css": 52.229534787561896,
  "H_css": 1.8599640425890414,
  "N": 218,
  "section": {
   "i0": 363,
   "i1": 580
  }
 },
 "selected_index": 3
}
emitted /Users/ashmitkhurana/Development/studio/portfolio/docs/ribbon/turns/paper/apex_candidate.json
