DPR2 canvases 780x1688 780x1688
DPR3 canvases 1170x2532 1170x2532
crop_apex.png  121910 B
crop_bottomk.png  265039 B
crop_endstrand.png  165170 B
crop_farleft.png  183874 B
crop_junction.png  101849 B
crop_scurve.png  218910 B
crop_topk.png  170006 B
crop_wrap.png  289768 B
hero.png  1314828 B
ribbon.png  1345935 B
ribbon_crop_apex.png  128037 B
ribbon_crop_bottomk.png  265039 B
ribbon_crop_endstrand.png  165170 B
ribbon_crop_farleft.png  183874 B
ribbon_crop_junction.png  101849 B
ribbon_crop_scurve.png  218910 B
ribbon_crop_topk.png  170006 B
ribbon_crop_wrap.png  289768 B
