bz rings 340..405 t 0.60 w 20.0
fold2 crease 516 R 40: ds 1.93 n 32 (eq 484..548, ruling 478..554, legs to +-52)
fold2 crease 1188 R 40: ds 1.95 n 32 (eq 1156..1220, ruling 1150..1226, legs to +-52)
curl rings 340..405 R 35 w 60.0
curl rings 700..790 R 55 w 60.0
curl rings 925..1025 R 35 w 60.0
keep: 961 rings held (w=3.00), 955 new centreline pins
face rule: sign_A -1 (tail median N.v -0.995)
init cost 51684533.427, residuals 65514, params 1120
round 0: clearance pairs 801, order pairs 0, residuals 66315
   Iteration     Total nfev        Cost      Cost reduction    Step norm     Optimality   
       0              1         5.1685e+07                                    4.22e+05    
       1              2         7.0986e+05      5.10e+07       1.57e+02       1.13e+05    
       2              3         4.9279e+05      2.17e+05       8.74e+01       4.46e+05    
       3              6         3.0892e+05      1.84e+05       9.29e+00       2.51e+05    
       4              7         1.3175e+05      1.77e+05       2.14e+01       8.76e+04    
       5              9         9.2751e+04      3.90e+04       1.33e+01       4.86e+04    
       6             10         5.4633e+04      3.81e+04       2.60e+01       2.05e+04    
       7             11         3.2569e+04      2.21e+04       5.94e+01       6.33e+03    
       8             13         2.5754e+04      6.82e+03       1.99e+01       4.63e+03    
       9             14         2.0328e+04      5.43e+03       3.45e+01       5.80e+03    
      10             16         1.7787e+04      2.54e+03       1.05e+01       2.33e+03    
      11             17         1.5664e+04      2.12e+03       2.20e+01       1.37e+04    
      12             18         1.4331e+04      1.33e+03       3.72e+01       1.13e+04    
      13             20         1.3516e+04      8.15e+02       7.15e+00       1.27e+04    
      14             21         1.3235e+04      2.80e+02       1.62e+01       8.13e+03    
      15             22         1.2869e+04      3.66e+02       2.26e+01       1.20e+03    
      16             23         1.1899e+04      9.71e+02       1.45e+01       6.24e+02    
      17             24         1.1477e+04      4.22e+02       2.34e+01       6.90e+02    
      18             26         1.1308e+04      1.69e+02       8.85e+00       5.41e+02    
      19             28         1.1238e+04      6.98e+01       4.20e+00       6.16e+02    
      20             29         1.1123e+04      1.15e+02       9.15e+00       7.05e+02    
      21             30         1.1021e+04      1.02e+02       1.24e+01       1.96e+03    
      22             32         1.0993e+04      2.77e+01       5.25e+00       6.42e+03    
      23             33         1.0954e+04      3.97e+01       1.18e+01       3.50e+05    
      24             34         1.0899e+04      5.51e+01       2.45e+01       1.59e+05    
      25             35         1.0787e+04      1.12e+02       2.26e+01       4.13e+04    
      26             36         1.0679e+04      1.08e+02       1.83e+01       2.66e+04    
      27             37         1.0516e+04      1.63e+02       1.42e+01       3.10e+04    
      28             38         1.0073e+04      4.44e+02       2.20e+01       5.96e+04    
      29             40         9.7888e+03      2.84e+02       8.49e+00       7.43e+04    
      30             41         9.5136e+03      2.75e+02       1.76e+01       7.98e+03    
      31             42         9.3522e+03      1.61e+02       3.14e+01       1.62e+04    
      32             43         9.2156e+03      1.37e+02       3.01e+01       1.46e+04    
      33             44         9.1858e+03      2.99e+01       3.72e+01       1.05e+04    
      34             45         9.1656e+03      2.01e+01       1.52e+01       9.17e+03    
      35             46         9.1542e+03      1.14e+01       1.45e+01       3.79e+03    
      36             47         9.1490e+03      5.18e+00       1.15e+01       4.13e+03    
      37             49         9.1424e+03      6.59e+00       3.01e+00       1.42e+03    
      38             50         9.1382e+03      4.22e+00       7.22e+00       1.02e+03    
      39             52         9.1374e+03      8.61e-01       1.93e+00       4.26e+02    
      40             53         9.1369e+03      4.33e-01       1.51e+00       1.15e+02    
      41             54         9.1365e+03      4.38e-01       1.98e+00       6.49e+01    
      42             55         9.1359e+03      6.01e-01       1.67e+00       1.57e+02    
      43             56         9.1351e+03      7.97e-01       3.20e+00       1.38e+02    
      44             58         9.1349e+03      1.60e-01       1.39e+00       1.80e+02    
      45             59         9.1347e+03      2.25e-01       1.52e+00       7.57e+01    
      46             61         9.1345e+03      2.16e-01       6.57e-01       1.00e+02    
      47             62         9.1344e+03      8.69e-02       3.87e-01       3.22e+01    
      48             63         9.1344e+03      1.30e-02       6.26e-01       5.29e+01    
      49             64         9.1343e+03      9.70e-02       2.18e-01       2.70e+01    
      50             65         9.1342e+03      6.84e-02       2.65e-01       3.52e+01    
      51             66         9.1341e+03      1.17e-01       5.04e-01       5.19e+01    
      52             67         9.1339e+03      2.19e-01       1.01e+00       8.04e+01    
      53             68         9.1335e+03      4.04e-01       2.04e+00       8.19e+01    
      54             74         9.1335e+03      2.10e-03       2.35e-02       1.89e+02    
      55             75         9.1335e+03      1.39e-03       4.00e-03       1.16e+02    
      56             76         9.1335e+03      1.23e-03       8.03e-03       4.96e+01    
      57             77         9.1335e+03      1.10e-03       9.90e-03       6.83e+01    
      58             78         9.1335e+03      1.25e-03       6.71e-03       3.29e+01    
      59             79         9.1335e+03      2.15e-03       1.10e-02       2.86e+01    
      60             80         9.1335e+03      3.75e-03       1.99e-02       2.93e+01    
      61             81         9.1335e+03      7.25e-03       3.90e-02       3.02e+01    
      62             82         9.1335e+03      1.43e-02       7.74e-02       3.18e+01    
      63             83         9.1334e+03      2.85e-02       1.54e-01       3.56e+01    
      64             84         9.1334e+03      5.64e-02       3.07e-01       4.14e+01    
      65             85         9.1333e+03      1.11e-01       6.10e-01       5.30e+01    
      66             86         9.1330e+03      2.15e-01       1.21e+00       5.68e+01    
      67             87         9.1326e+03      4.04e-01       2.46e+00       4.81e+02    
      68             88         9.1322e+03      4.61e-01       3.84e+00       5.26e+02    
      69             90         9.1321e+03      3.91e-02       2.26e-01       3.56e+02    
      70             91         9.1321e+03      3.18e-02       2.03e-01       7.14e+01    
      71             92         9.1321e+03      4.07e-02       3.60e-01       6.83e+01    
      72             94         9.1321e+03      1.09e-02       2.92e-01       8.28e+01    
      73             95         9.1320e+03      1.13e-02       1.63e-01       2.03e+01    
      74             96         9.1320e+03      1.89e-02       1.63e-01       1.43e+01    
      75             97         9.1320e+03      3.23e-02       3.50e-01       1.92e+01    
      76             99         9.1320e+03      3.55e-03       2.91e-01       3.86e+01    
      77             101        9.1320e+03      7.94e-03       8.81e-02       5.81e+01    
      78             102        9.1320e+03      7.55e-04       5.67e-02       2.41e+01    
      79             103        9.1320e+03      4.92e-04       2.84e-02       2.34e+01    
      80             104        9.1320e+03      4.22e-04       6.82e-03       6.66e+00    
      81             105        9.1320e+03      7.74e-04       5.65e-03       5.72e+00    
      82             106        9.1320e+03      1.53e-03       1.10e-02       5.86e+00    
      83             107        9.1320e+03      3.06e-03       2.17e-02       6.53e+00    
      84             108        9.1320e+03      6.10e-03       4.34e-02       8.61e+00    
      85             109        9.1320e+03      1.21e-02       8.68e-02       1.08e+01    
      86             110        9.1319e+03      2.41e-02       1.74e-01       1.65e+01    
      87             111        9.1319e+03      4.75e-02       3.49e-01       2.85e+01    
      88             112        9.1318e+03      9.19e-02       7.02e-01       9.07e+01    
      89             113        9.1316e+03      1.65e-01       1.43e+00       2.00e+02    
      90             115        9.1316e+03      6.21e-03       1.27e-01       2.43e+02    
      91             116        9.1316e+03      5.67e-03       1.97e-01       5.12e+01    
      92             118        9.1316e+03      2.29e-03       1.17e-01       1.00e+02    
      93             120        9.1316e+03      1.40e-03       6.21e-02       5.00e+01    
      94             121        9.1316e+03      7.51e-04       3.58e-02       2.17e+01    
      95             122        9.1316e+03      7.21e-04       1.47e-02       9.55e+00    
      96             123        9.1316e+03      1.29e-03       1.13e-02       9.03e+00    
      97             124        9.1316e+03      2.57e-03       2.21e-02       9.53e+00    
      98             125        9.1316e+03      5.10e-03       4.35e-02       7.49e+00    
      99             126        9.1316e+03      1.01e-02       8.63e-02       9.74e+00    
      100            127        9.1316e+03      2.01e-02       1.72e-01       1.54e+01    
      101            128        9.1315e+03      3.93e-02       3.45e-01       3.70e+01    
      102            130        9.1315e+03      5.29e-03       1.89e-01       4.67e+01    
      103            132        9.1315e+03      1.49e-03       1.49e-01       3.74e+01    
      104            134        9.1315e+03      1.26e-03       4.68e-02       1.23e+01    
      105            135        9.1315e+03      2.98e-04       1.70e-02       9.02e+00    
      106            136        9.1315e+03      4.47e-04       6.39e-03       1.03e+01    
      107            137        9.1315e+03      8.69e-04       8.77e-03       7.39e+00    
      108            138        9.1315e+03      1.73e-03       1.59e-02       7.15e+00    
      109            139        9.1315e+03      3.44e-03       3.10e-02       6.83e+00    
      110            140        9.1315e+03      6.84e-03       6.07e-02       9.35e+00    
      111            141        9.1315e+03      1.36e-02       1.21e-01       2.05e+01    
      112            142        9.1315e+03      2.68e-02       2.42e-01       1.95e+01    
      113            144        9.1315e+03      6.15e-03       1.48e-01       4.32e+01    
      114            146        9.1315e+03      2.46e-03       1.17e-01       2.80e+01    
      115            148        9.1315e+03      8.11e-04       2.93e-02       9.26e+00    
      116            149        9.1315e+03      2.42e-04       1.52e-02       6.15e+00    
      117            150        9.1315e+03      3.38e-04       5.01e-03       8.54e+00    
The maximum number of function evaluations is exceeded.
Function evaluations 150, initial cost 5.1685e+07, final cost 9.1315e+03, first-order optimality 8.54e+00.
round 1: clearance pairs 0, order pairs 0, residuals 65514
   Iteration     Total nfev        Cost      Cost reduction    Step norm     Optimality   
       0              1         9.1315e+03                                    8.54e+00    
       1              3         9.1312e+03      2.27e-01       5.53e+00       2.94e+02    
       2              4         9.1310e+03      1.89e-01       9.98e+00       6.37e+02    
       3              5         9.1307e+03      3.57e-01       5.04e+00       3.37e+02    
       4              6         9.1305e+03      1.71e-01       5.18e+00       6.61e+02    
       5              7         9.1304e+03      1.59e-01       5.11e+00       7.19e+02    
       6              8         9.1300e+03      3.38e-01       3.10e+00       7.89e+02    
       7             10         9.1298e+03      2.37e-01       6.41e-01       3.72e+02    
       8             11         9.1297e+03      1.31e-01       6.85e-01       2.83e+02    
       9             12         9.1295e+03      1.89e-01       1.20e+00       2.88e+02    
      10             13         9.1291e+03      3.89e-01       2.44e+00       3.33e+02    
      11             14         9.1285e+03      6.24e-01       4.55e+00       3.89e+02    
      12             15         9.1275e+03      9.69e-01       4.01e+00       2.65e+02    
      13             16         9.1273e+03      1.93e-01       4.40e+00       4.29e+02    
      14             18         9.1259e+03      1.44e+00       1.62e+00       2.31e+02    
      15             19         9.1252e+03      6.88e-01       1.98e+00       1.85e+02    
      16             20         9.1244e+03      7.80e-01       1.31e+00       1.72e+02    
      17             21         9.1231e+03      1.25e+00       1.26e+00       2.32e+02    
      18             22         9.1211e+03      2.06e+00       1.75e+00       3.22e+02    
      19             23         9.1171e+03      3.94e+00       3.36e+00       8.61e+02    
      20             24         9.1130e+03      4.19e+00       5.14e+00       1.45e+03    
      21             25         9.1108e+03      2.19e+00       1.67e+00       5.62e+02    
      22             27         9.1106e+03      1.89e-01       5.83e-01       2.31e+02    
      23             28         9.1104e+03      1.73e-01       3.52e-01       1.46e+02    
      24             30         9.1104e+03      2.66e-02       1.91e-01       9.69e+01    
      25             31         9.1103e+03      2.44e-02       2.47e-01       9.53e+01    
      26             33         9.1103e+03      9.24e-03       2.24e-01       9.79e+01    
      27             35         9.1103e+03      5.43e-03       8.08e-02       9.77e+01    
      28             36         9.1103e+03      2.39e-03       6.87e-02       9.68e+01    
      29             37         9.1103e+03      1.45e-03       6.88e-02       9.63e+01    
      30             38         9.1103e+03      1.24e-03       7.23e-02       9.60e+01    
      31             39         9.1103e+03      1.19e-03       6.37e-02       9.84e+01    
      32             40         9.1103e+03      1.17e-03       4.50e-02       9.76e+01    
      33             41         9.1103e+03      1.02e-03       2.06e-02       9.71e+01    
      34             42         9.1103e+03      1.73e-03       2.52e-02       9.72e+01    
      35             43         9.1103e+03      3.24e-03       3.86e-02       9.67e+01    
      36             44         9.1103e+03      6.27e-03       7.29e-02       9.58e+01    
      37             45         9.1103e+03      1.21e-02       1.41e-01       9.46e+01    
      38             46         9.1103e+03      2.28e-02       2.70e-01       9.26e+01    
      39             48         9.1103e+03      1.10e-02       1.33e-01       8.93e+01    
      40             50         9.1103e+03      5.40e-03       6.70e-02       9.20e+01    
      41             51         9.1103e+03      1.06e-02       1.35e-01       9.43e+01    
      42             53         9.1102e+03      5.23e-03       6.83e-02       9.41e+01    
      43             56         9.1102e+03      6.69e-04       8.73e-03       9.44e+01    
      44             58         9.1102e+03      3.41e-04       4.50e-03       9.56e+01    
      45             61         9.1102e+03      5.26e-05       1.15e-03       9.67e+01    
`ftol` termination condition is satisfied.
Function evaluations 61, initial cost 9.1315e+03, final cost 9.1102e+03, first-order optimality 9.67e+01.
round 2: clearance pairs 0, order pairs 0, residuals 65514
   Iteration     Total nfev        Cost      Cost reduction    Step norm     Optimality   
       0              1         9.1102e+03                                    9.67e+01    
       1              2         9.1102e+03      7.17e-02       1.89e+01       2.30e+02    
       2              3         9.1099e+03      2.45e-01       1.73e+00       2.25e+02    
       3              4         9.1099e+03      1.87e-02       1.43e+00       1.52e+02    
       4              5         9.1099e+03      7.90e-03       1.16e+00       1.83e+02    
       5              6         9.1099e+03      1.71e-03       7.16e-01       7.12e+01    
       6              8         9.1099e+03      9.06e-03       7.49e-02       8.69e+01    
       7              9         9.1099e+03      1.99e-03       1.20e-01       9.16e+01    
       8             11         9.1099e+03      9.82e-04       5.12e-02       8.71e+01    
       9             13         9.1099e+03      2.75e-04       1.53e-02       9.03e+01    
      10             14         9.1099e+03      8.42e-05       1.01e-02       9.07e+01    
`ftol` termination condition is satisfied.
Function evaluations 14, initial cost 9.1102e+03, final cost 9.1099e+03, first-order optimality 9.07e+01.
round 3: clearance pairs 0, order pairs 0, residuals 65514
   Iteration     Total nfev        Cost      Cost reduction    Step norm     Optimality   
       0              1         9.1099e+03                                    9.07e+01    
       1              2         9.1098e+03      7.81e-02       2.97e+01       1.96e+02    
       2              3         9.1098e+03      4.48e-02       5.01e-01       1.35e+02    
       3              5         9.1098e+03      1.49e-03       1.00e-01       9.31e+01    
       4              7         9.1098e+03      5.46e-04       3.54e-02       9.52e+01    
       5              8         9.1098e+03      1.20e-04       3.44e-02       9.26e+01    
       6             10         9.1098e+03      1.07e-04       1.14e-02       9.25e+01    
       7             11         9.1098e+03      4.75e-05       5.24e-03       9.22e+01    
`ftol` termination condition is satisfied.
Function evaluations 11, initial cost 9.1099e+03, final cost 9.1098e+03, first-order optimality 9.22e+01.
c  K=160  init=perp  [round 0 nfev=150 status=0 (The) cost 9131.466]  [round 1 nfev=61 status=2 (ftol`) cost 9110.246]  [round 2 nfev=14 status=2 (ftol`) cost 9109.889]  [round 3 nfev=11 status=2 (ftol`) cost 9109.764]
args: {"K": 160, "bend": 30.0, "box_pose": "", "box_rings": "", "box_trace": 0.15, "bz": "340:405:0.6:20", "clear": 5.0, "clear_range": "860:1066-388:483", "curl": "340:405:35:60,700:790:55:60,925:1025:35:60", "dbend": 500.0, "delta": 60.0, "dtwist": 500.0, "edge_fair": 0.0, "edge_w": "", "end_pin": 50.0, "energy_ranges": "", "eps": 1.0, "face_margin": 0.3, "faceon": "925:1025:20", "faces": "docs/ribbon/turns/real/faces.json", "flat": 0.0, "flat_ranges": "", "flip_guard": 20.0, "fold": "", "fold2": "516:40:20,1188:40:20", "fold_axis": "", "fold_convex": "516:10,1188:10", "fold_eq": false, "fold_legs": 5.0, "fold_legs_len": "20", "gap": 14.0, "hide": "", "hide_auto": "", "hmax": 25.5, "hmin": 25.5, "init": "perp", "inside": 0.0, "kappa": 2.0, "keep": 3.0, "keep_free": "335:410,655:795,915:1035", "lam": 15.0, "lam_h": 50.0, "mask": "", "max_nfev": 150, "mu": 300.0, "no_opt": false, "nu_fold": 0.4, "omega": 0.01, "order": 0.0, "out": "docs/ribbon/turns/real/J3/c", "outer": 4, "outline": 0.0, "outline_assign": "nearest", "outline_boxes": "", "outline_drop_near": "", "outline_excl": "", "outline_fixed": false, "outline_incl": "", "outline_loss": "linear", "outline_pose": "", "pin_range": "", "pose": "docs/ribbon/turns/real/X3/pose.json", "redge": 24.0, "rim_pose": "", "rim_side_mode": "centre", "rimlines": "", "rmin": 45.0, "roto": "/Users/ashmitkhurana/Development/Personal/portfolio/docs/ribbon/turns/curve/best/roto.npz", "screenw": "", "sigma": 2.0, "trace_w": 0.15, "twist": 30.0, "w_box": 2.0, "w_face": 15.0, "w_hmin": 50.0, "w_redge": 5.0, "w_rim": 0.0, "w_rmin": 5.0, "w_wfloor": 0.0, "wfloor": 0.0, "wfloor_except": "", "wfloor_mode": "perp", "wfloor_ranges": "", "zprior": "docs/ribbon/turns/real/X3/pose.json"}

edge residual css px, point-to-polyline (L and R pooled): mean 10.597  p95 51.161  max 82.594

window       edge resid (L,R pooled)                      h min/med/max          median |b.T|  #|c'|<0.6 s0
[   0, 131]  mean  15.32  p95  34.70  max  49.79           25.5/ 25.5/ 25.5      0.001         0
[ 132, 288]  mean   4.47  p95  14.54  max  20.98           25.5/ 25.5/ 25.5      0.002         0
[ 289, 483]  mean   8.41  p95  26.35  max  36.36           25.5/ 25.5/ 25.5      0.006         0
[ 484, 554]  mean   8.16  p95  29.63  max  34.90           25.5/ 25.5/ 25.5      0.023         0
[ 555, 658]  mean   1.13  p95   3.07  max   3.65           25.5/ 25.5/ 25.5      0.001         0
[ 659, 764]  mean  16.56  p95  55.48  max  58.39           25.5/ 25.5/ 25.5      0.004         0
[ 765, 940]  mean   3.43  p95  13.64  max  20.73           25.5/ 25.5/ 25.5      0.009         0
[ 941,1066]  mean  42.98  p95  81.89  max  82.59           25.5/ 25.5/ 25.5      0.003         1
[1067,1298]  mean   4.00  p95  13.08  max  27.75           25.5/ 25.5/ 25.5      0.003         0
worst window by mean: [941,1066] 42.98 px

dense (4N=5196 samples) surface normal N=TxB: angle change per sample  max 23.486 deg  p99 2.163 deg
   angle per world px of centreline arclength: max 20.8192 deg/px  (p99 3.4289)
   worst dense samples (t, deg, |b.T|): 1028.91, 23.5, 0.992; 1029.16, 22.6, 0.993; 1028.66, 18.8, 0.989; 1029.41, 17.1, 0.992; 1028.41, 13.2, 0.983
   dense steps > 3 deg: 37, > 6 deg: 10
ripple (|second difference of unit N| per world px^2, dense): max 1.257e-01  p99 1.475e-02  median 4.243e-04
max |b.T| outside fold windows: 0.993   (inside: 0.324)
GATE: min 3D distance between non-adjacent rings (|i-j|>60, surface samples): >22.0 px; pairs < gap 14.0: 0
GATE: screen-overlap pairs (3 px) 1566, order violations (z_front - z_back < 0): 0, (< gap): 2; unique ring pairs violating: 0
end centreline offset from init: ring0 0.0 px, ring N-1 1.4 px
outside-mockup distance (5 pts across band, css px): mean 1.944  max 39.35  frac>0.5px 0.168
outline residual (css px, matched <=25 px: 1615 of 1634 pts): mean 6.293  p95 17.538  max 24.61
run time: 217.8 s
residual block norms (sum of squares): edge 1627.53, smooth 6178.33, jerk 244.23, perp 308.99, dev 3119.49, depth 140.80, hsm 0.00, wpr 0.00, speed 0.65, hmin 0.02, hmax 0.01, face 929.31, rmin 98.75, scrw 0.00, wf 0.00, ins 0.00, fcr 242.51, bnd 676.30, twi 123.14, dbn 189.23, dtw 65.79, rmf 54.83, crl 181.50, lgb 49.85, cvx 297.71
