DPR2 canvases 780x1688 780x1688
DPR3 canvases 1170x2532 1170x2532
crop_apex.png  126762 B
crop_bottomk.png  251342 B
crop_endstrand.png  165231 B
crop_farleft.png  187610 B
crop_junction.png  99485 B
crop_scurve.png  213279 B
crop_topk.png  163117 B
crop_wrap.png  283366 B
hero.png  1319391 B
ribbon.png  1351528 B
ribbon_crop_apex.png  133658 B
ribbon_crop_bottomk.png  251342 B
ribbon_crop_endstrand.png  165231 B
ribbon_crop_farleft.png  187610 B
ribbon_crop_junction.png  99485 B
ribbon_crop_scurve.png  213279 B
ribbon_crop_topk.png  163117 B
ribbon_crop_wrap.png  283366 B
