DPR2 canvases 780x1688 780x1688
DPR3 canvases 1170x2532 1170x2532
crop_apex.png  128008 B
crop_bottomk.png  268361 B
crop_endstrand.png  168116 B
crop_farleft.png  185365 B
crop_junction.png  101032 B
crop_scurve.png  218458 B
crop_topk.png  170530 B
crop_wrap.png  294559 B
hero.png  1327923 B
ribbon.png  1360498 B
ribbon_crop_apex.png  134056 B
ribbon_crop_bottomk.png  268361 B
ribbon_crop_endstrand.png  168116 B
ribbon_crop_farleft.png  185365 B
ribbon_crop_junction.png  101032 B
ribbon_crop_scurve.png  218458 B
ribbon_crop_topk.png  170530 B
ribbon_crop_wrap.png  294559 B
