DPR2 canvases 780x1688 780x1688
DPR3 canvases 1170x2532 1170x2532
crop_apex.png  98215 B
crop_bottomk.png  247098 B
crop_endstrand.png  151801 B
crop_farleft.png  174725 B
crop_junction.png  108955 B
crop_scurve.png  217231 B
crop_topk.png  178005 B
crop_wrap.png  268161 B
hero.png  1277979 B
ribbon.png  1319531 B
ribbon_crop_apex.png  111217 B
ribbon_crop_bottomk.png  247098 B
ribbon_crop_endstrand.png  151801 B
ribbon_crop_farleft.png  174725 B
ribbon_crop_junction.png  108955 B
ribbon_crop_scurve.png  217231 B
ribbon_crop_topk.png  178005 B
ribbon_crop_wrap.png  268161 B
