DPR2 canvases 780x1688 780x1688
DPR3 canvases 1170x2532 1170x2532
crop_apex.png  100652 B
crop_bottomk.png  241063 B
crop_endstrand.png  147520 B
crop_farleft.png  174686 B
crop_junction.png  96112 B
crop_scurve.png  216651 B
crop_topk.png  155498 B
crop_wrap.png  257814 B
hero.png  1256531 B
ribbon.png  1296391 B
ribbon_crop_apex.png  112422 B
ribbon_crop_bottomk.png  241063 B
ribbon_crop_endstrand.png  147520 B
ribbon_crop_farleft.png  174686 B
ribbon_crop_junction.png  96112 B
ribbon_crop_scurve.png  216651 B
ribbon_crop_topk.png  155498 B
ribbon_crop_wrap.png  257814 B
