fold2 crease 376 R 25: ds 3.17 n 12 (eq 364..388, ruling 358..394, legs to +-32)
fold2 crease 516 R 40: ds 1.98 n 32 (eq 484..548, ruling 478..554, legs to +-52)
fold2 crease 1188 R 40: ds 2.11 n 30 (eq 1158..1218, ruling 1152..1224, legs to +-50)
face rule: sign_A -1 (tail median N.v -0.991)
fold_axis init crease 516: |b.T| at crease 0.025, |b.l| 0.118, expected cos(half angle(T_in,-T_out)=50.7 deg) = 0.904
init cost 202087961.239, residuals 62364, params 1120
round 0: clearance pairs 973, order pairs 0, residuals 63337
fold_axis round 0 crease 516: |b.T| at crease 0.025, |b.l| 0.118, expected cos(half angle(T_in,-T_out)=50.7 deg) = 0.904
   Iteration     Total nfev        Cost      Cost reduction    Step norm     Optimality   
       0              1         2.0211e+08                                    5.99e+07    
       1              2         1.2239e+06      2.01e+08       2.17e+02       7.35e+06    
       2              3         1.1516e+06      7.23e+04       2.47e+02       3.25e+07    
       3              4         4.2165e+05      7.30e+05       6.98e+01       1.32e+06    
       4              5         8.0046e+04      3.42e+05       4.90e+01       1.69e+05    
       5              6         3.7077e+04      4.30e+04       8.55e+01       1.25e+04    
       6              8         2.4266e+04      1.28e+04       2.36e+01       1.01e+04    
       7              9         1.4070e+04      1.02e+04       4.13e+01       5.40e+03    
       8             10         9.4839e+03      4.59e+03       4.31e+01       2.88e+03    
       9             11         6.3768e+03      3.11e+03       4.95e+01       1.35e+03    
      10             13         5.3079e+03      1.07e+03       2.56e+01       9.32e+02    
      11             15         4.8878e+03      4.20e+02       1.49e+01       8.32e+02    
      12             16         4.1424e+03      7.45e+02       3.26e+01       5.53e+02    
      13             18         3.8364e+03      3.06e+02       1.59e+01       4.34e+02    
      14             20         3.6818e+03      1.55e+02       7.60e+00       3.73e+02    
      15             21         3.4519e+03      2.30e+02       1.47e+01       5.48e+02    
      16             22         3.1510e+03      3.01e+02       3.24e+01       4.55e+02    
      17             25         3.0771e+03      7.38e+01       4.84e+00       2.75e+02    
      18             27         3.0578e+03      1.93e+01       4.43e+00       7.11e+02    
      19             28         2.9187e+03      1.39e+02       9.15e+00       1.77e+02    
      20             29         2.9173e+03      1.41e+00       9.92e+00       7.06e+02    
      21             31         2.8759e+03      4.14e+01       1.45e+00       2.07e+02    
      22             34         2.8717e+03      4.15e+00       1.89e-01       5.07e+02    
      23             35         2.8559e+03      1.58e+01       1.74e-01       1.44e+02    
      24             36         2.8445e+03      1.13e+01       3.14e-01       1.28e+02    
      25             37         2.8331e+03      1.14e+01       6.08e-01       1.25e+02    
      26             38         2.8222e+03      1.09e+01       9.04e-01       1.23e+02    
      27             39         2.8057e+03      1.66e+01       1.53e+00       1.22e+02    
      28             40         2.7826e+03      2.30e+01       2.46e+00       1.20e+02    
      29             41         2.7538e+03      2.88e+01       3.84e+00       1.17e+02    
      30             42         2.7201e+03      3.37e+01       3.92e+00       1.11e+02    
      31             43         2.6659e+03      5.42e+01       6.85e+00       1.01e+02    
      32             44         2.5770e+03      8.89e+01       1.12e+01       1.67e+02    
      33             45         2.5386e+03      3.84e+01       2.91e+01       5.29e+03    
      34             47         2.4978e+03      4.08e+01       8.21e+00       2.08e+03    
      35             49         2.4575e+03      4.03e+01       5.49e+00       3.48e+02    
      36             53         2.4520e+03      5.49e+00       8.28e-02       4.30e+02    
      37             54         2.4438e+03      8.25e+00       7.37e-02       2.65e+02    
      38             55         2.4330e+03      1.08e+01       1.51e-01       2.28e+02    
      39             56         2.4192e+03      1.37e+01       3.45e-01       1.53e+02    
      40             57         2.4058e+03      1.34e+01       9.71e-01       9.26e+01    
      41             58         2.3945e+03      1.13e+01       1.76e+00       4.44e+01    
      42             59         2.3860e+03      8.54e+00       2.99e+00       4.43e+01    
      43             60         2.3822e+03      3.79e+00       2.43e+00       5.07e+01    
      44             61         2.3773e+03      4.93e+00       2.14e+00       1.13e+02    
      45             62         2.3719e+03      5.36e+00       2.11e+00       4.26e+01    
      46             63         2.3629e+03      9.03e+00       3.05e+00       4.69e+01    
      47             64         2.3504e+03      1.25e+01       6.71e+00       3.51e+02    
      48             65         2.3361e+03      1.42e+01       6.63e+00       1.09e+02    
      49             66         2.3179e+03      1.82e+01       9.91e+00       5.38e+02    
      50             73         2.3167e+03      1.22e+00       3.10e-02       4.44e+02    
      51             74         2.3154e+03      1.25e+00       4.96e-02       7.31e+01    
      52             75         2.3143e+03      1.09e+00       1.06e-01       6.15e+01    
      53             76         2.3131e+03      1.26e+00       2.31e-01       4.63e+01    
      54             77         2.3126e+03      5.01e-01       5.58e-01       4.51e+01    
      55             78         2.3119e+03      6.53e-01       6.72e-01       4.23e+01    
      56             79         2.3116e+03      2.75e-01       9.88e-01       4.19e+01    
      57             80         2.3110e+03      6.02e-01       1.02e+00       4.70e+01    
      58             81         2.3105e+03      5.35e-01       7.27e-01       4.14e+01    
      59             82         2.3099e+03      6.47e-01       5.14e-01       4.49e+01    
      60             83         2.3088e+03      1.06e+00       6.07e-01       4.13e+01    
      61             84         2.3068e+03      2.04e+00       1.16e+00       4.11e+01    
      62             85         2.3029e+03      3.87e+00       2.17e+00       1.06e+02    
      63             86         2.2954e+03      7.49e+00       4.28e+00       1.68e+02    
      64             87         2.2852e+03      1.02e+01       8.37e+00       5.93e+02    
      65             94         2.2847e+03      4.31e-01       3.52e-02       9.07e+02    
      66             95         2.2840e+03      7.51e-01       8.70e-03       4.74e+02    
      67             96         2.2834e+03      5.54e-01       2.82e-02       6.89e+01    
      68             97         2.2832e+03      2.42e-01       8.97e-02       4.01e+01    
      69             98         2.2830e+03      1.46e-01       1.92e-01       4.77e+01    
      70             99         2.2825e+03      5.04e-01       3.71e-01       3.98e+01    
      71             100        2.2823e+03      2.43e-01       5.95e-01       3.97e+01    
      72             102        2.2822e+03      6.83e-02       1.51e-01       3.97e+01    
      73             104        2.2822e+03      5.51e-02       1.35e-01       3.97e+01    
      74             105        2.2820e+03      1.51e-01       3.55e-01       3.97e+01    
      75             108        2.2820e+03      1.51e-02       3.25e-02       3.97e+01    
      76             109        2.2819e+03      5.94e-02       9.84e-02       3.97e+01    
      77             110        2.2818e+03      9.28e-02       1.92e-01       3.97e+01    
      78             114        2.2818e+03      3.83e-03       5.20e-03       3.97e+01    
      79             115        2.2818e+03      9.99e-03       1.19e-02       3.97e+01    
      80             117        2.2818e+03      4.77e-03       5.90e-03       3.97e+01    
      81             118        2.2818e+03      9.14e-03       1.18e-02       3.97e+01    
      82             121        2.2818e+03      1.11e-03       1.48e-03       3.97e+01    
      83             122        2.2818e+03      2.20e-03       2.96e-03       3.97e+01    
      84             127        2.2818e+03      1.71e-05       2.31e-05       3.97e+01    
Both `ftol` and `xtol` termination conditions are satisfied.
Function evaluations 127, initial cost 2.0211e+08, final cost 2.2818e+03, first-order optimality 3.97e+01.
round 1: clearance pairs 1060, order pairs 0, residuals 63424
fold_axis round 1 crease 516: |b.T| at crease 0.999, |b.l| 0.999, expected cos(half angle(T_in,-T_out)=50.0 deg) = 0.906
   Iteration     Total nfev        Cost      Cost reduction    Step norm     Optimality   
       0              1         3.0926e+04                                    7.68e+04    
       1              3         3.9429e+03      2.70e+04       2.73e+01       1.51e+04    
       2              4         2.5640e+03      1.38e+03       1.98e+01       2.31e+03    
       3              6         2.3180e+03      2.46e+02       6.24e+00       1.37e+03    
       4              7         2.2818e+03      3.62e+01       9.99e+00       3.28e+02    
       5              9         2.2635e+03      1.83e+01       3.44e+00       1.07e+02    
       6             10         2.2585e+03      4.99e+00       4.48e+00       1.75e+02    
       7             12         2.2560e+03      2.50e+00       1.58e+00       4.80e+01    
       8             13         2.2522e+03      3.85e+00       1.88e+00       3.91e+01    
       9             14         2.2518e+03      3.32e-01       1.89e+00       3.21e+01    
      10             16         2.2515e+03      2.99e-01       4.95e-01       3.15e+01    
      11             18         2.2515e+03      3.90e-02       9.62e-02       3.12e+01    
      12             21         2.2515e+03      4.21e-03       6.31e-03       3.12e+01    
      13             23         2.2515e+03      2.08e-03       3.10e-03       3.12e+01    
      14             26         2.2515e+03      2.59e-04       3.85e-04       3.12e+01    
      15             27         2.2515e+03      5.18e-04       7.68e-04       3.12e+01    
      16             31         2.2515e+03      1.62e-05       2.39e-05       3.12e+01    
Both `ftol` and `xtol` termination conditions are satisfied.
Function evaluations 31, initial cost 3.0926e+04, final cost 2.2515e+03, first-order optimality 3.12e+01.
round 2: clearance pairs 849, order pairs 0, residuals 63213
fold_axis round 2 crease 516: |b.T| at crease 0.999, |b.l| 0.999, expected cos(half angle(T_in,-T_out)=49.0 deg) = 0.910
   Iteration     Total nfev        Cost      Cost reduction    Step norm     Optimality   
       0              1         2.2517e+03                                    3.12e+01    
       1              3         2.2430e+03      8.78e+00       1.72e+01       1.17e+02    
       2              6         2.2412e+03      1.80e+00       1.04e+00       2.20e+01    
       3              7         2.2404e+03      7.34e-01       5.55e+00       1.91e+02    
       4              9         2.2402e+03      2.21e-01       9.15e-01       3.14e+01    
       5             10         2.2395e+03      7.53e-01       5.14e-01       4.34e+00    
       6             12         2.2393e+03      1.64e-01       2.50e-01       8.39e+00    
       7             14         2.2392e+03      7.67e-02       1.39e-01       2.97e+00    
       8             16         2.2392e+03      3.70e-02       8.41e-02       3.26e+00    
       9             18         2.2392e+03      1.84e-02       4.30e-02       3.13e+00    
      10             19         2.2391e+03      3.55e-02       6.02e-02       2.79e+00    
      11             22         2.2391e+03      4.39e-03       8.11e-03       2.74e+00    
      12             23         2.2391e+03      8.68e-03       1.49e-02       2.66e+00    
      13             26         2.2391e+03      1.08e-03       1.80e-03       2.65e+00    
      14             28         2.2391e+03      5.39e-04       8.99e-04       2.65e+00    
      15             30         2.2391e+03      2.70e-04       4.49e-04       2.65e+00    
      16             31         2.2391e+03      5.39e-04       8.99e-04       2.64e+00    
      17             34         2.2391e+03      6.73e-05       1.12e-04       2.64e+00    
      18             37         2.2391e+03      8.42e-06       1.40e-05       2.64e+00    
Both `ftol` and `xtol` termination conditions are satisfied.
Function evaluations 37, initial cost 2.2517e+03, final cost 2.2391e+03, first-order optimality 2.64e+00.
round 3: clearance pairs 783, order pairs 0, residuals 63147
fold_axis round 3 crease 516: |b.T| at crease 0.999, |b.l| 0.998, expected cos(half angle(T_in,-T_out)=48.8 deg) = 0.911
   Iteration     Total nfev        Cost      Cost reduction    Step norm     Optimality   
       0              1         2.2395e+03                                    2.64e+00    
       1              5         2.2392e+03      3.33e-01       8.58e-01       6.86e+01    
       2              6         2.2384e+03      7.59e-01       1.62e+00       6.74e+01    
       3              7         2.2378e+03      6.85e-01       2.41e+00       2.97e+01    
       4              8         2.2362e+03      1.57e+00       3.94e+00       9.53e+00    
       5             11         2.2361e+03      9.23e-02       4.51e-01       5.21e+01    
       6             14         2.2360e+03      5.69e-02       2.09e-01       1.86e+01    
       7             16         2.2360e+03      7.64e-03       2.17e-02       4.47e+00    
       8             18         2.2360e+03      3.39e-03       8.07e-03       2.01e+00    
       9             19         2.2360e+03      6.56e-03       1.54e-02       1.11e+00    
      10             23         2.2360e+03      2.02e-04       4.71e-04       1.08e+00    
      11             26         2.2360e+03      2.53e-05       5.88e-05       1.08e+00    
      12             27         2.2360e+03      5.05e-05       1.18e-04       1.07e+00    
      13             30         2.2360e+03      6.32e-06       1.47e-05       1.07e+00    
Both `ftol` and `xtol` termination conditions are satisfied.
Function evaluations 30, initial cost 2.2395e+03, final cost 2.2360e+03, first-order optimality 1.07e+00.
fold_axis final crease 516: |b.T| at crease 0.999, |b.l| 0.998, expected cos(half angle(T_in,-T_out)=48.7 deg) = 0.911
a  K=160  init=perp  [round 0 nfev=127 status=4 (Both) cost 2281.815]  [round 1 nfev=31 status=4 (Both) cost 2251.496]  [round 2 nfev=37 status=4 (Both) cost 2239.114]  [round 3 nfev=30 status=4 (Both) cost 2236.019]
args: {"K": 160, "bend": 30.0, "box_pose": "", "box_rings": "", "box_trace": 0.15, "clear": 5.0, "clear_range": "860:1066-388:483", "dbend": 500.0, "delta": 60.0, "dtwist": 500.0, "edge_fair": 0.0, "edge_w": "", "end_pin": 50.0, "energy_ranges": "", "eps": 0.3, "face_margin": 0.3, "faceon": "", "faces": "docs/ribbon/turns/real/faces_v2.json", "flat": 6.0, "flat_ranges": "430:600,1120:1250", "flip_guard": 20.0, "fold": "", "fold2": "376:25:20,516:40:20,1188:40:20", "fold_axis": "516:20", "fold_convex": "516:10,1188:10", "fold_eq": false, "fold_legs": 5.0, "fold_legs_len": "20", "gap": 14.0, "hide": "", "hide_auto": "", "hmax": 25.5, "hmin": 25.5, "init": "perp", "inside": 0.0, "kappa": 2.0, "lam": 15.0, "lam_h": 50.0, "mask": "", "max_nfev": 150, "mu": 300.0, "no_opt": false, "nu_fold": 0.4, "omega": 0.01, "order": 0.0, "out": "docs/ribbon/turns/real/G2/a", "outer": 4, "outline": 0.0, "outline_assign": "nearest", "outline_boxes": "", "outline_drop_near": "", "outline_excl": "", "outline_fixed": false, "outline_incl": "", "outline_loss": "linear", "outline_pose": "", "pin_range": "", "pose": "docs/ribbon/turns/fit/kk4/pose.json", "redge": 24.0, "rim_pose": "", "rim_side_mode": "centre", "rimlines": "", "rmin": 45.0, "roto": "/Users/ashmitkhurana/Development/Personal/portfolio/docs/ribbon/turns/curve/best/roto.npz", "screenw": "", "sigma": 2.0, "trace_w": 0.15, "twist": 30.0, "w_box": 2.0, "w_face": 15.0, "w_hmin": 50.0, "w_redge": 5.0, "w_rim": 0.0, "w_rmin": 5.0, "w_wfloor": 0.0, "wfloor": 0.0, "wfloor_except": "", "wfloor_mode": "perp", "wfloor_ranges": "", "zprior": "docs/ribbon/turns/fit/kk4/pose.json"}

edge residual css px, point-to-polyline (L and R pooled): mean 5.967  p95 19.671  max 43.394

window       edge resid (L,R pooled)                      h min/med/max          median |b.T|  #|c'|<0.6 s0
[   0, 131]  mean  14.89  p95  32.30  max  43.39           25.5/ 25.5/ 25.5      0.131         2
[ 132, 288]  mean   1.62  p95   4.39  max  11.25           25.5/ 25.5/ 25.5      0.424         0
[ 289, 483]  mean   4.84  p95  12.06  max  13.69           25.5/ 25.5/ 25.5      0.360         23
[ 484, 554]  mean   7.93  p95  19.66  max  21.09           25.5/ 25.5/ 25.5      0.474         0
[ 555, 658]  mean   3.36  p95   6.23  max   8.60           25.5/ 25.5/ 25.5      0.092         3
[ 659, 764]  mean   7.89  p95  14.14  max  14.66           25.5/ 25.5/ 25.5      0.542         0
[ 765, 940]  mean   1.97  p95   5.01  max  11.97           25.5/ 25.5/ 25.5      0.164         2
[ 941,1066]  mean  10.62  p95  23.54  max  25.02           25.5/ 25.5/ 25.5      0.382         14
[1067,1298]  mean   4.97  p95  16.66  max  30.16           25.5/ 25.5/ 25.5      0.365         23
worst window by mean: [0,131] 14.89 px

dense (4N=5196 samples) surface normal N=TxB: angle change per sample  max 28.426 deg  p99 2.332 deg
   angle per world px of centreline arclength: max 38.8699 deg/px  (p99 3.1884)
   worst dense samples (t, deg, |b.T|): 515.45, 28.4, 1.000; 515.20, 26.6, 0.999; 515.70, 20.6, 0.999; 514.95, 17.9, 0.999; 515.95, 12.8, 0.999
   dense steps > 3 deg: 18, > 6 deg: 8
ripple (|second difference of unit N| per world px^2, dense): max 4.273e-01  p99 6.533e-03  median 4.615e-04
max |b.T| outside fold windows: 0.888   (inside: 0.999)
GATE: min 3D distance between non-adjacent rings (|i-j|>60, surface samples): 13.98 px; pairs < gap 14.0: 2
GATE: screen-overlap pairs (3 px) 1707, order violations (z_front - z_back < 0): 0, (< gap): 4; unique ring pairs violating: 0
end centreline offset from init: ring0 0.0 px, ring N-1 0.0 px
outside-mockup distance (5 pts across band, css px): mean 0.855  max 23.22  frac>0.5px 0.137
outline residual (css px, matched <=25 px: 1614 of 1634 pts): mean 5.768  p95 16.735  max 24.99
run time: 209.9 s
residual block norms (sum of squares): edge 850.57, smooth 132.76, jerk 142.67, perp 98.33, dev 92.57, depth 485.32, hsm 0.00, wpr 0.00, speed 67.61, hmin 0.00, hmax 0.00, face 0.00, rmin 18.17, scrw 0.00, wf 0.00, ins 0.00, fcr 34.48, bnd 709.77, twi 6.76, dbn 159.76, dtw 1.30, rmf 127.22, crl 8.75, lgb 106.87, cvx 76.73
