DPR2 canvases 780x1688 780x1688
DPR3 canvases 1170x2532 1170x2532
crop_apex.png  130458 B
crop_bottomk.png  260654 B
crop_endstrand.png  165565 B
crop_farleft.png  184322 B
crop_junction.png  106678 B
crop_scurve.png  217479 B
crop_topk.png  177572 B
crop_wrap.png  300697 B
hero.png  1340233 B
ribbon.png  1370783 B
ribbon_crop_apex.png  135877 B
ribbon_crop_bottomk.png  260654 B
ribbon_crop_endstrand.png  165565 B
ribbon_crop_farleft.png  184322 B
ribbon_crop_junction.png  106678 B
ribbon_crop_scurve.png  217479 B
ribbon_crop_topk.png  177572 B
ribbon_crop_wrap.png  300697 B
