lit rings 1030..1160 t 0.20 w 20.0
fold2 crease 516 R 40: ds 1.93 n 32 (eq 484..548, ruling 478..554, legs to +-52)
fold2 crease 1188 R 40: ds 1.95 n 32 (eq 1156..1220, ruling 1150..1226, legs to +-52)
keep: 1018 rings held (w=3.00), 1012 new centreline pins
face rule: sign_A -1 (tail median N.v -0.995)
init cost 51733.468, residuals 65856, params 1120
round 0: clearance pairs 2775, order pairs 0, residuals 68631
   Iteration     Total nfev        Cost      Cost reduction    Step norm     Optimality   
       0              1         1.9894e+05                                    8.62e+04    
       1              3         7.5992e+04      1.23e+05       4.20e+01       4.76e+04    
       2              5         4.3326e+04      3.27e+04       2.02e+01       2.83e+04    
       3              7         3.4732e+04      8.59e+03       7.42e+00       1.79e+04    
       4              8         2.6814e+04      7.92e+03       9.98e+00       1.37e+04    
       5              9         2.1712e+04      5.10e+03       2.30e+01       1.09e+04    
       6             11         1.7844e+04      3.87e+03       7.17e+00       7.69e+03    
       7             12         1.7744e+04      1.00e+02       1.55e+01       3.00e+04    
       8             13         1.4854e+04      2.89e+03       3.14e+00       4.44e+03    
       9             14         1.4192e+04      6.63e+02       2.74e+00       2.54e+03    
      10             15         1.3684e+04      5.07e+02       5.21e+00       2.37e+03    
      11             16         1.3026e+04      6.58e+02       9.98e+00       2.79e+03    
      12             17         1.2345e+04      6.82e+02       2.18e+01       4.18e+03    
      13             18         1.2060e+04      2.85e+02       3.54e+01       5.73e+03    
      14             19         1.1900e+04      1.59e+02       2.95e+01       7.92e+03    
      15             20         1.1185e+04      7.15e+02       1.89e+01       3.24e+03    
      16             21         1.0305e+04      8.80e+02       3.22e+01       5.06e+04    
      17             22         3.0659e+03      7.24e+03       2.34e+01       2.72e+03    
      18             23         2.4948e+03      5.71e+02       2.31e+01       6.39e+03    
      19             25         2.4693e+03      2.55e+01       5.21e+00       1.51e+03    
      20             26         2.4026e+03      6.67e+01       1.64e+00       1.81e+02    
      21             27         2.3910e+03      1.15e+01       5.42e+00       1.52e+02    
      22             28         2.3809e+03      1.01e+01       4.96e+00       2.74e+01    
      23             29         2.3679e+03      1.31e+01       1.01e+01       2.26e+02    
      24             30         2.3620e+03      5.84e+00       2.03e+01       2.61e+02    
      25             31         2.3192e+03      4.28e+01       2.02e+01       2.79e+02    
      26             36         2.3159e+03      3.32e+00       2.35e-01       1.20e+02    
      27             37         2.3134e+03      2.51e+00       3.25e-01       7.54e+01    
      28             38         2.3123e+03      1.09e+00       6.31e-01       1.11e+02    
      29             39         2.3094e+03      2.88e+00       5.08e-01       1.43e+02    
      30             40         2.3075e+03      1.85e+00       1.38e+00       4.42e+01    
      31             42         2.3075e+03      4.41e-02       7.46e-01       5.81e+02    
      32             43         2.3064e+03      1.11e+00       1.64e-01       1.94e+01    
      33             46         2.3063e+03      4.97e-02       2.13e-02       4.44e+01    
      34             47         2.3062e+03      1.06e-01       3.99e-02       1.83e+01    
      35             48         2.3060e+03      1.95e-01       8.03e-02       1.58e+01    
      36             49         2.3057e+03      2.96e-01       1.90e-01       2.02e+01    
      37             53         2.3057e+03      7.93e-03       5.24e-03       2.98e+01    
      38             54         2.3057e+03      2.64e-02       1.04e-02       1.60e+01    
      39             55         2.3057e+03      4.80e-02       2.08e-02       1.58e+01    
      40             56         2.3056e+03      9.18e-02       4.12e-02       1.52e+01    
      41             57         2.3054e+03      1.74e-01       8.18e-02       1.42e+01    
      42             58         2.3051e+03      3.22e-01       1.66e-01       1.23e+01    
      43             59         2.3046e+03      5.24e-01       3.87e-01       1.24e+01    
      44             64         2.3045e+03      4.91e-03       2.58e-03       1.22e+01    
      45             65         2.3045e+03      6.96e-03       5.50e-03       5.55e+01    
      46             66         2.3045e+03      1.10e-02       5.76e-03       9.94e+00    
      47             67         2.3045e+03      1.80e-02       1.14e-02       1.05e+01    
      48             68         2.3045e+03      3.52e-02       2.29e-02       9.89e+00    
      49             69         2.3044e+03      6.86e-02       4.54e-02       9.51e+00    
      50             70         2.3043e+03      1.34e-01       8.99e-02       9.54e+00    
      51             71         2.3040e+03      2.40e-01       1.96e-01       1.33e+01    
      52             72         2.3037e+03      2.92e-01       3.57e-01       9.78e+00    
      53             76         2.3037e+03      8.10e-03       1.15e-02       7.71e+01    
      54             77         2.3037e+03      2.25e-02       1.19e-02       1.05e+01    
      55             78         2.3037e+03      3.12e-02       2.31e-02       8.08e+00    
      56             79         2.3036e+03      6.16e-02       4.65e-02       8.07e+00    
      57             80         2.3035e+03      1.20e-01       9.22e-02       7.83e+00    
      58             81         2.3033e+03      2.23e-01       1.94e-01       8.97e+00    
      59             82         2.3030e+03      2.85e-01       3.60e-01       8.12e+00    
      60             86         2.3030e+03      7.81e-03       1.19e-02       7.74e+01    
      61             87         2.3030e+03      1.96e-02       1.22e-02       7.07e+00    
      62             88         2.3029e+03      2.77e-02       2.39e-02       6.71e+00    
      63             89         2.3029e+03      5.47e-02       4.79e-02       6.37e+00    
      64             90         2.3028e+03      1.06e-01       9.37e-02       6.44e+00    
      65             91         2.3026e+03      1.97e-01       1.93e-01       1.29e+01    
      66             92         2.3024e+03      2.10e-01       3.61e-01       6.80e+00    
      67             96         2.3024e+03      2.14e-03       1.20e-02       1.08e+02    
      68             97         2.3024e+03      1.08e-02       2.67e-03       3.04e+01    
      69             98         2.3023e+03      7.02e-03       6.10e-03       4.81e+00    
      70             99         2.3023e+03      1.25e-02       1.22e-02       5.24e+00    
      71             100        2.3023e+03      2.48e-02       2.42e-02       5.18e+00    
      72             101        2.3023e+03      4.89e-02       4.79e-02       5.06e+00    
      73             102        2.3022e+03      9.55e-02       9.45e-02       4.82e+00    
      74             103        2.3020e+03      1.83e-01       1.90e-01       4.22e+00    
      75             104        2.3017e+03      3.28e-01       3.94e-01       3.98e+01    
      76             105        2.3013e+03      3.25e-01       7.31e-01       7.28e+00    
      77             110        2.3013e+03      1.70e-03       6.34e-03       6.03e+01    
      78             111        2.3013e+03      8.30e-03       6.37e-03       5.90e+00    
      79             112        2.3013e+03      1.05e-02       1.28e-02       3.49e+00    
      80             113        2.3013e+03      2.08e-02       2.57e-02       3.36e+00    
      81             114        2.3012e+03      4.08e-02       5.03e-02       3.27e+00    
      82             115        2.3012e+03      7.97e-02       9.87e-02       3.25e+00    
      83             116        2.3010e+03      1.52e-01       1.97e-01       2.70e+00    
      84             117        2.3008e+03      2.47e-01       3.66e-01       7.15e+00    
      85             122        2.3008e+03      2.54e-03       2.85e-03       5.45e+00    
      86             123        2.3008e+03      4.72e-03       6.46e-03       2.56e+00    
      87             124        2.3008e+03      9.26e-03       1.29e-02       2.57e+00    
      88             125        2.3007e+03      1.83e-02       2.54e-02       2.53e+00    
      89             126        2.3004e+03      3.56e-01       4.99e-02       2.53e+00    
      90             127        2.3003e+03      7.06e-02       9.78e-02       3.73e+00    
      91             128        2.3002e+03      1.22e-01       1.84e-01       8.11e+00    
      92             129        2.3000e+03      1.57e-01       3.72e-01       7.63e+00    
      93             134        2.3000e+03      1.30e-03       3.05e-03       2.33e+01    
      94             135        2.3000e+03      2.84e-03       3.14e-03       1.95e+00    
      95             136        2.3000e+03      4.34e-03       6.36e-03       2.24e+00    
      96             137        2.3000e+03      8.61e-03       1.27e-02       2.20e+00    
      97             138        2.3000e+03      1.71e-02       2.50e-02       2.19e+00    
      98             139        2.3000e+03      3.38e-02       4.92e-02       2.86e+00    
      99             140        2.2999e+03      6.60e-02       9.59e-02       4.50e+00    
      100            141        2.2998e+03      1.11e-01       1.81e-01       4.80e+00    
      101            142        2.2997e+03      3.82e-02       3.73e-01       1.22e+03    
      102            143        2.2996e+03      1.56e-01       1.06e-01       1.11e+02    
      103            144        2.2996e+03      4.37e-03       1.95e-01       1.28e+03    
      104            145        2.2994e+03      1.40e-01       5.24e-02       6.72e+01    
      105            146        2.2994e+03      1.75e-02       9.92e-02       7.55e+02    
      106            147        2.2993e+03      9.79e-02       1.05e-01       1.88e+01    
      107            148        2.2992e+03      9.06e-02       1.69e-01       1.17e+01    
      108            149        2.2991e+03      1.36e-01       3.08e-01       3.14e+00    
      109            150        2.2989e+03      2.45e-01       6.29e-01       5.56e+02    
The maximum number of function evaluations is exceeded.
Function evaluations 150, initial cost 1.9894e+05, final cost 2.2989e+03, first-order optimality 5.56e+02.
round 1: clearance pairs 471, order pairs 0, residuals 66327
   Iteration     Total nfev        Cost      Cost reduction    Step norm     Optimality   
       0              1         2.2989e+03                                    5.56e+02    
       1              3         2.2944e+03      4.49e+00       1.58e+01       1.05e+02    
       2              9         2.2941e+03      2.53e-01       1.15e-01       4.99e+01    
       3             10         2.2940e+03      7.11e-02       6.25e-01       3.31e+01    
       4             11         2.2938e+03      2.87e-01       7.63e-01       6.09e+00    
       5             12         2.2935e+03      2.27e-01       1.37e+00       4.36e+00    
       6             13         2.2932e+03      3.25e-01       2.35e+00       4.77e+02    
       7             14         2.2928e+03      4.31e-01       2.63e+00       6.23e+01    
       8             15         2.2927e+03      5.39e-02       2.80e+00       2.38e+03    
       9             16         2.2920e+03      6.81e-01       1.86e+00       4.45e+02    
      10             17         2.2919e+03      1.88e-01       1.36e+00       4.64e+00    
      11             18         2.2917e+03      1.67e-01       1.46e+00       7.73e+02    
      12             19         2.2912e+03      4.95e-01       3.50e+00       1.43e+01    
      13             20         2.2908e+03      3.52e-01       1.53e+00       1.37e+01    
      14             21         2.2904e+03      4.40e-01       2.29e+00       5.33e+02    
      15             22         2.2895e+03      8.90e-01       4.46e+00       1.34e+01    
      16             26         2.2895e+03      2.47e-04       1.61e-01       2.08e+01    
      17             28         2.2895e+03      5.41e-02       5.02e-02       6.93e+00    
      18             29         2.2894e+03      2.83e-02       1.54e-01       4.82e+00    
      19             30         2.2894e+03      2.81e-02       2.16e-01       2.33e+01    
      20             31         2.2894e+03      4.05e-02       3.34e-01       9.85e+00    
      21             32         2.2893e+03      5.75e-02       4.16e-01       6.06e+00    
      22             33         2.2892e+03      7.32e-02       3.89e-01       4.06e+00    
      23             34         2.2891e+03      1.04e-01       5.34e-01       3.04e+00    
      24             35         2.2890e+03      1.71e-01       9.67e-01       2.89e+00    
      25             36         2.2886e+03      3.26e-01       1.89e+00       6.33e+00    
      26             37         2.2879e+03      6.80e-01       3.66e+00       1.16e+02    
      27             43         2.2879e+03      1.58e-02       1.83e-02       2.19e+01    
      28             44         2.2879e+03      2.30e-02       1.75e-01       1.10e+01    
      29             45         2.2879e+03      2.21e-02       2.52e-01       1.73e+01    
      30             46         2.2879e+03      2.75e-02       1.55e-01       7.70e+00    
      31             47         2.2878e+03      4.06e-02       2.08e-01       1.45e+01    
      32             48         2.2878e+03      5.32e-02       2.59e-01       7.48e+00    
      33             49         2.2877e+03      7.97e-02       4.80e-01       1.51e+01    
      34             50         2.2876e+03      1.36e-01       9.61e-01       8.31e+00    
      35             56         2.2876e+03      1.14e-03       9.44e-03       1.78e+01    
      36             57         2.2875e+03      3.33e-03       4.10e-02       5.64e+00    
      37             58         2.2875e+03      5.36e-03       8.18e-02       5.02e+00    
      38             59         2.2875e+03      8.75e-03       1.42e-01       4.56e+00    
      39             60         2.2875e+03      1.26e-02       8.21e-02       5.85e+00    
      40             61         2.2875e+03      1.95e-02       1.20e-01       5.81e+00    
      41             62         2.2875e+03      2.76e-02       1.44e-01       7.46e+00    
      42             63         2.2874e+03      3.86e-02       2.38e-01       6.87e+00    
      43             64         2.2874e+03      6.55e-02       4.68e-01       8.41e+00    
      44             65         2.2872e+03      1.22e-01       9.30e-01       9.32e+00    
      45             70         2.2872e+03      6.25e-04       7.07e-03       2.99e+01    
      46             71         2.2872e+03      4.89e-03       7.08e-02       1.95e+01    
      47             72         2.2872e+03      7.15e-03       8.04e-02       1.34e+01    
      48             73         2.2872e+03      1.15e-02       7.99e-02       1.07e+01    
      49             74         2.2872e+03      1.84e-02       1.23e-01       8.11e+00    
      50             75         2.2872e+03      2.51e-02       1.40e-01       6.64e+00    
      51             76         2.2871e+03      3.57e-02       2.31e-01       8.95e+00    
      52             77         2.2871e+03      5.97e-02       4.52e-01       7.42e+00    
      53             78         2.2871e+03      5.17e-03       9.04e-01       3.91e+02    
      54             79         2.2869e+03      1.76e-01       1.33e+00       1.39e+01    
      55             80         2.2868e+03      8.46e-02       7.27e-01       2.29e+01    
      56             81         2.2867e+03      8.92e-02       9.85e-01       8.80e+00    
      57             82         2.2866e+03      1.59e-01       2.00e+00       2.25e+01    
      58             88         2.2866e+03      1.14e-04       5.90e-03       2.78e+01    
      59             89         2.2866e+03      1.06e-03       5.93e-03       1.60e+01    
      60             90         2.2866e+03      1.12e-03       1.75e-02       5.01e+00    
      61             91         2.2866e+03      1.34e-03       3.91e-02       1.88e+00    
      62             92         2.2866e+03      1.88e-03       3.99e-02       3.40e+00    
      63             93         2.2866e+03      3.25e-03       3.84e-02       2.29e+00    
      64             94         2.2866e+03      5.62e-03       6.10e-02       3.95e+00    
      65             95         2.2865e+03      7.45e-03       6.78e-02       3.25e+00    
      66             96         2.2865e+03      1.09e-02       1.24e-01       4.44e+00    
      67             97         2.2865e+03      1.91e-02       2.54e-01       3.53e+00    
      68             98         2.2865e+03      3.63e-02       5.10e-01       4.73e+00    
      69             99         2.2864e+03      6.94e-02       1.02e+00       4.47e+00    
      70             100        2.2863e+03      1.30e-01       2.05e+00       9.92e+00    
      71             106        2.2863e+03      1.56e-05       7.48e-03       2.59e+01    
      72             107        2.2863e+03      9.81e-04       8.17e-03       1.35e+01    
      73             108        2.2863e+03      9.63e-04       2.48e-02       4.52e+00    
      74             109        2.2863e+03      1.22e-03       5.36e-02       2.94e+00    
      75             110        2.2863e+03      1.60e-03       4.99e-02       2.76e+00    
      76             111        2.2863e+03      2.74e-03       5.16e-02       3.20e+00    
      77             112        2.2863e+03      4.39e-03       6.16e-02       3.19e+00    
      78             113        2.2863e+03      6.15e-03       7.17e-02       3.82e+00    
      79             114        2.2863e+03      9.20e-03       1.27e-01       3.57e+00    
      80             115        2.2862e+03      1.61e-02       2.55e-01       4.05e+00    
      81             116        2.2862e+03      3.08e-02       5.12e-01       5.83e+00    
      82             117        2.2862e+03      5.87e-02       1.02e+00       2.08e+01    
      83             118        2.2861e+03      7.33e-02       2.05e+00       2.10e+02    
      84             121        2.2860e+03      4.04e-02       1.45e-01       4.23e+01    
      85             122        2.2860e+03      2.45e-02       4.82e-01       2.27e+02    
      86             123        2.2860e+03      4.08e-02       7.59e-01       6.23e+00    
      87             124        2.2859e+03      4.63e-02       1.10e+00       8.72e+00    
      88             125        2.2859e+03      5.48e-02       2.29e+00       1.33e+02    
      89             127        2.2859e+03      1.83e-02       5.54e-01       1.18e+01    
      90             132        2.2859e+03      5.72e-04       2.53e-03       6.70e+00    
      91             133        2.2859e+03      6.19e-04       5.14e-03       1.86e+00    
      92             134        2.2858e+03      4.77e-04       1.46e-02       7.77e-01    
      93             135        2.2858e+03      4.02e-04       4.63e-02       2.65e+00    
      94             136        2.2858e+03      3.61e-04       3.48e-02       6.00e+00    
      95             137        2.2858e+03      5.91e-04       2.82e-02       2.32e+00    
      96             138        2.2858e+03      1.13e-03       4.14e-02       5.27e+00    
      97             139        2.2858e+03      2.19e-03       7.06e-02       1.80e+00    
      98             140        2.2858e+03      4.25e-03       1.26e-01       4.79e+00    
      99             141        2.2858e+03      8.24e-03       2.32e-01       3.81e-01    
      100            142        2.2858e+03      1.60e-02       4.65e-01       4.47e+00    
      101            143        2.2858e+03      3.11e-02       9.27e-01       9.94e+00    
      102            150        2.2858e+03      0.00e+00       0.00e+00       9.94e+00    
The maximum number of function evaluations is exceeded.
Function evaluations 150, initial cost 2.2989e+03, final cost 2.2858e+03, first-order optimality 9.94e+00.
round 2: clearance pairs 134, order pairs 0, residuals 65990
   Iteration     Total nfev        Cost      Cost reduction    Step norm     Optimality   
       0              1         2.2858e+03                                    9.94e+00    
       1             12         2.2858e+03      5.36e-06       4.50e-04       1.06e+01    
       2             13         2.2858e+03      7.57e-06       2.31e-04       6.67e+00    
`ftol` termination condition is satisfied.
Function evaluations 13, initial cost 2.2858e+03, final cost 2.2858e+03, first-order optimality 6.67e+00.
round 3: clearance pairs 134, order pairs 0, residuals 65990
   Iteration     Total nfev        Cost      Cost reduction    Step norm     Optimality   
       0              1         2.2858e+03                                    6.67e+00    
       1              2         2.2856e+03      1.38e-01       1.10e+01       1.02e+01    
       2             10         2.2856e+03      2.52e-02       3.39e-02       9.67e+00    
       3             11         2.2856e+03      2.00e-02       9.25e-02       9.91e+00    
       4             14         2.2856e+03      1.59e-03       9.75e-03       9.90e+00    
       5             16         2.2856e+03      6.38e-04       5.94e-03       8.61e+00    
       6             17         2.2856e+03      9.91e-04       1.47e-02       2.08e+00    
       7             18         2.2856e+03      1.51e-03       2.99e-02       8.52e+00    
       8             19         2.2856e+03      1.94e-03       4.62e-02       1.24e+01    
       9             20         2.2856e+03      2.72e-03       8.09e-02       1.02e+01    
      10             24         2.2856e+03      2.07e-05       2.34e-03       3.80e+01    
      11             25         2.2856e+03      9.52e-05       3.92e-04       2.06e+01    
      12             26         2.2856e+03      9.80e-05       1.41e-03       4.61e+00    
      13             27         2.2856e+03      1.43e-04       3.13e-03       4.65e-01    
      14             28         2.2856e+03      2.69e-04       6.26e-03       5.95e-01    
      15             29         2.2856e+03      5.05e-04       1.25e-02       6.11e-01    
      16             30         2.2856e+03      9.32e-04       2.43e-02       6.08e-01    
      17             31         2.2856e+03      1.68e-03       4.58e-02       5.71e-01    
      18             32         2.2856e+03      2.85e-03       9.04e-02       6.73e-01    
      19             33         2.2856e+03      4.24e-03       1.69e-01       2.64e+00    
      20             34         2.2856e+03      6.65e-03       2.24e-01       8.90e+00    
      21             35         2.2856e+03      1.08e-02       3.92e-01       1.34e+01    
      22             36         2.2855e+03      1.62e-02       6.77e-01       1.03e+01    
      23             42         2.2855e+03      1.85e-04       3.17e-03       2.28e+01    
      24             43         2.2855e+03      2.19e-04       2.62e-03       3.19e+00    
      25             44         2.2855e+03      2.78e-04       4.89e-03       8.53e-01    
      26             45         2.2855e+03      3.27e-04       1.04e-02       5.10e-01    
      27             46         2.2855e+03      3.69e-04       2.18e-02       8.78e-01    
      28             47         2.2855e+03      5.01e-04       4.47e-02       1.53e+00    
      29             48         2.2855e+03      8.27e-04       4.52e-02       5.44e+00    
      30             49         2.2855e+03      1.53e-03       6.69e-02       2.00e+00    
      31             50         2.2855e+03      2.85e-03       1.22e-01       6.97e+00    
      32             51         2.2855e+03      5.02e-03       2.20e-01       2.89e+00    
      33             52         2.2855e+03      8.11e-03       4.15e-01       5.89e+00    
      34             53         2.2855e+03      1.15e-02       6.92e-01       4.80e+00    
      35             55         2.2855e+03      1.63e-03       1.42e-01       9.13e-01    
      36             57         2.2855e+03      3.61e-04       9.47e-02       3.17e+00    
      37             58         2.2855e+03      8.70e-05       4.54e-02       3.38e+00    
      38             59         2.2855e+03      3.51e-04       9.60e-03       2.16e+00    
      39             60         2.2855e+03      9.73e-05       2.09e-02       5.23e+00    
      40             61         2.2855e+03      7.35e-05       1.25e-02       8.55e-01    
      41             62         2.2855e+03      1.23e-04       1.00e-02       1.84e+00    
      42             63         2.2855e+03      2.43e-04       1.44e-02       4.09e-01    
      43             64         2.2855e+03      4.84e-04       2.71e-02       1.43e+00    
      44             65         2.2855e+03      9.63e-04       4.98e-02       2.48e-01    
      45             66         2.2855e+03      1.91e-03       9.46e-02       1.10e+00    
      46             67         2.2855e+03      3.78e-03       1.64e-01       4.96e-01    
      47             68         2.2855e+03      7.44e-03       3.03e-01       1.12e+00    
      48             70         2.2855e+03      2.53e-03       2.15e-01       5.65e+00    
      49             72         2.2855e+03      9.56e-04       1.16e-01       2.86e+01    
      50             74         2.2855e+03      5.47e-04       2.83e-02       1.02e+01    
      51             78         2.2855e+03      2.47e-05       2.90e-04       2.73e-01    
      52             79         2.2855e+03      2.16e-05       9.39e-04       2.78e-01    
`ftol` termination condition is satisfied.
Function evaluations 79, initial cost 2.2858e+03, final cost 2.2855e+03, first-order optimality 2.78e-01.
c  K=160  init=raw  [round 0 nfev=150 status=0 (The) cost 2298.858]  [round 1 nfev=150 status=0 (The) cost 2285.786]  [round 2 nfev=13 status=2 (ftol`) cost 2285.786]  [round 3 nfev=79 status=2 (ftol`) cost 2285.495]
args: {"K": 160, "bend": 30.0, "box_pose": "", "box_rings": "", "box_trace": 0.15, "bz": "", "clear": 5.0, "clear_range": "860:1066-388:483,855:880-1045:1085", "curl": "", "dbend": 500.0, "delta": 60.0, "dtwist": 500.0, "edge_fair": 0.0, "edge_w": "880:1160:L:0.3,880:1160:R:0.3", "end_pin": 50.0, "energy_ranges": "", "eps": 1.0, "face_margin": 0.3, "faceon": "880:1160:20", "faces": "docs/ribbon/turns/real/faces.json", "flat": 0.0, "flat_ranges": "", "flip_guard": 20.0, "fold": "", "fold2": "516:40:20,1188:40:20", "fold_axis": "", "fold_convex": "516:10,1188:10", "fold_eq": false, "fold_legs": 5.0, "fold_legs_len": "20", "gap": 14.0, "hide": "", "hide_auto": "", "hmax": 25.5, "hmin": 25.5, "init": "raw", "inside": 0.0, "kappa": 2.0, "keep": 3.0, "keep_free": "880:1160", "lam": 15.0, "lam_h": 50.0, "lit": "1030:1160:0.2:20", "mask": "", "max_nfev": 150, "mu": 300.0, "no_opt": false, "nu_fold": 0.4, "omega": 0.01, "order": 0.0, "out": "docs/ribbon/turns/real/S2/c", "outer": 4, "outline": 0.0, "outline_assign": "nearest", "outline_boxes": "", "outline_drop_near": "", "outline_excl": "", "outline_fixed": false, "outline_incl": "", "outline_loss": "linear", "outline_pose": "", "pin_range": "", "pose": "docs/ribbon/turns/real/P4/pose.json", "redge": 24.0, "rim_pose": "", "rim_side_mode": "centre", "rimlines": "", "rmin": 45.0, "roto": "/Users/ashmitkhurana/Development/Personal/portfolio/docs/ribbon/turns/curve/best/roto.npz", "screenw": "", "sigma": 2.0, "trace_w": 0.15, "twist": 30.0, "w_box": 2.0, "w_face": 15.0, "w_hmin": 50.0, "w_redge": 5.0, "w_rim": 0.0, "w_rmin": 5.0, "w_wfloor": 0.0, "wfloor": 0.0, "wfloor_except": "", "wfloor_mode": "perp", "wfloor_ranges": "", "zprior": "docs/ribbon/turns/real/P4/pose.json"}

edge residual css px, point-to-polyline (L and R pooled): mean 8.991  p95 38.612  max 68.528

window       edge resid (L,R pooled)                      h min/med/max          median |b.T|  #|c'|<0.6 s0
[   0, 131]  mean  14.89  p95  32.29  max  43.39           25.5/ 25.5/ 25.5      0.129         0
[ 132, 288]  mean   1.72  p95   4.81  max  11.51           25.5/ 25.5/ 25.5      0.396         0
[ 289, 483]  mean   4.74  p95  12.07  max  15.90           25.5/ 25.5/ 25.5      0.390         0
[ 484, 554]  mean   5.11  p95   9.99  max  10.44           25.5/ 25.5/ 25.5      0.514         4
[ 555, 658]  mean   1.48  p95   3.65  max   5.36           25.5/ 25.5/ 25.5      0.077         0
[ 659, 764]  mean   8.14  p95  15.47  max  16.41           25.5/ 25.5/ 25.5      0.666         0
[ 765, 940]  mean   3.91  p95  13.23  max  33.41           25.5/ 25.5/ 25.5      0.180         0
[ 941,1066]  mean  35.91  p95  66.59  max  68.53           25.5/ 25.5/ 25.5      0.623         0
[1067,1298]  mean   8.31  p95  26.03  max  46.31           25.5/ 25.5/ 25.5      0.804         0
worst window by mean: [941,1066] 35.91 px

dense (4N=5196 samples) surface normal N=TxB: angle change per sample  max 21.813 deg  p99 2.569 deg
   angle per world px of centreline arclength: max 40.5110 deg/px  (p99 4.4453)
   worst dense samples (t, deg, |b.T|): 524.70, 21.8, 0.999; 524.45, 21.5, 0.999; 524.95, 16.7, 0.999; 524.20, 16.0, 0.999; 1047.39, 14.2, 1.000
   dense steps > 3 deg: 43, > 6 deg: 17
ripple (|second difference of unit N| per world px^2, dense): max 4.880e-01  p99 2.882e-02  median 3.937e-04
max |b.T| outside fold windows: 1.000   (inside: 0.999)
GATE: min 3D distance between non-adjacent rings (|i-j|>60, surface samples): 13.90 px; pairs < gap 14.0: 2
GATE: screen-overlap pairs (3 px) 1552, order violations (z_front - z_back < 0): 0, (< gap): 0; unique ring pairs violating: 0
end centreline offset from init: ring0 0.0 px, ring N-1 1.4 px
outside-mockup distance (5 pts across band, css px): mean 1.829  max 50.33  frac>0.5px 0.151
outline residual (css px, matched <=25 px: 1590 of 1634 pts): mean 6.794  p95 18.535  max 24.86
run time: 357.8 s
residual block norms (sum of squares): edge 721.93, smooth 343.23, jerk 105.55, perp 191.75, dev 147.41, depth 205.50, hsm 0.00, wpr 0.00, speed 2.96, hmin 0.00, hmax 0.00, face 99.74, rmin 489.98, scrw 0.00, wf 0.00, ins 0.00, fcr 195.28, bnd 584.04, twi 7.80, dbn 179.95, dtw 2.85, rmf 77.58, crl 17.32, lgb 517.27, cvx 72.02
