clear_pairs 860:1066-388:483:16: 312 raw sample pairs get gap 16
clear_pairs 855:880-1045:1085:16: 0 raw sample pairs get gap 16
pairs (raw 1552), clusters 12, constraints 1444, initially violated 0 (max -3.7 px)
clusters: 12 (rule-decided 6, vote-decided 6); input-sample disagreements with the decided order: 0 of 1552 raw sample pairs
top clusters by required separation (px short at input): rings_a-range x rings_b-range | front | rule | disagree/total | need
   162- 172 x  720- 722 | front=a-range | vote | 0/27 | 0.0
   179- 232 x  688- 726 | front=a-range | vote | 0/222 | 0.0
   366- 397 x  994-1042 | front=a-range | R3 | 0/191 | 0.0
   414- 451 x  889- 944 | front=b-range | R2 | 0/190 | 0.0
   484- 487 x  549- 549 | front=b-range | vote | 0/4 | 0.0
   587- 632 x  802- 863 | front=a-range | R1 | 0/296 | 0.0
   591- 645 x 1075-1106 | front=a-range | R1 | 0/164 | 0.0
   620- 660 x 1282-1298 | front=a-range | R1 | 0/101 | 0.0
   652- 657 x 1074-1078 | front=a-range | R1 | 0/17 | 0.0
   664- 668 x 1072-1074 | front=a-range | vote | 0/9 | 0.0
   783- 820 x 1261-1286 | front=a-range | vote | 0/199 | 0.0
   827- 854 x 1077-1111 | front=b-range | vote | 0/132 | 0.0
layer.py docs/ribbon/turns/real/S2/c/pose.json -> docs/ribbon/turns/real/S2/pose.json  gap 12.4 kz 160
screen-overlap sample pairs (raw) 1552, constraints (ring pairs) 1444, violated at input 0 (worst -3.7 px short)
solver SLSQP status 0 iterations 1 objective 0 time 0.0 s
max constraint violation after solve (deduped): 0.000 px; violated constraints (> 0.01): 0
all raw sample pairs after: z_front - z_back min 19.65 px, pairs with < 0: 0, < gap-0.5: 0
dz: max |dz| 0.0 px (min 0.0, max 0.0); max |dz''| 0.0000 px/ring^2
unit check: max change of projected edge screen position 0.00e+00 css px
