DPR2 canvases 780x1688 780x1688
DPR3 canvases 1170x2532 1170x2532
crop_apex.png  127908 B
crop_bottomk.png  270179 B
crop_endstrand.png  170141 B
crop_farleft.png  184855 B
crop_junction.png  112007 B
crop_scurve.png  218867 B
crop_topk.png  185872 B
crop_wrap.png  275609 B
hero.png  1333603 B
ribbon.png  1366118 B
ribbon_crop_apex.png  134157 B
ribbon_crop_bottomk.png  270179 B
ribbon_crop_endstrand.png  170141 B
ribbon_crop_farleft.png  184855 B
ribbon_crop_junction.png  112007 B
ribbon_crop_scurve.png  218867 B
ribbon_crop_topk.png  185872 B
ribbon_crop_wrap.png  275609 B
