fold2 crease 376 R 30: ds 1.72 n 27 (eq 349..403, ruling 343..409, legs to +-47)
fold2 crease 516 R 40: ds 2.74 n 23 (eq 493..539, ruling 487..545, legs to +-43)
fold2 crease 1188 R 40: ds 3.04 n 21 (eq 1167..1209, ruling 1161..1215, legs to +-41)
face rule: sign_A -1 (tail median N.v -0.995)
init cost 46532700.739, residuals 61065, params 1120
round 0: clearance pairs 627, order pairs 0, residuals 61692
   Iteration     Total nfev        Cost      Cost reduction    Step norm     Optimality   
       0              1         4.6533e+07                                    4.58e+05    
       1              2         6.9462e+04      4.65e+07       9.62e+01       3.37e+04    
       2              4         2.3638e+04      4.58e+04       2.28e+01       7.86e+03    
       3              5         8.0912e+03      1.55e+04       2.96e+01       4.61e+03    
       4              7         6.6842e+03      1.41e+03       1.26e+01       1.05e+03    
       5              8         4.6993e+03      1.98e+03       2.22e+01       1.54e+04    
       6              9         4.4648e+03      2.34e+02       3.60e+01       8.64e+03    
       7             10         3.5026e+03      9.62e+02       1.22e+01       6.61e+04    
       8             11         2.9284e+03      5.74e+02       1.49e+01       5.26e+03    
       9             12         2.7813e+03      1.47e+02       1.66e+01       3.56e+03    
      10             14         2.6810e+03      1.00e+02       5.32e+00       1.10e+04    
      11             15         2.6152e+03      6.59e+01       7.86e+00       1.86e+03    
      12             17         2.5976e+03      1.76e+01       1.63e+00       2.30e+03    
      13             18         2.5822e+03      1.54e+01       2.61e+00       3.50e+03    
      14             19         2.5600e+03      2.22e+01       3.13e+00       1.40e+02    
      15             20         2.5337e+03      2.63e+01       3.77e+00       2.02e+02    
      16             22         2.5222e+03      1.14e+01       1.90e+00       2.55e+03    
      17             23         2.4919e+03      3.03e+01       4.47e+00       1.91e+02    
      18             24         2.4562e+03      3.57e+01       9.67e+00       9.95e+02    
      19             26         2.4340e+03      2.22e+01       6.10e+00       4.29e+03    
      20             27         2.3985e+03      3.54e+01       6.84e+00       2.62e+02    
      21             28         2.3720e+03      2.66e+01       1.20e+01       1.23e+03    
      22             31         2.3624e+03      9.60e+00       1.53e+00       6.47e+03    
      23             32         2.3541e+03      8.25e+00       2.10e+00       1.59e+02    
      24             33         2.3456e+03      8.53e+00       2.53e+00       6.08e+02    
      25             35         2.3427e+03      2.86e+00       1.57e+00       9.36e+02    
      26             36         2.3343e+03      8.45e+00       2.56e+00       2.50e+02    
      27             37         2.3233e+03      1.10e+01       5.10e+00       1.16e+03    
      28             43         2.3232e+03      1.30e-01       1.43e-02       1.23e+02    
      29             44         2.3231e+03      8.98e-02       2.99e-02       4.56e+01    
      30             45         2.3230e+03      1.51e-01       6.58e-02       3.62e+01    
      31             46         2.3227e+03      2.67e-01       1.32e-01       2.99e+01    
      32             47         2.3222e+03      4.86e-01       2.51e-01       2.73e+01    
      33             48         2.3207e+03      1.50e+00       4.71e-01       2.49e+01    
      34             49         2.3192e+03      1.51e+00       8.20e-01       2.24e+01    
      35             50         2.3170e+03      2.22e+00       1.22e+00       7.38e+01    
      36             51         2.3133e+03      3.65e+00       1.62e+00       4.56e+02    
      37             52         2.3086e+03      4.73e+00       2.61e+00       1.20e+02    
      38             53         2.3018e+03      6.81e+00       5.84e+00       1.17e+03    
      39             59         2.3017e+03      1.10e-01       9.73e-03       1.75e+02    
      40             60         2.3016e+03      5.11e-02       2.88e-02       3.89e+01    
      41             61         2.3015e+03      9.03e-02       5.61e-02       2.17e+01    
      42             62         2.3014e+03      1.72e-01       1.04e-01       2.05e+01    
      43             63         2.3010e+03      3.30e-01       1.92e-01       2.02e+01    
      44             64         2.2998e+03      1.26e+00       3.56e-01       1.98e+01    
      45             65         2.2983e+03      1.46e+00       6.49e-01       1.87e+01    
      46             66         2.2973e+03      1.04e+00       1.10e+00       2.62e+01    
      47             67         2.2949e+03      2.36e+00       8.50e-01       1.22e+02    
      48             68         2.2925e+03      2.38e+00       1.74e+00       2.67e+02    
      49             69         2.2894e+03      3.10e+00       2.48e+00       4.48e+02    
      50             70         2.2836e+03      5.82e+00       4.94e+00       1.15e+03    
      51             76         2.2835e+03      1.08e-01       1.07e-02       2.42e+02    
      52             77         2.2834e+03      8.39e-02       6.06e-02       1.70e+01    
      53             78         2.2829e+03      4.64e-01       1.06e-01       1.60e+01    
      54             82         2.2829e+03      4.38e-03       3.06e-03       1.61e+01    
      55             84         2.2829e+03      2.19e-03       1.53e-03       1.61e+01    
      56             86         2.2829e+03      1.09e-03       7.66e-04       1.61e+01    
      57             89         2.2829e+03      1.36e-04       9.57e-05       1.61e+01    
      58             90         2.2829e+03      2.73e-04       1.91e-04       1.61e+01    
      59             93         2.2829e+03      3.41e-05       2.39e-05       1.61e+01    
`xtol` termination condition is satisfied.
Function evaluations 93, initial cost 4.6533e+07, final cost 2.2829e+03, first-order optimality 1.61e+01.
round 1: clearance pairs 427, order pairs 0, residuals 61492
   Iteration     Total nfev        Cost      Cost reduction    Step norm     Optimality   
       0              1         6.8528e+03                                    1.19e+04    
       1              3         2.6543e+03      4.20e+03       2.16e+01       2.18e+03    
       2              4         2.4127e+03      2.42e+02       1.71e+01       5.08e+04    
       3              5         2.3468e+03      6.59e+01       1.98e+01       5.98e+03    
       4              7         2.2798e+03      6.71e+01       7.64e+00       1.34e+03    
       5              9         2.2564e+03      2.34e+01       2.19e+00       1.35e+03    
       6             10         2.2500e+03      6.43e+00       4.65e+00       3.19e+02    
       7             11         2.2482e+03      1.72e+00       2.77e+00       2.03e+02    
       8             13         2.2481e+03      1.12e-01       1.15e+00       1.09e+03    
       9             15         2.2470e+03      1.10e+00       4.30e-01       1.68e+02    
      10             16         2.2467e+03      3.29e-01       3.03e-01       1.36e+02    
      11             17         2.2467e+03      5.09e-02       5.93e-01       9.68e+01    
      12             18         2.2463e+03      3.53e-01       5.83e-01       9.06e+01    
      13             21         2.2463e+03      4.56e-02       9.14e-02       9.02e+01    
      14             23         2.2462e+03      1.72e-02       4.46e-02       9.00e+01    
      15             25         2.2462e+03      7.31e-03       2.16e-02       8.99e+01    
      16             27         2.2462e+03      3.36e-03       1.05e-02       8.98e+01    
      17             29         2.2462e+03      1.61e-03       5.19e-03       8.98e+01    
      18             30         2.2462e+03      3.09e-03       1.03e-02       8.97e+01    
      19             33         2.2462e+03      3.74e-04       1.26e-03       8.97e+01    
      20             35         2.2462e+03      1.86e-04       6.30e-04       8.97e+01    
      21             36         2.2462e+03      3.70e-04       1.26e-03       8.97e+01    
      22             40         2.2462e+03      1.15e-05       3.92e-05       8.97e+01    
`ftol` termination condition is satisfied.
Function evaluations 40, initial cost 6.8528e+03, final cost 2.2462e+03, first-order optimality 8.97e+01.
round 2: clearance pairs 305, order pairs 0, residuals 61370
   Iteration     Total nfev        Cost      Cost reduction    Step norm     Optimality   
       0              1         2.2462e+03                                    8.97e+01    
       1              4         2.2444e+03      1.84e+00       2.69e+00       9.37e+02    
       2              9         2.2441e+03      2.43e-01       2.95e-02       8.85e+02    
       3             10         2.2440e+03      1.27e-01       3.90e-02       2.32e+03    
       4             11         2.2435e+03      5.03e-01       5.60e-02       2.70e+02    
       5             12         2.2431e+03      3.86e-01       1.14e-01       3.39e+01    
       6             13         2.2423e+03      8.26e-01       2.37e-01       1.04e+02    
       7             14         2.2416e+03      7.00e-01       4.33e-01       1.29e+01    
       8             15         2.2399e+03      1.66e+00       4.50e-01       5.27e+01    
       9             18         2.2399e+03      6.22e-02       1.02e-01       4.40e+01    
      10             19         2.2398e+03      8.87e-02       2.80e-02       2.03e+01    
      11             20         2.2397e+03      6.05e-02       4.50e-02       1.23e+01    
      12             21         2.2397e+03      5.99e-02       3.99e-02       1.53e+01    
      13             22         2.2396e+03      6.01e-02       3.92e-02       1.22e+01    
      14             23         2.2395e+03      6.00e-02       3.86e-02       1.69e+01    
      15             24         2.2395e+03      5.97e-02       3.86e-02       1.21e+01    
      16             25         2.2394e+03      5.94e-02       3.86e-02       1.69e+01    
      17             26         2.2394e+03      5.88e-02       3.91e-02       1.20e+01    
      18             27         2.2393e+03      5.85e-02       3.93e-02       1.69e+01    
      19             29         2.2393e+03      1.90e-02       1.12e-02       1.26e+01    
      20             32         2.2393e+03      2.14e-03       1.16e-03       1.27e+01    
      21             33         2.2393e+03      4.22e-03       2.29e-03       1.29e+01    
      22             36         2.2393e+03      5.24e-04       2.82e-04       1.29e+01    
      23             38         2.2393e+03      2.62e-04       1.41e-04       1.29e+01    
      24             39         2.2393e+03      5.24e-04       2.82e-04       1.30e+01    
      25             42         2.2393e+03      6.54e-05       3.52e-05       1.30e+01    
      26             44         2.2393e+03      3.27e-05       1.76e-05       1.30e+01    
`xtol` termination condition is satisfied.
Function evaluations 44, initial cost 2.2462e+03, final cost 2.2393e+03, first-order optimality 1.30e+01.
round 3: clearance pairs 303, order pairs 0, residuals 61368
   Iteration     Total nfev        Cost      Cost reduction    Step norm     Optimality   
       0              1         2.2393e+03                                    1.30e+01    
       1              3         2.2370e+03      2.33e+00       9.65e+00       2.88e+03    
       2              6         2.2310e+03      5.98e+00       5.09e-01       1.24e+03    
       3              8         2.2278e+03      3.17e+00       2.92e-01       1.11e+03    
       4              9         2.2273e+03      5.33e-01       5.55e-01       6.51e+03    
       5             10         2.2246e+03      2.66e+00       1.21e-01       7.69e+02    
       6             11         2.2238e+03      7.74e-01       4.25e-01       8.23e+01    
       7             12         2.2227e+03      1.18e+00       8.30e-01       3.59e+02    
       8             13         2.2211e+03      1.56e+00       1.46e+00       6.82e+02    
       9             15         2.2208e+03      2.77e-01       3.01e-01       1.27e+03    
      10             16         2.2200e+03      8.03e-01       9.41e-02       5.06e+02    
      11             18         2.2199e+03      1.59e-01       4.39e-02       9.79e+01    
      12             20         2.2198e+03      3.76e-02       2.54e-02       8.01e+00    
      13             22         2.2198e+03      1.56e-02       1.36e-02       1.12e+01    
      14             24         2.2198e+03      7.63e-03       6.79e-03       1.18e+01    
      15             26         2.2198e+03      3.79e-03       3.39e-03       1.20e+01    
      16             27         2.2198e+03      7.55e-03       6.78e-03       1.21e+01    
      17             31         2.2198e+03      2.35e-04       2.12e-04       1.21e+01    
      18             33         2.2198e+03      1.18e-04       1.06e-04       1.22e+01    
      19             35         2.2198e+03      5.88e-05       5.29e-05       1.22e+01    
      20             36         2.2198e+03      1.18e-04       1.06e-04       1.22e+01    
      21             39         2.2198e+03      1.47e-05       1.32e-05       1.22e+01    
Both `ftol` and `xtol` termination conditions are satisfied.
Function evaluations 39, initial cost 2.2393e+03, final cost 2.2198e+03, first-order optimality 1.22e+01.
c  K=160  init=perp  [round 0 nfev=93 status=3 (xtol`) cost 2282.924]  [round 1 nfev=40 status=2 (ftol`) cost 2246.224]  [round 2 nfev=44 status=3 (xtol`) cost 2239.285]  [round 3 nfev=39 status=4 (Both) cost 2219.784]
args: {"K": 160, "bend": 30.0, "box_pose": "", "box_rings": "", "box_trace": 0.15, "clear": 5.0, "clear_range": "860:1066-388:483", "dbend": 500.0, "delta": 60.0, "dtwist": 500.0, "edge_fair": 0.0, "edge_w": "", "end_pin": 50.0, "energy_ranges": "", "eps": 1.0, "face_margin": 0.3, "faceon": "", "faces": "docs/ribbon/turns/real/faces_v2.json", "flat": 6.0, "flat_ranges": "340:410,470:560,1140:1240", "flip_guard": 20.0, "fold": "", "fold2": "376:30:20,516:40:20,1188:40:20", "fold_axis": "", "fold_convex": "376:10,516:10,1188:10", "fold_eq": false, "fold_legs": 5.0, "fold_legs_len": "20", "gap": 14.0, "hide": "", "hide_auto": "", "hmax": 25.5, "hmin": 25.5, "init": "perp", "inside": 0.0, "kappa": 2.0, "lam": 15.0, "lam_h": 50.0, "mask": "", "max_nfev": 150, "mu": 300.0, "no_opt": false, "nu_fold": 0.4, "omega": 0.01, "order": 0.0, "out": "docs/ribbon/turns/real/E3/c", "outer": 4, "outline": 0.0, "outline_assign": "nearest", "outline_boxes": "", "outline_drop_near": "", "outline_excl": "", "outline_fixed": false, "outline_incl": "", "outline_loss": "linear", "outline_pose": "", "pin_range": "", "pose": "docs/ribbon/turns/real/E3/b_pose.json", "redge": 24.0, "rim_pose": "", "rim_side_mode": "centre", "rimlines": "", "rmin": 45.0, "roto": "/Users/ashmitkhurana/Development/Personal/portfolio/docs/ribbon/turns/curve/best/roto.npz", "screenw": "", "sigma": 2.0, "trace_w": 0.15, "twist": 30.0, "w_box": 2.0, "w_face": 15.0, "w_hmin": 50.0, "w_redge": 5.0, "w_rim": 0.0, "w_rmin": 5.0, "w_wfloor": 0.0, "wfloor": 0.0, "wfloor_except": "", "wfloor_mode": "perp", "wfloor_ranges": "", "zprior": "docs/ribbon/turns/real/E3/b_pose.json"}

edge residual css px, point-to-polyline (L and R pooled): mean 6.889  p95 21.119  max 43.390

window       edge resid (L,R pooled)                      h min/med/max          median |b.T|  #|c'|<0.6 s0
[   0, 131]  mean  14.94  p95  32.30  max  43.39           25.5/ 25.5/ 25.5      0.107         0
[ 132, 288]  mean   2.07  p95   5.89  max  10.99           25.5/ 25.5/ 25.5      0.483         0
[ 289, 483]  mean   7.48  p95  16.33  max  23.96           25.5/ 25.5/ 25.5      0.380         6
[ 484, 554]  mean  13.23  p95  26.77  max  28.20           25.5/ 25.5/ 25.5      0.378         0
[ 555, 658]  mean   4.26  p95   9.82  max  12.00           25.5/ 25.5/ 25.5      0.103         0
[ 659, 764]  mean   8.19  p95  15.85  max  17.22           25.5/ 25.5/ 25.5      0.687         0
[ 765, 940]  mean   1.96  p95   4.43  max  10.65           25.5/ 25.5/ 25.5      0.155         0
[ 941,1066]  mean  11.89  p95  23.41  max  23.86           25.5/ 25.5/ 25.5      0.288         5
[1067,1298]  mean   4.74  p95  18.46  max  29.42           25.5/ 25.5/ 25.5      0.177         0
worst window by mean: [0,131] 14.94 px

dense (4N=5196 samples) surface normal N=TxB: angle change per sample  max 20.435 deg  p99 2.095 deg
   angle per world px of centreline arclength: max 74.3470 deg/px  (p99 3.7491)
   worst dense samples (t, deg, |b.T|): 380.53, 20.4, 1.000; 380.78, 19.1, 1.000; 380.28, 18.2, 1.000; 383.53, 15.5, 1.000; 381.03, 15.5, 1.000
   dense steps > 3 deg: 44, > 6 deg: 23
ripple (|second difference of unit N| per world px^2, dense): max 1.589e+00  p99 1.686e-02  median 4.572e-04
max |b.T| outside fold windows: 0.980   (inside: 1.000)
GATE: min 3D distance between non-adjacent rings (|i-j|>60, surface samples): 13.98 px; pairs < gap 14.0: 1
GATE: screen-overlap pairs (3 px) 1859, order violations (z_front - z_back < 0): 3, (< gap): 5; unique ring pairs violating: 1
end centreline offset from init: ring0 0.0 px, ring N-1 0.0 px
outside-mockup distance (5 pts across band, css px): mean 0.835  max 24.22  frac>0.5px 0.125
outline residual (css px, matched <=25 px: 1613 of 1634 pts): mean 7.045  p95 18.488  max 24.86
run time: 132.9 s
residual block norms (sum of squares): edge 1065.57, smooth 189.27, jerk 158.08, perp 105.22, dev 182.11, depth 90.15, hsm 0.00, wpr 0.00, speed 8.08, hmin 0.00, hmax 0.00, face 0.00, rmin 3.23, scrw 0.00, wf 0.00, ins 0.00, fcr 18.28, bnd 656.85, twi 12.47, dbn 126.58, dtw 2.32, rmf 119.31, crl 15.10, lgb 95.37, cvx 102.18
