fold2 crease 376 R 30: ds 3.17 n 15 (eq 361..391, ruling 355..397, legs to +-35)
fold2 crease 516 R 40: ds 1.98 n 32 (eq 484..548, ruling 478..554, legs to +-52)
fold2 crease 1188 R 40: ds 2.11 n 30 (eq 1158..1218, ruling 1152..1224, legs to +-50)
face rule: sign_A -1 (tail median N.v -0.991)
init cost 202075021.605, residuals 61065, params 1120
round 0: clearance pairs 973, order pairs 0, residuals 62038
   Iteration     Total nfev        Cost      Cost reduction    Step norm     Optimality   
       0              1         2.0210e+08                                    5.99e+07    
       1              2         1.2230e+06      2.01e+08       2.10e+02       7.41e+06    
       2              3         3.5345e+05      8.70e+05       2.20e+02       8.06e+05    
       3              4         2.4580e+05      1.08e+05       1.31e+02       4.22e+06    
       4              6         8.5736e+04      1.60e+05       4.16e+01       9.78e+05    
       5              7         2.9560e+04      5.62e+04       7.55e+01       2.62e+04    
       6              9         1.8707e+04      1.09e+04       1.84e+01       1.62e+04    
       7             10         8.7602e+03      9.95e+03       5.16e+01       5.58e+03    
       8             11         6.0170e+03      2.74e+03       5.45e+01       6.69e+03    
       9             13         5.3403e+03      6.77e+02       2.05e+01       2.28e+03    
      10             14         4.5856e+03      7.55e+02       4.21e+01       3.92e+04    
      11             16         4.1379e+03      4.48e+02       1.78e+01       5.99e+03    
      12             18         3.9484e+03      1.89e+02       9.21e+00       6.64e+03    
      13             19         3.7204e+03      2.28e+02       2.33e+01       1.39e+04    
      14             20         3.5689e+03      1.51e+02       2.53e+01       3.05e+05    
      15             22         3.4145e+03      1.54e+02       8.90e+00       1.05e+04    
      16             24         3.3649e+03      4.96e+01       3.52e+00       6.91e+03    
      17             25         3.2650e+03      9.99e+01       4.31e+00       2.90e+03    
      18             27         3.2448e+03      2.02e+01       1.23e+00       1.59e+03    
      19             29         3.2305e+03      1.43e+01       6.75e-01       1.21e+03    
      20             32         3.2301e+03      4.60e-01       9.04e-02       3.07e+03    
      21             33         3.2289e+03      1.17e+00       1.61e-02       1.69e+03    
      22             34         3.2274e+03      1.54e+00       4.98e-02       1.04e+03    
      23             35         3.2261e+03      1.26e+00       1.04e-01       9.26e+02    
      24             36         3.2232e+03      2.90e+00       1.96e-01       7.34e+02    
      25             37         3.2188e+03      4.42e+00       3.67e-01       4.93e+02    
      26             38         3.2119e+03      6.83e+00       6.31e-01       5.84e+02    
      27             39         3.2035e+03      8.45e+00       9.02e-01       3.94e+02    
      28             40         3.1917e+03      1.18e+01       1.47e+00       6.67e+02    
      29             41         3.1770e+03      1.47e+01       1.95e+00       7.14e+02    
      30             42         3.1585e+03      1.86e+01       2.17e+00       1.09e+03    
      31             43         3.1319e+03      2.66e+01       2.58e+00       6.29e+02    
      32             44         3.0930e+03      3.89e+01       3.57e+00       2.14e+03    
      33             45         3.0288e+03      6.42e+01       6.18e+00       1.51e+04    
      34             46         2.9822e+03      4.66e+01       1.17e+01       1.46e+05    
      35             48         2.9545e+03      2.77e+01       5.75e+00       7.62e+04    
      36             49         2.8638e+03      9.07e+01       4.91e+00       1.84e+04    
      37             51         2.8374e+03      2.64e+01       1.77e+00       3.37e+03    
      38             54         2.8337e+03      3.74e+00       2.82e-01       4.54e+03    
      39             55         2.8271e+03      6.57e+00       3.61e-01       1.82e+03    
      40             56         2.8209e+03      6.15e+00       6.22e-01       6.39e+02    
      41             57         2.8149e+03      6.08e+00       8.35e-01       6.72e+02    
      42             58         2.8081e+03      6.76e+00       1.20e+00       7.30e+02    
      43             59         2.8004e+03      7.74e+00       1.20e+00       6.85e+02    
      44             60         2.7915e+03      8.82e+00       1.27e+00       1.34e+03    
      45             61         2.7806e+03      1.10e+01       1.57e+00       4.84e+03    
      46             67         2.7804e+03      2.32e-01       3.03e-02       2.04e+03    
      47             68         2.7797e+03      6.87e-01       4.38e-02       1.46e+03    
      48             69         2.7789e+03      7.55e-01       9.97e-02       9.88e+02    
      49             70         2.7773e+03      1.58e+00       1.89e-01       6.21e+02    
      50             71         2.7756e+03      1.76e+00       2.87e-01       5.18e+02    
      51             72         2.7741e+03      1.43e+00       4.59e-01       4.52e+02    
      52             73         2.7705e+03      3.63e+00       4.54e-01       3.96e+02    
      53             74         2.7697e+03      7.72e-01       7.21e-01       4.54e+02    
      54             75         2.7662e+03      3.51e+00       2.89e-01       2.97e+02    
      55             76         2.7645e+03      1.71e+00       4.75e-01       4.97e+02    
      56             77         2.7619e+03      2.65e+00       6.91e-01       2.50e+02    
      57             78         2.7592e+03      2.66e+00       9.51e-01       5.19e+02    
      58             79         2.7540e+03      5.22e+00       8.92e-01       2.70e+02    
      59             80         2.7507e+03      3.33e+00       9.42e-01       5.40e+02    
      60             81         2.7444e+03      6.23e+00       8.57e-01       7.97e+02    
      61             82         2.7418e+03      2.62e+00       9.46e-01       2.11e+03    
      62             83         2.7335e+03      8.33e+00       9.72e-01       3.08e+03    
      63             84         2.7281e+03      5.42e+00       1.63e+00       1.49e+04    
      64             85         2.7158e+03      1.23e+01       3.67e+00       3.05e+04    
      65             88         2.7124e+03      3.44e+00       4.23e-01       6.87e+03    
      66             89         2.7055e+03      6.84e+00       1.60e+00       1.49e+03    
      67             90         2.7029e+03      2.59e+00       7.20e-01       1.28e+03    
      68             91         2.7011e+03      1.85e+00       4.84e-01       1.27e+03    
      69             92         2.6992e+03      1.87e+00       5.20e-01       1.45e+03    
      70             93         2.6967e+03      2.49e+00       4.99e-01       1.58e+03    
      71             94         2.6913e+03      5.38e+00       9.22e-01       2.12e+03    
      72             95         2.6825e+03      8.83e+00       1.84e+00       5.58e+03    
      73             101        2.6825e+03      4.49e-02       3.81e-02       2.17e+03    
      74             102        2.6822e+03      2.50e-01       4.94e-03       1.87e+03    
      75             103        2.6821e+03      1.44e-01       2.24e-02       1.61e+03    
      76             104        2.6819e+03      1.48e-01       5.00e-02       1.21e+03    
      77             105        2.6817e+03      2.12e-01       8.51e-02       9.47e+02    
      78             106        2.6811e+03      5.97e-01       1.10e-01       8.79e+02    
      79             107        2.6810e+03      1.14e-01       1.62e-01       8.11e+02    
      80             108        2.6809e+03      9.26e-02       1.54e-01       7.70e+02    
      81             109        2.6804e+03      4.80e-01       6.82e-02       7.00e+02    
      82             110        2.6802e+03      2.49e-01       1.06e-01       6.46e+02    
      83             111        2.6801e+03      5.42e-02       1.45e-01       6.12e+02    
      84             112        2.6797e+03      4.63e-01       6.50e-02       5.68e+02    
      85             114        2.6796e+03      6.21e-02       2.72e-02       5.37e+02    
      86             117        2.6796e+03      1.09e-02       4.26e-03       5.27e+02    
      87             120        2.6796e+03      1.49e-03       7.70e-04       5.23e+02    
      88             122        2.6796e+03      7.40e-04       3.87e-04       5.21e+02    
      89             124        2.6796e+03      3.69e-04       1.94e-04       5.20e+02    
      90             126        2.6796e+03      1.84e-04       9.68e-05       5.19e+02    
      91             128        2.6796e+03      9.19e-05       4.84e-05       5.19e+02    
      92             130        2.6796e+03      0.00e+00       0.00e+00       5.19e+02    
`xtol` termination condition is satisfied.
Function evaluations 130, initial cost 2.0210e+08, final cost 2.6796e+03, first-order optimality 5.19e+02.
round 1: clearance pairs 420, order pairs 0, residuals 61485
   Iteration     Total nfev        Cost      Cost reduction    Step norm     Optimality   
       0              1         2.7178e+03                                    5.21e+02    
       1              4         2.6484e+03      6.94e+01       7.17e+00       1.62e+03    
       2              5         2.5385e+03      1.10e+02       2.15e+01       1.10e+03    
       3              7         2.5240e+03      1.45e+01       8.75e+00       2.99e+03    
       4              8         2.4983e+03      2.57e+01       9.61e+00       3.31e+03    
       5              9         2.4733e+03      2.51e+01       1.60e+01       3.04e+03    
       6             12         2.4694e+03      3.89e+00       1.99e+00       8.39e+02    
       7             14         2.4667e+03      2.63e+00       9.85e-01       2.38e+02    
       8             16         2.4667e+03      5.80e-02       4.59e-01       2.80e+02    
       9             18         2.4666e+03      7.89e-02       3.71e-02       2.48e+02    
      10             19         2.4665e+03      1.39e-01       7.63e-02       1.92e+02    
      11             22         2.4665e+03      1.62e-02       9.41e-03       1.85e+02    
      12             23         2.4664e+03      3.17e-02       1.90e-02       1.73e+02    
      13             25         2.4664e+03      1.56e-02       9.48e-03       1.67e+02    
      14             30         2.4664e+03      1.20e-04       7.43e-05       1.67e+02    
      15             32         2.4664e+03      6.02e-05       3.71e-05       1.67e+02    
      16             33         2.4664e+03      1.20e-04       7.43e-05       1.67e+02    
      17             36         2.4664e+03      1.50e-05       9.29e-06       1.67e+02    
Both `ftol` and `xtol` termination conditions are satisfied.
Function evaluations 36, initial cost 2.7178e+03, final cost 2.4664e+03, first-order optimality 1.67e+02.
round 2: clearance pairs 429, order pairs 0, residuals 61494
   Iteration     Total nfev        Cost      Cost reduction    Step norm     Optimality   
       0              1         2.4664e+03                                    1.67e+02    
       1              3         2.4601e+03      6.30e+00       2.00e+01       6.58e+02    
       2              6         2.4576e+03      2.50e+00       1.51e+00       2.30e+02    
       3              7         2.4541e+03      3.46e+00       3.13e+00       2.10e+02    
       4             10         2.4536e+03      5.33e-01       3.35e-01       1.50e+01    
       5             11         2.4530e+03      5.68e-01       3.51e-01       1.14e+01    
       6             12         2.4523e+03      7.19e-01       6.87e-01       1.98e+01    
       7             13         2.4516e+03      7.65e-01       1.47e+00       8.50e+01    
       8             15         2.4515e+03      5.37e-02       4.11e-01       3.57e+02    
       9             16         2.4510e+03      5.12e-01       1.18e-01       9.07e+01    
      10             18         2.4509e+03      1.01e-01       4.88e-02       1.35e+01    
      11             21         2.4509e+03      7.85e-03       5.72e-03       1.10e+01    
      12             23         2.4509e+03      3.60e-03       2.82e-03       9.96e+00    
      13             25         2.4509e+03      1.74e-03       1.40e-03       9.48e+00    
      14             27         2.4509e+03      8.59e-04       6.99e-04       9.26e+00    
      15             28         2.4509e+03      1.70e-03       1.39e-03       8.84e+00    
      16             30         2.4509e+03      8.37e-04       6.94e-04       8.76e+00    
      17             34         2.4509e+03      2.60e-05       2.17e-05       8.76e+00    
`xtol` termination condition is satisfied.
Function evaluations 34, initial cost 2.4664e+03, final cost 2.4509e+03, first-order optimality 8.76e+00.
round 3: clearance pairs 466, order pairs 0, residuals 61531
   Iteration     Total nfev        Cost      Cost reduction    Step norm     Optimality   
       0              1         2.4509e+03                                    8.76e+00    
       1              3         2.4458e+03      5.10e+00       1.42e+01       1.07e+02    
       2              5         2.4438e+03      1.95e+00       7.77e+00       1.01e+02    
       3              7         2.4432e+03      6.62e-01       1.22e+00       6.60e+01    
       4              8         2.4406e+03      2.52e+00       2.40e+00       2.77e+02    
       5              9         2.4393e+03      1.37e+00       4.51e+00       1.76e+02    
       6             10         2.4353e+03      3.94e+00       4.14e+00       2.48e+01    
       7             12         2.4352e+03      9.12e-02       1.44e+00       2.13e+01    
       8             14         2.4351e+03      1.18e-01       2.70e-01       1.63e+01    
       9             15         2.4350e+03      1.15e-01       1.85e-01       1.71e+01    
      10             20         2.4350e+03      1.17e-03       2.05e-03       1.70e+01    
      11             22         2.4350e+03      5.77e-04       1.01e-03       1.70e+01    
      12             24         2.4350e+03      2.87e-04       5.03e-04       1.70e+01    
      13             26         2.4350e+03      1.43e-04       2.51e-04       1.70e+01    
      14             27         2.4350e+03      2.85e-04       5.01e-04       1.70e+01    
      15             30         2.4350e+03      3.55e-05       6.25e-05       1.70e+01    
      16             31         2.4350e+03      7.10e-05       1.25e-04       1.70e+01    
      17             34         2.4350e+03      8.87e-06       1.56e-05       1.70e+01    
Both `ftol` and `xtol` termination conditions are satisfied.
Function evaluations 34, initial cost 2.4509e+03, final cost 2.4350e+03, first-order optimality 1.70e+01.
a  K=160  init=perp  [round 0 nfev=130 status=3 (xtol`) cost 2679.587]  [round 1 nfev=36 status=4 (Both) cost 2466.405]  [round 2 nfev=34 status=3 (xtol`) cost 2450.870]  [round 3 nfev=34 status=4 (Both) cost 2434.993]
args: {"K": 160, "bend": 30.0, "box_pose": "", "box_rings": "", "box_trace": 0.15, "clear": 5.0, "clear_range": "860:1066-388:483", "dbend": 500.0, "delta": 60.0, "dtwist": 500.0, "edge_fair": 0.0, "edge_w": "", "end_pin": 50.0, "energy_ranges": "", "eps": 0.3, "face_margin": 0.3, "faceon": "", "faces": "docs/ribbon/turns/real/faces_v2.json", "flat": 6.0, "flat_ranges": "340:410,470:560,1140:1240", "flip_guard": 20.0, "fold": "", "fold2": "376:30:20,516:40:20,1188:40:20", "fold_axis": "", "fold_convex": "376:10,516:10,1188:10", "fold_eq": false, "fold_legs": 5.0, "fold_legs_len": "20", "gap": 14.0, "hide": "", "hide_auto": "", "hmax": 25.5, "hmin": 25.5, "init": "perp", "inside": 0.0, "kappa": 2.0, "lam": 15.0, "lam_h": 50.0, "mask": "", "max_nfev": 150, "mu": 300.0, "no_opt": false, "nu_fold": 0.4, "omega": 0.01, "order": 0.0, "out": "docs/ribbon/turns/real/E3/a", "outer": 4, "outline": 0.0, "outline_assign": "nearest", "outline_boxes": "", "outline_drop_near": "", "outline_excl": "", "outline_fixed": false, "outline_incl": "", "outline_loss": "linear", "outline_pose": "", "pin_range": "", "pose": "docs/ribbon/turns/fit/kk4/pose.json", "redge": 24.0, "rim_pose": "", "rim_side_mode": "centre", "rimlines": "", "rmin": 45.0, "roto": "/Users/ashmitkhurana/Development/Personal/portfolio/docs/ribbon/turns/curve/best/roto.npz", "screenw": "", "sigma": 2.0, "trace_w": 0.15, "twist": 30.0, "w_box": 2.0, "w_face": 15.0, "w_hmin": 50.0, "w_redge": 5.0, "w_rim": 0.0, "w_rmin": 5.0, "w_wfloor": 0.0, "wfloor": 0.0, "wfloor_except": "", "wfloor_mode": "perp", "wfloor_ranges": "", "zprior": "docs/ribbon/turns/fit/kk4/pose.json"}

edge residual css px, point-to-polyline (L and R pooled): mean 6.736  p95 20.778  max 43.401

window       edge resid (L,R pooled)                      h min/med/max          median |b.T|  #|c'|<0.6 s0
[   0, 131]  mean  14.93  p95  32.31  max  43.40           25.5/ 25.5/ 25.5      0.139         2
[ 132, 288]  mean   1.41  p95   4.54  max  10.08           25.5/ 25.5/ 25.5      0.383         0
[ 289, 483]  mean   7.00  p95  14.97  max  22.87           25.5/ 25.5/ 25.5      0.425         35
[ 484, 554]  mean  13.75  p95  32.20  max  34.19           25.5/ 25.5/ 25.5      0.380         0
[ 555, 658]  mean   3.89  p95   9.41  max  12.46           25.5/ 25.5/ 25.5      0.063         0
[ 659, 764]  mean   7.98  p95  14.72  max  15.46           25.5/ 25.5/ 25.5      0.586         0
[ 765, 940]  mean   2.00  p95   5.92  max  12.45           25.5/ 25.5/ 25.5      0.161         2
[ 941,1066]  mean  11.34  p95  22.47  max  23.48           25.5/ 25.5/ 25.5      0.288         14
[1067,1298]  mean   5.11  p95  17.18  max  27.37           25.5/ 25.5/ 25.5      0.251         30
worst window by mean: [0,131] 14.93 px

dense (4N=5196 samples) surface normal N=TxB: angle change per sample  max 21.756 deg  p99 2.333 deg
   angle per world px of centreline arclength: max 85.1278 deg/px  (p99 6.0459)
   worst dense samples (t, deg, |b.T|): 381.28, 21.8, 1.000; 381.53, 21.5, 1.000; 381.03, 15.8, 1.000; 381.78, 15.2, 1.000; 384.53, 14.1, 1.000
   dense steps > 3 deg: 38, > 6 deg: 25
ripple (|second difference of unit N| per world px^2, dense): max 2.282e+00  p99 5.750e-02  median 4.637e-04
max |b.T| outside fold windows: 0.878   (inside: 1.000)
GATE: min 3D distance between non-adjacent rings (|i-j|>60, surface samples): 13.98 px; pairs < gap 14.0: 1
GATE: screen-overlap pairs (3 px) 1771, order violations (z_front - z_back < 0): 0, (< gap): 1; unique ring pairs violating: 0
end centreline offset from init: ring0 0.0 px, ring N-1 0.0 px
outside-mockup distance (5 pts across band, css px): mean 0.932  max 24.56  frac>0.5px 0.130
outline residual (css px, matched <=25 px: 1614 of 1634 pts): mean 6.752  p95 17.423  max 24.98
run time: 198.1 s
residual block norms (sum of squares): edge 1061.17, smooth 184.53, jerk 145.69, perp 96.64, dev 165.39, depth 626.01, hsm 0.00, wpr 0.00, speed 93.61, hmin 0.00, hmax 0.00, face 0.00, rmin 5.69, scrw 0.00, wf 0.00, ins 0.00, fcr 40.61, bnd 659.41, twi 8.59, dbn 154.77, dtw 2.10, rmf 135.17, crl 14.99, lgb 66.99, cvx 82.79
