DPR2 canvases 780x1688 780x1688
DPR3 canvases 1170x2532 1170x2532
crop_apex.png  136376 B
crop_bottomk.png  256840 B
crop_endstrand.png  163038 B
crop_farleft.png  187524 B
crop_junction.png  103646 B
crop_scurve.png  219980 B
crop_topk.png  178158 B
crop_wrap.png  298038 B
hero.png  1337224 B
ribbon.png  1367686 B
ribbon_crop_apex.png  141503 B
ribbon_crop_bottomk.png  256840 B
ribbon_crop_endstrand.png  163038 B
ribbon_crop_farleft.png  187524 B
ribbon_crop_junction.png  103646 B
ribbon_crop_scurve.png  219980 B
ribbon_crop_topk.png  178158 B
ribbon_crop_wrap.png  298038 B
