curl rings 340..405 R 30 w 30.0
curl rings 488..552 R 40 w 30.0
curl rings 700..790 R 45 w 30.0
curl rings 925..1025 R 30 w 30.0
curl rings 1160..1230 R 45 w 30.0
face rule: sign_A -1 (tail median N.v -0.995)
init cost 23464654.902, residuals 59766, params 1120
round 0: clearance pairs 189, order pairs 0, residuals 59955
   Iteration     Total nfev        Cost      Cost reduction    Step norm     Optimality   
       0              1         2.3465e+07                                    2.64e+08    
       1              2         1.0763e+06      2.24e+07       1.19e+02       8.98e+06    
       2              5         5.4516e+05      5.31e+05       1.80e+01       3.34e+06    
       3              6         1.5365e+05      3.92e+05       8.12e+01       4.35e+05    
       4              7         1.5089e+05      2.76e+03       8.61e+01       2.04e+06    
       5              8         6.2421e+04      8.85e+04       2.48e+01       2.46e+05    
       6              9         3.6556e+04      2.59e+04       3.00e+01       5.23e+04    
       7             10         2.5984e+04      1.06e+04       2.85e+01       3.10e+04    
       8             11         1.8213e+04      7.77e+03       3.14e+01       1.75e+04    
       9             13         1.6129e+04      2.08e+03       8.67e+00       1.42e+04    
      10             14         1.2596e+04      3.53e+03       1.75e+01       8.71e+03    
      11             15         9.0004e+03      3.60e+03       3.16e+01       3.67e+03    
      12             17         7.6157e+03      1.38e+03       1.42e+01       2.50e+03    
      13             18         5.6474e+03      1.97e+03       2.76e+01       5.50e+03    
      14             20         4.7591e+03      8.88e+02       1.60e+01       1.46e+03    
      15             21         3.4971e+03      1.26e+03       3.07e+01       1.14e+04    
      16             23         2.9088e+03      5.88e+02       1.45e+01       1.24e+03    
      17             25         2.7555e+03      1.53e+02       6.29e+00       1.13e+03    
      18             26         2.3154e+03      4.40e+02       2.05e+01       3.95e+03    
      19             29         2.2707e+03      4.47e+01       1.81e+00       8.53e+02    
      20             30         2.1823e+03      8.84e+01       7.84e+00       8.31e+02    
      21             31         2.0724e+03      1.10e+02       9.10e+00       7.86e+02    
      22             32         1.8935e+03      1.79e+02       1.57e+01       7.17e+02    
      23             35         1.8736e+03      1.98e+01       1.80e+00       7.08e+02    
      24             37         1.8644e+03      9.21e+00       1.03e+00       7.04e+02    
      25             38         1.8436e+03      2.08e+01       3.38e+00       6.95e+02    
      26             39         1.8096e+03      3.41e+01       3.47e+00       6.79e+02    
      27             40         1.7478e+03      6.18e+01       6.76e+00       6.49e+02    
      28             43         1.7406e+03      7.15e+00       9.53e-01       6.44e+02    
      29             44         1.7259e+03      1.47e+01       2.26e+00       6.34e+02    
      30             45         1.6994e+03      2.65e+01       3.54e+00       6.14e+02    
      31             46         1.6513e+03      4.81e+01       4.28e+00       5.82e+02    
      32             47         1.5733e+03      7.80e+01       7.59e+00       5.12e+02    
      33             51         1.5708e+03      2.48e+00       3.71e-01       5.10e+02    
      34             52         1.5661e+03      4.70e+00       6.17e-01       5.05e+02    
      35             53         1.5573e+03      8.74e+00       9.59e-01       4.95e+02    
      36             54         1.5406e+03      1.67e+01       1.90e+00       4.78e+02    
      37             55         1.5096e+03      3.10e+01       3.80e+00       4.45e+02    
      38             56         1.4574e+03      5.22e+01       7.56e+00       3.94e+02    
      39             60         1.4564e+03      1.02e+00       5.79e-01       3.91e+02    
      40             61         1.4513e+03      5.17e+00       2.81e+00       3.73e+02    
      41             62         1.4485e+03      2.79e+00       5.68e-01       3.70e+02    
      42             63         1.4430e+03      5.42e+00       1.07e+00       3.64e+02    
      43             64         1.4326e+03      1.04e+01       1.92e+00       3.52e+02    
      44             65         1.4134e+03      1.92e+01       3.53e+00       3.31e+02    
      45             66         1.3797e+03      3.38e+01       7.08e+00       2.99e+02    
      46             71         1.3795e+03      1.55e-01       2.05e-01       2.99e+02    
      47             72         1.3782e+03      1.32e+00       1.26e+00       2.90e+02    
      48             73         1.3775e+03      6.34e-01       3.89e-01       2.89e+02    
      49             74         1.3766e+03      9.70e-01       2.28e-01       2.88e+02    
      50             75         1.3747e+03      1.91e+00       4.25e-01       2.86e+02    
      51             76         1.3709e+03      3.77e+00       8.75e-01       2.83e+02    
      52             77         1.3636e+03      7.31e+00       1.59e+00       2.76e+02    
      53             78         1.3497e+03      1.39e+01       3.26e+00       2.61e+02    
      54             79         1.3235e+03      2.61e+01       7.48e+00       2.34e+02    
      55             80         1.2873e+03      3.62e+01       1.34e+01       2.81e+02    
      56             85         1.2863e+03      9.73e-01       1.85e-01       2.75e+02    
      57             86         1.2847e+03      1.58e+00       9.36e-01       2.63e+02    
      58             87         1.2844e+03      2.94e-01       4.73e-01       2.59e+02    
      59             88         1.2836e+03      8.38e-01       3.67e-01       2.55e+02    
      60             89         1.2833e+03      2.74e-01       1.89e-01       2.53e+02    
      61             90         1.2824e+03      8.92e-01       1.85e-01       2.51e+02    
      62             91         1.2820e+03      4.70e-01       3.53e-01       2.47e+02    
      63             92         1.2803e+03      1.70e+00       3.76e-01       2.44e+02    
      64             93         1.2788e+03      1.44e+00       7.26e-01       2.36e+02    
      65             94         1.2762e+03      2.59e+00       7.86e-01       2.30e+02    
      66             95         1.2729e+03      3.33e+00       1.04e+00       2.20e+02    
      67             96         1.2657e+03      7.19e+00       2.05e+00       2.07e+02    
      68             97         1.2529e+03      1.28e+01       4.00e+00       1.95e+02    
      69             98         1.2418e+03      1.11e+01       1.13e+01       8.65e+02    
      70             103        1.2413e+03      5.20e-01       1.69e-01       4.82e+02    
      71             104        1.2385e+03      2.78e+00       8.66e-01       3.03e+02    
      72             105        1.2340e+03      4.47e+00       1.22e+00       2.14e+02    
      73             106        1.2323e+03      1.70e+00       4.10e-01       2.75e+02    
      74             107        1.2307e+03      1.59e+00       3.78e-01       2.04e+02    
      75             108        1.2283e+03      2.45e+00       6.53e-01       2.05e+02    
      76             109        1.2241e+03      4.12e+00       1.76e+00       1.90e+02    
      77             110        1.2189e+03      5.27e+00       3.07e+00       1.79e+02    
      78             111        1.2102e+03      8.70e+00       3.95e+00       1.72e+02    
      79             113        1.2083e+03      1.91e+00       4.00e+00       1.71e+02    
      80             115        1.2062e+03      2.06e+00       2.39e+00       1.70e+02    
      81             116        1.2050e+03      1.25e+00       1.15e+00       1.69e+02    
      82             117        1.2031e+03      1.91e+00       7.56e-01       1.67e+02    
      83             118        1.1988e+03      4.27e+00       1.64e+00       1.64e+02    
      84             119        1.1938e+03      4.93e+00       4.94e+00       1.53e+02    
      85             121        1.1906e+03      3.24e+00       5.20e+00       1.52e+02    
      86             122        1.1888e+03      1.77e+00       1.82e+00       1.52e+02    
      87             123        1.1867e+03      2.17e+00       4.54e+00       1.50e+02    
      88             124        1.1863e+03      3.97e-01       6.60e+00       1.74e+02    
      89             125        1.1836e+03      2.70e+00       2.75e+00       1.48e+02    
      90             126        1.1823e+03      1.26e+00       1.86e+00       1.48e+02    
      91             127        1.1813e+03      9.51e-01       4.83e-01       1.47e+02    
      92             128        1.1795e+03      1.86e+00       7.28e-01       1.46e+02    
      93             129        1.1759e+03      3.60e+00       1.37e+00       1.44e+02    
      94             130        1.1690e+03      6.87e+00       2.88e+00       2.01e+02    
      95             131        1.1649e+03      4.09e+00       9.04e+00       1.26e+04    
      96             133        1.1580e+03      6.94e+00       1.25e+01       2.22e+03    
      97             135        1.1564e+03      1.55e+00       2.07e+00       6.92e+02    
      98             136        1.1547e+03      1.75e+00       2.01e+00       8.11e+02    
      99             137        1.1540e+03      6.65e-01       6.09e+00       8.58e+02    
      100            138        1.1519e+03      2.13e+00       2.00e+00       8.67e+02    
      101            139        1.1512e+03      6.97e-01       4.27e+00       3.46e+02    
      102            140        1.1503e+03      9.50e-01       1.30e+00       6.04e+02    
      103            141        1.1498e+03      4.34e-01       1.51e+00       2.32e+02    
      104            142        1.1491e+03      7.04e-01       5.09e-01       5.46e+02    
      105            143        1.1477e+03      1.37e+00       1.53e+00       3.25e+02    
      106            144        1.1451e+03      2.61e+00       1.15e+00       4.04e+02    
      107            145        1.1402e+03      4.90e+00       2.50e+00       4.59e+02    
      108            147        1.1388e+03      1.45e+00       4.20e+00       3.74e+02    
      109            149        1.1377e+03      1.13e+00       3.21e+00       7.62e+02    
      110            150        1.1367e+03      9.32e-01       5.73e-01       1.85e+02    
The maximum number of function evaluations is exceeded.
Function evaluations 150, initial cost 2.3465e+07, final cost 1.1367e+03, first-order optimality 1.85e+02.
round 1: clearance pairs 223, order pairs 0, residuals 59989
   Iteration     Total nfev        Cost      Cost reduction    Step norm     Optimality   
       0              1         1.1367e+03                                    1.85e+02    
       1              3         1.1060e+03      3.07e+01       9.87e+00       5.16e+02    
       2              4         1.0717e+03      3.44e+01       9.88e+00       9.10e+02    
       3              7         1.0602e+03      1.15e+01       4.61e-01       2.53e+03    
       4              8         1.0493e+03      1.09e+01       1.31e+00       5.23e+02    
       5              9         1.0430e+03      6.28e+00       1.93e+00       1.01e+02    
       6             10         1.0356e+03      7.38e+00       4.28e+00       1.64e+02    
       7             11         1.0252e+03      1.04e+01       7.39e+00       1.44e+02    
       8             13         1.0239e+03      1.35e+00       5.05e+00       9.36e+01    
       9             14         1.0222e+03      1.64e+00       7.90e+00       1.70e+02    
      10             15         1.0203e+03      1.86e+00       1.80e+00       3.84e+01    
      11             16         1.0202e+03      1.46e-01       1.69e+00       1.36e+02    
      12             17         1.0192e+03      1.04e+00       1.41e+00       4.26e+01    
      13             19         1.0189e+03      2.72e-01       4.67e-01       4.36e+01    
      14             20         1.0188e+03      4.97e-02       2.80e-01       4.39e+01    
      15             21         1.0188e+03      4.13e-02       2.51e-01       4.40e+01    
      16             22         1.0188e+03      3.57e-02       2.69e-01       4.42e+01    
      17             23         1.0187e+03      3.51e-02       2.88e-01       4.44e+01    
      18             24         1.0187e+03      3.07e-02       3.14e-01       4.47e+01    
      19             25         1.0187e+03      3.14e-02       3.43e-01       4.50e+01    
      20             27         1.0186e+03      2.57e-02       1.16e-01       4.52e+01    
      21             29         1.0186e+03      8.10e-03       3.36e-02       4.53e+01    
      22             31         1.0186e+03      3.61e-03       1.05e-02       4.53e+01    
      23             33         1.0186e+03      1.75e-03       4.27e-03       4.53e+01    
      24             34         1.0186e+03      3.44e-03       7.61e-03       4.53e+01    
      25             37         1.0186e+03      4.25e-04       8.09e-04       4.53e+01    
      26             39         1.0186e+03      2.12e-04       3.98e-04       4.53e+01    
      27             41         1.0186e+03      1.06e-04       1.97e-04       4.53e+01    
      28             42         1.0186e+03      2.12e-04       3.92e-04       4.53e+01    
      29             46         1.0186e+03      6.62e-06       1.22e-05       4.53e+01    
Both `ftol` and `xtol` termination conditions are satisfied.
Function evaluations 46, initial cost 1.1367e+03, final cost 1.0186e+03, first-order optimality 4.53e+01.
round 2: clearance pairs 229, order pairs 0, residuals 59995
   Iteration     Total nfev        Cost      Cost reduction    Step norm     Optimality   
       0              1         1.0186e+03                                    4.53e+01    
       1             12         1.0186e+03      3.27e-05       6.88e-05       4.53e+01    
       2             15         1.0186e+03      4.09e-06       8.57e-06       4.53e+01    
Both `ftol` and `xtol` termination conditions are satisfied.
Function evaluations 15, initial cost 1.0186e+03, final cost 1.0186e+03, first-order optimality 4.53e+01.
round 3: clearance pairs 229, order pairs 0, residuals 59995
   Iteration     Total nfev        Cost      Cost reduction    Step norm     Optimality   
       0              1         1.0186e+03                                    4.53e+01    
       1             13         1.0186e+03      0.00e+00       0.00e+00       4.53e+01    
`xtol` termination condition is satisfied.
Function evaluations 13, initial cost 1.0186e+03, final cost 1.0186e+03, first-order optimality 4.53e+01.
c  K=160  init=perp  [round 0 nfev=150 status=0 (The) cost 1136.724]  [round 1 nfev=46 status=4 (Both) cost 1018.624]  [round 2 nfev=15 status=4 (Both) cost 1018.624]  [round 3 nfev=13 status=3 (xtol`) cost 1018.624]
args: {"K": 160, "bend": 30.0, "box_pose": "", "box_rings": "", "box_trace": 0.15, "clear": 5.0, "clear_range": "860:1066-388:483", "curl": "340:405:30:30,488:552:40:30,700:790:45:30,925:1025:30:30,1160:1230:45:30", "dbend": 500.0, "delta": 60.0, "dtwist": 500.0, "edge_fair": 0.0, "edge_w": "", "end_pin": 50.0, "energy_ranges": "", "eps": 1.0, "face_margin": 0.3, "faceon": "925:1025:20", "faces": "docs/ribbon/turns/real/faces.json", "flat": 0.0, "flat_ranges": "", "flip_guard": 20.0, "fold": "", "fold2": "", "fold_axis": "", "fold_convex": "", "fold_eq": false, "fold_legs": 5.0, "fold_legs_len": "20", "gap": 14.0, "hide": "", "hide_auto": "", "hmax": 25.5, "hmin": 25.5, "init": "perp", "inside": 0.0, "kappa": 2.0, "lam": 15.0, "lam_h": 50.0, "mask": "", "max_nfev": 150, "mu": 300.0, "no_opt": false, "nu_fold": 0.4, "omega": 0.01, "order": 0.0, "out": "docs/ribbon/turns/real/H1/c", "outer": 4, "outline": 0.0, "outline_assign": "nearest", "outline_boxes": "", "outline_drop_near": "", "outline_excl": "", "outline_fixed": false, "outline_incl": "", "outline_loss": "linear", "outline_pose": "", "pin_range": "", "pose": "docs/ribbon/turns/real/H1/b_pose.json", "redge": 24.0, "rim_pose": "", "rim_side_mode": "centre", "rimlines": "", "rmin": 45.0, "roto": "/Users/ashmitkhurana/Development/Personal/portfolio/docs/ribbon/turns/curve/best/roto.npz", "screenw": "", "sigma": 2.0, "trace_w": 0.15, "twist": 30.0, "w_box": 2.0, "w_face": 15.0, "w_hmin": 50.0, "w_redge": 5.0, "w_rim": 0.0, "w_rmin": 5.0, "w_wfloor": 0.0, "wfloor": 0.0, "wfloor_except": "", "wfloor_mode": "perp", "wfloor_ranges": "", "zprior": "docs/ribbon/turns/real/H1/b_pose.json"}

edge residual css px, point-to-polyline (L and R pooled): mean 6.693  p95 30.209  max 48.009

window       edge resid (L,R pooled)                      h min/med/max          median |b.T|  #|c'|<0.6 s0
[   0, 131]  mean  14.89  p95  32.29  max  43.38           25.5/ 25.5/ 25.5      0.129         0
[ 132, 288]  mean   1.94  p95   4.81  max  11.47           25.5/ 25.5/ 25.5      0.384         0
[ 289, 483]  mean   4.65  p95  13.71  max  15.23           25.5/ 25.5/ 25.5      0.130         6
[ 484, 554]  mean   0.90  p95   2.40  max   2.52           25.5/ 25.5/ 25.5      0.001         1
[ 555, 658]  mean   1.18  p95   2.82  max   3.16           25.5/ 25.5/ 25.5      0.214         0
[ 659, 764]  mean  10.94  p95  33.02  max  35.68           25.5/ 25.5/ 25.5      0.007         3
[ 765, 940]  mean   4.90  p95  19.81  max  27.97           25.5/ 25.5/ 25.5      0.067         0
[ 941,1066]  mean  21.64  p95  44.29  max  48.01           25.5/ 25.5/ 25.5      0.005         4
[1067,1298]  mean   2.50  p95   6.81  max   8.15           25.5/ 25.5/ 25.5      0.035         22
worst window by mean: [941,1066] 21.64 px

dense (4N=5196 samples) surface normal N=TxB: angle change per sample  max 1.819 deg  p99 1.334 deg
   angle per world px of centreline arclength: max 3.1055 deg/px  (p99 1.8816)
   worst dense samples (t, deg, |b.T|): 198.39, 1.8, 0.960; 198.64, 1.8, 0.960; 198.14, 1.8, 0.960; 198.89, 1.8, 0.960; 199.13, 1.8, 0.960
   dense steps > 3 deg: 0, > 6 deg: 0
ripple (|second difference of unit N| per world px^2, dense): max 8.781e-03  p99 3.505e-03  median 4.631e-04
max |b.T| outside fold windows: 0.707   (inside: 0.960)
GATE: min 3D distance between non-adjacent rings (|i-j|>60, surface samples): 13.94 px; pairs < gap 14.0: 2
GATE: screen-overlap pairs (3 px) 1341, order violations (z_front - z_back < 0): 0, (< gap): 4; unique ring pairs violating: 0
end centreline offset from init: ring0 0.0 px, ring N-1 0.0 px
outside-mockup distance (5 pts across band, css px): mean 1.191  max 36.65  frac>0.5px 0.140
outline residual (css px, matched <=25 px: 1614 of 1634 pts): mean 5.884  p95 18.240  max 25.00
run time: 307.2 s
residual block norms (sum of squares): edge 839.57, smooth 76.66, jerk 114.87, perp 53.49, dev 137.17, depth 39.84, hsm 0.00, wpr 0.00, speed 35.49, hmin 0.00, hmax 0.00, face 4.18, rmin 8.95, scrw 0.00, wf 0.00, ins 0.00, fcr 1.98, bnd 580.02, twi 14.70, dbn 106.53, dtw 3.08, rmf 0.00, crl 19.96, lgb 0.00, cvx 0.00
