curl rings 340..405 R 30 w 30.0
curl rings 488..552 R 40 w 30.0
curl rings 700..790 R 45 w 30.0
curl rings 925..1025 R 30 w 30.0
curl rings 1160..1230 R 45 w 30.0
face rule: sign_A -1 (tail median N.v -0.991)
init cost 202130361.538, residuals 59766, params 1120
round 0: clearance pairs 973, order pairs 0, residuals 60739
   Iteration     Total nfev        Cost      Cost reduction    Step norm     Optimality   
       0              1         2.0215e+08                                    5.99e+07    
       1              2         1.4465e+06      2.01e+08       2.05e+02       7.35e+06    
       2              3         5.0361e+05      9.43e+05       2.35e+02       1.49e+06    
       3              5         4.2528e+05      7.83e+04       5.13e+01       2.65e+06    
       4              7         2.2591e+05      1.99e+05       3.25e+01       6.75e+05    
       5              8         1.2457e+05      1.01e+05       4.44e+01       2.76e+05    
       6              9         7.4135e+04      5.04e+04       3.69e+01       2.92e+05    
       7             10         4.5470e+04      2.87e+04       3.54e+01       3.95e+04    
       8             11         3.2058e+04      1.34e+04       5.45e+01       7.34e+03    
       9             13         2.5818e+04      6.24e+03       1.56e+01       6.35e+03    
      10             14         2.1653e+04      4.16e+03       2.42e+01       4.91e+03    
      11             16         2.0650e+04      1.00e+03       7.53e+00       4.61e+03    
      12             17         1.9144e+04      1.51e+03       1.45e+01       4.33e+03    
      13             18         1.7337e+04      1.81e+03       2.01e+01       3.08e+03    
      14             19         1.5633e+04      1.70e+03       3.07e+01       2.25e+03    
      15             21         1.4811e+04      8.22e+02       1.54e+01       3.08e+03    
      16             22         1.3786e+04      1.03e+03       3.17e+01       4.66e+03    
      17             25         1.3589e+04      1.96e+02       4.38e+00       5.69e+03    
      18             27         1.3480e+04      1.09e+02       3.84e+00       7.29e+03    
      19             28         1.3426e+04      5.34e+01       7.04e+00       3.97e+03    
      20             29         1.3306e+04      1.20e+02       2.32e+00       3.05e+03    
      21             31         1.3283e+04      2.31e+01       5.56e-01       1.71e+03    
      22             32         1.3271e+04      1.26e+01       6.91e-01       1.15e+03    
      23             33         1.3263e+04      7.55e+00       6.37e-01       1.04e+03    
      24             34         1.3253e+04      1.02e+01       9.19e-01       1.03e+03    
      25             35         1.3240e+04      1.31e+01       1.05e+00       1.02e+03    
      26             36         1.3221e+04      1.85e+01       1.07e+00       1.01e+03    
      27             37         1.3194e+04      2.71e+01       1.33e+00       9.85e+02    
      28             38         1.3153e+04      4.14e+01       1.98e+00       9.56e+02    
      29             39         1.3085e+04      6.83e+01       3.56e+00       9.09e+02    
      30             40         1.2962e+04      1.22e+02       6.94e+00       8.22e+02    
      31             42         1.2908e+04      5.48e+01       3.51e+00       7.81e+02    
      32             43         1.2806e+04      1.01e+02       6.79e+00       6.98e+02    
      33             45         1.2760e+04      4.65e+01       3.23e+00       6.60e+02    
      34             46         1.2671e+04      8.84e+01       6.62e+00       6.16e+02    
      35             47         1.2522e+04      1.49e+02       1.36e+01       5.16e+02    
      36             48         1.2331e+04      1.91e+02       2.70e+01       2.52e+03    
      37             50         1.2269e+04      6.24e+01       1.02e+01       1.30e+03    
      38             52         1.2242e+04      2.69e+01       7.06e+00       8.02e+02    
      39             55         1.2238e+04      3.70e+00       5.45e-01       1.01e+03    
      40             57         1.2234e+04      4.60e+00       6.17e-01       7.72e+02    
      41             58         1.2231e+04      3.16e+00       1.17e+00       5.92e+02    
      42             60         1.2229e+04      1.35e+00       2.33e-01       4.31e+02    
      43             61         1.2229e+04      6.49e-01       3.44e-01       2.93e+02    
      44             62         1.2228e+04      1.01e+00       2.94e-01       1.78e+02    
      45             63         1.2227e+04      7.07e-01       5.30e-01       1.73e+02    
      46             64         1.2226e+04      9.22e-01       4.83e-01       1.20e+02    
      47             65         1.2225e+04      1.31e+00       5.50e-01       1.38e+02    
      48             66         1.2223e+04      1.88e+00       7.40e-01       1.19e+02    
      49             67         1.2220e+04      2.78e+00       1.10e+00       1.44e+02    
      50             68         1.2216e+04      4.01e+00       1.21e+00       1.16e+02    
      51             69         1.2210e+04      6.29e+00       1.71e+00       1.58e+02    
      52             70         1.2198e+04      1.16e+01       3.40e+00       1.33e+02    
      53             72         1.2196e+04      2.01e+00       1.65e+00       1.88e+02    
      54             73         1.2179e+04      1.69e+01       5.07e+00       7.17e+02    
      55             75         1.2177e+04      2.34e+00       1.31e+00       5.01e+02    
      56             76         1.2169e+04      8.04e+00       2.83e+00       4.19e+02    
      57             77         1.2159e+04      9.34e+00       2.84e+00       3.25e+02    
      58             78         1.2148e+04      1.12e+01       3.20e+00       2.45e+02    
      59             79         1.2131e+04      1.75e+01       5.86e+00       1.88e+02    
      60             80         1.2117e+04      1.40e+01       1.19e+01       2.46e+02    
      61             83         1.2102e+04      1.43e+01       1.16e+00       1.08e+03    
      62             85         1.2100e+04      2.66e+00       1.01e+00       8.27e+02    
      63             87         1.2099e+04      1.23e+00       4.93e-01       5.86e+02    
      64             88         1.2097e+04      1.62e+00       7.14e-01       3.74e+02    
      65             89         1.2096e+04      5.08e-01       1.04e+00       3.19e+02    
      66             91         1.2096e+04      7.53e-01       1.84e-01       2.67e+02    
      67             92         1.2095e+04      3.43e-01       2.58e-01       2.01e+02    
      68             93         1.2095e+04      2.62e-01       2.59e-01       1.31e+02    
      69             94         1.2095e+04      2.29e-01       2.57e-01       1.35e+02    
      70             95         1.2095e+04      2.61e-01       2.47e-01       1.03e+02    
      71             98         1.2095e+04      4.11e-02       1.33e-02       8.53e+01    
      72             99         1.2095e+04      4.19e-02       1.27e-02       5.95e+01    
      73             101        1.2094e+04      1.65e-02       7.28e-03       5.95e+01    
      74             102        1.2094e+04      2.86e-02       1.52e-02       5.96e+01    
      75             105        1.2094e+04      3.73e-03       1.71e-03       5.96e+01    
      76             106        1.2094e+04      7.19e-03       3.62e-03       5.96e+01    
      77             109        1.2094e+04      9.03e-04       4.10e-04       5.96e+01    
      78             111        1.2094e+04      4.50e-04       2.03e-04       5.96e+01    
      79             113        1.2094e+04      2.25e-04       1.01e-04       5.96e+01    
      80             115        1.2094e+04      1.12e-04       5.04e-05       5.96e+01    
`ftol` termination condition is satisfied.
Function evaluations 115, initial cost 2.0215e+08, final cost 1.2094e+04, first-order optimality 5.96e+01.
round 1: clearance pairs 658, order pairs 0, residuals 60424
   Iteration     Total nfev        Cost      Cost reduction    Step norm     Optimality   
       0              1         4.4939e+04                                    1.87e+04    
       1              6         3.8657e+04      6.28e+03       3.42e+00       1.47e+04    
       2              7         3.1412e+04      7.25e+03       8.05e+00       9.12e+03    
       3              8         2.4167e+04      7.24e+03       1.39e+01       5.27e+03    
       4              9         1.9653e+04      4.51e+03       2.95e+01       2.53e+03    
       5             11         1.8515e+04      1.14e+03       1.27e+01       2.05e+03    
       6             12         1.7243e+04      1.27e+03       2.65e+01       1.66e+03    
       7             14         1.6914e+04      3.29e+02       1.41e+01       2.30e+03    
       8             15         1.6876e+04      3.82e+01       1.19e+01       1.59e+03    
       9             16         1.6322e+04      5.54e+02       2.50e+00       6.75e+02    
      10             17         1.6076e+04      2.46e+02       5.81e+00       7.26e+02    
      11             18         1.5691e+04      3.84e+02       1.17e+01       8.57e+02    
      12             20         1.5354e+04      3.37e+02       6.21e+00       9.16e+02    
      13             21         1.3355e+04      2.00e+03       7.36e+00       1.10e+03    
      14             22         1.2549e+04      8.06e+02       2.37e+01       1.41e+03    
      15             24         1.2489e+04      5.99e+01       1.05e+01       5.06e+02    
      16             25         1.2304e+04      1.85e+02       3.36e+00       7.80e+02    
      17             27         1.2278e+04      2.61e+01       9.61e-01       4.67e+02    
      18             28         1.2251e+04      2.70e+01       1.46e+00       3.56e+02    
      19             29         1.2217e+04      3.37e+01       2.73e+00       4.74e+02    
      20             30         1.2173e+04      4.41e+01       5.70e+00       2.42e+02    
      21             31         1.2110e+04      6.28e+01       1.24e+01       3.27e+02    
      22             32         1.2109e+04      1.11e+00       2.35e+01       3.05e+02    
      23             34         1.2049e+04      5.98e+01       1.12e+00       2.12e+02    
      24             35         1.2041e+04      8.19e+00       2.55e+00       1.59e+02    
      25             36         1.2029e+04      1.18e+01       6.94e-01       1.38e+02    
      26             37         1.2024e+04      5.35e+00       1.01e+00       9.45e+01    
      27             38         1.2017e+04      7.17e+00       1.82e+00       1.42e+02    
      28             39         1.2009e+04      7.87e+00       3.37e+00       9.50e+01    
      29             40         1.1998e+04      1.11e+01       7.37e+00       1.75e+02    
      30             42         1.1997e+04      1.17e+00       2.18e+00       3.81e+02    
      31             43         1.1993e+04      3.53e+00       9.93e-01       8.11e+01    
      32             44         1.1990e+04      2.86e+00       1.68e+00       7.52e+01    
      33             45         1.1986e+04      4.62e+00       4.18e+00       1.19e+02    
      34             46         1.1979e+04      6.77e+00       6.72e+00       7.94e+01    
      35             47         1.1975e+04      3.80e+00       1.35e+01       8.34e+01    
      36             49         1.1970e+04      5.48e+00       1.60e+00       2.71e+02    
      37             51         1.1969e+04      3.35e-01       1.36e+00       3.29e+02    
      38             52         1.1969e+04      6.48e-01       4.74e-01       1.69e+02    
      39             53         1.1968e+04      9.86e-01       5.76e-01       4.90e+01    
      40             55         1.1967e+04      4.73e-01       4.61e-01       1.24e+02    
      41             58         1.1967e+04      6.12e-02       5.31e-02       7.09e+01    
      42             60         1.1967e+04      2.24e-02       3.02e-02       5.15e+01    
      43             61         1.1967e+04      3.54e-02       5.74e-02       2.66e+01    
      44             64         1.1967e+04      3.96e-03       4.64e-03       2.46e+01    
      45             66         1.1967e+04      1.96e-03       2.20e-03       2.37e+01    
      46             68         1.1967e+04      9.75e-04       1.07e-03       2.33e+01    
      47             69         1.1967e+04      1.94e-03       2.13e-03       2.25e+01    
      48             72         1.1967e+04      2.42e-04       2.59e-04       2.24e+01    
      49             75         1.1967e+04      3.02e-05       3.23e-05       2.24e+01    
`ftol` termination condition is satisfied.
Function evaluations 75, initial cost 4.4939e+04, final cost 1.1967e+04, first-order optimality 2.24e+01.
round 2: clearance pairs 88, order pairs 0, residuals 59854
   Iteration     Total nfev        Cost      Cost reduction    Step norm     Optimality   
       0              1         1.1967e+04                                    2.24e+01    
       1              3         1.1963e+04      3.87e+00       1.31e+01       3.33e+01    
       2              5         1.1962e+04      1.78e+00       1.38e+00       2.68e+02    
       3              6         1.1959e+04      2.20e+00       6.38e+00       3.42e+01    
       4              7         1.1958e+04      8.06e-01       4.82e+00       2.91e+01    
       5              9         1.1957e+04      1.63e+00       1.44e+00       3.54e+01    
       6             11         1.1956e+04      3.76e-01       8.35e-01       8.05e+01    
       7             12         1.1956e+04      6.97e-01       8.24e-01       2.81e+01    
       8             14         1.1956e+04      1.83e-01       3.85e-01       1.89e+01    
       9             16         1.1956e+04      9.35e-02       2.05e-01       2.24e+01    
      10             18         1.1955e+04      6.61e-02       1.10e-01       1.73e+01    
      11             19         1.1955e+04      1.15e-01       1.84e-01       1.61e+01    
      12             21         1.1955e+04      5.88e-02       8.61e-02       1.77e+01    
      13             23         1.1955e+04      2.95e-02       4.14e-02       1.62e+01    
      14             25         1.1955e+04      1.51e-02       1.88e-02       1.61e+01    
      15             27         1.1955e+04      7.53e-03       8.50e-03       1.60e+01    
      16             29         1.1955e+04      3.76e-03       4.17e-03       1.60e+01    
      17             31         1.1955e+04      1.88e-03       2.06e-03       1.60e+01    
      18             33         1.1955e+04      9.38e-04       1.03e-03       1.60e+01    
      19             35         1.1955e+04      4.69e-04       5.12e-04       1.60e+01    
      20             37         1.1955e+04      2.34e-04       2.56e-04       1.60e+01    
      21             38         1.1955e+04      4.69e-04       5.12e-04       1.60e+01    
      22             39         1.1955e+04      9.37e-04       1.03e-03       1.60e+01    
      23             40         1.1955e+04      1.87e-03       2.06e-03       1.60e+01    
      24             41         1.1955e+04      3.74e-03       4.17e-03       1.59e+01    
      25             42         1.1955e+04      7.46e-03       8.51e-03       1.58e+01    
      26             43         1.1955e+04      1.48e-02       1.76e-02       1.56e+01    
      27             44         1.1955e+04      2.93e-02       3.78e-02       1.52e+01    
      28             45         1.1955e+04      5.64e-02       8.29e-02       1.45e+01    
      29             46         1.1955e+04      1.04e-01       1.82e-01       1.42e+01    
      30             48         1.1955e+04      5.43e-02       8.38e-02       1.59e+01    
      31             50         1.1955e+04      2.77e-02       3.78e-02       1.41e+01    
      32             52         1.1955e+04      1.39e-02       1.77e-02       1.42e+01    
      33             53         1.1955e+04      2.74e-02       3.76e-02       1.39e+01    
      34             56         1.1955e+04      3.45e-03       4.17e-03       1.39e+01    
      35             60         1.1955e+04      1.08e-04       1.28e-04       1.39e+01    
`ftol` termination condition is satisfied.
Function evaluations 60, initial cost 1.1967e+04, final cost 1.1955e+04, first-order optimality 1.39e+01.
round 3: clearance pairs 117, order pairs 0, residuals 59883
   Iteration     Total nfev        Cost      Cost reduction    Step norm     Optimality   
       0              1         1.1955e+04                                    1.39e+01    
       1              3         1.1952e+04      2.74e+00       1.07e+01       1.55e+01    
       2              6         1.1951e+04      1.41e+00       5.66e-01       1.59e+01    
       3              9         1.1951e+04      1.21e-01       1.64e-01       1.44e+01    
       4             11         1.1951e+04      9.70e-02       1.87e-01       1.46e+01    
       5             13         1.1950e+04      5.28e-02       1.06e-01       1.43e+01    
       6             16         1.1950e+04      7.17e-03       1.12e-02       1.42e+01    
       7             19         1.1950e+04      8.80e-04       1.34e-03       1.42e+01    
       8             22         1.1950e+04      1.10e-04       1.67e-04       1.42e+01    
`ftol` termination condition is satisfied.
Function evaluations 22, initial cost 1.1955e+04, final cost 1.1950e+04, first-order optimality 1.42e+01.
a  K=160  init=perp  [round 0 nfev=115 status=2 (ftol`) cost 12094.453]  [round 1 nfev=75 status=2 (ftol`) cost 11967.157]  [round 2 nfev=60 status=2 (ftol`) cost 11954.873]  [round 3 nfev=22 status=2 (ftol`) cost 11950.441]
args: {"K": 160, "bend": 30.0, "box_pose": "", "box_rings": "", "box_trace": 0.15, "clear": 5.0, "clear_range": "860:1066-388:483", "curl": "340:405:30:30,488:552:40:30,700:790:45:30,925:1025:30:30,1160:1230:45:30", "dbend": 500.0, "delta": 60.0, "dtwist": 500.0, "edge_fair": 0.0, "edge_w": "", "end_pin": 50.0, "energy_ranges": "", "eps": 0.3, "face_margin": 0.3, "faceon": "925:1025:20", "faces": "docs/ribbon/turns/real/faces.json", "flat": 0.0, "flat_ranges": "", "flip_guard": 20.0, "fold": "", "fold2": "", "fold_axis": "", "fold_convex": "", "fold_eq": false, "fold_legs": 5.0, "fold_legs_len": "20", "gap": 14.0, "hide": "", "hide_auto": "", "hmax": 25.5, "hmin": 25.5, "init": "perp", "inside": 0.0, "kappa": 2.0, "lam": 15.0, "lam_h": 50.0, "mask": "", "max_nfev": 150, "mu": 300.0, "no_opt": false, "nu_fold": 0.4, "omega": 0.01, "order": 0.0, "out": "docs/ribbon/turns/real/H1/a", "outer": 4, "outline": 0.0, "outline_assign": "nearest", "outline_boxes": "", "outline_drop_near": "", "outline_excl": "", "outline_fixed": false, "outline_incl": "", "outline_loss": "linear", "outline_pose": "", "pin_range": "", "pose": "docs/ribbon/turns/fit/kk4/pose.json", "redge": 24.0, "rim_pose": "", "rim_side_mode": "centre", "rimlines": "", "rmin": 45.0, "roto": "/Users/ashmitkhurana/Development/Personal/portfolio/docs/ribbon/turns/curve/best/roto.npz", "screenw": "", "sigma": 2.0, "trace_w": 0.15, "twist": 30.0, "w_box": 2.0, "w_face": 15.0, "w_hmin": 50.0, "w_redge": 5.0, "w_rim": 0.0, "w_rmin": 5.0, "w_wfloor": 0.0, "wfloor": 0.0, "wfloor_except": "", "wfloor_mode": "perp", "wfloor_ranges": "", "zprior": "docs/ribbon/turns/fit/kk4/pose.json"}

edge residual css px, point-to-polyline (L and R pooled): mean 7.779  p95 35.406  max 49.177

window       edge resid (L,R pooled)                      h min/med/max          median |b.T|  #|c'|<0.6 s0
[   0, 131]  mean  14.90  p95  32.32  max  43.43           25.5/ 25.5/ 25.5      0.132         2
[ 132, 288]  mean   1.62  p95   4.59  max  11.07           25.5/ 25.5/ 25.5      0.465         0
[ 289, 483]  mean   6.96  p95  20.59  max  24.27           25.5/ 25.5/ 25.5      0.177         12
[ 484, 554]  mean   6.51  p95  18.93  max  22.05           25.5/ 25.5/ 25.5      0.043         5
[ 555, 658]  mean   1.41  p95   4.03  max   5.33           25.5/ 25.5/ 25.5      0.227         1
[ 659, 764]  mean  15.23  p95  39.43  max  41.46           25.5/ 25.5/ 25.5      0.267         17
[ 765, 940]  mean   5.30  p95  19.13  max  33.62           25.5/ 25.5/ 25.5      0.073         1
[ 941,1066]  mean  21.02  p95  46.86  max  49.18           25.5/ 25.5/ 25.5      0.004         16
[1067,1298]  mean   3.11  p95   9.10  max  11.05           25.5/ 25.5/ 25.5      0.014         25
worst window by mean: [941,1066] 21.02 px

dense (4N=5196 samples) surface normal N=TxB: angle change per sample  max 2.427 deg  p99 1.704 deg
   angle per world px of centreline arclength: max 4.7386 deg/px  (p99 4.2005)
   worst dense samples (t, deg, |b.T|): 189.39, 2.4, 0.980; 189.14, 2.4, 0.979; 189.64, 2.4, 0.979; 188.89, 2.4, 0.979; 189.89, 2.4, 0.979
   dense steps > 3 deg: 0, > 6 deg: 0
ripple (|second difference of unit N| per world px^2, dense): max 1.940e-02  p99 1.310e-02  median 5.295e-04
max |b.T| outside fold windows: 0.727   (inside: 0.979)
GATE: min 3D distance between non-adjacent rings (|i-j|>60, surface samples): 13.92 px; pairs < gap 14.0: 2
GATE: screen-overlap pairs (3 px) 1415, order violations (z_front - z_back < 0): 0, (< gap): 3; unique ring pairs violating: 0
end centreline offset from init: ring0 0.0 px, ring N-1 0.0 px
outside-mockup distance (5 pts across band, css px): mean 1.530  max 41.28  frac>0.5px 0.159
outline residual (css px, matched <=25 px: 1613 of 1634 pts): mean 6.486  p95 18.979  max 24.86
run time: 218.1 s
residual block norms (sum of squares): edge 1104.48, smooth 4332.03, jerk 136.82, perp 5334.31, dev 1717.48, depth 661.78, hsm 0.00, wpr 0.00, speed 72.36, hmin 0.01, hmax 3.66, face 4.23, rmin 518.48, scrw 0.00, wf 0.00, ins 0.00, fcr 20.75, bnd 644.99, twi 252.92, dbn 150.79, dtw 1255.84, rmf 0.00, crl 361.47, lgb 0.00, cvx 0.00
