DPR2 canvases 780x1688 780x1688
DPR3 canvases 1170x2532 1170x2532
crop_apex.png  99606 B
crop_bottomk.png  259085 B
crop_endstrand.png  169874 B
crop_farleft.png  169224 B
crop_junction.png  104604 B
crop_scurve.png  224731 B
crop_topk.png  173588 B
crop_wrap.png  267334 B
hero.png  1300528 B
ribbon.png  1332075 B
ribbon_crop_apex.png  105306 B
ribbon_crop_bottomk.png  259085 B
ribbon_crop_endstrand.png  169874 B
ribbon_crop_farleft.png  169224 B
ribbon_crop_junction.png  104604 B
ribbon_crop_scurve.png  224731 B
ribbon_crop_topk.png  173588 B
ribbon_crop_wrap.png  267334 B
