DPR2 canvases 780x1688 780x1688
DPR3 canvases 1170x2532 1170x2532
crop_apex.png  100675 B
crop_bottomk.png  232027 B
crop_endstrand.png  139407 B
crop_farleft.png  173533 B
crop_junction.png  84372 B
crop_scurve.png  210298 B
crop_topk.png  145791 B
crop_wrap.png  254328 B
hero.png  1236813 B
ribbon.png  1275885 B
ribbon_crop_apex.png  111418 B
ribbon_crop_bottomk.png  232027 B
ribbon_crop_endstrand.png  139407 B
ribbon_crop_farleft.png  173533 B
ribbon_crop_junction.png  84372 B
ribbon_crop_scurve.png  210298 B
ribbon_crop_topk.png  145791 B
ribbon_crop_wrap.png  254328 B
