DPR2 canvases 780x1688 780x1688
DPR3 canvases 1170x2532 1170x2532
crop_apex.png  103220 B
crop_bottomk.png  244130 B
crop_endstrand.png  150441 B
crop_farleft.png  176498 B
crop_junction.png  91654 B
crop_scurve.png  210857 B
crop_topk.png  150617 B
crop_wrap.png  260761 B
hero.png  1252370 B
ribbon.png  1291524 B
ribbon_crop_apex.png  113938 B
ribbon_crop_bottomk.png  244130 B
ribbon_crop_endstrand.png  150441 B
ribbon_crop_farleft.png  176498 B
ribbon_crop_junction.png  91654 B
ribbon_crop_scurve.png  210857 B
ribbon_crop_topk.png  150617 B
ribbon_crop_wrap.png  260761 B
