lit rings 1030..1160 t 0.20 w 20.0
fold2 crease 516 R 40: ds 1.93 n 32 (eq 484..548, ruling 478..554, legs to +-52)
fold2 crease 1188 R 40: ds 1.95 n 32 (eq 1156..1220, ruling 1150..1226, legs to +-52)
keep: 1018 rings held (w=3.00), 1012 new centreline pins
face rule: sign_A -1 (tail median N.v -0.995)
init cost 58020.843, residuals 65856, params 1120
round 0: clearance pairs 2775, order pairs 0, residuals 68631
   Iteration     Total nfev        Cost      Cost reduction    Step norm     Optimality   
       0              1         2.0523e+05                                    8.62e+04    
       1              3         7.9631e+04      1.26e+05       4.51e+01       4.51e+04    
       2              5         4.5213e+04      3.44e+04       2.22e+01       2.90e+04    
       3              7         3.6217e+04      9.00e+03       7.12e+00       1.83e+04    
       4              8         2.8076e+04      8.14e+03       1.01e+01       5.58e+04    
       5              9         2.1119e+04      6.96e+03       2.05e+01       1.09e+04    
       6             10         1.6974e+04      4.14e+03       2.98e+01       1.54e+04    
       7             12         1.5335e+04      1.64e+03       6.23e+00       4.59e+03    
       8             13         1.4615e+04      7.20e+02       1.43e+01       1.54e+04    
       9             14         1.3929e+04      6.86e+02       3.18e+01       8.77e+03    
      10             15         1.3020e+04      9.09e+02       3.12e+01       3.22e+03    
      11             17         1.2575e+04      4.45e+02       8.83e+00       2.75e+03    
      12             18         1.2223e+04      3.53e+02       1.60e+01       2.64e+03    
      13             19         1.1870e+04      3.53e+02       2.96e+01       3.79e+03    
      14             21         1.1639e+04      2.30e+02       1.08e+01       2.95e+03    
      15             22         1.1298e+04      3.41e+02       2.74e+01       3.17e+03    
      16             23         9.6563e+03      1.64e+03       5.88e+01       3.00e+04    
      17             24         4.5704e+03      5.09e+03       1.15e+02       3.18e+04    
      18             26         3.7279e+03      8.42e+02       2.08e+01       9.37e+03    
      19             27         3.2179e+03      5.10e+02       3.60e+01       4.16e+03    
      20             29         3.0847e+03      1.33e+02       2.12e+01       3.05e+03    
      21             31         3.0379e+03      4.68e+01       1.12e+01       1.37e+03    
      22             32         2.9097e+03      1.28e+02       2.08e+01       1.17e+03    
      23             33         2.8409e+03      6.88e+01       4.09e+01       3.89e+03    
      24             35         2.7873e+03      5.36e+01       7.00e+00       1.44e+03    
      25             36         2.7496e+03      3.77e+01       1.09e+01       7.79e+02    
      26             37         2.6361e+03      1.13e+02       1.34e+01       4.06e+02    
      27             38         2.5829e+03      5.33e+01       2.34e+01       9.56e+02    
      28             39         2.5334e+03      4.95e+01       6.27e+01       2.52e+03    
      29             42         2.5195e+03      1.38e+01       4.06e+00       2.85e+03    
      30             43         2.4735e+03      4.60e+01       3.47e+00       3.36e+02    
      31             44         2.4462e+03      2.73e+01       8.85e+00       7.19e+02    
      32             45         2.4038e+03      4.24e+01       1.90e+01       1.32e+03    
      33             46         2.3335e+03      7.04e+01       3.73e+01       8.12e+02    
      34             50         2.3324e+03      1.04e+00       8.65e-01       7.52e+02    
      35             51         2.3186e+03      1.38e+01       2.60e+00       5.26e+02    
      36             52         2.3170e+03      1.67e+00       5.11e+00       3.73e+02    
      37             53         2.3076e+03      9.35e+00       1.24e+00       2.49e+02    
      38             55         2.3073e+03      3.37e-01       3.99e-01       1.41e+02    
      39             56         2.3058e+03      1.50e+00       3.53e-01       4.80e+01    
      40             59         2.3057e+03      1.06e-01       4.32e-02       9.29e+01    
      41             60         2.3056e+03      4.54e-02       5.88e-02       3.84e+01    
      42             61         2.3056e+03      3.93e-02       9.86e-03       3.75e+01    
      43             62         2.3055e+03      7.57e-02       1.96e-02       3.96e+01    
      44             67         2.3055e+03      2.72e-04       1.52e-04       3.96e+01    
      45             68         2.3055e+03      1.29e-04       2.48e-04       3.97e+01    
      46             69         2.3055e+03      1.44e-04       3.80e-05       3.97e+01    
      47             70         2.3055e+03      2.88e-04       7.59e-05       3.97e+01    
      48             72         2.3055e+03      1.77e-05       3.80e-05       3.97e+01    
      49             73         2.3055e+03      5.21e-05       1.55e-05       3.97e+01    
`xtol` termination condition is satisfied.
Function evaluations 73, initial cost 2.0523e+05, final cost 2.3055e+03, first-order optimality 3.97e+01.
round 1: clearance pairs 456, order pairs 0, residuals 66312
   Iteration     Total nfev        Cost      Cost reduction    Step norm     Optimality   
       0              1         2.3055e+03                                    4.12e+01    
       1              3         2.3032e+03      2.37e+00       2.05e+01       1.01e+02    
       2              7         2.3021e+03      1.02e+00       2.36e-01       4.38e+01    
       3              9         2.3018e+03      3.06e-01       1.42e-01       5.63e+01    
       4             12         2.3018e+03      2.55e-02       1.52e-02       3.98e+01    
       5             13         2.3018e+03      9.31e-03       4.46e-03       3.96e+01    
       6             14         2.3018e+03      1.84e-02       8.94e-03       3.92e+01    
       7             15         2.3018e+03      1.05e-02       1.80e-02       5.54e+01    
       8             16         2.3017e+03      1.69e-02       1.54e-02       3.82e+01    
       9             17         2.3017e+03      9.04e-03       4.48e-03       3.80e+01    
      10             18         2.3017e+03      1.79e-02       8.99e-03       3.76e+01    
      11             19         2.3017e+03      8.29e-03       1.81e-02       5.49e+01    
      12             20         2.3017e+03      2.43e-02       3.87e-03       3.68e+01    
      13             23         2.3017e+03      3.86e-04       5.64e-04       5.39e+01    
      14             24         2.3017e+03      3.83e-04       4.84e-04       3.68e+01    
      15             25         2.3017e+03      2.72e-04       1.41e-04       3.68e+01    
      16             26         2.3017e+03      5.43e-04       2.82e-04       3.67e+01    
      17             27         2.3017e+03      3.47e-04       5.64e-04       5.39e+01    
      18             28         2.3017e+03      4.19e-04       4.84e-04       3.67e+01    
      19             29         2.3017e+03      2.71e-04       1.41e-04       3.67e+01    
      20             30         2.3017e+03      5.43e-04       2.82e-04       3.67e+01    
      21             31         2.3017e+03      3.02e-04       5.64e-04       5.39e+01    
      22             32         2.3017e+03      4.62e-04       4.84e-04       3.67e+01    
      23             33         2.3017e+03      2.71e-04       1.41e-04       3.67e+01    
      24             34         2.3017e+03      5.42e-04       2.82e-04       3.66e+01    
      25             35         2.3017e+03      2.50e-04       5.64e-04       5.39e+01    
      26             36         2.3017e+03      7.54e-04       1.21e-04       3.66e+01    
      27             39         2.3017e+03      1.04e-05       1.76e-05       5.39e+01    
Both `ftol` and `xtol` termination conditions are satisfied.
Function evaluations 39, initial cost 2.3055e+03, final cost 2.3017e+03, first-order optimality 5.39e+01.
round 2: clearance pairs 441, order pairs 0, residuals 66297
   Iteration     Total nfev        Cost      Cost reduction    Step norm     Optimality   
       0              1         2.3017e+03                                    5.39e+01    
       1              3         2.3006e+03      1.09e+00       1.52e+01       4.82e+01    
       2              7         2.3001e+03      4.98e-01       1.70e-01       2.84e+01    
       3              9         2.2999e+03      1.71e-01       1.00e-01       2.20e+01    
       4             12         2.2999e+03      1.86e-02       1.28e-02       2.12e+01    
       5             14         2.2999e+03      9.08e-03       6.42e-03       2.08e+01    
       6             15         2.2999e+03      5.74e-03       1.30e-02       4.96e+01    
       7             16         2.2999e+03      1.55e-03       1.17e-02       1.99e+01    
       8             17         2.2999e+03      4.51e-03       3.20e-03       1.97e+01    
       9             18         2.2999e+03      8.91e-03       6.42e-03       1.94e+01    
      10             20         2.2999e+03      4.40e-03       3.22e-03       1.92e+01    
      11             22         2.2999e+03      1.83e-03       1.61e-03       4.90e+01    
      12             25         2.2999e+03      1.98e-04       1.83e-04       1.91e+01    
      13             26         2.2999e+03      6.82e-05       5.04e-05       1.91e+01    
      14             27         2.2999e+03      1.36e-04       1.01e-04       1.91e+01    
      15             29         2.2999e+03      1.35e-05       5.04e-05       4.90e+01    
      16             30         2.2999e+03      4.45e-05       1.14e-05       1.91e+01    
`xtol` termination condition is satisfied.
Function evaluations 30, initial cost 2.3017e+03, final cost 2.2999e+03, first-order optimality 1.91e+01.
round 3: clearance pairs 437, order pairs 0, residuals 66293
   Iteration     Total nfev        Cost      Cost reduction    Step norm     Optimality   
       0              1         2.2999e+03                                    1.91e+01    
       1             13         2.2999e+03      0.00e+00       0.00e+00       1.91e+01    
`xtol` termination condition is satisfied.
Function evaluations 13, initial cost 2.2999e+03, final cost 2.2999e+03, first-order optimality 1.91e+01.
c  K=160  init=raw  [round 0 nfev=73 status=3 (xtol`) cost 2305.511]  [round 1 nfev=39 status=4 (Both) cost 2301.681]  [round 2 nfev=30 status=3 (xtol`) cost 2299.867]  [round 3 nfev=13 status=3 (xtol`) cost 2299.867]
args: {"K": 160, "bend": 30.0, "box_pose": "", "box_rings": "", "box_trace": 0.15, "bz": "", "clear": 5.0, "clear_range": "860:1066-388:483,855:880-1045:1085", "curl": "", "dbend": 500.0, "delta": 60.0, "dtwist": 500.0, "edge_fair": 0.0, "edge_w": "880:1160:L:0.3,880:1160:R:0.3", "end_pin": 50.0, "energy_ranges": "", "eps": 1.0, "face_margin": 0.3, "faceon": "880:1160:40", "faces": "docs/ribbon/turns/real/faces.json", "flat": 0.0, "flat_ranges": "", "flip_guard": 20.0, "fold": "", "fold2": "516:40:20,1188:40:20", "fold_axis": "", "fold_convex": "516:10,1188:10", "fold_eq": false, "fold_legs": 5.0, "fold_legs_len": "20", "gap": 14.0, "hide": "", "hide_auto": "", "hmax": 25.5, "hmin": 25.5, "init": "raw", "inside": 0.0, "kappa": 2.0, "keep": 3.0, "keep_free": "880:1160", "lam": 15.0, "lam_h": 50.0, "lit": "1030:1160:0.2:20", "mask": "", "max_nfev": 150, "mu": 300.0, "no_opt": false, "nu_fold": 0.4, "omega": 0.01, "order": 0.0, "out": "docs/ribbon/turns/real/S3/c", "outer": 4, "outline": 0.0, "outline_assign": "nearest", "outline_boxes": "", "outline_drop_near": "", "outline_excl": "", "outline_fixed": false, "outline_incl": "", "outline_loss": "linear", "outline_pose": "", "pin_range": "", "pose": "docs/ribbon/turns/real/P4/pose.json", "redge": 24.0, "rim_pose": "", "rim_side_mode": "centre", "rimlines": "", "rmin": 45.0, "roto": "/Users/ashmitkhurana/Development/Personal/portfolio/docs/ribbon/turns/curve/best/roto.npz", "screenw": "", "sigma": 2.0, "trace_w": 0.15, "twist": 30.0, "w_box": 2.0, "w_face": 15.0, "w_hmin": 50.0, "w_redge": 5.0, "w_rim": 0.0, "w_rmin": 5.0, "w_wfloor": 0.0, "wfloor": 0.0, "wfloor_except": "", "wfloor_mode": "perp", "wfloor_ranges": "", "zprior": "docs/ribbon/turns/real/P4/pose.json"}

edge residual css px, point-to-polyline (L and R pooled): mean 10.151  p95 54.262  max 85.193

window       edge resid (L,R pooled)                      h min/med/max          median |b.T|  #|c'|<0.6 s0
[   0, 131]  mean  14.89  p95  32.29  max  43.39           25.5/ 25.5/ 25.5      0.129         0
[ 132, 288]  mean   1.72  p95   4.81  max  11.51           25.5/ 25.5/ 25.5      0.396         0
[ 289, 483]  mean   4.74  p95  12.06  max  15.91           25.5/ 25.5/ 25.5      0.390         0
[ 484, 554]  mean   5.11  p95   9.99  max  10.44           25.5/ 25.5/ 25.5      0.514         4
[ 555, 658]  mean   1.48  p95   3.65  max   5.36           25.5/ 25.5/ 25.5      0.077         0
[ 659, 764]  mean   8.14  p95  15.47  max  16.41           25.5/ 25.5/ 25.5      0.666         0
[ 765, 940]  mean   4.24  p95  13.10  max  30.88           25.5/ 25.5/ 25.5      0.181         0
[ 941,1066]  mean  49.46  p95  82.93  max  85.19           25.5/ 25.5/ 25.5      0.582         0
[1067,1298]  mean   7.19  p95  21.97  max  45.39           25.5/ 25.5/ 25.5      0.728         0
worst window by mean: [941,1066] 49.46 px

dense (4N=5196 samples) surface normal N=TxB: angle change per sample  max 21.839 deg  p99 3.387 deg
   angle per world px of centreline arclength: max 40.5579 deg/px  (p99 5.0303)
   worst dense samples (t, deg, |b.T|): 524.70, 21.8, 0.999; 524.45, 21.4, 0.999; 524.95, 16.8, 0.999; 524.20, 16.0, 0.999; 1063.14, 14.1, 0.999
   dense steps > 3 deg: 59, > 6 deg: 17
ripple (|second difference of unit N| per world px^2, dense): max 4.885e-01  p99 2.859e-02  median 3.840e-04
max |b.T| outside fold windows: 0.999   (inside: 0.999)
GATE: min 3D distance between non-adjacent rings (|i-j|>60, surface samples): 13.94 px; pairs < gap 14.0: 4
GATE: screen-overlap pairs (3 px) 1924, order violations (z_front - z_back < 0): 6, (< gap): 12; unique ring pairs violating: 1
end centreline offset from init: ring0 0.0 px, ring N-1 1.4 px
outside-mockup distance (5 pts across band, css px): mean 1.338  max 50.87  frac>0.5px 0.125
outline residual (css px, matched <=25 px: 1555 of 1634 pts): mean 6.434  p95 17.964  max 24.86
run time: 126.5 s
residual block norms (sum of squares): edge 731.06, smooth 334.78, jerk 101.11, perp 195.45, dev 132.00, depth 194.31, hsm 0.00, wpr 0.00, speed 2.97, hmin 0.00, hmax 0.00, face 51.15, rmin 489.68, scrw 0.00, wf 0.00, ins 0.00, fcr 258.42, bnd 605.45, twi 5.23, dbn 183.68, dtw 3.28, rmf 77.30, crl 17.71, lgb 518.40, cvx 71.66
