DPR2 canvases 780x1688 780x1688
DPR3 canvases 1170x2532 1170x2532
crop_apex.png  127725 B
crop_bottomk.png  266935 B
crop_endstrand.png  167416 B
crop_farleft.png  183842 B
crop_junction.png  107313 B
crop_scurve.png  218712 B
crop_topk.png  180925 B
crop_wrap.png  276186 B
hero.png  1330028 B
ribbon.png  1362489 B
ribbon_crop_apex.png  134079 B
ribbon_crop_bottomk.png  266935 B
ribbon_crop_endstrand.png  167416 B
ribbon_crop_farleft.png  183842 B
ribbon_crop_junction.png  107313 B
ribbon_crop_scurve.png  218712 B
ribbon_crop_topk.png  180925 B
ribbon_crop_wrap.png  276186 B
