DPR2 canvases 780x1688 780x1688
DPR3 canvases 1170x2532 1170x2532
crop_apex.png  102399 B
crop_bottomk.png  279464 B
crop_endstrand.png  182802 B
crop_farleft.png  182161 B
crop_junction.png  121823 B
crop_scurve.png  223224 B
crop_topk.png  179158 B
crop_wrap.png  276938 B
hero.png  1307865 B
ribbon.png  1346784 B
ribbon_crop_apex.png  113798 B
ribbon_crop_bottomk.png  279464 B
ribbon_crop_endstrand.png  182802 B
ribbon_crop_farleft.png  182161 B
ribbon_crop_junction.png  121823 B
ribbon_crop_scurve.png  223224 B
ribbon_crop_topk.png  179158 B
ribbon_crop_wrap.png  276938 B
