curl rings 340..405 R 30 w 30.0
curl rings 488..552 R 40 w 30.0
curl rings 700..790 R 45 w 30.0
curl rings 925..1025 R 30 w 30.0
curl rings 1160..1230 R 45 w 30.0
face rule: sign_A -1 (tail median N.v -0.991)
init cost 202131301.431, residuals 61065, params 1120
round 0: clearance pairs 973, order pairs 0, residuals 62038
   Iteration     Total nfev        Cost      Cost reduction    Step norm     Optimality   
       0              1         2.0215e+08                                    5.99e+07    
       1              2         1.4512e+06      2.01e+08       2.07e+02       7.35e+06    
       2              3         1.0642e+06      3.87e+05       2.37e+02       1.26e+07    
       3              5         3.8396e+05      6.80e+05       3.88e+01       2.24e+06    
       4              6         2.6552e+05      1.18e+05       8.59e+01       5.80e+06    
       5              7         1.2568e+05      1.40e+05       6.13e+01       6.64e+05    
       6              8         4.2201e+04      8.35e+04       6.21e+01       7.35e+04    
       7              9         2.1923e+04      2.03e+04       7.68e+01       8.46e+03    
       8             11         1.9009e+04      2.91e+03       2.37e+01       5.43e+03    
       9             13         1.6829e+04      2.18e+03       1.30e+01       3.61e+03    
      10             14         1.5080e+04      1.75e+03       1.94e+01       2.11e+03    
      11             15         1.4169e+04      9.10e+02       1.62e+01       1.88e+03    
      12             16         1.3086e+04      1.08e+03       2.40e+01       1.55e+03    
      13             17         1.1944e+04      1.14e+03       4.55e+01       4.03e+03    
      14             19         1.1619e+04      3.25e+02       1.59e+01       2.25e+03    
      15             21         1.1460e+04      1.59e+02       1.05e+01       3.60e+03    
      16             22         1.1365e+04      9.45e+01       1.43e+01       3.42e+03    
      17             25         1.1320e+04      4.52e+01       1.31e+00       3.60e+03    
      18             26         1.1311e+04      8.92e+00       4.40e+00       2.55e+03    
      19             27         1.1217e+04      9.39e+01       1.46e+00       1.17e+03    
      20             28         1.1201e+04      1.64e+01       1.31e+00       1.15e+03    
      21             29         1.1194e+04      6.84e+00       1.12e+00       7.49e+02    
      22             30         1.1188e+04      5.63e+00       1.26e+00       6.34e+02    
      23             31         1.1184e+04      3.87e+00       1.11e+00       4.89e+02    
      24             32         1.1180e+04      4.41e+00       9.69e-01       4.22e+02    
      25             33         1.1176e+04      3.93e+00       9.08e-01       3.58e+02    
      26             34         1.1170e+04      6.12e+00       9.56e-01       3.04e+02    
      27             35         1.1161e+04      8.75e+00       1.19e+00       2.95e+02    
      28             36         1.1148e+04      1.37e+01       1.49e+00       2.90e+02    
      29             37         1.1125e+04      2.30e+01       2.37e+00       2.81e+02    
      30             38         1.1081e+04      4.33e+01       4.56e+00       2.63e+02    
      31             40         1.1067e+04      1.40e+01       2.24e+00       2.55e+02    
      32             41         1.1033e+04      3.47e+01       4.13e+00       9.82e+02    
      33             42         1.0984e+04      4.91e+01       5.53e+00       6.41e+02    
      34             43         1.0904e+04      7.95e+01       9.68e+00       5.17e+02    
      35             44         1.0757e+04      1.47e+02       1.94e+01       3.16e+02    
      36             46         1.0680e+04      7.67e+01       1.11e+01       7.55e+02    
      37             48         1.0638e+04      4.21e+01       3.39e+00       1.37e+03    
      38             49         1.0577e+04      6.08e+01       8.11e+00       1.28e+03    
      39             50         1.0501e+04      7.64e+01       9.11e+00       9.14e+02    
      40             51         1.0394e+04      1.06e+02       1.30e+01       1.16e+03    
      41             53         1.0347e+04      4.70e+01       3.72e+00       1.70e+03    
      42             54         1.0286e+04      6.13e+01       9.69e+00       1.75e+03    
      43             56         1.0257e+04      2.91e+01       2.16e+00       1.57e+03    
      44             57         1.0225e+04      3.16e+01       3.89e+00       1.40e+03    
      45             58         1.0208e+04      1.79e+01       3.29e+00       9.83e+02    
      46             59         1.0201e+04      6.20e+00       3.10e+00       9.48e+02    
      47             60         1.0187e+04      1.40e+01       1.41e+00       8.89e+02    
      48             61         1.0181e+04      6.20e+00       1.49e+00       7.86e+02    
      49             62         1.0176e+04      5.45e+00       1.08e+00       6.38e+02    
      50             63         1.0172e+04      4.05e+00       1.08e+00       5.44e+02    
      51             64         1.0167e+04      4.87e+00       9.01e-01       3.88e+02    
      52             65         1.0158e+04      8.34e+00       1.33e+00       2.85e+02    
      53             66         1.0147e+04      1.15e+01       1.44e+00       2.07e+02    
      54             67         1.0131e+04      1.57e+01       1.67e+00       1.69e+02    
      55             68         1.0106e+04      2.49e+01       2.75e+00       1.43e+02    
      56             69         1.0061e+04      4.54e+01       5.41e+00       1.42e+02    
      57             70         9.9798e+03      8.12e+01       1.09e+01       1.25e+02    
      58             71         9.8668e+03      1.13e+02       2.22e+01       1.82e+02    
      59             72         9.8065e+03      6.04e+01       3.76e+01       2.46e+02    
      60             75         9.7887e+03      1.77e+01       1.85e+00       3.53e+02    
      61             77         9.7797e+03      9.04e+00       2.74e+00       5.79e+02    
      62             79         9.7752e+03      4.52e+00       1.21e+00       5.69e+02    
      63             80         9.7689e+03      6.22e+00       2.25e+00       4.45e+02    
      64             82         9.7661e+03      2.89e+00       4.71e-01       4.32e+02    
      65             83         9.7652e+03      8.83e-01       6.47e-01       3.09e+02    
      66             84         9.7646e+03      5.28e-01       5.99e-01       2.34e+02    
      67             85         9.7641e+03      5.56e-01       1.61e-01       1.64e+02    
      68             86         9.7638e+03      2.99e-01       1.42e-01       1.12e+02    
      69             87         9.7634e+03      4.16e-01       2.43e-01       8.82e+01    
      70             92         9.7634e+03      1.08e-02       1.86e-03       5.06e+01    
      71             95         9.7634e+03      9.05e-04       4.38e-04       5.06e+01    
      72             97         9.7634e+03      4.25e-04       2.32e-04       5.06e+01    
      73             99         9.7634e+03      2.06e-04       1.19e-04       5.06e+01    
      74             100        9.7634e+03      4.00e-04       2.45e-04       5.06e+01    
      75             103        9.7634e+03      4.88e-05       3.12e-05       5.06e+01    
`ftol` termination condition is satisfied.
Function evaluations 103, initial cost 2.0215e+08, final cost 9.7634e+03, first-order optimality 5.06e+01.
round 1: clearance pairs 850, order pairs 0, residuals 61915
   Iteration     Total nfev        Cost      Cost reduction    Step norm     Optimality   
       0              1         6.0340e+04                                    2.14e+04    
       1              5         4.0592e+04      1.97e+04       6.43e+00       1.20e+04    
       2              7         3.3174e+04      7.42e+03       4.13e+00       9.47e+03    
       3              8         2.5702e+04      7.47e+03       1.04e+01       6.05e+03    
       4              9         1.9256e+04      6.45e+03       2.19e+01       4.00e+03    
       5             10         1.6302e+04      2.95e+03       4.47e+01       2.37e+03    
       6             12         1.5268e+04      1.03e+03       1.57e+01       1.77e+03    
       7             14         1.4888e+04      3.80e+02       8.61e+00       1.81e+03    
       8             15         1.4634e+04      2.54e+02       9.68e+00       1.25e+03    
       9             16         1.4517e+04      1.17e+02       7.70e+00       1.42e+03    
      10             17         1.4271e+04      2.46e+02       2.45e+00       8.42e+02    
      11             18         1.4134e+04      1.37e+02       4.13e+00       5.48e+02    
      12             19         1.3986e+04      1.49e+02       8.85e+00       6.96e+02    
      13             20         1.3954e+04      3.15e+01       1.76e+01       5.58e+02    
      14             21         1.3718e+04      2.36e+02       3.54e+00       5.50e+02    
      15             22         1.3605e+04      1.13e+02       4.41e+00       5.51e+02    
      16             23         1.3519e+04      8.59e+01       8.56e+00       5.40e+02    
      17             25         1.3458e+04      6.11e+01       2.16e+00       5.18e+02    
      18             26         1.3380e+04      7.78e+01       4.27e+00       4.01e+02    
      19             27         1.3368e+04      1.24e+01       8.23e+00       3.27e+02    
      20             28         1.3248e+04      1.19e+02       2.15e+00       2.82e+02    
      21             29         1.3131e+04      1.18e+02       3.66e+00       3.53e+02    
      22             30         1.2565e+04      5.66e+02       6.09e+00       7.79e+02    
      23             31         1.1095e+04      1.47e+03       1.14e+01       1.46e+03    
      24             33         1.0763e+04      3.32e+02       7.07e+00       1.75e+03    
      25             34         1.0493e+04      2.71e+02       7.41e+00       1.55e+03    
      26             36         1.0338e+04      1.55e+02       2.47e+00       8.90e+02    
      27             37         1.0270e+04      6.81e+01       2.09e+00       5.00e+02    
      28             38         1.0193e+04      7.71e+01       3.79e+00       5.41e+02    
      29             39         1.0097e+04      9.58e+01       7.71e+00       1.87e+02    
      30             40         9.9674e+03      1.29e+02       1.52e+01       5.12e+02    
      31             42         9.9094e+03      5.80e+01       7.03e+00       2.33e+02    
      32             43         9.8262e+03      8.33e+01       1.46e+01       6.53e+02    
      33             44         9.7710e+03      5.52e+01       2.77e+01       3.15e+02    
      34             47         9.7256e+03      4.54e+01       1.99e+00       4.37e+02    
      35             49         9.7145e+03      1.11e+01       9.90e-01       2.21e+02    
      36             50         9.7080e+03      6.50e+00       1.38e+00       2.38e+02    
      37             51         9.7030e+03      5.08e+00       2.22e+00       1.97e+02    
      38             52         9.6980e+03      4.98e+00       2.31e+00       3.84e+02    
      39             54         9.6955e+03      2.52e+00       5.31e-01       1.57e+02    
      40             55         9.6935e+03      1.93e+00       6.87e-01       9.95e+01    
      41             56         9.6922e+03      1.30e+00       7.08e-01       1.08e+02    
      42             57         9.6896e+03      2.65e+00       6.67e-01       8.29e+01    
      43             58         9.6877e+03      1.87e+00       1.14e+00       8.66e+01    
      44             59         9.6850e+03      2.67e+00       2.12e+00       7.42e+01    
      45             60         9.6777e+03      7.29e+00       3.76e+00       9.15e+01    
      46             61         9.6738e+03      3.93e+00       7.05e+00       9.32e+01    
      47             62         9.6670e+03      6.84e+00       7.65e+00       1.08e+02    
      48             65         9.6670e+03      2.36e-02       7.59e-01       1.06e+02    
      49             66         9.6667e+03      2.20e-01       4.40e-01       9.80e+01    
      50             67         9.6662e+03      5.45e-01       1.09e-01       7.31e+01    
      51             68         9.6662e+03      2.11e-02       2.36e-01       6.27e+01    
      52             69         9.6661e+03      7.75e-02       6.63e-02       5.74e+01    
      53             70         9.6660e+03      1.40e-01       1.24e-01       5.21e+01    
      54             71         9.6657e+03      2.49e-01       2.56e-01       4.39e+01    
      55             72         9.6653e+03      4.30e-01       5.07e-01       3.35e+01    
      56             73         9.6643e+03      9.71e-01       9.46e-01       4.21e+01    
      57             74         9.6635e+03      8.35e-01       1.80e+00       3.44e+01    
      58             75         9.6615e+03      1.98e+00       1.96e+00       5.32e+01    
      59             79         9.6612e+03      2.61e-01       1.70e-01       4.78e+01    
      60             80         9.6611e+03      1.61e-01       4.05e-01       4.18e+01    
      61             83         9.6611e+03      1.05e-02       2.03e-02       4.11e+01    
      62             86         9.6611e+03      1.25e-03       2.37e-03       4.10e+01    
      63             88         9.6611e+03      6.21e-04       1.17e-03       4.10e+01    
      64             90         9.6611e+03      3.09e-04       5.83e-04       4.10e+01    
      65             91         9.6611e+03      6.16e-04       1.16e-03       4.09e+01    
      66             94         9.6611e+03      7.68e-05       1.45e-04       4.09e+01    
`ftol` termination condition is satisfied.
Function evaluations 94, initial cost 6.0340e+04, final cost 9.6611e+03, first-order optimality 4.09e+01.
round 2: clearance pairs 83, order pairs 0, residuals 61148
   Iteration     Total nfev        Cost      Cost reduction    Step norm     Optimality   
       0              1         9.6611e+03                                    4.09e+01    
       1              3         9.6544e+03      6.61e+00       1.96e+01       5.52e+01    
       2              7         9.6539e+03      5.18e-01       1.19e+00       5.45e+01    
       3              8         9.6518e+03      2.12e+00       4.18e-01       5.56e+01    
       4              9         9.6509e+03      9.45e-01       7.07e-01       4.67e+01    
       5             11         9.6506e+03      2.60e-01       3.58e-01       5.37e+01    
       6             14         9.6506e+03      4.93e-02       5.14e-02       5.18e+01    
       7             16         9.6505e+03      2.32e-02       2.74e-02       5.10e+01    
       8             19         9.6505e+03      2.87e-03       3.39e-03       5.09e+01    
       9             22         9.6505e+03      3.58e-04       4.23e-04       5.09e+01    
      10             23         9.6505e+03      7.16e-04       8.47e-04       5.09e+01    
      11             26         9.6505e+03      8.95e-05       1.06e-04       5.09e+01    
`ftol` termination condition is satisfied.
Function evaluations 26, initial cost 9.6611e+03, final cost 9.6505e+03, first-order optimality 5.09e+01.
round 3: clearance pairs 98, order pairs 0, residuals 61163
   Iteration     Total nfev        Cost      Cost reduction    Step norm     Optimality   
       0              1         9.6505e+03                                    5.09e+01    
       1              3         9.6450e+03      5.53e+00       1.63e+01       4.33e+01    
       2              8         9.6445e+03      4.72e-01       2.40e-01       1.19e+05    
       3             10         9.6444e+03      9.98e-02       1.25e-01       3.76e+01    
       4             12         9.6444e+03      3.10e-02       4.30e-02       3.62e+01    
       5             16         9.6444e+03      9.22e-04       1.08e-03       3.61e+01    
       6             18         9.6444e+03      4.60e-04       5.42e-04       3.61e+01    
       7             20         9.6444e+03      2.30e-04       2.71e-04       3.61e+01    
       8             22         9.6444e+03      1.15e-04       1.35e-04       3.61e+01    
       9             24         9.6444e+03      5.74e-05       6.77e-05       3.61e+01    
`ftol` termination condition is satisfied.
Function evaluations 24, initial cost 9.6505e+03, final cost 9.6444e+03, first-order optimality 3.61e+01.
a  K=160  init=perp  [round 0 nfev=103 status=2 (ftol`) cost 9763.358]  [round 1 nfev=94 status=2 (ftol`) cost 9661.054]  [round 2 nfev=26 status=2 (ftol`) cost 9650.525]  [round 3 nfev=24 status=2 (ftol`) cost 9644.395]
args: {"K": 160, "bend": 30.0, "box_pose": "", "box_rings": "", "box_trace": 0.15, "clear": 5.0, "clear_range": "860:1066-388:483", "curl": "340:405:30:30,488:552:40:30,700:790:45:30,925:1025:30:30,1160:1230:45:30", "dbend": 500.0, "delta": 60.0, "dtwist": 500.0, "edge_fair": 0.0, "edge_w": "", "end_pin": 50.0, "energy_ranges": "", "eps": 0.3, "face_margin": 0.3, "faceon": "925:1025:20", "faces": "docs/ribbon/turns/real/faces.json", "flat": 6.0, "flat_ranges": "470:560,1140:1240", "flip_guard": 20.0, "fold": "", "fold2": "", "fold_axis": "", "fold_convex": "", "fold_eq": false, "fold_legs": 5.0, "fold_legs_len": "20", "gap": 14.0, "hide": "", "hide_auto": "", "hmax": 25.5, "hmin": 25.5, "init": "perp", "inside": 0.0, "kappa": 2.0, "lam": 15.0, "lam_h": 50.0, "mask": "", "max_nfev": 150, "mu": 300.0, "no_opt": false, "nu_fold": 0.4, "omega": 0.01, "order": 0.0, "out": "docs/ribbon/turns/real/H2/a", "outer": 4, "outline": 0.0, "outline_assign": "nearest", "outline_boxes": "", "outline_drop_near": "", "outline_excl": "", "outline_fixed": false, "outline_incl": "", "outline_loss": "linear", "outline_pose": "", "pin_range": "", "pose": "docs/ribbon/turns/fit/kk4/pose.json", "redge": 24.0, "rim_pose": "", "rim_side_mode": "centre", "rimlines": "", "rmin": 45.0, "roto": "/Users/ashmitkhurana/Development/Personal/portfolio/docs/ribbon/turns/curve/best/roto.npz", "screenw": "", "sigma": 2.0, "trace_w": 0.15, "twist": 30.0, "w_box": 2.0, "w_face": 15.0, "w_hmin": 50.0, "w_redge": 5.0, "w_rim": 0.0, "w_rmin": 5.0, "w_wfloor": 0.0, "wfloor": 0.0, "wfloor_except": "", "wfloor_mode": "perp", "wfloor_ranges": "", "zprior": "docs/ribbon/turns/fit/kk4/pose.json"}

edge residual css px, point-to-polyline (L and R pooled): mean 9.899  p95 40.607  max 57.114

window       edge resid (L,R pooled)                      h min/med/max          median |b.T|  #|c'|<0.6 s0
[   0, 131]  mean  14.90  p95  32.31  max  43.40           25.5/ 25.5/ 25.5      0.133         1
[ 132, 288]  mean   1.74  p95   4.71  max  11.17           25.5/ 25.5/ 25.5      0.446         0
[ 289, 483]  mean   8.01  p95  20.11  max  24.19           25.5/ 25.5/ 25.5      0.185         22
[ 484, 554]  mean  31.31  p95  54.79  max  57.11           25.5/ 25.5/ 25.5      0.033         0
[ 555, 658]  mean   4.02  p95  10.16  max  18.75           25.5/ 25.5/ 25.5      0.346         0
[ 659, 764]  mean  15.34  p95  39.54  max  41.30           25.5/ 25.5/ 25.5      0.265         17
[ 765, 940]  mean   5.12  p95  18.07  max  36.32           25.5/ 25.5/ 25.5      0.104         0
[ 941,1066]  mean  22.67  p95  54.59  max  55.72           25.5/ 25.5/ 25.5      0.004         9
[1067,1298]  mean   4.45  p95  16.81  max  21.60           25.5/ 25.5/ 25.5      0.060         26
worst window by mean: [484,554] 31.31 px

dense (4N=5196 samples) surface normal N=TxB: angle change per sample  max 2.158 deg  p99 1.946 deg
   angle per world px of centreline arclength: max 4.3936 deg/px  (p99 3.6464)
   worst dense samples (t, deg, |b.T|): 537.19, 2.2, 0.038; 536.94, 2.1, 0.039; 536.69, 2.1, 0.039; 536.44, 2.1, 0.039; 520.70, 2.1, 0.041
   dense steps > 3 deg: 0, > 6 deg: 0
ripple (|second difference of unit N| per world px^2, dense): max 1.917e-02  p99 9.534e-03  median 5.475e-04
max |b.T| outside fold windows: 0.716   (inside: 0.970)
GATE: min 3D distance between non-adjacent rings (|i-j|>60, surface samples): 13.94 px; pairs < gap 14.0: 2
GATE: screen-overlap pairs (3 px) 1727, order violations (z_front - z_back < 0): 6, (< gap): 7; unique ring pairs violating: 1
end centreline offset from init: ring0 0.0 px, ring N-1 0.0 px
outside-mockup distance (5 pts across band, css px): mean 2.060  max 47.44  frac>0.5px 0.181
outline residual (css px, matched <=25 px: 1596 of 1634 pts): mean 7.399  p95 19.275  max 24.99
run time: 211.9 s
residual block norms (sum of squares): edge 2203.31, smooth 3036.86, jerk 274.37, perp 3548.67, dev 1483.06, depth 746.03, hsm 0.00, wpr 0.00, speed 62.93, hmin 0.01, hmax 2.46, face 5.05, rmin 470.62, scrw 0.00, wf 0.00, ins 0.00, fcr 25.13, bnd 746.19, twi 181.18, dbn 158.14, dtw 743.82, rmf 0.00, crl 231.31, lgb 0.00, cvx 0.00
