curl rings 340..405 R 30 w 30.0
curl rings 488..552 R 40 w 30.0
curl rings 700..790 R 45 w 30.0
curl rings 925..1025 R 30 w 30.0
curl rings 1160..1230 R 45 w 30.0
face rule: sign_A -1 (tail median N.v -0.995)
init cost 19124656.958, residuals 61065, params 1120
round 0: clearance pairs 151, order pairs 0, residuals 61216
   Iteration     Total nfev        Cost      Cost reduction    Step norm     Optimality   
       0              1         1.9125e+07                                    6.04e+07    
       1              2         3.4295e+06      1.57e+07       1.06e+02       1.32e+08    
       2              3         1.0062e+06      2.42e+06       2.20e+02       4.25e+06    
       3              5         9.9972e+05      6.50e+03       2.46e+02       1.67e+06    
       4              6         6.8920e+05      3.11e+05       1.43e+02       2.17e+05    
       5              7         2.2063e+05      4.69e+05       8.64e+01       9.52e+04    
       6              8         1.0582e+05      1.15e+05       1.03e+02       4.18e+04    
       7              9         5.0159e+04      5.57e+04       1.40e+02       2.39e+04    
       8             10         2.8228e+04      2.19e+04       1.88e+02       4.81e+04    
       9             12         2.2199e+04      6.03e+03       6.65e+01       8.56e+03    
      10             13         1.7705e+04      4.49e+03       1.42e+02       1.97e+03    
      11             15         1.5846e+04      1.86e+03       4.32e+01       1.34e+03    
      12             16         1.3638e+04      2.21e+03       7.33e+01       1.33e+03    
      13             18         1.3074e+04      5.65e+02       2.52e+01       1.26e+03    
      14             19         1.3064e+04      9.35e+00       6.85e+01       1.59e+04    
      15             21         1.2350e+04      7.14e+02       9.28e+00       1.81e+03    
      16             22         1.2106e+04      2.44e+02       1.35e+01       2.02e+03    
      17             23         1.1981e+04      1.26e+02       1.57e+01       1.39e+03    
      18             24         1.1803e+04      1.78e+02       3.13e+01       3.28e+03    
      19             27         1.1705e+04      9.79e+01       2.78e+00       1.11e+03    
      20             28         1.1618e+04      8.70e+01       7.58e+00       1.12e+03    
      21             29         1.1556e+04      6.16e+01       8.78e+00       1.37e+03    
      22             30         1.1458e+04      9.87e+01       1.66e+01       1.06e+03    
      23             31         1.1281e+04      1.76e+02       3.19e+01       9.76e+02    
      24             32         1.1071e+04      2.10e+02       6.57e+01       6.93e+02    
      25             35         1.1028e+04      4.26e+01       3.76e+00       6.91e+02    
      26             37         1.0997e+04      3.11e+01       4.14e+00       6.98e+02    
      27             38         1.0929e+04      6.88e+01       3.89e+00       7.08e+02    
      28             40         1.0907e+04      2.21e+01       1.11e+00       7.08e+02    
      29             41         1.0894e+04      1.26e+01       1.32e+00       7.06e+02    
      30             43         1.0892e+04      2.30e+00       7.87e-01       7.07e+02    
      31             44         1.0890e+04      1.88e+00       9.14e-01       7.07e+02    
      32             45         1.0888e+04      1.73e+00       8.66e-01       7.07e+02    
      33             46         1.0886e+04      2.48e+00       3.24e-01       7.07e+02    
      34             47         1.0885e+04      8.80e-01       1.91e-01       7.08e+02    
      35             48         1.0883e+04      1.37e+00       3.14e-01       7.08e+02    
      36             49         1.0881e+04      2.26e+00       3.67e-01       7.08e+02    
      37             50         1.0878e+04      3.50e+00       6.48e-01       7.08e+02    
      38             51         1.0872e+04      5.11e+00       1.05e+00       7.07e+02    
      39             52         1.0866e+04      6.73e+00       1.42e+00       7.06e+02    
      40             53         1.0855e+04      1.08e+01       2.36e+00       7.02e+02    
      41             54         1.0834e+04      2.09e+01       4.53e+00       6.96e+02    
      42             55         1.0793e+04      4.06e+01       9.13e+00       6.81e+02    
      43             56         1.0713e+04      7.98e+01       1.75e+01       6.50e+02    
      44             57         1.0561e+04      1.52e+02       3.37e+01       5.83e+02    
      45             58         1.0332e+04      2.29e+02       5.05e+01       9.54e+02    
      46             60         1.0229e+04      1.03e+02       1.67e+01       4.51e+02    
      47             62         1.0154e+04      7.50e+01       5.94e+00       3.81e+02    
      48             64         1.0121e+04      3.38e+01       3.18e+00       3.84e+02    
      49             66         1.0102e+04      1.86e+01       1.38e+00       3.85e+02    
      50             67         1.0084e+04      1.78e+01       1.67e+00       3.86e+02    
      51             68         1.0070e+04      1.45e+01       2.36e+00       3.88e+02    
      52             69         1.0054e+04      1.55e+01       2.55e+00       3.90e+02    
      53             70         1.0044e+04      1.05e+01       2.12e+00       3.92e+02    
      54             71         1.0030e+04      1.33e+01       2.41e+00       3.93e+02    
      55             72         1.0014e+04      1.58e+01       1.97e+00       3.94e+02    
      56             73         1.0001e+04      1.34e+01       2.53e+00       3.95e+02    
      57             74         9.9817e+03      1.93e+01       1.76e+00       3.96e+02    
      58             75         9.9719e+03      9.83e+00       2.70e+00       3.97e+02    
      59             76         9.9593e+03      1.26e+01       9.09e-01       3.97e+02    
      60             78         9.9501e+03      9.20e+00       2.51e-01       3.97e+02    
      61             79         9.9411e+03      9.06e+00       4.52e-01       3.97e+02    
      62             80         9.9325e+03      8.56e+00       6.79e-01       3.97e+02    
      63             81         9.9192e+03      1.33e+01       1.24e+00       3.97e+02    
      64             82         9.9037e+03      1.55e+01       1.28e+00       3.98e+02    
      65             83         9.8768e+03      2.69e+01       2.78e+00       3.99e+02    
      66             85         9.8741e+03      2.62e+00       1.45e+00       3.98e+02    
      67             87         9.8615e+03      1.27e+01       2.59e-01       3.98e+02    
      68             88         9.8542e+03      7.24e+00       2.29e-01       3.98e+02    
      69             89         9.8515e+03      2.72e+00       2.20e-01       3.98e+02    
      70             91         9.8496e+03      1.88e+00       3.50e-02       3.98e+02    
      71             92         9.8483e+03      1.36e+00       1.03e-01       3.98e+02    
      72             93         9.8468e+03      1.51e+00       1.25e-01       3.98e+02    
      73             94         9.8441e+03      2.71e+00       2.16e-01       3.98e+02    
      74             95         9.8398e+03      4.29e+00       4.36e-01       3.98e+02    
      75             96         9.8354e+03      4.38e+00       7.19e-01       3.98e+02    
      76             98         9.8306e+03      4.79e+00       2.65e-01       3.98e+02    
      77             99         9.8254e+03      5.26e+00       4.35e-01       3.98e+02    
      78             100        9.8244e+03      9.05e-01       7.41e-01       3.99e+02    
      79             101        9.8202e+03      4.23e+00       2.47e-01       3.99e+02    
      80             103        9.8177e+03      2.52e+00       4.78e-02       3.99e+02    
      81             104        9.8159e+03      1.84e+00       1.00e-01       3.99e+02    
      82             105        9.8147e+03      1.18e+00       1.20e-01       3.99e+02    
      83             106        9.8141e+03      5.70e-01       9.85e-02       3.99e+02    
      84             107        9.8133e+03      7.63e-01       3.44e-02       3.99e+02    
      85             108        9.8127e+03      6.12e-01       6.58e-02       3.99e+02    
      86             109        9.8118e+03      9.21e-01       5.04e-02       3.99e+02    
      87             110        9.8110e+03      7.73e-01       1.29e-01       3.99e+02    
      88             111        9.8105e+03      5.78e-01       1.14e-01       3.99e+02    
      89             112        9.8096e+03      8.90e-01       1.43e-01       3.99e+02    
      90             113        9.8094e+03      1.86e-01       1.04e-01       3.99e+02    
      91             114        9.8082e+03      1.17e+00       3.66e-02       3.99e+02    
      92             115        9.8080e+03      2.38e-01       7.36e-02       3.99e+02    
      93             116        9.8078e+03      1.82e-01       1.33e-02       3.99e+02    
      94             117        9.8075e+03      3.10e-01       2.96e-02       3.99e+02    
      95             118        9.8065e+03      9.34e-01       6.84e-02       3.99e+02    
      96             119        9.8057e+03      8.73e-01       1.30e-01       3.99e+02    
      97             120        9.8046e+03      1.03e+00       1.41e-01       3.99e+02    
      98             122        9.8041e+03      5.02e-01       5.19e-02       3.99e+02    
      99             123        9.8035e+03      6.15e-01       7.16e-02       3.99e+02    
      100            124        9.8023e+03      1.28e+00       1.19e-01       3.99e+02    
      101            125        9.8013e+03      9.24e-01       2.59e-01       3.99e+02    
      102            127        9.8002e+03      1.09e+00       5.46e-02       3.99e+02    
      103            128        9.7996e+03      6.77e-01       6.37e-02       3.99e+02    
      104            129        9.7983e+03      1.22e+00       1.30e-01       3.99e+02    
      105            130        9.7962e+03      2.12e+00       2.15e-01       3.99e+02    
      106            131        9.7936e+03      2.60e+00       4.56e-01       3.99e+02    
      107            133        9.7914e+03      2.25e+00       1.14e-01       3.99e+02    
      108            134        9.7902e+03      1.15e+00       1.23e-01       3.99e+02    
      109            135        9.7879e+03      2.31e+00       2.22e-01       3.99e+02    
      110            136        9.7837e+03      4.20e+00       3.53e-01       3.99e+02    
      111            137        9.7786e+03      5.10e+00       5.19e-01       3.99e+02    
      112            139        9.7771e+03      1.51e+00       2.36e-01       3.99e+02    
      113            141        9.7759e+03      1.23e+00       5.16e-02       3.99e+02    
      114            142        9.7751e+03      8.06e-01       5.99e-02       3.99e+02    
      115            143        9.7735e+03      1.55e+00       1.19e-01       3.99e+02    
      116            144        9.7718e+03      1.73e+00       1.88e-01       3.99e+02    
      117            145        9.7676e+03      4.19e+00       3.56e-01       3.99e+02    
      118            146        9.7622e+03      5.38e+00       4.21e-01       3.99e+02    
      119            147        9.7532e+03      9.04e+00       6.07e-01       3.99e+02    
      120            148        9.7410e+03      1.23e+01       7.30e-01       3.99e+02    
      121            149        9.7218e+03      1.92e+01       1.18e+00       3.98e+02    
      122            150        9.6896e+03      3.22e+01       2.17e+00       3.95e+02    
The maximum number of function evaluations is exceeded.
Function evaluations 150, initial cost 1.9125e+07, final cost 9.6896e+03, first-order optimality 3.95e+02.
round 1: clearance pairs 1965, order pairs 0, residuals 63030
   Iteration     Total nfev        Cost      Cost reduction    Step norm     Optimality   
       0              1         1.0988e+05                                    2.91e+04    
       1              4         7.1815e+04      3.81e+04       9.08e+00       1.88e+04    
       2              5         6.9103e+04      2.71e+03       2.96e+01       1.18e+05    
       3              6         4.5145e+04      2.40e+04       3.15e+00       3.27e+04    
       4              7         3.1019e+04      1.41e+04       8.83e+00       5.36e+03    
       5              8         2.3361e+04      7.66e+03       2.05e+01       8.06e+03    
       6              9         1.8678e+04      4.68e+03       3.09e+01       3.71e+03    
       7             11         1.6787e+04      1.89e+03       1.26e+01       8.49e+03    
       8             12         1.4854e+04      1.93e+03       2.41e+01       1.62e+03    
       9             14         1.4217e+04      6.37e+02       1.33e+01       1.86e+03    
      10             15         1.3503e+04      7.14e+02       5.00e+01       8.56e+02    
      11             16         1.3055e+04      4.48e+02       5.73e+01       4.29e+03    
      12             17         1.2734e+04      3.21e+02       5.40e+01       1.85e+03    
      13             18         1.2640e+04      9.38e+01       1.26e+02       5.21e+03    
      14             19         9.3728e+03      3.27e+03       1.54e+01       1.81e+03    
      15             20         8.0371e+03      1.34e+03       4.20e+01       7.16e+02    
      16             21         7.6179e+03      4.19e+02       6.17e+01       3.95e+02    
      17             22         7.4023e+03      2.16e+02       2.93e+02       4.49e+02    
      18             23         7.1116e+03      2.91e+02       2.99e+02       2.77e+02    
      19             24         7.1033e+03      8.34e+00       8.17e+01       3.38e+02    
      20             26         6.9667e+03      1.37e+02       7.32e+00       1.28e+02    
      21             27         6.9215e+03      4.52e+01       1.61e+01       4.22e+01    
      22             29         6.9050e+03      1.65e+01       3.87e+00       1.89e+01    
      23             30         6.8966e+03      8.47e+00       6.36e+00       1.73e+01    
      24             31         6.8903e+03      6.26e+00       6.11e+00       1.68e+01    
      25             32         6.8831e+03      7.15e+00       1.06e+01       1.72e+01    
      26             33         6.8740e+03      9.18e+00       1.30e+01       1.82e+01    
      27             36         6.8724e+03      1.60e+00       1.69e+00       1.78e+01    
      28             37         6.8684e+03      3.99e+00       4.16e+00       1.86e+01    
      29             38         6.8641e+03      4.23e+00       5.45e+00       1.90e+01    
      30             39         6.8587e+03      5.47e+00       9.72e+00       3.09e+01    
      31             42         6.8581e+03      5.88e-01       1.05e+00       2.82e+01    
      32             44         6.8577e+03      4.30e-01       1.03e+00       2.51e+01    
      33             45         6.8560e+03      1.60e+00       1.35e+00       2.17e+01    
      34             46         6.8560e+03      7.20e-02       2.18e+00       2.12e+01    
      35             47         6.8548e+03      1.17e+00       8.95e-01       2.07e+01    
      36             48         6.8548e+03      9.68e-03       1.42e+00       2.17e+01    
      37             49         6.8536e+03      1.22e+00       5.89e-01       2.00e+01    
      38             50         6.8530e+03      5.52e-01       7.60e-01       2.06e+01    
      39             52         6.8525e+03      4.74e-01       4.31e-01       1.88e+01    
      40             53         6.8519e+03      6.09e-01       5.96e-01       2.06e+01    
      41             54         6.8515e+03      4.86e-01       1.34e+00       2.18e+01    
      42             56         6.8506e+03      8.37e-01       5.02e-01       1.97e+01    
      43             57         6.8503e+03      3.02e-01       6.37e-01       2.06e+01    
      44             58         6.8500e+03      2.83e-01       7.86e-01       2.12e+01    
      45             59         6.8495e+03      5.47e-01       9.48e-01       2.01e+01    
      46             60         6.8491e+03      3.97e-01       1.01e+00       2.01e+01    
      47             61         6.8486e+03      5.06e-01       1.24e+00       1.97e+01    
      48             62         6.8477e+03      8.32e-01       1.38e+00       1.97e+01    
      49             63         6.8477e+03      4.30e-02       1.60e+00       1.94e+01    
      50             64         6.8471e+03      6.01e-01       5.39e-01       1.85e+01    
      51             65         6.8467e+03      4.43e-01       5.92e-01       1.87e+01    
      52             66         6.8458e+03      8.67e-01       8.21e-01       1.99e+01    
      53             68         6.8457e+03      1.03e-01       7.28e-01       1.76e+01    
      54             69         6.8455e+03      1.65e-01       1.96e-01       1.74e+01    
      55             70         6.8453e+03      2.70e-01       1.04e-01       1.79e+01    
      56             71         6.8448e+03      4.69e-01       1.81e-01       1.92e+01    
      57             72         6.8438e+03      9.79e-01       4.22e-01       1.96e+01    
      58             73         6.8433e+03      5.28e-01       8.44e-01       2.02e+01    
      59             74         6.8423e+03      1.01e+00       1.54e+00       2.11e+01    
      60             76         6.8419e+03      3.92e-01       1.13e+00       1.97e+01    
      61             78         6.8414e+03      4.87e-01       5.14e-01       1.98e+01    
      62             79         6.8407e+03      6.66e-01       5.38e-01       2.13e+01    
      63             80         6.8405e+03      1.91e-01       1.23e+00       2.21e+01    
      64             81         6.8394e+03      1.14e+00       5.32e-01       2.05e+01    
      65             82         6.8390e+03      4.23e-01       6.44e-01       2.14e+01    
      66             83         6.8385e+03      4.41e-01       6.96e-01       2.12e+01    
      67             84         6.8380e+03      5.57e-01       8.90e-01       2.05e+01    
      68             85         6.8372e+03      7.75e-01       1.05e+00       2.00e+01    
      69             86         6.8369e+03      3.02e-01       1.10e+00       1.97e+01    
      70             87         6.8365e+03      4.38e-01       3.77e-01       1.87e+01    
      71             88         6.8360e+03      4.70e-01       3.74e-01       1.88e+01    
      72             89         6.8354e+03      6.11e-01       5.74e-01       1.96e+01    
      73             90         6.8349e+03      4.91e-01       1.21e+00       1.98e+01    
      74             92         6.8341e+03      7.95e-01       5.28e-01       1.88e+01    
      75             93         6.8338e+03      2.86e-01       5.22e-01       1.93e+01    
      76             94         6.8332e+03      5.82e-01       5.71e-01       1.99e+01    
      77             95         6.8327e+03      5.46e-01       1.33e+00       2.02e+01    
      78             97         6.8319e+03      7.74e-01       5.56e-01       1.88e+01    
      79             98         6.8316e+03      2.60e-01       6.99e-01       1.92e+01    
      80             99         6.8313e+03      3.64e-01       9.49e-01       1.93e+01    
      81             100        6.8309e+03      4.27e-01       1.18e+00       1.85e+01    
      82             101        6.8305e+03      3.88e-01       1.17e+00       1.84e+01    
      83             102        6.8300e+03      4.73e-01       1.19e+00       1.78e+01    
      84             103        6.8292e+03      7.81e-01       1.17e+00       1.77e+01    
      85             104        6.8291e+03      8.97e-02       1.21e+00       1.74e+01    
      86             105        6.8287e+03      4.18e-01       3.13e-01       1.65e+01    
      87             106        6.8283e+03      3.94e-01       4.74e-01       1.64e+01    
      88             107        6.8275e+03      8.52e-01       5.44e-01       1.72e+01    
      89             108        6.8273e+03      1.42e-01       1.13e+00       1.78e+01    
      90             109        6.8268e+03      5.32e-01       6.45e-01       1.66e+01    
      91             110        6.8264e+03      4.10e-01       2.97e-01       1.66e+01    
      92             111        6.8259e+03      4.28e-01       5.62e-01       1.70e+01    
      93             112        6.8259e+03      7.21e-02       1.24e+00       1.78e+01    
      94             113        6.8250e+03      8.49e-01       6.16e-01       1.64e+01    
      95             114        6.8246e+03      4.08e-01       3.20e-01       1.61e+01    
      96             115        6.8238e+03      8.42e-01       4.41e-01       1.68e+01    
      97             118        6.8236e+03      1.33e-01       1.54e-01       1.59e+01    
      98             119        6.8234e+03      2.20e-01       1.06e-01       1.50e+01    
      99             120        6.8234e+03      5.80e-02       1.17e-01       1.53e+01    
      100            121        6.8232e+03      1.13e-01       2.45e-02       1.46e+01    
      101            122        6.8230e+03      2.09e-01       3.83e-02       1.42e+01    
      102            123        6.8227e+03      3.54e-01       1.08e-01       1.45e+01    
      103            124        6.8219e+03      8.07e-01       2.74e-01       1.50e+01    
      104            125        6.8215e+03      3.38e-01       5.47e-01       1.51e+01    
      105            126        6.8209e+03      6.64e-01       5.40e-01       1.59e+01    
      106            127        6.8198e+03      1.04e+00       1.05e+00       1.63e+01    
      107            129        6.8198e+03      5.92e-03       6.03e-01       1.45e+01    
      108            130        6.8195e+03      3.78e-01       3.74e-01       1.50e+01    
      109            131        6.8192e+03      3.03e-01       3.52e-01       1.47e+01    
      110            132        6.8186e+03      5.10e-01       6.37e-01       1.54e+01    
      111            134        6.8185e+03      1.30e-01       4.40e-01       1.47e+01    
      112            135        6.8184e+03      1.34e-01       5.53e-02       1.40e+01    
      113            136        6.8182e+03      2.06e-01       5.53e-02       1.35e+01    
      114            137        6.8175e+03      6.66e-01       1.22e-01       1.38e+01    
      115            138        6.8174e+03      1.31e-01       2.83e-01       1.45e+01    
      116            139        6.8170e+03      4.07e-01       3.61e-01       1.45e+01    
      117            140        6.8166e+03      4.13e-01       9.30e-01       1.54e+01    
      118            142        6.8160e+03      5.94e-01       4.56e-01       1.43e+01    
      119            143        6.8159e+03      4.91e-02       2.18e-01       1.40e+01    
      120            144        6.8158e+03      1.07e-01       4.20e-02       1.33e+01    
      121            145        6.8156e+03      1.93e-01       4.15e-02       1.28e+01    
      122            146        6.8153e+03      3.21e-01       1.12e-01       1.30e+01    
      123            147        6.8146e+03      7.34e-01       2.81e-01       1.36e+01    
      124            148        6.8144e+03      1.57e-01       6.12e-01       1.39e+01    
      125            150        6.8142e+03      2.41e-01       3.07e-01       1.25e+01    
The maximum number of function evaluations is exceeded.
Function evaluations 150, initial cost 1.0988e+05, final cost 6.8142e+03, first-order optimality 1.25e+01.
round 2: clearance pairs 96, order pairs 0, residuals 61161
   Iteration     Total nfev        Cost      Cost reduction    Step norm     Optimality   
       0              1         6.8142e+03                                    1.25e+01    
       1              3         6.8121e+03      2.06e+00       1.18e+01       5.16e+01    
       2              5         6.8113e+03      8.26e-01       2.97e+01       1.46e+01    
       3              8         6.8113e+03      2.15e-02       2.74e+00       1.78e+02    
       4              9         6.8109e+03      3.44e-01       1.57e-01       6.20e+01    
       5             10         6.8107e+03      2.58e-01       7.00e-01       1.93e+01    
       6             11         6.8103e+03      3.89e-01       1.77e+00       1.24e+01    
       7             12         6.8093e+03      9.58e-01       4.48e+00       1.29e+01    
       8             13         6.8089e+03      4.33e-01       1.26e+01       1.29e+01    
       9             14         6.8084e+03      4.59e-01       4.92e+00       1.39e+01    
      10             17         6.8082e+03      2.52e-01       2.56e-01       1.31e+01    
      11             18         6.8080e+03      1.89e-01       1.62e-01       1.27e+01    
      12             19         6.8080e+03      4.72e-03       4.29e-01       1.26e+01    
      13             20         6.8076e+03      4.07e-01       7.46e-02       1.22e+01    
      14             22         6.8075e+03      4.30e-02       3.20e-02       1.20e+01    
      15             23         6.8074e+03      8.43e-02       5.73e-02       1.17e+01    
      16             25         6.8074e+03      4.19e-02       2.65e-02       1.15e+01    
      17             28         6.8074e+03      5.23e-03       3.04e-03       1.15e+01    
      18             29         6.8074e+03      1.04e-02       6.10e-03       1.14e+01    
      19             34         6.8074e+03      8.15e-05       4.67e-05       1.14e+01    
      20             36         6.8074e+03      4.08e-05       2.34e-05       1.14e+01    
Both `ftol` and `xtol` termination conditions are satisfied.
Function evaluations 36, initial cost 6.8142e+03, final cost 6.8074e+03, first-order optimality 1.14e+01.
round 3: clearance pairs 95, order pairs 0, residuals 61160
   Iteration     Total nfev        Cost      Cost reduction    Step norm     Optimality   
       0              1         6.8074e+03                                    1.14e+01    
       1              3         6.8068e+03      5.64e-01       2.77e+01       1.33e+01    
       2              5         6.8064e+03      4.09e-01       1.86e+01       1.25e+01    
       3              8         6.8063e+03      6.56e-02       2.40e-01       5.80e+01    
       4              9         6.8062e+03      1.47e-01       1.81e-01       1.07e+01    
       5             10         6.8060e+03      2.10e-01       5.25e-01       1.10e+01    
       6             11         6.8056e+03      3.73e-01       1.29e+00       1.17e+01    
       7             12         6.8051e+03      5.14e-01       3.78e+00       1.25e+01    
       8             13         6.8045e+03      6.00e-01       4.00e+00       1.33e+01    
       9             18         6.8045e+03      2.45e-02       2.84e-02       1.31e+01    
      10             20         6.8045e+03      1.14e-02       1.31e-02       1.31e+01    
      11             21         6.8044e+03      2.12e-02       2.51e-02       1.30e+01    
      12             26         6.8044e+03      1.59e-04       1.78e-04       1.30e+01    
      13             28         6.8044e+03      7.93e-05       8.89e-05       1.30e+01    
      14             29         6.8044e+03      1.59e-04       1.78e-04       1.30e+01    
      15             32         6.8044e+03      1.98e-05       2.22e-05       1.30e+01    
Both `ftol` and `xtol` termination conditions are satisfied.
Function evaluations 32, initial cost 6.8074e+03, final cost 6.8044e+03, first-order optimality 1.30e+01.
c  K=160  init=perp  [round 0 nfev=150 status=0 (The) cost 9689.586]  [round 1 nfev=150 status=0 (The) cost 6814.160]  [round 2 nfev=36 status=4 (Both) cost 6807.375]  [round 3 nfev=32 status=4 (Both) cost 6804.435]
args: {"K": 160, "bend": 30.0, "box_pose": "", "box_rings": "", "box_trace": 0.15, "clear": 5.0, "clear_range": "860:1066-388:483", "curl": "340:405:30:30,488:552:40:30,700:790:45:30,925:1025:30:30,1160:1230:45:30", "dbend": 500.0, "delta": 60.0, "dtwist": 500.0, "edge_fair": 0.0, "edge_w": "", "end_pin": 50.0, "energy_ranges": "", "eps": 1.0, "face_margin": 0.3, "faceon": "925:1025:20", "faces": "docs/ribbon/turns/real/faces.json", "flat": 6.0, "flat_ranges": "470:560,1140:1240", "flip_guard": 20.0, "fold": "", "fold2": "", "fold_axis": "", "fold_convex": "", "fold_eq": false, "fold_legs": 5.0, "fold_legs_len": "20", "gap": 14.0, "hide": "", "hide_auto": "", "hmax": 25.5, "hmin": 25.5, "init": "perp", "inside": 0.0, "kappa": 2.0, "lam": 15.0, "lam_h": 50.0, "mask": "", "max_nfev": 150, "mu": 300.0, "no_opt": false, "nu_fold": 0.4, "omega": 0.01, "order": 0.0, "out": "docs/ribbon/turns/real/H2/c", "outer": 4, "outline": 0.0, "outline_assign": "nearest", "outline_boxes": "", "outline_drop_near": "", "outline_excl": "", "outline_fixed": false, "outline_incl": "", "outline_loss": "linear", "outline_pose": "", "pin_range": "", "pose": "docs/ribbon/turns/real/H2/b_pose.json", "redge": 24.0, "rim_pose": "", "rim_side_mode": "centre", "rimlines": "", "rmin": 45.0, "roto": "/Users/ashmitkhurana/Development/Personal/portfolio/docs/ribbon/turns/curve/best/roto.npz", "screenw": "", "sigma": 2.0, "trace_w": 0.15, "twist": 30.0, "w_box": 2.0, "w_face": 15.0, "w_hmin": 50.0, "w_redge": 5.0, "w_rim": 0.0, "w_rmin": 5.0, "w_wfloor": 0.0, "wfloor": 0.0, "wfloor_except": "", "wfloor_mode": "perp", "wfloor_ranges": "", "zprior": "docs/ribbon/turns/real/H2/b_pose.json"}

edge residual css px, point-to-polyline (L and R pooled): mean 12.264  p95 43.559  max 72.479

window       edge resid (L,R pooled)                      h min/med/max          median |b.T|  #|c'|<0.6 s0
[   0, 131]  mean  14.87  p95  32.30  max  43.40           25.5/ 25.5/ 25.5      0.119         0
[ 132, 288]  mean   3.54  p95  16.57  max  33.40           25.5/ 25.5/ 25.5      0.188         0
[ 289, 483]  mean  17.22  p95  42.33  max  72.48           25.5/ 25.5/ 25.5      0.118         0
[ 484, 554]  mean  30.99  p95  54.07  max  56.25           25.5/ 25.5/ 25.5      0.031         0
[ 555, 658]  mean   4.06  p95  10.07  max  17.42           25.5/ 25.5/ 25.5      0.334         0
[ 659, 764]  mean  17.59  p95  52.82  max  55.27           25.5/ 25.5/ 25.5      0.013         7
[ 765, 940]  mean   8.14  p95  30.82  max  44.37           25.5/ 25.5/ 25.5      0.172         0
[ 941,1066]  mean  24.77  p95  47.13  max  49.74           25.5/ 25.5/ 25.5      0.003         9
[1067,1298]  mean   4.36  p95  16.63  max  21.97           25.5/ 25.5/ 25.5      0.063         1
worst window by mean: [484,554] 30.99 px

dense (4N=5196 samples) surface normal N=TxB: angle change per sample  max 2.547 deg  p99 2.190 deg
   angle per world px of centreline arclength: max 2.9711 deg/px  (p99 2.1798)
   worst dense samples (t, deg, |b.T|): 763.06, 2.5, 0.143; 763.31, 2.5, 0.143; 762.81, 2.5, 0.142; 763.56, 2.5, 0.143; 762.56, 2.5, 0.140
   dense steps > 3 deg: 0, > 6 deg: 0
ripple (|second difference of unit N| per world px^2, dense): max 8.679e-03  p99 4.804e-03  median 4.991e-04
max |b.T| outside fold windows: 0.925   (inside: 0.415)
GATE: min 3D distance between non-adjacent rings (|i-j|>60, surface samples): 13.94 px; pairs < gap 14.0: 1
GATE: screen-overlap pairs (3 px) 1618, order violations (z_front - z_back < 0): 1, (< gap): 20; unique ring pairs violating: 1
end centreline offset from init: ring0 0.0 px, ring N-1 0.0 px
outside-mockup distance (5 pts across band, css px): mean 2.073  max 38.40  frac>0.5px 0.188
outline residual (css px, matched <=25 px: 1596 of 1634 pts): mean 7.767  p95 19.255  max 25.00
run time: 339.3 s
residual block norms (sum of squares): edge 3348.68, smooth 1161.53, jerk 459.36, perp 288.56, dev 1824.27, depth 174.63, hsm 0.00, wpr 0.00, speed 13.22, hmin 0.00, hmax 0.01, face 8.07, rmin 254.37, scrw 0.00, wf 0.00, ins 0.00, fcr 4271.41, bnd 962.56, twi 137.40, dbn 123.45, dtw 19.72, rmf 0.00, crl 59.57, lgb 0.00, cvx 0.00
