DPR2 canvases 780x1688 780x1688
DPR3 canvases 1170x2532 1170x2532
crop_apex.png  137339 B
crop_bottomk.png  277155 B
crop_endstrand.png  175036 B
crop_farleft.png  192418 B
crop_junction.png  107966 B
crop_scurve.png  221180 B
crop_topk.png  167608 B
crop_wrap.png  282363 B
hero.png  1342092 B
ribbon.png  1371410 B
ribbon_crop_apex.png  148239 B
ribbon_crop_bottomk.png  277155 B
ribbon_crop_endstrand.png  175036 B
ribbon_crop_farleft.png  192418 B
ribbon_crop_junction.png  107966 B
ribbon_crop_scurve.png  221180 B
ribbon_crop_topk.png  167608 B
ribbon_crop_wrap.png  282363 B
